
> backend@1.0.0 test
> jest

  console.log
    [dotenv@17.2.3] injecting env (3) from .env.test -- tip: 🔐 prevent committing .env to code: https://dotenvx.com/precommit

      at _log (node_modules/dotenv/lib/main.js:142:11)

  console.log
    Starting test suite...

      at Object.<anonymous> (tests/setup.ts:9:11)

  console.log
    
    🚀 Starting Auth Tests (No Mocking - Controllable Scenarios)...

      at Object.<anonymous> (tests/no-mocks/auth.test.ts:34:11)

  console.log
    MongoDB Atlas connected successfully

      at connectDatabase (src/config/database.ts:22:13)

  console.log
    
    ✅ Test setup complete. Ready to run tests.

      at Object.<anonymous> (tests/no-mocks/auth.test.ts:42:11)

  console.error
    Error: {
      message: 'Google token verification failed',
      statusCode: 500,
      stack: 'Error: Google token verification failed\n' +
        '    at Object.<anonymous> (/Users/hashim/Desktop/Development/FeastFriends/321-project/backend/tests/no-mocks/auth.test.ts:180:7)\n' +
        '    at Promise.finally.completed (/Users/hashim/Desktop/Development/FeastFriends/321-project/backend/node_modules/jest-circus/build/jestAdapterInit.js:1557:28)\n' +
        '    at new Promise (<anonymous>)\n' +
        '    at callAsyncCircusFn (/Users/hashim/Desktop/Development/FeastFriends/321-project/backend/node_modules/jest-circus/build/jestAdapterInit.js:1497:10)\n' +
        '    at _callCircusTest (/Users/hashim/Desktop/Development/FeastFriends/321-project/backend/node_modules/jest-circus/build/jestAdapterInit.js:1007:40)\n' +
        '    at processTicksAndRejections (node:internal/process/task_queues:105:5)\n' +
        '    at _runTest (/Users/hashim/Desktop/Development/FeastFriends/321-project/backend/node_modules/jest-circus/build/jestAdapterInit.js:947:3)\n' +
        '    at /Users/hashim/Desktop/Development/FeastFriends/321-project/backend/node_modules/jest-circus/build/jestAdapterInit.js:849:7\n' +
        '    at _runTestsForDescribeBlock (/Users/hashim/Desktop/Development/FeastFriends/321-project/backend/node_modules/jest-circus/build/jestAdapterInit.js:862:11)\n' +
        '    at _runTestsForDescribeBlock (/Users/hashim/Desktop/Development/FeastFriends/321-project/backend/node_modules/jest-circus/build/jestAdapterInit.js:857:11)\n' +
        '    at run (/Users/hashim/Desktop/Development/FeastFriends/321-project/backend/node_modules/jest-circus/build/jestAdapterInit.js:761:3)\n' +
        '    at runAndTransformResultsToJestFormat (/Users/hashim/Desktop/Development/FeastFriends/321-project/backend/node_modules/jest-circus/build/jestAdapterInit.js:1918:21)\n' +
        '    at jestAdapter (/Users/hashim/Desktop/Development/FeastFriends/321-project/backend/node_modules/jest-circus/build/runner.js:101:19)\n' +
        '    at runTestInternal (/Users/hashim/Desktop/Development/FeastFriends/321-project/backend/node_modules/jest-runner/build/index.js:275:16)\n' +
        '    at runTest (/Users/hashim/Desktop/Development/FeastFriends/321-project/backend/node_modules/jest-runner/build/index.js:343:7)',
      timestamp: '2025-11-09T19:50:05.091Z',
      path: '/api/auth/signup',
      method: 'POST'
    }

      90 |   }
      91 |
    > 92 |   console.error('Error:', {
         |           ^
      93 |     message: err.message,
      94 |     statusCode,
      95 |     stack: err.stack,

      at errorHandler (src/middleware/errorHandler.ts:92:11)
      at Layer.handleError (node_modules/router/lib/layer.js:116:17)
      at trimPrefix (node_modules/router/index.js:340:13)
      at node_modules/router/index.js:297:9
      at processParams (node_modules/router/index.js:582:12)
      at next (node_modules/router/index.js:291:5)
      at Layer.handleError (node_modules/router/lib/layer.js:111:12)
      at trimPrefix (node_modules/router/index.js:340:13)
      at node_modules/router/index.js:297:9
      at processParams (node_modules/router/index.js:582:12)
      at next (node_modules/router/index.js:291:5)
      at node_modules/router/index.js:688:15
      at next (node_modules/router/index.js:276:14)
      at next (node_modules/router/lib/route.js:132:14)
      at AuthController.signUp (src/controllers/auth.controller.ts:78:7)
      at src/routes/auth.routes.ts:16:3
      at src/middleware/errorHandler.ts:58:9

  console.log
    ✅ New user created: 6910f06d36646e06ca547310

      at AuthService.findOrCreateUser (src/services/authService.ts:107:17)

  console.log
    ✅ Keeping existing custom profile picture for user: 6910f06d36646e06ca547300

      at AuthService.findOrCreateUser (src/services/authService.ts:116:17)

  console.log
    ✅ User logged in: 6910f06d36646e06ca547300

      at AuthService.findOrCreateUser (src/services/authService.ts:119:15)

  console.log
    ✅ Keeping existing custom profile picture for user: 6910f06d36646e06ca547300

      at AuthService.findOrCreateUser (src/services/authService.ts:116:17)

  console.log
    ✅ User logged in: 6910f06d36646e06ca547300

      at AuthService.findOrCreateUser (src/services/authService.ts:119:15)

  console.error
    Error: {
      message: 'Google token verification failed in signin',
      statusCode: 500,
      stack: 'Error: Google token verification failed in signin\n' +
        '    at Object.<anonymous> (/Users/hashim/Desktop/Development/FeastFriends/321-project/backend/tests/no-mocks/auth.test.ts:360:7)\n' +
        '    at Promise.finally.completed (/Users/hashim/Desktop/Development/FeastFriends/321-project/backend/node_modules/jest-circus/build/jestAdapterInit.js:1557:28)\n' +
        '    at new Promise (<anonymous>)\n' +
        '    at callAsyncCircusFn (/Users/hashim/Desktop/Development/FeastFriends/321-project/backend/node_modules/jest-circus/build/jestAdapterInit.js:1497:10)\n' +
        '    at _callCircusTest (/Users/hashim/Desktop/Development/FeastFriends/321-project/backend/node_modules/jest-circus/build/jestAdapterInit.js:1007:40)\n' +
        '    at processTicksAndRejections (node:internal/process/task_queues:105:5)\n' +
        '    at _runTest (/Users/hashim/Desktop/Development/FeastFriends/321-project/backend/node_modules/jest-circus/build/jestAdapterInit.js:947:3)\n' +
        '    at /Users/hashim/Desktop/Development/FeastFriends/321-project/backend/node_modules/jest-circus/build/jestAdapterInit.js:849:7\n' +
        '    at _runTestsForDescribeBlock (/Users/hashim/Desktop/Development/FeastFriends/321-project/backend/node_modules/jest-circus/build/jestAdapterInit.js:862:11)\n' +
        '    at _runTestsForDescribeBlock (/Users/hashim/Desktop/Development/FeastFriends/321-project/backend/node_modules/jest-circus/build/jestAdapterInit.js:857:11)\n' +
        '    at run (/Users/hashim/Desktop/Development/FeastFriends/321-project/backend/node_modules/jest-circus/build/jestAdapterInit.js:761:3)\n' +
        '    at runAndTransformResultsToJestFormat (/Users/hashim/Desktop/Development/FeastFriends/321-project/backend/node_modules/jest-circus/build/jestAdapterInit.js:1918:21)\n' +
        '    at jestAdapter (/Users/hashim/Desktop/Development/FeastFriends/321-project/backend/node_modules/jest-circus/build/runner.js:101:19)\n' +
        '    at runTestInternal (/Users/hashim/Desktop/Development/FeastFriends/321-project/backend/node_modules/jest-runner/build/index.js:275:16)\n' +
        '    at runTest (/Users/hashim/Desktop/Development/FeastFriends/321-project/backend/node_modules/jest-runner/build/index.js:343:7)',
      timestamp: '2025-11-09T19:50:05.135Z',
      path: '/api/auth/signin',
      method: 'POST'
    }

      90 |   }
      91 |
    > 92 |   console.error('Error:', {
         |           ^
      93 |     message: err.message,
      94 |     statusCode,
      95 |     stack: err.stack,

      at errorHandler (src/middleware/errorHandler.ts:92:11)
      at Layer.handleError (node_modules/router/lib/layer.js:116:17)
      at trimPrefix (node_modules/router/index.js:340:13)
      at node_modules/router/index.js:297:9
      at processParams (node_modules/router/index.js:582:12)
      at next (node_modules/router/index.js:291:5)
      at Layer.handleError (node_modules/router/lib/layer.js:111:12)
      at trimPrefix (node_modules/router/index.js:340:13)
      at node_modules/router/index.js:297:9
      at processParams (node_modules/router/index.js:582:12)
      at next (node_modules/router/index.js:291:5)
      at node_modules/router/index.js:688:15
      at next (node_modules/router/index.js:276:14)
      at next (node_modules/router/lib/route.js:132:14)
      at AuthController.signIn (src/controllers/auth.controller.ts:148:7)
      at src/routes/auth.routes.ts:21:3
      at src/middleware/errorHandler.ts:58:9

  console.log
    ✅ User logged in: 69103b50f0d1828080371c77

      at AuthController.googleAuth (src/controllers/auth.controller.ts:208:17)

  console.log
    ✅ New user created: 6910f06d36646e06ca54731e

      at AuthController.googleAuth (src/controllers/auth.controller.ts:203:17)

  console.log
    ✅ New user created: 6910f06d36646e06ca547324

      at AuthController.googleAuth (src/controllers/auth.controller.ts:203:17)

  console.log
    ✅ New user created: 6910f06d36646e06ca547329

      at AuthController.googleAuth (src/controllers/auth.controller.ts:203:17)

  console.log
    ✅ New user created: 6910f06d36646e06ca54732e

      at AuthController.googleAuth (src/controllers/auth.controller.ts:203:17)

  console.log
    ✅ User logged in: 6910f06d36646e06ca547300

      at AuthController.googleAuth (src/controllers/auth.controller.ts:208:17)

  console.error
    JWT_SECRET is not defined in environment variables

      34 |     const jwtSecret = process.env.JWT_SECRET;
      35 |     if (!jwtSecret) {
    > 36 |       console.error('JWT_SECRET is not defined in environment variables');
         |               ^
      37 |       res.status(500).json({
      38 |         error: 'Server Error',
      39 |         message: 'Authentication configuration error'

      at authMiddleware (src/middleware/auth.middleware.ts:36:15)
      at Layer.handleRequest (node_modules/router/lib/layer.js:152:17)
      at next (node_modules/router/lib/route.js:157:13)
      at Route.dispatch (node_modules/router/lib/route.js:117:3)
      at handle (node_modules/router/index.js:435:11)
      at Layer.handleRequest (node_modules/router/lib/layer.js:152:17)
      at node_modules/router/index.js:295:15
      at processParams (node_modules/router/index.js:582:12)
      at next (node_modules/router/index.js:291:5)
      at Function.handle (node_modules/router/index.js:186:3)
      at router (node_modules/router/index.js:60:12)
      at Layer.handleRequest (node_modules/router/lib/layer.js:152:17)
      at trimPrefix (node_modules/router/index.js:342:13)
      at node_modules/router/index.js:297:9
      at processParams (node_modules/router/index.js:582:12)
      at next (node_modules/router/index.js:291:5)
      at urlencodedParser (node_modules/body-parser/lib/types/urlencoded.js:68:7)
      at Layer.handleRequest (node_modules/router/lib/layer.js:152:17)
      at trimPrefix (node_modules/router/index.js:342:13)
      at node_modules/router/index.js:297:9
      at processParams (node_modules/router/index.js:582:12)
      at next (node_modules/router/index.js:291:5)
      at jsonParser (node_modules/body-parser/lib/types/json.js:100:7)
      at Layer.handleRequest (node_modules/router/lib/layer.js:152:17)
      at trimPrefix (node_modules/router/index.js:342:13)
      at node_modules/router/index.js:297:9
      at processParams (node_modules/router/index.js:582:12)
      at next (node_modules/router/index.js:291:5)
      at cors (node_modules/cors/lib/index.js:188:7)
      at node_modules/cors/lib/index.js:224:17
      at originCallback (node_modules/cors/lib/index.js:214:15)
      at node_modules/cors/lib/index.js:219:13
      at optionsCallback (node_modules/cors/lib/index.js:199:9)
      at corsMiddleware (node_modules/cors/lib/index.js:204:7)
      at Layer.handleRequest (node_modules/router/lib/layer.js:152:17)
      at trimPrefix (node_modules/router/index.js:342:13)
      at node_modules/router/index.js:297:9
      at processParams (node_modules/router/index.js:582:12)
      at next (node_modules/router/index.js:291:5)
      at Function.handle (node_modules/router/index.js:186:3)
      at Function.handle (node_modules/express/lib/application.js:177:15)
      at Server.app (node_modules/express/lib/express.js:38:9)

  console.error
    Auth middleware error: Error: Unexpected verification error
        at Object.<anonymous> (/Users/hashim/Desktop/Development/FeastFriends/321-project/backend/tests/no-mocks/auth.test.ts:925:13)
        at /Users/hashim/Desktop/Development/FeastFriends/321-project/backend/node_modules/jest-mock/build/index.js:305:39
        at Object.<anonymous> (/Users/hashim/Desktop/Development/FeastFriends/321-project/backend/node_modules/jest-mock/build/index.js:312:13)
        at Object.mockConstructor [as verify] (/Users/hashim/Desktop/Development/FeastFriends/321-project/backend/node_modules/jest-mock/build/index.js:102:19)
        at authMiddleware (/Users/hashim/Desktop/Development/FeastFriends/321-project/backend/src/middleware/auth.middleware.ts:46:21)
        at Layer.handleRequest (/Users/hashim/Desktop/Development/FeastFriends/321-project/backend/node_modules/router/lib/layer.js:152:17)
        at next (/Users/hashim/Desktop/Development/FeastFriends/321-project/backend/node_modules/router/lib/route.js:157:13)
        at Route.dispatch (/Users/hashim/Desktop/Development/FeastFriends/321-project/backend/node_modules/router/lib/route.js:117:3)
        at handle (/Users/hashim/Desktop/Development/FeastFriends/321-project/backend/node_modules/router/index.js:435:11)
        at Layer.handleRequest (/Users/hashim/Desktop/Development/FeastFriends/321-project/backend/node_modules/router/lib/layer.js:152:17)
        at /Users/hashim/Desktop/Development/FeastFriends/321-project/backend/node_modules/router/index.js:295:15
        at processParams (/Users/hashim/Desktop/Development/FeastFriends/321-project/backend/node_modules/router/index.js:582:12)
        at next (/Users/hashim/Desktop/Development/FeastFriends/321-project/backend/node_modules/router/index.js:291:5)
        at jsonParser (/Users/hashim/Desktop/Development/FeastFriends/321-project/backend/node_modules/body-parser/lib/types/json.js:100:7)
        at Layer.handleRequest (/Users/hashim/Desktop/Development/FeastFriends/321-project/backend/node_modules/router/lib/layer.js:152:17)
        at trimPrefix (/Users/hashim/Desktop/Development/FeastFriends/321-project/backend/node_modules/router/index.js:342:13)
        at /Users/hashim/Desktop/Development/FeastFriends/321-project/backend/node_modules/router/index.js:297:9
        at processParams (/Users/hashim/Desktop/Development/FeastFriends/321-project/backend/node_modules/router/index.js:582:12)
        at next (/Users/hashim/Desktop/Development/FeastFriends/321-project/backend/node_modules/router/index.js:291:5)
        at Function.handle (/Users/hashim/Desktop/Development/FeastFriends/321-project/backend/node_modules/router/index.js:186:3)
        at Function.handle (/Users/hashim/Desktop/Development/FeastFriends/321-project/backend/node_modules/express/lib/application.js:177:15)
        at Server.app (/Users/hashim/Desktop/Development/FeastFriends/321-project/backend/node_modules/express/lib/express.js:38:9)
        at Server.emit (node:events:519:28)
        at parserOnIncoming (node:_http_server:1173:12)
        at HTTPParser.parserOnHeadersComplete (node:_http_common:121:17)

      69 |     next();
      70 |   } catch (error) {
    > 71 |     console.error('Auth middleware error:', error);
         |             ^
      72 |     res.status(500).json({
      73 |       error: 'Server Error',
      74 |       message: 'Authentication failed'

      at console.<anonymous> (node_modules/jest-mock/build/index.js:631:25)
      at authMiddleware (src/middleware/auth.middleware.ts:71:13)
      at Layer.handleRequest (node_modules/router/lib/layer.js:152:17)
      at next (node_modules/router/lib/route.js:157:13)
      at Route.dispatch (node_modules/router/lib/route.js:117:3)
      at handle (node_modules/router/index.js:435:11)
      at Layer.handleRequest (node_modules/router/lib/layer.js:152:17)
      at node_modules/router/index.js:295:15
      at processParams (node_modules/router/index.js:582:12)
      at next (node_modules/router/index.js:291:5)
      at jsonParser (node_modules/body-parser/lib/types/json.js:100:7)
      at Layer.handleRequest (node_modules/router/lib/layer.js:152:17)
      at trimPrefix (node_modules/router/index.js:342:13)
      at node_modules/router/index.js:297:9
      at processParams (node_modules/router/index.js:582:12)
      at next (node_modules/router/index.js:291:5)
      at Function.handle (node_modules/router/index.js:186:3)
      at Function.handle (node_modules/express/lib/application.js:177:15)
      at Server.app (node_modules/express/lib/express.js:38:9)

  console.error
    Error: {
      message: 'Failed to retrieve verification certificates: Unexpected Gaxios Error',
      statusCode: 500,
      stack: 'Error: Failed to retrieve verification certificates: Unexpected Gaxios Error\n' +
        '    at Gaxios._request (/Users/hashim/Desktop/Development/FeastFriends/321-project/backend/node_modules/gaxios/src/gaxios.ts:227:15)\n' +
        '    at OAuth2Client.getFederatedSignonCertsAsync (/Users/hashim/Desktop/Development/FeastFriends/321-project/backend/node_modules/google-auth-library/build/src/auth/oauth2client.js:605:19)\n' +
        '    at OAuth2Client.verifyIdTokenAsync (/Users/hashim/Desktop/Development/FeastFriends/321-project/backend/node_modules/google-auth-library/build/src/auth/oauth2client.js:540:26)\n' +
        '    at AuthController.googleAuth (/Users/hashim/Desktop/Development/FeastFriends/321-project/backend/src/controllers/auth.controller.ts:169:22)\n' +
        '    at /Users/hashim/Desktop/Development/FeastFriends/321-project/backend/src/routes/auth.routes.ts:25:3\n' +
        '    at /Users/hashim/Desktop/Development/FeastFriends/321-project/backend/src/middleware/errorHandler.ts:58:9',
      timestamp: '2025-11-09T19:50:05.875Z',
      path: '/api/auth/google',
      method: 'POST'
    }

      90 |   }
      91 |
    > 92 |   console.error('Error:', {
         |           ^
      93 |     message: err.message,
      94 |     statusCode,
      95 |     stack: err.stack,

      at errorHandler (src/middleware/errorHandler.ts:92:11)
      at Layer.handleError (node_modules/router/lib/layer.js:116:17)
      at trimPrefix (node_modules/router/index.js:340:13)
      at node_modules/router/index.js:297:9
      at processParams (node_modules/router/index.js:582:12)
      at next (node_modules/router/index.js:291:5)
      at Layer.handleError (node_modules/router/lib/layer.js:111:12)
      at trimPrefix (node_modules/router/index.js:340:13)
      at node_modules/router/index.js:297:9
      at processParams (node_modules/router/index.js:582:12)
      at next (node_modules/router/index.js:291:5)
      at node_modules/router/index.js:688:15
      at next (node_modules/router/index.js:276:14)
      at next (node_modules/router/lib/route.js:132:14)
      at AuthController.googleAuth (src/controllers/auth.controller.ts:245:7)
      at src/routes/auth.routes.ts:25:3
      at src/middleware/errorHandler.ts:58:9

  console.log
    [AuthService] Converting Google profile picture to Base64: https://lh3.googleusercontent.com/test-picture.jpg

      at AuthService.convertGoogleProfilePictureToBase64 (src/services/authService.ts:23:15)

  console.log
    [AuthService] Successfully converted to Base64 (43 chars)

      at AuthService.convertGoogleProfilePictureToBase64 (src/services/authService.ts:35:15)

  console.log
    ✅ Updated profile picture from Google for user: 6910f06d36646e06ca547300

      at AuthService.findOrCreateUser (src/services/authService.ts:114:17)

  console.log
    ✅ User logged in: 6910f06d36646e06ca547300

      at AuthService.findOrCreateUser (src/services/authService.ts:119:15)

  console.log
    [AuthService] Converting Google profile picture to Base64: https://lh3.googleusercontent.com/test-picture-undefined.jpg

      at AuthService.convertGoogleProfilePictureToBase64 (src/services/authService.ts:23:15)

  console.log
    [AuthService] Successfully converted to Base64 (71 chars)

      at AuthService.convertGoogleProfilePictureToBase64 (src/services/authService.ts:35:15)

  console.log
    ✅ Updated profile picture from Google for user: 6910f06d36646e06ca547301

      at AuthService.findOrCreateUser (src/services/authService.ts:114:17)

  console.log
    ✅ User logged in: 6910f06d36646e06ca547301

      at AuthService.findOrCreateUser (src/services/authService.ts:119:15)

  console.log
    ✅ User logged in: 6910f06d36646e06ca547302

      at AuthService.findOrCreateUser (src/services/authService.ts:119:15)

  console.log
    [AuthService] Converting Google profile picture to Base64: https://lh3.googleusercontent.com/google-picture.jpg

      at AuthService.convertGoogleProfilePictureToBase64 (src/services/authService.ts:23:15)

  console.log
    [AuthService] Successfully converted to Base64 (43 chars)

      at AuthService.convertGoogleProfilePictureToBase64 (src/services/authService.ts:35:15)

  console.log
    ✅ Keeping existing custom profile picture for user: 6910f06d36646e06ca547303

      at AuthService.findOrCreateUser (src/services/authService.ts:116:17)

  console.log
    ✅ User logged in: 6910f06d36646e06ca547303

      at AuthService.findOrCreateUser (src/services/authService.ts:119:15)

  console.log
    ✅ Keeping existing custom profile picture for user: 6910f06d36646e06ca547300

      at AuthService.findOrCreateUser (src/services/authService.ts:116:17)

  console.log
    ✅ User logged in: 6910f06d36646e06ca547300

      at AuthService.findOrCreateUser (src/services/authService.ts:119:15)

  console.log
    ✅ New user created: 6910f06d36646e06ca547363

      at AuthService.findOrCreateUser (src/services/authService.ts:107:17)

  console.log
    ✅ New user created: 6910f06d36646e06ca547368

      at AuthService.findOrCreateUser (src/services/authService.ts:107:17)

  console.log
    [AuthService] Converting Google profile picture to Base64: https://lh3.googleusercontent.com/test-picture

      at AuthService.convertGoogleProfilePictureToBase64 (src/services/authService.ts:23:15)

  console.error
    [AuthService] Failed to convert profile picture to Base64: Error: Network error
        at Object.<anonymous> (/Users/hashim/Desktop/Development/FeastFriends/321-project/backend/tests/no-mocks/auth.test.ts:1754:47)
        at Promise.finally.completed (/Users/hashim/Desktop/Development/FeastFriends/321-project/backend/node_modules/jest-circus/build/jestAdapterInit.js:1557:28)
        at new Promise (<anonymous>)
        at callAsyncCircusFn (/Users/hashim/Desktop/Development/FeastFriends/321-project/backend/node_modules/jest-circus/build/jestAdapterInit.js:1497:10)
        at _callCircusTest (/Users/hashim/Desktop/Development/FeastFriends/321-project/backend/node_modules/jest-circus/build/jestAdapterInit.js:1007:40)
        at processTicksAndRejections (node:internal/process/task_queues:105:5)
        at _runTest (/Users/hashim/Desktop/Development/FeastFriends/321-project/backend/node_modules/jest-circus/build/jestAdapterInit.js:947:3)
        at /Users/hashim/Desktop/Development/FeastFriends/321-project/backend/node_modules/jest-circus/build/jestAdapterInit.js:849:7
        at _runTestsForDescribeBlock (/Users/hashim/Desktop/Development/FeastFriends/321-project/backend/node_modules/jest-circus/build/jestAdapterInit.js:862:11)
        at _runTestsForDescribeBlock (/Users/hashim/Desktop/Development/FeastFriends/321-project/backend/node_modules/jest-circus/build/jestAdapterInit.js:857:11)
        at _runTestsForDescribeBlock (/Users/hashim/Desktop/Development/FeastFriends/321-project/backend/node_modules/jest-circus/build/jestAdapterInit.js:857:11)
        at run (/Users/hashim/Desktop/Development/FeastFriends/321-project/backend/node_modules/jest-circus/build/jestAdapterInit.js:761:3)
        at runAndTransformResultsToJestFormat (/Users/hashim/Desktop/Development/FeastFriends/321-project/backend/node_modules/jest-circus/build/jestAdapterInit.js:1918:21)
        at jestAdapter (/Users/hashim/Desktop/Development/FeastFriends/321-project/backend/node_modules/jest-circus/build/runner.js:101:19)
        at runTestInternal (/Users/hashim/Desktop/Development/FeastFriends/321-project/backend/node_modules/jest-runner/build/index.js:275:16)
        at runTest (/Users/hashim/Desktop/Development/FeastFriends/321-project/backend/node_modules/jest-runner/build/index.js:343:7)

      37 |       return base64DataUri;
      38 |     } catch (error) {
    > 39 |       console.error(`[AuthService] Failed to convert profile picture to Base64:`, error);
         |               ^
      40 |       return profilePictureUrl; // Return original URL if conversion fails
      41 |     }
      42 |   }

      at AuthService.convertGoogleProfilePictureToBase64 (src/services/authService.ts:39:15)
      at AuthService.findOrCreateUser (src/services/authService.ts:90:33)
      at Object.<anonymous> (tests/no-mocks/auth.test.ts:1766:20)

  console.log
    ✅ New user created: 6910f06d36646e06ca54736d

      at AuthService.findOrCreateUser (src/services/authService.ts:107:17)

  console.log
    [AuthService] Converting Google profile picture to Base64: https://lh3.googleusercontent.com/test-picture

      at AuthService.convertGoogleProfilePictureToBase64 (src/services/authService.ts:23:15)

  console.log
    [AuthService] Successfully converted to Base64 (42 chars)

      at AuthService.convertGoogleProfilePictureToBase64 (src/services/authService.ts:35:15)

  console.log
    ✅ New user created: 6910f06d36646e06ca547372

      at AuthService.findOrCreateUser (src/services/authService.ts:107:17)

  console.log
    Test suite completed.

      at Object.<anonymous> (tests/setup.ts:14:11)

  console.log
    
    🧹 Cleaning up after tests...

      at Object.<anonymous> (tests/no-mocks/auth.test.ts:46:11)

  console.warn
    MongoDB disconnected. Attempting to reconnect...

      28 |
      29 |     mongoose.connection.on('disconnected', () => {
    > 30 |       console.warn('MongoDB disconnected. Attempting to reconnect...');
         |               ^
      31 |     });
      32 |
      33 |     mongoose.connection.on('reconnected', () => {

      at NativeConnection.<anonymous> (src/config/database.ts:30:15)
      at NativeConnection.set (node_modules/mongoose/lib/connection.js:145:12)
      at NativeConnection.onClose (node_modules/mongoose/lib/connection.js:1315:19)
      at NativeConnection._close (node_modules/mongoose/lib/connection.js:1264:12)
      at disconnectDatabase (src/config/database.ts:55:5)
      at Object.<anonymous> (tests/no-mocks/auth.test.ts:52:3)

  console.log
    MongoDB disconnected successfully

      at disconnectDatabase (src/config/database.ts:56:13)

  console.log
    ✅ Cleanup complete.

      at Object.<anonymous> (tests/no-mocks/auth.test.ts:54:11)

PASS tests/no-mocks/auth.test.ts
  POST /api/auth/signup - Validation (No Mocking)
    ✓ should return 400 when idToken is missing (14 ms)
    ✓ should return 409 when user already exists (9 ms)
    ✓ should return 500 when JWT_SECRET is missing (3 ms)
    ✓ should handle errors in catch block and call next(error) (28 ms)
    ✓ should successfully sign up new user and return JWT token (13 ms)
  POST /api/auth/signin - Validation (No Mocking)
    ✓ should return 400 when idToken is missing in signin (2 ms)
    ✓ should return 404 when user not found (3 ms)
    ✓ should return 500 when JWT_SECRET is missing in signin (6 ms)
    ✓ should successfully sign in existing user and return JWT token (11 ms)
    ✓ should handle errors in signin catch block and call next(error) (3 ms)
  POST /api/auth/google - Validation (No Mocking)
    ✓ should return 400 when idToken is missing in googleAuth (2 ms)
    ✓ should return 401 when Google token payload is invalid (missing sub) (1 ms)
    ✓ should return 401 when Google token payload is invalid (missing email) (1 ms)
    ✓ should return 500 when JWT_SECRET is missing in googleAuth (5 ms)
    ✓ should use fallback "User" when name is missing in googleAuth (7 ms)
    ✓ should use empty string fallback when picture is missing in googleAuth (6 ms)
    ✓ should return 401 when Google token payload is null (1 ms)
    ✓ should create new user when not found (5 ms)
    ✓ should create new user when not found and update existing user status when found (36 ms)
  POST /api/auth/logout - No Mocking
    ✓ should return 200 and logout user successfully (7 ms)
    ✓ should return 401 without authentication token (1 ms)
    ✓ should return 200 even if user not found (2 ms)
  Auth Middleware - Integration Tests
    ✓ should return 500 when JWT_SECRET is missing in authMiddleware (4 ms)
    ✓ should return 401 with Invalid token message for JsonWebTokenError (1 ms)
    ✓ should return 401 with Token expired message for TokenExpiredError (1 ms)
    ✓ should return 500 with Authentication failed for non-JWT errors (6 ms)
    ✓ should continue without user when JWT_SECRET is missing in optionalAuth (2 ms)
    ✓ should handle errors in optionalAuth inner catch block (covers auth.middleware line 104-106) (1 ms)
    ✓ should handle errors in optionalAuth outer catch block (covers auth.middleware lines 111-113) (1 ms)
  GET /api/auth/verify - No Mocking
    ✓ should return 200 and user info with valid token (3 ms)
    ✓ should return 401 without authentication token
    ✓ should return 404 when user not found in verify (1 ms)
  POST /api/auth/fcm-token - No Mocking
    ✓ should return 200 and update FCM token successfully (4 ms)
    ✓ should return 400 when fcmToken is missing (1 ms)
    ✓ should return 401 without authentication token (1 ms)
    ✓ should return 404 when user not found in updateFCMToken (2 ms)
  DELETE /api/auth/account - No Mocking
    ✓ should return 200 and delete account successfully (4 ms)
    ✓ should return 400 when user is in a room (2 ms)
    ✓ should return 400 when user is in a group (2 ms)
    ✓ should return 401 without authentication token (1 ms)
    ✓ should return 404 when user not found in deleteAccount (3 ms)
  POST /api/auth/google - Google OAuth Integration (Legacy)
    ✓ should return 200 and find or create user with valid Google token (623 ms)
  AuthService - Direct Unit Tests (No Mocking)
    generateToken()
      ✓ should generate valid JWT token for user (1 ms)
      ✓ should throw error when JWT_SECRET is missing (2 ms)
    findOrCreateUser()
      ✓ should update profile picture when user has empty profile picture and Google provides one (covers authService lines 113-114) (12 ms)
      ✓ should update profile picture when user has undefined profile picture and Google provides one (covers authService line 112 !user.profilePicture branch) (9 ms)
      ✓ should skip profile picture conversion when googleData.picture is missing (covers authService line 89 else branch) (7 ms)
      ✓ should keep existing profile picture when user has one and Google provides picture (covers authService line 115) (8 ms)
      ✓ should find existing user and update status, or create new user when not found (9 ms)
      ✓ should return original URL when profile picture is not a Google URL (6 ms)
      ✓ should handle profile picture conversion failure gracefully (5 ms)
      ✓ should use image/png fallback when content-type header is missing (4 ms)
    verifyGoogleToken()
      ✓ should throw AppError when payload is invalid (1 ms)
      ✓ should use "User" as fallback when name is missing
      ✓ should throw AppError in catch block when verification fails
    logoutUser()
      ✓ should set user status to OFFLINE (4 ms)
      ✓ should handle non-existent user gracefully (2 ms)

  console.log
    [dotenv@17.2.3] injecting env (3) from .env.test -- tip: ⚙️  enable debug logging with { debug: true }

      at _log (node_modules/dotenv/lib/main.js:142:11)

  console.log
    Starting test suite...

      at Object.<anonymous> (tests/setup.ts:9:11)

  console.log
    
    🚀 Starting Matching Tests (No Mocking)...

      at Object.<anonymous> (tests/no-mocks/matching.test.ts:39:11)

  console.log
    ✅ Socket.IO initialized successfully

      at initializeSocket (src/config/socket.ts:151:11)

  console.log
    ✅ Socket.IO initialized successfully

      at initializeSocket (src/config/socket.ts:151:11)

  console.log
    ✅ SocketManager initialized

      at SocketManager.initialize (src/utils/socketManager.ts:35:13)

  console.log
    ✅ Test Socket.IO server initialized on port 55235

      at Server.<anonymous> (tests/helpers/socket.helper.ts:28:15)

  console.log
    MongoDB Atlas connected successfully

      at connectDatabase (src/config/database.ts:22:13)

  console.log
    
    ✅ Test setup complete. Ready to run tests.

      at Object.<anonymous> (tests/no-mocks/matching.test.ts:50:11)

  console.log
    ✅ Created new room: 6910f06edc138cf80c1894c1 (cuisine: italian)

      at MatchingService.joinMatching (src/services/matchingService.ts:126:15)

  console.log
    📤 Emitted room_update for room 6910f06edc138cf80c1894c1

      at SocketEmitter.emitRoomUpdate (src/config/socket.ts:174:13)

  console.warn
    ⚠️ emitToUser: No socket found for user 6910f06edc138cf80c1894ac

      175 |     }
      176 |
    > 177 |     console.warn(`⚠️ emitToUser: No socket found for user ${userId}`);
          |             ^
      178 |   }
      179 | }
      180 |

      at SocketManager.emitToUser (src/utils/socketManager.ts:177:13)
      at MatchingService.joinMatching (src/services/matchingService.ts:151:19)
      at MatchingController.joinMatching (src/controllers/matching.controller.ts:17:22)
      at src/routes/matching.routes.ts:14:3
      at src/middleware/errorHandler.ts:58:9

  console.log
    📤 Emitted member_joined for room 6910f06edc138cf80c1894c1

      at SocketEmitter.emitMemberJoined (src/config/socket.ts:250:13)

  console.log
    ✅ Best room match found with score: 90

      at MatchingService.findBestMatchingRoom (src/services/matchingService.ts:65:15)

  console.log
    ✅ User 6910f06edc138cf80c1894ad joined room: 6910f06edc138cf80c1894d1 (members: 2/10)

      at MatchingService.joinMatching (src/services/matchingService.ts:135:15)

  console.log
    📤 Emitted room_update for room 6910f06edc138cf80c1894d1

      at SocketEmitter.emitRoomUpdate (src/config/socket.ts:174:13)

  console.warn
    ⚠️ emitToUser: No socket found for user 6910f06edc138cf80c1894ad

      175 |     }
      176 |
    > 177 |     console.warn(`⚠️ emitToUser: No socket found for user ${userId}`);
          |             ^
      178 |   }
      179 | }
      180 |

      at SocketManager.emitToUser (src/utils/socketManager.ts:177:13)
      at MatchingService.joinMatching (src/services/matchingService.ts:151:19)
      at MatchingController.joinMatching (src/controllers/matching.controller.ts:17:22)
      at src/routes/matching.routes.ts:14:3
      at src/middleware/errorHandler.ts:58:9

  console.log
    📤 Emitted member_joined for room 6910f06edc138cf80c1894d1

      at SocketEmitter.emitMemberJoined (src/config/socket.ts:250:13)

  console.log
    ✅ Best room match found with score: 100

      at MatchingService.findBestMatchingRoom (src/services/matchingService.ts:65:15)

  console.log
    ✅ User 6910f06edc138cf80c1894fc joined room: 6910f06edc138cf80c1894f7 (members: 10/10)

      at MatchingService.joinMatching (src/services/matchingService.ts:135:15)

  console.log
    📤 Emitted room_update for room 6910f06edc138cf80c1894f7

      at SocketEmitter.emitRoomUpdate (src/config/socket.ts:174:13)

  console.warn
    ⚠️ emitToUser: No socket found for user 6910f06edc138cf80c1894fc

      175 |     }
      176 |
    > 177 |     console.warn(`⚠️ emitToUser: No socket found for user ${userId}`);
          |             ^
      178 |   }
      179 | }
      180 |

      at SocketManager.emitToUser (src/utils/socketManager.ts:177:13)
      at MatchingService.joinMatching (src/services/matchingService.ts:151:19)
      at MatchingController.joinMatching (src/controllers/matching.controller.ts:17:22)
      at src/routes/matching.routes.ts:14:3
      at src/middleware/errorHandler.ts:58:9

  console.log
    📤 Emitted member_joined for room 6910f06edc138cf80c1894f7

      at SocketEmitter.emitMemberJoined (src/config/socket.ts:250:13)

  console.log
    ✅ Created group: 6910f06edc138cf80c189506 from room: 6910f06edc138cf80c1894f7

      at MatchingService.createGroupFromRoom (src/services/matchingService.ts:280:13)

  console.log
    📤 Emitted group_ready for room 6910f06edc138cf80c1894f7 → group 6910f06edc138cf80c189506

      at SocketEmitter.emitGroupReady (src/config/socket.ts:187:13)

  console.warn
    User 6910f06edc138cf80c1894e5 has no FCM token registered

      18 |
      19 |     if (!user.fcmToken) {
    > 20 |       console.warn(`User ${userId} has no FCM token registered`);
         |               ^
      21 |       return;
      22 |     }
      23 |

      at sendNotificationToUser (src/services/notificationService.ts:20:15)
      at notifyRoomMatched (src/services/notificationService.ts:97:3)
      at MatchingService.createGroupFromRoom (src/services/matchingService.ts:302:9)
      at MatchingService.joinMatching (src/services/matchingService.ts:169:7)
      at MatchingController.joinMatching (src/controllers/matching.controller.ts:17:22)
      at src/routes/matching.routes.ts:14:3
      at src/middleware/errorHandler.ts:58:9

  console.warn
    User 6910f06edc138cf80c1894e7 has no FCM token registered

      18 |
      19 |     if (!user.fcmToken) {
    > 20 |       console.warn(`User ${userId} has no FCM token registered`);
         |               ^
      21 |       return;
      22 |     }
      23 |

      at sendNotificationToUser (src/services/notificationService.ts:20:15)
      at notifyRoomMatched (src/services/notificationService.ts:97:3)
      at MatchingService.createGroupFromRoom (src/services/matchingService.ts:302:9)
      at MatchingService.joinMatching (src/services/matchingService.ts:169:7)
      at MatchingController.joinMatching (src/controllers/matching.controller.ts:17:22)
      at src/routes/matching.routes.ts:14:3
      at src/middleware/errorHandler.ts:58:9

  console.warn
    User 6910f06edc138cf80c1894e9 has no FCM token registered

      18 |
      19 |     if (!user.fcmToken) {
    > 20 |       console.warn(`User ${userId} has no FCM token registered`);
         |               ^
      21 |       return;
      22 |     }
      23 |

      at sendNotificationToUser (src/services/notificationService.ts:20:15)
      at notifyRoomMatched (src/services/notificationService.ts:97:3)
      at MatchingService.createGroupFromRoom (src/services/matchingService.ts:302:9)
      at MatchingService.joinMatching (src/services/matchingService.ts:169:7)
      at MatchingController.joinMatching (src/controllers/matching.controller.ts:17:22)
      at src/routes/matching.routes.ts:14:3
      at src/middleware/errorHandler.ts:58:9

  console.warn
    User 6910f06edc138cf80c1894eb has no FCM token registered

      18 |
      19 |     if (!user.fcmToken) {
    > 20 |       console.warn(`User ${userId} has no FCM token registered`);
         |               ^
      21 |       return;
      22 |     }
      23 |

      at sendNotificationToUser (src/services/notificationService.ts:20:15)
      at notifyRoomMatched (src/services/notificationService.ts:97:3)
      at MatchingService.createGroupFromRoom (src/services/matchingService.ts:302:9)
      at MatchingService.joinMatching (src/services/matchingService.ts:169:7)
      at MatchingController.joinMatching (src/controllers/matching.controller.ts:17:22)
      at src/routes/matching.routes.ts:14:3
      at src/middleware/errorHandler.ts:58:9

  console.warn
    User 6910f06edc138cf80c1894ed has no FCM token registered

      18 |
      19 |     if (!user.fcmToken) {
    > 20 |       console.warn(`User ${userId} has no FCM token registered`);
         |               ^
      21 |       return;
      22 |     }
      23 |

      at sendNotificationToUser (src/services/notificationService.ts:20:15)
      at notifyRoomMatched (src/services/notificationService.ts:97:3)
      at MatchingService.createGroupFromRoom (src/services/matchingService.ts:302:9)
      at MatchingService.joinMatching (src/services/matchingService.ts:169:7)
      at MatchingController.joinMatching (src/controllers/matching.controller.ts:17:22)
      at src/routes/matching.routes.ts:14:3
      at src/middleware/errorHandler.ts:58:9

  console.warn
    User 6910f06edc138cf80c1894ef has no FCM token registered

      18 |
      19 |     if (!user.fcmToken) {
    > 20 |       console.warn(`User ${userId} has no FCM token registered`);
         |               ^
      21 |       return;
      22 |     }
      23 |

      at sendNotificationToUser (src/services/notificationService.ts:20:15)
      at notifyRoomMatched (src/services/notificationService.ts:97:3)
      at MatchingService.createGroupFromRoom (src/services/matchingService.ts:302:9)
      at MatchingService.joinMatching (src/services/matchingService.ts:169:7)
      at MatchingController.joinMatching (src/controllers/matching.controller.ts:17:22)
      at src/routes/matching.routes.ts:14:3
      at src/middleware/errorHandler.ts:58:9

  console.warn
    User 6910f06edc138cf80c1894f1 has no FCM token registered

      18 |
      19 |     if (!user.fcmToken) {
    > 20 |       console.warn(`User ${userId} has no FCM token registered`);
         |               ^
      21 |       return;
      22 |     }
      23 |

      at sendNotificationToUser (src/services/notificationService.ts:20:15)
      at notifyRoomMatched (src/services/notificationService.ts:97:3)
      at MatchingService.createGroupFromRoom (src/services/matchingService.ts:302:9)
      at MatchingService.joinMatching (src/services/matchingService.ts:169:7)
      at MatchingController.joinMatching (src/controllers/matching.controller.ts:17:22)
      at src/routes/matching.routes.ts:14:3
      at src/middleware/errorHandler.ts:58:9

  console.warn
    User 6910f06edc138cf80c1894f3 has no FCM token registered

      18 |
      19 |     if (!user.fcmToken) {
    > 20 |       console.warn(`User ${userId} has no FCM token registered`);
         |               ^
      21 |       return;
      22 |     }
      23 |

      at sendNotificationToUser (src/services/notificationService.ts:20:15)
      at notifyRoomMatched (src/services/notificationService.ts:97:3)
      at MatchingService.createGroupFromRoom (src/services/matchingService.ts:302:9)
      at MatchingService.joinMatching (src/services/matchingService.ts:169:7)
      at MatchingController.joinMatching (src/controllers/matching.controller.ts:17:22)
      at src/routes/matching.routes.ts:14:3
      at src/middleware/errorHandler.ts:58:9

  console.warn
    User 6910f06edc138cf80c1894f5 has no FCM token registered

      18 |
      19 |     if (!user.fcmToken) {
    > 20 |       console.warn(`User ${userId} has no FCM token registered`);
         |               ^
      21 |       return;
      22 |     }
      23 |

      at sendNotificationToUser (src/services/notificationService.ts:20:15)
      at notifyRoomMatched (src/services/notificationService.ts:97:3)
      at MatchingService.createGroupFromRoom (src/services/matchingService.ts:302:9)
      at MatchingService.joinMatching (src/services/matchingService.ts:169:7)
      at MatchingController.joinMatching (src/controllers/matching.controller.ts:17:22)
      at src/routes/matching.routes.ts:14:3
      at src/middleware/errorHandler.ts:58:9

  console.warn
    User 6910f06edc138cf80c1894fc has no FCM token registered

      18 |
      19 |     if (!user.fcmToken) {
    > 20 |       console.warn(`User ${userId} has no FCM token registered`);
         |               ^
      21 |       return;
      22 |     }
      23 |

      at sendNotificationToUser (src/services/notificationService.ts:20:15)
      at notifyRoomMatched (src/services/notificationService.ts:97:3)
      at MatchingService.createGroupFromRoom (src/services/matchingService.ts:302:9)
      at MatchingService.joinMatching (src/services/matchingService.ts:169:7)
      at MatchingController.joinMatching (src/controllers/matching.controller.ts:17:22)
      at src/routes/matching.routes.ts:14:3
      at src/middleware/errorHandler.ts:58:9

  console.log
    ⚠️ No good match found (best score: 0)

      at MatchingService.findBestMatchingRoom (src/services/matchingService.ts:69:13)

  console.log
    ✅ Created new room: 6910f06edc138cf80c189537 (cuisine: chinese)

      at MatchingService.joinMatching (src/services/matchingService.ts:126:15)

  console.log
    📤 Emitted room_update for room 6910f06edc138cf80c189537

      at SocketEmitter.emitRoomUpdate (src/config/socket.ts:174:13)

  console.warn
    ⚠️ emitToUser: No socket found for user 6910f06edc138cf80c1894b0

      175 |     }
      176 |
    > 177 |     console.warn(`⚠️ emitToUser: No socket found for user ${userId}`);
          |             ^
      178 |   }
      179 | }
      180 |

      at SocketManager.emitToUser (src/utils/socketManager.ts:177:13)
      at MatchingService.joinMatching (src/services/matchingService.ts:151:19)
      at MatchingController.joinMatching (src/controllers/matching.controller.ts:17:22)
      at src/routes/matching.routes.ts:14:3
      at src/middleware/errorHandler.ts:58:9

  console.log
    📤 Emitted member_joined for room 6910f06edc138cf80c189537

      at SocketEmitter.emitMemberJoined (src/config/socket.ts:250:13)

  console.error
    Error: {
      message: 'User is already in a room or group',
      statusCode: 500,
      stack: 'Error: User is already in a room or group\n' +
        '    at MatchingService.joinMatching (/Users/hashim/Desktop/Development/FeastFriends/321-project/backend/src/services/matchingService.ts:93:13)\n' +
        '    at processTicksAndRejections (node:internal/process/task_queues:105:5)\n' +
        '    at MatchingController.joinMatching (/Users/hashim/Desktop/Development/FeastFriends/321-project/backend/src/controllers/matching.controller.ts:17:22)\n' +
        '    at /Users/hashim/Desktop/Development/FeastFriends/321-project/backend/src/routes/matching.routes.ts:14:3\n' +
        '    at /Users/hashim/Desktop/Development/FeastFriends/321-project/backend/src/middleware/errorHandler.ts:58:9',
      timestamp: '2025-11-09T19:50:06.458Z',
      path: '/api/matching/join',
      method: 'POST'
    }

      90 |   }
      91 |
    > 92 |   console.error('Error:', {
         |           ^
      93 |     message: err.message,
      94 |     statusCode,
      95 |     stack: err.stack,

      at errorHandler (src/middleware/errorHandler.ts:92:11)
      at Layer.handleError (node_modules/router/lib/layer.js:116:17)
      at trimPrefix (node_modules/router/index.js:340:13)
      at node_modules/router/index.js:297:9
      at processParams (node_modules/router/index.js:582:12)
      at next (node_modules/router/index.js:291:5)
      at Layer.handleError (node_modules/router/lib/layer.js:111:12)
      at trimPrefix (node_modules/router/index.js:340:13)
      at node_modules/router/index.js:297:9
      at processParams (node_modules/router/index.js:582:12)
      at next (node_modules/router/index.js:291:5)
      at node_modules/router/index.js:688:15
      at next (node_modules/router/index.js:276:14)
      at next (node_modules/router/lib/route.js:132:14)
      at MatchingController.joinMatching (src/controllers/matching.controller.ts:29:7)
      at src/routes/matching.routes.ts:14:3
      at src/middleware/errorHandler.ts:58:9

  console.log
    ✅ Created new room: 6910f06edc138cf80c189558 (cuisine: chinese)

      at MatchingService.joinMatching (src/services/matchingService.ts:126:15)

  console.log
    📤 Emitted room_update for room 6910f06edc138cf80c189558

      at SocketEmitter.emitRoomUpdate (src/config/socket.ts:174:13)

  console.warn
    ⚠️ emitToUser: No socket found for user 6910f06edc138cf80c1894ad

      175 |     }
      176 |
    > 177 |     console.warn(`⚠️ emitToUser: No socket found for user ${userId}`);
          |             ^
      178 |   }
      179 | }
      180 |

      at SocketManager.emitToUser (src/utils/socketManager.ts:177:13)
      at MatchingService.joinMatching (src/services/matchingService.ts:151:19)
      at MatchingController.joinMatching (src/controllers/matching.controller.ts:17:22)
      at src/routes/matching.routes.ts:14:3
      at src/middleware/errorHandler.ts:58:9

  console.log
    📤 Emitted member_joined for room 6910f06edc138cf80c189558

      at SocketEmitter.emitMemberJoined (src/config/socket.ts:250:13)

  console.log
    ✅ Created new room: 6910f06edc138cf80c189569 (cuisine: mexican)

      at MatchingService.joinMatching (src/services/matchingService.ts:126:15)

  console.log
    📤 Emitted room_update for room 6910f06edc138cf80c189569

      at SocketEmitter.emitRoomUpdate (src/config/socket.ts:174:13)

  console.warn
    ⚠️ emitToUser: No socket found for user 6910f06edc138cf80c1894ae

      175 |     }
      176 |
    > 177 |     console.warn(`⚠️ emitToUser: No socket found for user ${userId}`);
          |             ^
      178 |   }
      179 | }
      180 |

      at SocketManager.emitToUser (src/utils/socketManager.ts:177:13)
      at MatchingService.joinMatching (src/services/matchingService.ts:151:19)
      at MatchingController.joinMatching (src/controllers/matching.controller.ts:17:22)
      at src/routes/matching.routes.ts:14:3
      at src/middleware/errorHandler.ts:58:9

  console.log
    📤 Emitted member_joined for room 6910f06edc138cf80c189569

      at SocketEmitter.emitMemberJoined (src/config/socket.ts:250:13)

  console.log
    ✅ Created new room: 6910f06edc138cf80c18957b (cuisine: indian)

      at MatchingService.joinMatching (src/services/matchingService.ts:126:15)

  console.log
    📤 Emitted room_update for room 6910f06edc138cf80c18957b

      at SocketEmitter.emitRoomUpdate (src/config/socket.ts:174:13)

  console.warn
    ⚠️ emitToUser: No socket found for user 6910f06edc138cf80c189576

      175 |     }
      176 |
    > 177 |     console.warn(`⚠️ emitToUser: No socket found for user ${userId}`);
          |             ^
      178 |   }
      179 | }
      180 |

      at SocketManager.emitToUser (src/utils/socketManager.ts:177:13)
      at MatchingService.joinMatching (src/services/matchingService.ts:151:19)
      at MatchingController.joinMatching (src/controllers/matching.controller.ts:17:22)
      at src/routes/matching.routes.ts:14:3
      at src/middleware/errorHandler.ts:58:9

  console.log
    📤 Emitted member_joined for room 6910f06edc138cf80c18957b

      at SocketEmitter.emitMemberJoined (src/config/socket.ts:250:13)

  console.log
    ✅ Created new room: 6910f06edc138cf80c18958c (cuisine: thai)

      at MatchingService.joinMatching (src/services/matchingService.ts:126:15)

  console.log
    📤 Emitted room_update for room 6910f06edc138cf80c18958c

      at SocketEmitter.emitRoomUpdate (src/config/socket.ts:174:13)

  console.warn
    ⚠️ emitToUser: No socket found for user 6910f06edc138cf80c1894b0

      175 |     }
      176 |
    > 177 |     console.warn(`⚠️ emitToUser: No socket found for user ${userId}`);
          |             ^
      178 |   }
      179 | }
      180 |

      at SocketManager.emitToUser (src/utils/socketManager.ts:177:13)
      at MatchingService.joinMatching (src/services/matchingService.ts:151:19)
      at MatchingController.joinMatching (src/controllers/matching.controller.ts:17:22)
      at src/routes/matching.routes.ts:14:3
      at src/middleware/errorHandler.ts:58:9

  console.log
    📤 Emitted member_joined for room 6910f06edc138cf80c18958c

      at SocketEmitter.emitMemberJoined (src/config/socket.ts:250:13)

  console.log
    ✅ Created new room: 6910f06edc138cf80c18959e (cuisine: korean)

      at MatchingService.joinMatching (src/services/matchingService.ts:126:15)

  console.log
    📤 Emitted room_update for room 6910f06edc138cf80c18959e

      at SocketEmitter.emitRoomUpdate (src/config/socket.ts:174:13)

  console.warn
    ⚠️ emitToUser: No socket found for user 6910f06edc138cf80c189599

      175 |     }
      176 |
    > 177 |     console.warn(`⚠️ emitToUser: No socket found for user ${userId}`);
          |             ^
      178 |   }
      179 | }
      180 |

      at SocketManager.emitToUser (src/utils/socketManager.ts:177:13)
      at MatchingService.joinMatching (src/services/matchingService.ts:151:19)
      at MatchingController.joinMatching (src/controllers/matching.controller.ts:17:22)
      at src/routes/matching.routes.ts:14:3
      at src/middleware/errorHandler.ts:58:9

  console.log
    📤 Emitted member_joined for room 6910f06edc138cf80c18959e

      at SocketEmitter.emitMemberJoined (src/config/socket.ts:250:13)

  console.log
    ✅ Created new room: 6910f06edc138cf80c1895b0 (cuisine: null)

      at MatchingService.joinMatching (src/services/matchingService.ts:126:15)

  console.log
    📤 Emitted room_update for room 6910f06edc138cf80c1895b0

      at SocketEmitter.emitRoomUpdate (src/config/socket.ts:174:13)

  console.warn
    ⚠️ emitToUser: No socket found for user 6910f06edc138cf80c1895ab

      175 |     }
      176 |
    > 177 |     console.warn(`⚠️ emitToUser: No socket found for user ${userId}`);
          |             ^
      178 |   }
      179 | }
      180 |

      at SocketManager.emitToUser (src/utils/socketManager.ts:177:13)
      at MatchingService.joinMatching (src/services/matchingService.ts:151:19)
      at MatchingController.joinMatching (src/controllers/matching.controller.ts:17:22)
      at src/routes/matching.routes.ts:14:3
      at src/middleware/errorHandler.ts:58:9

  console.log
    📤 Emitted member_joined for room 6910f06edc138cf80c1895b0

      at SocketEmitter.emitMemberJoined (src/config/socket.ts:250:13)

  console.log
    📤 Emitted member_left for room 6910f06edc138cf80c1895cb

      at SocketEmitter.emitMemberLeft (src/config/socket.ts:263:13)

  console.log
    📤 Emitted room_update for room 6910f06edc138cf80c1895cb

      at SocketEmitter.emitRoomUpdate (src/config/socket.ts:174:13)

  console.log
    ✅ User 6910f06edc138cf80c1895c7 left room 6910f06edc138cf80c1895cb

      at MatchingService.leaveRoom (src/services/matchingService.ts:253:13)

  console.log
    📤 Emitted member_left for room 6910f06edc138cf80c1895d9

      at SocketEmitter.emitMemberLeft (src/config/socket.ts:263:13)

  console.log
    🗑️ Deleted empty room: 6910f06edc138cf80c1895d9

      at MatchingService.leaveRoom (src/services/matchingService.ts:238:15)

  console.log
    ✅ User 6910f06edc138cf80c1895d7 left room 6910f06edc138cf80c1895d9

      at MatchingService.leaveRoom (src/services/matchingService.ts:253:13)

  console.log
    Room 6910f06edc138cf80c1895ed not found - clearing user's roomID anyway

      at MatchingService.leaveRoom (src/services/matchingService.ts:204:15)

  console.log
    ✅ Cleared stale roomID for user 6910f06edc138cf80c1894ac

      at MatchingService.leaveRoom (src/services/matchingService.ts:211:17)

  console.error
    Error: {
      message: 'Room not found',
      statusCode: 500,
      stack: 'Error: Room not found\n' +
        '    at MatchingService.getRoomStatus (/Users/hashim/Desktop/Development/FeastFriends/321-project/backend/src/services/matchingService.ts:321:13)\n' +
        '    at processTicksAndRejections (node:internal/process/task_queues:105:5)\n' +
        '    at MatchingController.getRoomStatus (/Users/hashim/Desktop/Development/FeastFriends/321-project/backend/src/controllers/matching.controller.ts:88:22)\n' +
        '    at /Users/hashim/Desktop/Development/FeastFriends/321-project/backend/src/routes/matching.routes.ts:41:3\n' +
        '    at /Users/hashim/Desktop/Development/FeastFriends/321-project/backend/src/middleware/errorHandler.ts:58:9',
      timestamp: '2025-11-09T19:50:06.752Z',
      path: '/api/matching/status/6910f06edc138cf80c189610',
      method: 'GET'
    }

      90 |   }
      91 |
    > 92 |   console.error('Error:', {
         |           ^
      93 |     message: err.message,
      94 |     statusCode,
      95 |     stack: err.stack,

      at errorHandler (src/middleware/errorHandler.ts:92:11)
      at Layer.handleError (node_modules/router/lib/layer.js:116:17)
      at trimPrefix (node_modules/router/index.js:340:13)
      at node_modules/router/index.js:297:9
      at processParams (node_modules/router/index.js:582:12)
      at next (node_modules/router/index.js:291:5)
      at Layer.handleError (node_modules/router/lib/layer.js:111:12)
      at trimPrefix (node_modules/router/index.js:340:13)
      at node_modules/router/index.js:297:9
      at processParams (node_modules/router/index.js:582:12)
      at next (node_modules/router/index.js:291:5)
      at node_modules/router/index.js:688:15
      at next (node_modules/router/index.js:276:14)
      at next (node_modules/router/lib/route.js:132:14)
      at MatchingController.getRoomStatus (src/controllers/matching.controller.ts:96:7)
      at src/routes/matching.routes.ts:41:3
      at src/middleware/errorHandler.ts:58:9

  console.error
    Error: {
      message: 'Room not found',
      statusCode: 500,
      stack: 'Error: Room not found\n' +
        '    at MatchingService.getRoomUsers (/Users/hashim/Desktop/Development/FeastFriends/321-project/backend/src/services/matchingService.ts:339:13)\n' +
        '    at processTicksAndRejections (node:internal/process/task_queues:105:5)\n' +
        '    at MatchingController.getRoomUsers (/Users/hashim/Desktop/Development/FeastFriends/321-project/backend/src/controllers/matching.controller.ts:108:21)\n' +
        '    at /Users/hashim/Desktop/Development/FeastFriends/321-project/backend/src/routes/matching.routes.ts:50:3\n' +
        '    at /Users/hashim/Desktop/Development/FeastFriends/321-project/backend/src/middleware/errorHandler.ts:58:9',
      timestamp: '2025-11-09T19:50:06.801Z',
      path: '/api/matching/users/6910f06edc138cf80c189631',
      method: 'GET'
    }

      90 |   }
      91 |
    > 92 |   console.error('Error:', {
         |           ^
      93 |     message: err.message,
      94 |     statusCode,
      95 |     stack: err.stack,

      at errorHandler (src/middleware/errorHandler.ts:92:11)
      at Layer.handleError (node_modules/router/lib/layer.js:116:17)
      at trimPrefix (node_modules/router/index.js:340:13)
      at node_modules/router/index.js:297:9
      at processParams (node_modules/router/index.js:582:12)
      at next (node_modules/router/index.js:291:5)
      at Layer.handleError (node_modules/router/lib/layer.js:111:12)
      at trimPrefix (node_modules/router/index.js:340:13)
      at node_modules/router/index.js:297:9
      at processParams (node_modules/router/index.js:582:12)
      at Immediate.next (node_modules/router/index.js:291:5)
      at Immediate._onImmediate (node_modules/router/index.js:688:15)

  console.log
    📤 Emitted group_ready for room 6910f06edc138cf80c189665 → group 6910f06edc138cf80c189666

      at SocketEmitter.emitGroupReady (src/config/socket.ts:187:13)

  console.log
    📤 Emitted room_expired for room 6910f06edc138cf80c189670

      at SocketEmitter.emitRoomExpired (src/config/socket.ts:199:13)

  console.log
    📤 Emitted room_expired for room 6910f06edc138cf80c189670

      at SocketEmitter.emitRoomExpired (src/config/socket.ts:199:13)

  console.log
    Test suite completed.

      at Object.<anonymous> (tests/setup.ts:14:11)

  console.log
    
    🧹 Cleaning up after tests...

      at Object.<anonymous> (tests/no-mocks/matching.test.ts:54:11)

  console.log
    🧹 Cleaning matching test data...

      at cleanMatchingTestData (tests/helpers/matching.helper.ts:122:11)

  console.log
    ✅ Matching test data cleaned

      at cleanMatchingTestData (tests/helpers/matching.helper.ts:135:11)

  console.warn
    MongoDB disconnected. Attempting to reconnect...

      28 |
      29 |     mongoose.connection.on('disconnected', () => {
    > 30 |       console.warn('MongoDB disconnected. Attempting to reconnect...');
         |               ^
      31 |     });
      32 |
      33 |     mongoose.connection.on('reconnected', () => {

      at NativeConnection.<anonymous> (src/config/database.ts:30:15)
      at NativeConnection.set (node_modules/mongoose/lib/connection.js:145:12)
      at NativeConnection.onClose (node_modules/mongoose/lib/connection.js:1315:19)
      at NativeConnection._close (node_modules/mongoose/lib/connection.js:1264:12)
      at disconnectDatabase (src/config/database.ts:55:5)
      at Object.<anonymous> (tests/no-mocks/matching.test.ts:58:3)

  console.log
    MongoDB disconnected successfully

      at disconnectDatabase (src/config/database.ts:56:13)

  console.log
    ✅ HTTP server closed

      at Server.<anonymous> (tests/helpers/socket.helper.ts:44:15)

  console.log
    ✅ Socket.IO server closed

      at tests/helpers/socket.helper.ts:40:15

  console.log
    ✅ Cleanup complete.

      at Object.<anonymous> (tests/no-mocks/matching.test.ts:63:11)

PASS tests/no-mocks/matching.test.ts
  POST /api/matching/join - No Mocking
    ✓ should create new room when no matching rooms exist and update user preferences (72 ms)
    ✓ should join existing room with matching preferences (69 ms)
    ✓ should create group when room reaches MAX_MEMBERS (covers matchingService lines 169, 260-304) (93 ms)
    ✓ should return 401 without authentication (24 ms)
    ✓ should return 200 with null roomId when no good match found (covers matchingService lines 69-70) (34 ms)
    ✓ should return 500 when user already in room (39 ms)
    ✓ should use user.preference fallback when cuisine not provided (covers matchingService line 104) (33 ms)
    ✓ should use user.budget fallback when budget not provided (covers matchingService line 105) (33 ms)
    ✓ should use default budget 50 when budget not provided and user has no budget (covers matchingService line 105) (32 ms)
    ✓ should use user.radiusKm fallback when radiusKm not provided (covers matchingService line 106) (25 ms)
    ✓ should use default radiusKm 5 when radiusKm not provided and user has no radiusKm (covers matchingService line 106) (27 ms)
    ✓ should use null for cuisine when cuisines array is empty (covers matchingService line 121) (26 ms)
  POST /api/matching/join/:roomId - No Mocking
    ✓ should return 501 Not Implemented (14 ms)
  PUT /api/matching/leave/:roomId - No Mocking
    ✓ should successfully leave room and delete room when last member leaves (38 ms)
    ✓ should handle leaving non-existent room gracefully (26 ms)
  GET /api/matching/status/:roomId - No Mocking
    ✓ should return room status for valid roomId (15 ms)
    ✓ should return 500 for non-existent room (19 ms)
  GET /api/matching/users/:roomId - No Mocking
    ✓ should return list of users in room (27 ms)
    ✓ should return 500 when room not found in getRoomUsers (covers matchingService lines 338-339) (21 ms)
  Room Model Methods - Integration Tests
    ✓ should trigger pre-save hook to expire room (27 ms)
  SocketManager - Integration Tests
    ✓ should create singleton instance on first getInstance call (covers socketManager line 18) (16 ms)
    ✓ should iterate through all sockets in emitToUser loop (covers socketManager line 170-171) (13 ms)
    ✓ should warn and return early when initialize is called twice (18 ms)
    ✓ should call emitGroupReady through socketManager (12 ms)
    ✓ should call emitRoomExpired through socketManager (20 ms)
    ✓ should throw error when getIO is called before initialize (23 ms)
    ✓ should emit event to user when socket with matching userId is found (11 ms)
    ✓ should log warning when no socket with matching userId is found (17 ms)

  console.log
    [dotenv@17.2.3] injecting env (3) from .env.test -- tip: ⚙️  specify custom .env file path with { path: '/custom/path/.env' }

      at _log (node_modules/dotenv/lib/main.js:142:11)

  console.log
    Starting test suite...

      at Object.<anonymous> (tests/setup.ts:9:11)

  console.log
    
    🚀 Starting Group Tests (With Mocks - Failure Scenarios)...

      at Object.<anonymous> (tests/with-mocks/group.mock.test.ts:68:11)

  console.log
    MongoDB Atlas connected successfully

      at connectDatabase (src/config/database.ts:22:13)

  console.log
    ✅ Test setup complete.

      at Object.<anonymous> (tests/with-mocks/group.mock.test.ts:71:11)

  console.error
    Error: {
      message: 'MongoNetworkError: connection refused',
      statusCode: 500,
      stack: 'Error: MongoNetworkError: connection refused\n' +
        '    at Object.<anonymous> (/Users/hashim/Desktop/Development/FeastFriends/321-project/backend/tests/with-mocks/group.mock.test.ts:101:7)\n' +
        '    at Promise.finally.completed (/Users/hashim/Desktop/Development/FeastFriends/321-project/backend/node_modules/jest-circus/build/jestAdapterInit.js:1557:28)\n' +
        '    at new Promise (<anonymous>)\n' +
        '    at callAsyncCircusFn (/Users/hashim/Desktop/Development/FeastFriends/321-project/backend/node_modules/jest-circus/build/jestAdapterInit.js:1497:10)\n' +
        '    at _callCircusTest (/Users/hashim/Desktop/Development/FeastFriends/321-project/backend/node_modules/jest-circus/build/jestAdapterInit.js:1007:40)\n' +
        '    at processTicksAndRejections (node:internal/process/task_queues:105:5)\n' +
        '    at _runTest (/Users/hashim/Desktop/Development/FeastFriends/321-project/backend/node_modules/jest-circus/build/jestAdapterInit.js:947:3)\n' +
        '    at /Users/hashim/Desktop/Development/FeastFriends/321-project/backend/node_modules/jest-circus/build/jestAdapterInit.js:849:7\n' +
        '    at _runTestsForDescribeBlock (/Users/hashim/Desktop/Development/FeastFriends/321-project/backend/node_modules/jest-circus/build/jestAdapterInit.js:862:11)\n' +
        '    at _runTestsForDescribeBlock (/Users/hashim/Desktop/Development/FeastFriends/321-project/backend/node_modules/jest-circus/build/jestAdapterInit.js:857:11)\n' +
        '    at run (/Users/hashim/Desktop/Development/FeastFriends/321-project/backend/node_modules/jest-circus/build/jestAdapterInit.js:761:3)\n' +
        '    at runAndTransformResultsToJestFormat (/Users/hashim/Desktop/Development/FeastFriends/321-project/backend/node_modules/jest-circus/build/jestAdapterInit.js:1918:21)\n' +
        '    at jestAdapter (/Users/hashim/Desktop/Development/FeastFriends/321-project/backend/node_modules/jest-circus/build/runner.js:101:19)\n' +
        '    at runTestInternal (/Users/hashim/Desktop/Development/FeastFriends/321-project/backend/node_modules/jest-runner/build/index.js:275:16)\n' +
        '    at runTest (/Users/hashim/Desktop/Development/FeastFriends/321-project/backend/node_modules/jest-runner/build/index.js:343:7)',
      timestamp: '2025-11-09T19:50:07.103Z',
      path: '/api/group/status',
      method: 'GET'
    }

      90 |   }
      91 |
    > 92 |   console.error('Error:', {
         |           ^
      93 |     message: err.message,
      94 |     statusCode,
      95 |     stack: err.stack,

      at errorHandler (src/middleware/errorHandler.ts:92:11)
      at Layer.handleError (node_modules/router/lib/layer.js:116:17)
      at trimPrefix (node_modules/router/index.js:340:13)
      at node_modules/router/index.js:297:9
      at processParams (node_modules/router/index.js:582:12)
      at next (node_modules/router/index.js:291:5)
      at Layer.handleError (node_modules/router/lib/layer.js:111:12)
      at trimPrefix (node_modules/router/index.js:340:13)
      at node_modules/router/index.js:297:9
      at processParams (node_modules/router/index.js:582:12)
      at next (node_modules/router/index.js:291:5)
      at node_modules/router/index.js:688:15
      at next (node_modules/router/index.js:276:14)
      at next (node_modules/router/lib/route.js:132:14)
      at GroupController.getGroupStatus (src/controllers/group.controller.ts:36:7)
      at src/routes/group.routes.ts:14:3
      at src/middleware/errorHandler.ts:58:9

  console.error
    Error: {
      message: 'MongoServerError: operation exceeded time limit',
      statusCode: 500,
      stack: 'Error: MongoServerError: operation exceeded time limit\n' +
        '    at Object.<anonymous> (/Users/hashim/Desktop/Development/FeastFriends/321-project/backend/tests/with-mocks/group.mock.test.ts:132:7)\n' +
        '    at processTicksAndRejections (node:internal/process/task_queues:105:5)',
      timestamp: '2025-11-09T19:50:07.111Z',
      path: '/api/group/status',
      method: 'GET'
    }

      90 |   }
      91 |
    > 92 |   console.error('Error:', {
         |           ^
      93 |     message: err.message,
      94 |     statusCode,
      95 |     stack: err.stack,

      at errorHandler (src/middleware/errorHandler.ts:92:11)
      at Layer.handleError (node_modules/router/lib/layer.js:116:17)
      at trimPrefix (node_modules/router/index.js:340:13)
      at node_modules/router/index.js:297:9
      at processParams (node_modules/router/index.js:582:12)
      at next (node_modules/router/index.js:291:5)
      at Layer.handleError (node_modules/router/lib/layer.js:111:12)
      at trimPrefix (node_modules/router/index.js:340:13)
      at node_modules/router/index.js:297:9
      at processParams (node_modules/router/index.js:582:12)
      at next (node_modules/router/index.js:291:5)
      at node_modules/router/index.js:688:15
      at next (node_modules/router/index.js:276:14)
      at next (node_modules/router/lib/route.js:132:14)
      at GroupController.getGroupStatus (src/controllers/group.controller.ts:36:7)
      at src/routes/group.routes.ts:14:3
      at src/middleware/errorHandler.ts:58:9

  console.error
    Error: {
      message: 'MongoServerSelectionError: server selection timed out',
      statusCode: 500,
      stack: 'Error: MongoServerSelectionError: server selection timed out\n' +
        '    at Object.<anonymous> (/Users/hashim/Desktop/Development/FeastFriends/321-project/backend/tests/with-mocks/group.mock.test.ts:161:7)\n' +
        '    at processTicksAndRejections (node:internal/process/task_queues:105:5)',
      timestamp: '2025-11-09T19:50:07.115Z',
      path: '/api/group/status',
      method: 'GET'
    }

      90 |   }
      91 |
    > 92 |   console.error('Error:', {
         |           ^
      93 |     message: err.message,
      94 |     statusCode,
      95 |     stack: err.stack,

      at errorHandler (src/middleware/errorHandler.ts:92:11)
      at Layer.handleError (node_modules/router/lib/layer.js:116:17)
      at trimPrefix (node_modules/router/index.js:340:13)
      at node_modules/router/index.js:297:9
      at processParams (node_modules/router/index.js:582:12)
      at next (node_modules/router/index.js:291:5)
      at Layer.handleError (node_modules/router/lib/layer.js:111:12)
      at trimPrefix (node_modules/router/index.js:340:13)
      at node_modules/router/index.js:297:9
      at processParams (node_modules/router/index.js:582:12)
      at next (node_modules/router/index.js:291:5)
      at node_modules/router/index.js:688:15
      at next (node_modules/router/index.js:276:14)
      at next (node_modules/router/lib/route.js:132:14)
      at GroupController.getGroupStatus (src/controllers/group.controller.ts:36:7)
      at src/routes/group.routes.ts:14:3
      at src/middleware/errorHandler.ts:58:9

  console.error
    Error: {
      message: 'MongoNetworkError: socket timeout',
      statusCode: 500,
      stack: 'Error: MongoNetworkError: socket timeout\n' +
        '    at Object.<anonymous> (/Users/hashim/Desktop/Development/FeastFriends/321-project/backend/tests/with-mocks/group.mock.test.ts:188:7)\n' +
        '    at Promise.finally.completed (/Users/hashim/Desktop/Development/FeastFriends/321-project/backend/node_modules/jest-circus/build/jestAdapterInit.js:1557:28)\n' +
        '    at new Promise (<anonymous>)\n' +
        '    at callAsyncCircusFn (/Users/hashim/Desktop/Development/FeastFriends/321-project/backend/node_modules/jest-circus/build/jestAdapterInit.js:1497:10)\n' +
        '    at _callCircusTest (/Users/hashim/Desktop/Development/FeastFriends/321-project/backend/node_modules/jest-circus/build/jestAdapterInit.js:1007:40)\n' +
        '    at processTicksAndRejections (node:internal/process/task_queues:105:5)\n' +
        '    at _runTest (/Users/hashim/Desktop/Development/FeastFriends/321-project/backend/node_modules/jest-circus/build/jestAdapterInit.js:947:3)\n' +
        '    at /Users/hashim/Desktop/Development/FeastFriends/321-project/backend/node_modules/jest-circus/build/jestAdapterInit.js:849:7\n' +
        '    at _runTestsForDescribeBlock (/Users/hashim/Desktop/Development/FeastFriends/321-project/backend/node_modules/jest-circus/build/jestAdapterInit.js:862:11)\n' +
        '    at _runTestsForDescribeBlock (/Users/hashim/Desktop/Development/FeastFriends/321-project/backend/node_modules/jest-circus/build/jestAdapterInit.js:857:11)\n' +
        '    at run (/Users/hashim/Desktop/Development/FeastFriends/321-project/backend/node_modules/jest-circus/build/jestAdapterInit.js:761:3)\n' +
        '    at runAndTransformResultsToJestFormat (/Users/hashim/Desktop/Development/FeastFriends/321-project/backend/node_modules/jest-circus/build/jestAdapterInit.js:1918:21)\n' +
        '    at jestAdapter (/Users/hashim/Desktop/Development/FeastFriends/321-project/backend/node_modules/jest-circus/build/runner.js:101:19)\n' +
        '    at runTestInternal (/Users/hashim/Desktop/Development/FeastFriends/321-project/backend/node_modules/jest-runner/build/index.js:275:16)\n' +
        '    at runTest (/Users/hashim/Desktop/Development/FeastFriends/321-project/backend/node_modules/jest-runner/build/index.js:343:7)',
      timestamp: '2025-11-09T19:50:07.118Z',
      path: '/api/group/vote/some-group-id',
      method: 'POST'
    }

      90 |   }
      91 |
    > 92 |   console.error('Error:', {
         |           ^
      93 |     message: err.message,
      94 |     statusCode,
      95 |     stack: err.stack,

      at errorHandler (src/middleware/errorHandler.ts:92:11)
      at Layer.handleError (node_modules/router/lib/layer.js:116:17)
      at trimPrefix (node_modules/router/index.js:340:13)
      at node_modules/router/index.js:297:9
      at processParams (node_modules/router/index.js:582:12)
      at next (node_modules/router/index.js:291:5)
      at Layer.handleError (node_modules/router/lib/layer.js:111:12)
      at trimPrefix (node_modules/router/index.js:340:13)
      at node_modules/router/index.js:297:9
      at processParams (node_modules/router/index.js:582:12)
      at next (node_modules/router/index.js:291:5)
      at node_modules/router/index.js:688:15
      at next (node_modules/router/index.js:276:14)
      at next (node_modules/router/lib/route.js:132:14)
      at GroupController.voteForRestaurant (src/controllers/group.controller.ts:75:7)
      at src/routes/group.routes.ts:23:3
      at src/middleware/errorHandler.ts:58:9

  console.error
    Error: {
      message: 'MongoServerError: write operation failed',
      statusCode: 500,
      stack: 'Error: MongoServerError: write operation failed\n' +
        '    at Object.<anonymous> (/Users/hashim/Desktop/Development/FeastFriends/321-project/backend/tests/with-mocks/group.mock.test.ts:224:7)\n' +
        '    at processTicksAndRejections (node:internal/process/task_queues:105:5)',
      timestamp: '2025-11-09T19:50:07.125Z',
      path: '/api/group/vote/6910f06fb4b742f7fc1a2ea4',
      method: 'POST'
    }

      90 |   }
      91 |
    > 92 |   console.error('Error:', {
         |           ^
      93 |     message: err.message,
      94 |     statusCode,
      95 |     stack: err.stack,

      at errorHandler (src/middleware/errorHandler.ts:92:11)
      at Layer.handleError (node_modules/router/lib/layer.js:116:17)
      at trimPrefix (node_modules/router/index.js:340:13)
      at node_modules/router/index.js:297:9
      at processParams (node_modules/router/index.js:582:12)
      at next (node_modules/router/index.js:291:5)
      at Layer.handleError (node_modules/router/lib/layer.js:111:12)
      at trimPrefix (node_modules/router/index.js:340:13)
      at node_modules/router/index.js:297:9
      at processParams (node_modules/router/index.js:582:12)
      at next (node_modules/router/index.js:291:5)
      at node_modules/router/index.js:688:15
      at next (node_modules/router/index.js:276:14)
      at next (node_modules/router/lib/route.js:132:14)
      at GroupController.voteForRestaurant (src/controllers/group.controller.ts:75:7)
      at src/routes/group.routes.ts:23:3
      at src/middleware/errorHandler.ts:58:9

  console.error
    Failed to emit vote update: Error: WebSocket connection closed
        at Object.<anonymous> (/Users/hashim/Desktop/Development/FeastFriends/321-project/backend/tests/with-mocks/group.mock.test.ts:260:13)
        at /Users/hashim/Desktop/Development/FeastFriends/321-project/backend/node_modules/jest-mock/build/index.js:305:39
        at Object.<anonymous> (/Users/hashim/Desktop/Development/FeastFriends/321-project/backend/node_modules/jest-mock/build/index.js:312:13)
        at Object.mockConstructor [as emitVoteUpdate] (/Users/hashim/Desktop/Development/FeastFriends/321-project/backend/node_modules/jest-mock/build/index.js:102:19)
        at GroupService.voteForRestaurant (/Users/hashim/Desktop/Development/FeastFriends/321-project/backend/src/services/groupService.ts:97:21)
        at processTicksAndRejections (node:internal/process/task_queues:105:5)
        at GroupController.voteForRestaurant (/Users/hashim/Desktop/Development/FeastFriends/321-project/backend/src/controllers/group.controller.ts:59:22)
        at /Users/hashim/Desktop/Development/FeastFriends/321-project/backend/src/routes/group.routes.ts:23:3
        at /Users/hashim/Desktop/Development/FeastFriends/321-project/backend/src/middleware/errorHandler.ts:58:9

      103 |       );
      104 |     } catch (error) {
    > 105 |       console.error('Failed to emit vote update:', error);
          |               ^
      106 |       // Continue execution - socket failure shouldn't block voting
      107 |     }
      108 |

      at GroupService.voteForRestaurant (src/services/groupService.ts:105:15)
      at GroupController.voteForRestaurant (src/controllers/group.controller.ts:59:22)
      at src/routes/group.routes.ts:23:3
      at src/middleware/errorHandler.ts:58:9

  console.error
    Failed to emit restaurant selected: Error: WebSocket connection closed
        at Object.<anonymous> (/Users/hashim/Desktop/Development/FeastFriends/321-project/backend/tests/with-mocks/group.mock.test.ts:299:13)
        at /Users/hashim/Desktop/Development/FeastFriends/321-project/backend/node_modules/jest-mock/build/index.js:305:39
        at Object.<anonymous> (/Users/hashim/Desktop/Development/FeastFriends/321-project/backend/node_modules/jest-mock/build/index.js:312:13)
        at Object.mockConstructor [as emitRestaurantSelected] (/Users/hashim/Desktop/Development/FeastFriends/321-project/backend/node_modules/jest-mock/build/index.js:102:19)
        at GroupService.voteForRestaurant (/Users/hashim/Desktop/Development/FeastFriends/321-project/backend/src/services/groupService.ts:124:25)
        at processTicksAndRejections (node:internal/process/task_queues:105:5)
        at GroupController.voteForRestaurant (/Users/hashim/Desktop/Development/FeastFriends/321-project/backend/src/controllers/group.controller.ts:59:22)
        at /Users/hashim/Desktop/Development/FeastFriends/321-project/backend/src/routes/group.routes.ts:23:3
        at /Users/hashim/Desktop/Development/FeastFriends/321-project/backend/src/middleware/errorHandler.ts:58:9

      129 |           );
      130 |         } catch (error) {
    > 131 |           console.error('Failed to emit restaurant selected:', error);
          |                   ^
      132 |         }
      133 |
      134 |         // // Send notifications

      at GroupService.voteForRestaurant (src/services/groupService.ts:131:19)
      at GroupController.voteForRestaurant (src/controllers/group.controller.ts:59:22)
      at src/routes/group.routes.ts:23:3
      at src/middleware/errorHandler.ts:58:9

  console.log
    âœ… Restaurant selected for group 6910f06fb4b742f7fc1a2ead

      at GroupService.voteForRestaurant (src/services/groupService.ts:152:17)

  console.log
    âœ… Restaurant selected for group 6910f06fb4b742f7fc1a2eb4

      at GroupService.voteForRestaurant (src/services/groupService.ts:152:17)

  console.error
    Failed to send notification: Error: FirebaseError: service unavailable
        at Object.<anonymous> (/Users/hashim/Desktop/Development/FeastFriends/321-project/backend/tests/with-mocks/group.mock.test.ts:410:7)
        at processTicksAndRejections (node:internal/process/task_queues:105:5)

      147 |           );
      148 |         } catch (error) {
    > 149 |           console.error('Failed to send notification:', error);
          |                   ^
      150 |         }
      151 |
      152 |         console.log(`âœ… Restaurant selected for group ${groupId}`);

      at GroupService.voteForRestaurant (src/services/groupService.ts:149:19)
      at GroupController.voteForRestaurant (src/controllers/group.controller.ts:59:22)
      at src/routes/group.routes.ts:23:3
      at src/middleware/errorHandler.ts:58:9

  console.log
    âœ… Restaurant selected for group 6910f06fb4b742f7fc1a2ebb

      at GroupService.voteForRestaurant (src/services/groupService.ts:152:17)

  console.error
    Failed to send notification: Error: Request timeout
        at Timeout._onTimeout (/Users/hashim/Desktop/Development/FeastFriends/321-project/backend/tests/with-mocks/group.mock.test.ts:455:33)
        at listOnTimeout (node:internal/timers:588:17)
        at processTimers (node:internal/timers:523:7)

      147 |           );
      148 |         } catch (error) {
    > 149 |           console.error('Failed to send notification:', error);
          |                   ^
      150 |         }
      151 |
      152 |         console.log(`âœ… Restaurant selected for group ${groupId}`);

      at GroupService.voteForRestaurant (src/services/groupService.ts:149:19)
      at GroupController.voteForRestaurant (src/controllers/group.controller.ts:59:22)
      at src/routes/group.routes.ts:23:3
      at src/middleware/errorHandler.ts:58:9

  console.log
    âœ… Restaurant selected for group 6910f06fb4b742f7fc1a2ec1

      at GroupService.voteForRestaurant (src/services/groupService.ts:152:17)

  console.error
    Error: {
      message: 'MongoNetworkError: connection lost',
      statusCode: 500,
      stack: 'Error: MongoNetworkError: connection lost\n' +
        '    at Object.<anonymous> (/Users/hashim/Desktop/Development/FeastFriends/321-project/backend/tests/with-mocks/group.mock.test.ts:499:30)\n' +
        '    at processTicksAndRejections (node:internal/process/task_queues:105:5)',
      timestamp: '2025-11-09T19:50:07.289Z',
      path: '/api/group/vote/6910f06fb4b742f7fc1a2ec7',
      method: 'POST'
    }

      90 |   }
      91 |
    > 92 |   console.error('Error:', {
         |           ^
      93 |     message: err.message,
      94 |     statusCode,
      95 |     stack: err.stack,

      at errorHandler (src/middleware/errorHandler.ts:92:11)
      at Layer.handleError (node_modules/router/lib/layer.js:116:17)
      at trimPrefix (node_modules/router/index.js:340:13)
      at node_modules/router/index.js:297:9
      at processParams (node_modules/router/index.js:582:12)
      at next (node_modules/router/index.js:291:5)
      at Layer.handleError (node_modules/router/lib/layer.js:111:12)
      at trimPrefix (node_modules/router/index.js:340:13)
      at node_modules/router/index.js:297:9
      at processParams (node_modules/router/index.js:582:12)
      at next (node_modules/router/index.js:291:5)
      at node_modules/router/index.js:688:15
      at next (node_modules/router/index.js:276:14)
      at next (node_modules/router/lib/route.js:132:14)
      at GroupController.voteForRestaurant (src/controllers/group.controller.ts:75:7)
      at src/routes/group.routes.ts:23:3
      at src/middleware/errorHandler.ts:58:9

  console.error
    Error: {
      message: 'MongoNetworkError: no connection available',
      statusCode: 500,
      stack: 'Error: MongoNetworkError: no connection available\n' +
        '    at Object.<anonymous> (/Users/hashim/Desktop/Development/FeastFriends/321-project/backend/tests/with-mocks/group.mock.test.ts:533:7)\n' +
        '    at Promise.finally.completed (/Users/hashim/Desktop/Development/FeastFriends/321-project/backend/node_modules/jest-circus/build/jestAdapterInit.js:1557:28)\n' +
        '    at new Promise (<anonymous>)\n' +
        '    at callAsyncCircusFn (/Users/hashim/Desktop/Development/FeastFriends/321-project/backend/node_modules/jest-circus/build/jestAdapterInit.js:1497:10)\n' +
        '    at _callCircusTest (/Users/hashim/Desktop/Development/FeastFriends/321-project/backend/node_modules/jest-circus/build/jestAdapterInit.js:1007:40)\n' +
        '    at processTicksAndRejections (node:internal/process/task_queues:105:5)\n' +
        '    at _runTest (/Users/hashim/Desktop/Development/FeastFriends/321-project/backend/node_modules/jest-circus/build/jestAdapterInit.js:947:3)\n' +
        '    at /Users/hashim/Desktop/Development/FeastFriends/321-project/backend/node_modules/jest-circus/build/jestAdapterInit.js:849:7\n' +
        '    at _runTestsForDescribeBlock (/Users/hashim/Desktop/Development/FeastFriends/321-project/backend/node_modules/jest-circus/build/jestAdapterInit.js:862:11)\n' +
        '    at _runTestsForDescribeBlock (/Users/hashim/Desktop/Development/FeastFriends/321-project/backend/node_modules/jest-circus/build/jestAdapterInit.js:857:11)\n' +
        '    at run (/Users/hashim/Desktop/Development/FeastFriends/321-project/backend/node_modules/jest-circus/build/jestAdapterInit.js:761:3)\n' +
        '    at runAndTransformResultsToJestFormat (/Users/hashim/Desktop/Development/FeastFriends/321-project/backend/node_modules/jest-circus/build/jestAdapterInit.js:1918:21)\n' +
        '    at jestAdapter (/Users/hashim/Desktop/Development/FeastFriends/321-project/backend/node_modules/jest-circus/build/runner.js:101:19)\n' +
        '    at runTestInternal (/Users/hashim/Desktop/Development/FeastFriends/321-project/backend/node_modules/jest-runner/build/index.js:275:16)\n' +
        '    at runTest (/Users/hashim/Desktop/Development/FeastFriends/321-project/backend/node_modules/jest-runner/build/index.js:343:7)',
      timestamp: '2025-11-09T19:50:07.293Z',
      path: '/api/group/leave/some-group-id',
      method: 'POST'
    }

      90 |   }
      91 |
    > 92 |   console.error('Error:', {
         |           ^
      93 |     message: err.message,
      94 |     statusCode,
      95 |     stack: err.stack,

      at errorHandler (src/middleware/errorHandler.ts:92:11)
      at Layer.handleError (node_modules/router/lib/layer.js:116:17)
      at trimPrefix (node_modules/router/index.js:340:13)
      at node_modules/router/index.js:297:9
      at processParams (node_modules/router/index.js:582:12)
      at next (node_modules/router/index.js:291:5)
      at Layer.handleError (node_modules/router/lib/layer.js:111:12)
      at trimPrefix (node_modules/router/index.js:340:13)
      at node_modules/router/index.js:297:9
      at processParams (node_modules/router/index.js:582:12)
      at Immediate.next (node_modules/router/index.js:291:5)
      at Immediate._onImmediate (node_modules/router/index.js:688:15)

  console.error
    Error: {
      message: 'MongoServerError: cursor timeout',
      statusCode: 500,
      stack: 'Error: MongoServerError: cursor timeout\n' +
        '    at Object.<anonymous> (/Users/hashim/Desktop/Development/FeastFriends/321-project/backend/tests/with-mocks/group.mock.test.ts:563:7)\n' +
        '    at processTicksAndRejections (node:internal/process/task_queues:105:5)',
      timestamp: '2025-11-09T19:50:07.300Z',
      path: '/api/group/leave/6910f06fb4b742f7fc1a2ecb',
      method: 'POST'
    }

      90 |   }
      91 |
    > 92 |   console.error('Error:', {
         |           ^
      93 |     message: err.message,
      94 |     statusCode,
      95 |     stack: err.stack,

      at errorHandler (src/middleware/errorHandler.ts:92:11)
      at Layer.handleError (node_modules/router/lib/layer.js:116:17)
      at trimPrefix (node_modules/router/index.js:340:13)
      at node_modules/router/index.js:297:9
      at processParams (node_modules/router/index.js:582:12)
      at next (node_modules/router/index.js:291:5)
      at Layer.handleError (node_modules/router/lib/layer.js:111:12)
      at trimPrefix (node_modules/router/index.js:340:13)
      at node_modules/router/index.js:297:9
      at processParams (node_modules/router/index.js:582:12)
      at Immediate.next (node_modules/router/index.js:291:5)
      at Immediate._onImmediate (node_modules/router/index.js:688:15)

  console.error
    Error: {
      message: 'MongoServerError: disk full',
      statusCode: 500,
      stack: 'Error: MongoServerError: disk full\n' +
        '    at Object.<anonymous> (/Users/hashim/Desktop/Development/FeastFriends/321-project/backend/tests/with-mocks/group.mock.test.ts:598:7)\n' +
        '    at processTicksAndRejections (node:internal/process/task_queues:105:5)',
      timestamp: '2025-11-09T19:50:07.306Z',
      path: '/api/group/leave/6910f06fb4b742f7fc1a2ece',
      method: 'POST'
    }

      90 |   }
      91 |
    > 92 |   console.error('Error:', {
         |           ^
      93 |     message: err.message,
      94 |     statusCode,
      95 |     stack: err.stack,

      at errorHandler (src/middleware/errorHandler.ts:92:11)
      at Layer.handleError (node_modules/router/lib/layer.js:116:17)
      at trimPrefix (node_modules/router/index.js:340:13)
      at node_modules/router/index.js:297:9
      at processParams (node_modules/router/index.js:582:12)
      at next (node_modules/router/index.js:291:5)
      at Layer.handleError (node_modules/router/lib/layer.js:111:12)
      at trimPrefix (node_modules/router/index.js:340:13)
      at node_modules/router/index.js:297:9
      at processParams (node_modules/router/index.js:582:12)
      at Immediate.next (node_modules/router/index.js:291:5)
      at Immediate._onImmediate (node_modules/router/index.js:688:15)

  console.error
    Error: {
      message: 'MongoServerError: write operation failed',
      statusCode: 500,
      stack: 'Error: MongoServerError: write operation failed\n' +
        '    at Object.<anonymous> (/Users/hashim/Desktop/Development/FeastFriends/321-project/backend/tests/with-mocks/group.mock.test.ts:633:7)\n' +
        '    at processTicksAndRejections (node:internal/process/task_queues:105:5)',
      timestamp: '2025-11-09T19:50:07.313Z',
      path: '/api/group/leave/6910f06fb4b742f7fc1a2ed3',
      method: 'POST'
    }

      90 |   }
      91 |
    > 92 |   console.error('Error:', {
         |           ^
      93 |     message: err.message,
      94 |     statusCode,
      95 |     stack: err.stack,

      at errorHandler (src/middleware/errorHandler.ts:92:11)
      at Layer.handleError (node_modules/router/lib/layer.js:116:17)
      at trimPrefix (node_modules/router/index.js:340:13)
      at node_modules/router/index.js:297:9
      at processParams (node_modules/router/index.js:582:12)
      at next (node_modules/router/index.js:291:5)
      at Layer.handleError (node_modules/router/lib/layer.js:111:12)
      at trimPrefix (node_modules/router/index.js:340:13)
      at node_modules/router/index.js:297:9
      at processParams (node_modules/router/index.js:582:12)
      at Immediate.next (node_modules/router/index.js:291:5)
      at Immediate._onImmediate (node_modules/router/index.js:688:15)

  console.error
    Error: {
      message: 'MongoNetworkError: connection closed',
      statusCode: 500,
      stack: 'Error: MongoNetworkError: connection closed\n' +
        '    at Object.<anonymous> (/Users/hashim/Desktop/Development/FeastFriends/321-project/backend/tests/with-mocks/group.mock.test.ts:668:7)\n' +
        '    at processTicksAndRejections (node:internal/process/task_queues:105:5)',
      timestamp: '2025-11-09T19:50:07.330Z',
      path: '/api/group/leave/6910f06fb4b742f7fc1a2ed9',
      method: 'POST'
    }

      90 |   }
      91 |
    > 92 |   console.error('Error:', {
         |           ^
      93 |     message: err.message,
      94 |     statusCode,
      95 |     stack: err.stack,

      at errorHandler (src/middleware/errorHandler.ts:92:11)
      at Layer.handleError (node_modules/router/lib/layer.js:116:17)
      at trimPrefix (node_modules/router/index.js:340:13)
      at node_modules/router/index.js:297:9
      at processParams (node_modules/router/index.js:582:12)
      at next (node_modules/router/index.js:291:5)
      at Layer.handleError (node_modules/router/lib/layer.js:111:12)
      at trimPrefix (node_modules/router/index.js:340:13)
      at node_modules/router/index.js:297:9
      at processParams (node_modules/router/index.js:582:12)
      at Immediate.next (node_modules/router/index.js:291:5)
      at Immediate._onImmediate (node_modules/router/index.js:688:15)

  console.error
    Failed to emit member left: Error: Socket.IO error: transport closed
        at Object.<anonymous> (/Users/hashim/Desktop/Development/FeastFriends/321-project/backend/tests/with-mocks/group.mock.test.ts:768:13)
        at /Users/hashim/Desktop/Development/FeastFriends/321-project/backend/node_modules/jest-mock/build/index.js:305:39
        at Object.<anonymous> (/Users/hashim/Desktop/Development/FeastFriends/321-project/backend/node_modules/jest-mock/build/index.js:312:13)
        at Object.mockConstructor [as emitMemberLeft] (/Users/hashim/Desktop/Development/FeastFriends/321-project/backend/node_modules/jest-mock/build/index.js:102:19)
        at GroupService.leaveGroup (/Users/hashim/Desktop/Development/FeastFriends/321-project/backend/src/services/groupService.ts:201:23)
        at processTicksAndRejections (node:internal/process/task_queues:105:5)
        at GroupController.leaveGroup (/Users/hashim/Desktop/Development/FeastFriends/321-project/backend/src/controllers/group.controller.ts:88:7)
        at /Users/hashim/Desktop/Development/FeastFriends/321-project/backend/src/routes/group.routes.ts:32:3
        at /Users/hashim/Desktop/Development/FeastFriends/321-project/backend/src/middleware/errorHandler.ts:58:9

      206 |         );
      207 |       } catch (error) {
    > 208 |         console.error('Failed to emit member left:', error);
          |                 ^
      209 |       }
      210 |
      211 |       // Check if restaurant should be auto-selected (all remaining voted)

      at GroupService.leaveGroup (src/services/groupService.ts:208:17)
      at GroupController.leaveGroup (src/controllers/group.controller.ts:88:7)
      at src/routes/group.routes.ts:32:3
      at src/middleware/errorHandler.ts:58:9

  console.error
    Failed to emit restaurant selected: Error: WebSocket connection closed
        at Object.<anonymous> (/Users/hashim/Desktop/Development/FeastFriends/321-project/backend/tests/with-mocks/group.mock.test.ts:725:13)
        at /Users/hashim/Desktop/Development/FeastFriends/321-project/backend/node_modules/jest-mock/build/index.js:305:39
        at Object.<anonymous> (/Users/hashim/Desktop/Development/FeastFriends/321-project/backend/node_modules/jest-mock/build/index.js:312:13)
        at Object.mockConstructor [as emitRestaurantSelected] (/Users/hashim/Desktop/Development/FeastFriends/321-project/backend/node_modules/jest-mock/build/index.js:102:19)
        at GroupService.leaveGroup (/Users/hashim/Desktop/Development/FeastFriends/321-project/backend/src/services/groupService.ts:241:27)
        at processTicksAndRejections (node:internal/process/task_queues:105:5)
        at GroupController.leaveGroup (/Users/hashim/Desktop/Development/FeastFriends/321-project/backend/src/controllers/group.controller.ts:88:7)
        at /Users/hashim/Desktop/Development/FeastFriends/321-project/backend/src/routes/group.routes.ts:32:3
        at /Users/hashim/Desktop/Development/FeastFriends/321-project/backend/src/middleware/errorHandler.ts:58:9

      246 |             );
      247 |           } catch (error) {
    > 248 |             console.error('Failed to emit restaurant selected:', error);
          |                     ^
      249 |           }
      250 |
      251 |         // 🔥 FIX: Wrap notification in try-catch

      at GroupService.leaveGroup (src/services/groupService.ts:248:21)
      at GroupController.leaveGroup (src/controllers/group.controller.ts:88:7)
      at src/routes/group.routes.ts:32:3
      at src/middleware/errorHandler.ts:58:9

  console.error
    Failed to send notification: Error: FirebaseError: messaging/server-unavailable
        at Object.<anonymous> (/Users/hashim/Desktop/Development/FeastFriends/321-project/backend/tests/with-mocks/group.mock.test.ts:823:7)
        at processTicksAndRejections (node:internal/process/task_queues:105:5)

      257 |             );
      258 |           } catch (error) {
    > 259 |             console.error('Failed to send notification:', error);
          |                     ^
      260 |           }
      261 |         }
      262 |       }

      at GroupService.leaveGroup (src/services/groupService.ts:259:21)
      at GroupController.leaveGroup (src/controllers/group.controller.ts:88:7)
      at src/routes/group.routes.ts:32:3
      at src/middleware/errorHandler.ts:58:9

  console.error
    Error: {
      message: 'MongoServerError: replica set not available',
      statusCode: 500,
      stack: 'Error: MongoServerError: replica set not available\n' +
        '    at Object.<anonymous> (/Users/hashim/Desktop/Development/FeastFriends/321-project/backend/tests/with-mocks/group.mock.test.ts:876:30)\n' +
        '    at processTicksAndRejections (node:internal/process/task_queues:105:5)',
      timestamp: '2025-11-09T19:50:07.393Z',
      path: '/api/group/leave/6910f06fb4b742f7fc1a2ef8',
      method: 'POST'
    }

      90 |   }
      91 |
    > 92 |   console.error('Error:', {
         |           ^
      93 |     message: err.message,
      94 |     statusCode,
      95 |     stack: err.stack,

      at errorHandler (src/middleware/errorHandler.ts:92:11)
      at Layer.handleError (node_modules/router/lib/layer.js:116:17)
      at trimPrefix (node_modules/router/index.js:340:13)
      at node_modules/router/index.js:297:9
      at processParams (node_modules/router/index.js:582:12)
      at next (node_modules/router/index.js:291:5)
      at Layer.handleError (node_modules/router/lib/layer.js:111:12)
      at trimPrefix (node_modules/router/index.js:340:13)
      at node_modules/router/index.js:297:9
      at processParams (node_modules/router/index.js:582:12)
      at Immediate.next (node_modules/router/index.js:291:5)
      at Immediate._onImmediate (node_modules/router/index.js:688:15)

  console.error
    Failed to emit vote update: Error: Socket error
        at Object.<anonymous> (/Users/hashim/Desktop/Development/FeastFriends/321-project/backend/tests/with-mocks/group.mock.test.ts:912:13)
        at /Users/hashim/Desktop/Development/FeastFriends/321-project/backend/node_modules/jest-mock/build/index.js:305:39
        at Object.<anonymous> (/Users/hashim/Desktop/Development/FeastFriends/321-project/backend/node_modules/jest-mock/build/index.js:312:13)
        at Object.mockConstructor [as emitVoteUpdate] (/Users/hashim/Desktop/Development/FeastFriends/321-project/backend/node_modules/jest-mock/build/index.js:102:19)
        at GroupService.voteForRestaurant (/Users/hashim/Desktop/Development/FeastFriends/321-project/backend/src/services/groupService.ts:97:21)
        at processTicksAndRejections (node:internal/process/task_queues:105:5)
        at GroupController.voteForRestaurant (/Users/hashim/Desktop/Development/FeastFriends/321-project/backend/src/controllers/group.controller.ts:59:22)
        at /Users/hashim/Desktop/Development/FeastFriends/321-project/backend/src/routes/group.routes.ts:23:3
        at /Users/hashim/Desktop/Development/FeastFriends/321-project/backend/src/middleware/errorHandler.ts:58:9

      103 |       );
      104 |     } catch (error) {
    > 105 |       console.error('Failed to emit vote update:', error);
          |               ^
      106 |       // Continue execution - socket failure shouldn't block voting
      107 |     }
      108 |

      at GroupService.voteForRestaurant (src/services/groupService.ts:105:15)
      at GroupController.voteForRestaurant (src/controllers/group.controller.ts:59:22)
      at src/routes/group.routes.ts:23:3
      at src/middleware/errorHandler.ts:58:9

  console.error
    Failed to emit restaurant selected: Error: Socket error
        at Object.<anonymous> (/Users/hashim/Desktop/Development/FeastFriends/321-project/backend/tests/with-mocks/group.mock.test.ts:915:13)
        at /Users/hashim/Desktop/Development/FeastFriends/321-project/backend/node_modules/jest-mock/build/index.js:305:39
        at Object.<anonymous> (/Users/hashim/Desktop/Development/FeastFriends/321-project/backend/node_modules/jest-mock/build/index.js:312:13)
        at Object.mockConstructor [as emitRestaurantSelected] (/Users/hashim/Desktop/Development/FeastFriends/321-project/backend/node_modules/jest-mock/build/index.js:102:19)
        at GroupService.voteForRestaurant (/Users/hashim/Desktop/Development/FeastFriends/321-project/backend/src/services/groupService.ts:124:25)
        at processTicksAndRejections (node:internal/process/task_queues:105:5)
        at GroupController.voteForRestaurant (/Users/hashim/Desktop/Development/FeastFriends/321-project/backend/src/controllers/group.controller.ts:59:22)
        at /Users/hashim/Desktop/Development/FeastFriends/321-project/backend/src/routes/group.routes.ts:23:3
        at /Users/hashim/Desktop/Development/FeastFriends/321-project/backend/src/middleware/errorHandler.ts:58:9

      129 |           );
      130 |         } catch (error) {
    > 131 |           console.error('Failed to emit restaurant selected:', error);
          |                   ^
      132 |         }
      133 |
      134 |         // // Send notifications

      at GroupService.voteForRestaurant (src/services/groupService.ts:131:19)
      at GroupController.voteForRestaurant (src/controllers/group.controller.ts:59:22)
      at src/routes/group.routes.ts:23:3
      at src/middleware/errorHandler.ts:58:9

  console.error
    Failed to send notification: Error: Firebase error
        at Object.<anonymous> (/Users/hashim/Desktop/Development/FeastFriends/321-project/backend/tests/with-mocks/group.mock.test.ts:918:7)
        at processTicksAndRejections (node:internal/process/task_queues:105:5)

      147 |           );
      148 |         } catch (error) {
    > 149 |           console.error('Failed to send notification:', error);
          |                   ^
      150 |         }
      151 |
      152 |         console.log(`âœ… Restaurant selected for group ${groupId}`);

      at GroupService.voteForRestaurant (src/services/groupService.ts:149:19)
      at GroupController.voteForRestaurant (src/controllers/group.controller.ts:59:22)
      at src/routes/group.routes.ts:23:3
      at src/middleware/errorHandler.ts:58:9

  console.log
    âœ… Restaurant selected for group 6910f06fb4b742f7fc1a2f01

      at GroupService.voteForRestaurant (src/services/groupService.ts:152:17)

  console.error
    Error: {
      message: 'MongoNetworkError: network partition detected',
      statusCode: 500,
      stack: 'Error: MongoNetworkError: network partition detected\n' +
        '    at Object.<anonymous> (/Users/hashim/Desktop/Development/FeastFriends/321-project/backend/tests/with-mocks/group.mock.test.ts:988:7)\n' +
        '    at processTicksAndRejections (node:internal/process/task_queues:105:5)',
      timestamp: '2025-11-09T19:50:07.419Z',
      path: '/api/group/vote/6910f06fb4b742f7fc1a2f07',
      method: 'POST'
    }

      90 |   }
      91 |
    > 92 |   console.error('Error:', {
         |           ^
      93 |     message: err.message,
      94 |     statusCode,
      95 |     stack: err.stack,

      at errorHandler (src/middleware/errorHandler.ts:92:11)
      at Layer.handleError (node_modules/router/lib/layer.js:116:17)
      at trimPrefix (node_modules/router/index.js:340:13)
      at node_modules/router/index.js:297:9
      at processParams (node_modules/router/index.js:582:12)
      at next (node_modules/router/index.js:291:5)
      at Layer.handleError (node_modules/router/lib/layer.js:111:12)
      at trimPrefix (node_modules/router/index.js:340:13)
      at node_modules/router/index.js:297:9
      at processParams (node_modules/router/index.js:582:12)
      at next (node_modules/router/index.js:291:5)
      at node_modules/router/index.js:688:15
      at next (node_modules/router/index.js:276:14)
      at next (node_modules/router/lib/route.js:132:14)
      at GroupController.voteForRestaurant (src/controllers/group.controller.ts:75:7)
      at src/routes/group.routes.ts:23:3
      at src/middleware/errorHandler.ts:58:9

  console.log
    Test suite completed.

      at Object.<anonymous> (tests/setup.ts:14:11)

  console.log
    
    🧹 Cleaning up after tests...

      at Object.<anonymous> (tests/with-mocks/group.mock.test.ts:75:11)

  console.warn
    MongoDB disconnected. Attempting to reconnect...

      28 |
      29 |     mongoose.connection.on('disconnected', () => {
    > 30 |       console.warn('MongoDB disconnected. Attempting to reconnect...');
         |               ^
      31 |     });
      32 |
      33 |     mongoose.connection.on('reconnected', () => {

      at NativeConnection.<anonymous> (src/config/database.ts:30:15)
      at NativeConnection.set (node_modules/mongoose/lib/connection.js:145:12)
      at NativeConnection.onClose (node_modules/mongoose/lib/connection.js:1315:19)
      at NativeConnection._close (node_modules/mongoose/lib/connection.js:1264:12)
      at disconnectDatabase (src/config/database.ts:55:5)
      at Object.<anonymous> (tests/with-mocks/group.mock.test.ts:77:3)

  console.log
    MongoDB disconnected successfully

      at disconnectDatabase (src/config/database.ts:56:13)

  console.log
    ✅ Cleanup complete.

      at Object.<anonymous> (tests/with-mocks/group.mock.test.ts:78:11)

FAIL tests/with-mocks/group.mock.test.ts
  GET /api/group/status - External Failures
    ✓ should return 500 when database connection fails during User.findById (12 ms)
    ✓ should return 500 when database timeout occurs during Group.findById (6 ms)
    ✓ should return 500 when MongoDB server is unavailable (4 ms)
  POST /api/group/vote/:groupId - External Failures
    ✓ should return 500 when database fails during Group.findById (3 ms)
    ✓ should return 500 when database fails during group.save() (9 ms)
    ✓ should handle Socket.IO emission failure gracefully (12 ms)
    ✓ should handle Socket.IO emission failure when restaurant selected (covers groupService line 248) (9 ms)
    ✓ should use "Selected Restaurant" fallback when restaurant name is missing (covers groupService line 127) (7 ms)
    ✓ should handle Firebase notification failure when restaurant selected (6 ms)
    ✓ should handle Firebase timeout when sending notifications (109 ms)
    ✓ should return 500 when second save() fails during restaurant selection (20 ms)
  POST /api/group/leave/:groupId - External Failures
    ✓ should return 500 when database fails during Group.findById (3 ms)
    ✓ should return 500 when database fails during User.findById (7 ms)
    ✓ should return 500 when user.save() fails (7 ms)
    ✓ should return 500 when Group.findByIdAndDelete fails (empty group) (6 ms)
    ✓ should return 500 when group.save() fails (non-empty group) (18 ms)
    ✕ should handle Socket.IO emission failure when restaurant auto-selected after member leaves (covers groupService line 248) (28 ms)
    ✓ should handle Socket.IO emission failure when member leaves (9 ms)
    ✓ should handle Firebase failure when notifying after auto-selection (13 ms)
    ✓ should return 500 when auto-selection save fails (13 ms)
  Edge Case: Multiple Simultaneous Failures
    ✓ should handle cascade of failures gracefully (16 ms)
  Network Timeout Scenarios
    ✓ should handle database query timeout (2 ms)
    ✓ should handle network partition during write (7 ms)

  ● POST /api/group/leave/:groupId - External Failures › should handle Socket.IO emission failure when restaurant auto-selected after member leaves (covers groupService line 248)

    expect(received).toBe(expected) // Object.is equality

    Expected: 200
    Received: 404

      731 |
      732 |     // Leave should succeed despite socket failure
    > 733 |     expect(response.status).toBe(200);
          |                             ^
      734 |     
      735 |     // Verify restaurant was auto-selected
      736 |     const updatedGroup = await Group.findById(testGroup._id);

      at Object.<anonymous> (tests/with-mocks/group.mock.test.ts:733:29)

  console.log
    [dotenv@17.2.3] injecting env (3) from .env.test -- tip: ⚙️  write to custom object with { processEnv: myObject }

      at _log (node_modules/dotenv/lib/main.js:142:11)

  console.log
    Starting test suite...

      at Object.<anonymous> (tests/setup.ts:9:11)

  console.log
    
    🚀 Starting Group Tests (No Mocking - Controllable Scenarios)...

      at Object.<anonymous> (tests/no-mocks/group.test.ts:41:11)

  console.log
    ✅ Socket.IO initialized successfully

      at initializeSocket (src/config/socket.ts:151:11)

  console.log
    ✅ Socket.IO initialized successfully

      at initializeSocket (src/config/socket.ts:151:11)

  console.log
    ✅ SocketManager initialized

      at SocketManager.initialize (src/utils/socketManager.ts:35:13)

  console.log
    ✅ Test Socket.IO server initialized on port 55334

      at Server.<anonymous> (tests/helpers/socket.helper.ts:28:15)

  console.log
    MongoDB Atlas connected successfully

      at connectDatabase (src/config/database.ts:22:13)

  console.log
    ✅ Test setup complete. Ready to run tests.

      at Object.<anonymous> (tests/no-mocks/group.test.ts:85:11)

  console.error
    Error: {
      message: 'Group not found',
      statusCode: 500,
      stack: 'Error: Group not found\n' +
        '    at GroupService.getGroupStatus (/Users/hashim/Desktop/Development/FeastFriends/321-project/backend/src/services/groupService.ts:15:13)\n' +
        '    at processTicksAndRejections (node:internal/process/task_queues:105:5)\n' +
        '    at GroupController.getGroupStatus (/Users/hashim/Desktop/Development/FeastFriends/321-project/backend/src/controllers/group.controller.ts:28:22)\n' +
        '    at /Users/hashim/Desktop/Development/FeastFriends/321-project/backend/src/routes/group.routes.ts:14:3\n' +
        '    at /Users/hashim/Desktop/Development/FeastFriends/321-project/backend/src/middleware/errorHandler.ts:58:9',
      timestamp: '2025-11-09T19:50:07.663Z',
      path: '/api/group/status',
      method: 'GET'
    }

      90 |   }
      91 |
    > 92 |   console.error('Error:', {
         |           ^
      93 |     message: err.message,
      94 |     statusCode,
      95 |     stack: err.stack,

      at errorHandler (src/middleware/errorHandler.ts:92:11)
      at Layer.handleError (node_modules/router/lib/layer.js:116:17)
      at trimPrefix (node_modules/router/index.js:340:13)
      at node_modules/router/index.js:297:9
      at processParams (node_modules/router/index.js:582:12)
      at next (node_modules/router/index.js:291:5)
      at Layer.handleError (node_modules/router/lib/layer.js:111:12)
      at trimPrefix (node_modules/router/index.js:340:13)
      at node_modules/router/index.js:297:9
      at processParams (node_modules/router/index.js:582:12)
      at next (node_modules/router/index.js:291:5)
      at node_modules/router/index.js:688:15
      at next (node_modules/router/index.js:276:14)
      at next (node_modules/router/lib/route.js:132:14)
      at GroupController.getGroupStatus (src/controllers/group.controller.ts:36:7)
      at src/routes/group.routes.ts:14:3
      at src/middleware/errorHandler.ts:58:9

  console.error
    Error: {
      message: 'Group not found',
      statusCode: 500,
      stack: 'Error: Group not found\n' +
        '    at GroupService.voteForRestaurant (/Users/hashim/Desktop/Development/FeastFriends/321-project/backend/src/services/groupService.ts:55:13)\n' +
        '    at processTicksAndRejections (node:internal/process/task_queues:105:5)\n' +
        '    at GroupController.voteForRestaurant (/Users/hashim/Desktop/Development/FeastFriends/321-project/backend/src/controllers/group.controller.ts:59:22)\n' +
        '    at /Users/hashim/Desktop/Development/FeastFriends/321-project/backend/src/routes/group.routes.ts:23:3\n' +
        '    at /Users/hashim/Desktop/Development/FeastFriends/321-project/backend/src/middleware/errorHandler.ts:58:9',
      timestamp: '2025-11-09T19:50:07.681Z',
      path: '/api/group/vote/507f1f77bcf86cd799439011',
      method: 'POST'
    }

      90 |   }
      91 |
    > 92 |   console.error('Error:', {
         |           ^
      93 |     message: err.message,
      94 |     statusCode,
      95 |     stack: err.stack,

      at errorHandler (src/middleware/errorHandler.ts:92:11)
      at Layer.handleError (node_modules/router/lib/layer.js:116:17)
      at trimPrefix (node_modules/router/index.js:340:13)
      at node_modules/router/index.js:297:9
      at processParams (node_modules/router/index.js:582:12)
      at next (node_modules/router/index.js:291:5)
      at Layer.handleError (node_modules/router/lib/layer.js:111:12)
      at trimPrefix (node_modules/router/index.js:340:13)
      at node_modules/router/index.js:297:9
      at processParams (node_modules/router/index.js:582:12)
      at next (node_modules/router/index.js:291:5)
      at node_modules/router/index.js:688:15
      at next (node_modules/router/index.js:276:14)
      at next (node_modules/router/lib/route.js:132:14)
      at GroupController.voteForRestaurant (src/controllers/group.controller.ts:75:7)
      at src/routes/group.routes.ts:23:3
      at src/middleware/errorHandler.ts:58:9

  console.error
    Error: {
      message: 'Cast to ObjectId failed for value "invalid-group-id-format" (type string) at path "_id" for model "Group"',
      statusCode: 400,
      stack: 'CastError: Cast to ObjectId failed for value "invalid-group-id-format" (type string) at path "_id" for model "Group"\n' +
        '    at SchemaObjectId.cast (/Users/hashim/Desktop/Development/FeastFriends/321-project/backend/node_modules/mongoose/lib/schema/objectId.js:251:11)\n' +
        '    at SchemaObjectId.SchemaType.applySetters (/Users/hashim/Desktop/Development/FeastFriends/321-project/backend/node_modules/mongoose/lib/schemaType.js:1259:12)\n' +
        '    at SchemaObjectId.SchemaType.castForQuery (/Users/hashim/Desktop/Development/FeastFriends/321-project/backend/node_modules/mongoose/lib/schemaType.js:1695:17)\n' +
        '    at cast (/Users/hashim/Desktop/Development/FeastFriends/321-project/backend/node_modules/mongoose/lib/cast.js:390:32)\n' +
        '    at model.Query.Query.cast (/Users/hashim/Desktop/Development/FeastFriends/321-project/backend/node_modules/mongoose/lib/query.js:5060:12)\n' +
        '    at model.Query.Query._castConditions (/Users/hashim/Desktop/Development/FeastFriends/321-project/backend/node_modules/mongoose/lib/query.js:2374:10)\n' +
        '    at model.Query._findOne (/Users/hashim/Desktop/Development/FeastFriends/321-project/backend/node_modules/mongoose/lib/query.js:2697:8)\n' +
        '    at model.Query.exec (/Users/hashim/Desktop/Development/FeastFriends/321-project/backend/node_modules/mongoose/lib/query.js:4627:80)\n' +
        '    at processTicksAndRejections (node:internal/process/task_queues:105:5)\n' +
        '    at GroupService.voteForRestaurant (/Users/hashim/Desktop/Development/FeastFriends/321-project/backend/src/services/groupService.ts:52:19)\n' +
        '    at GroupController.voteForRestaurant (/Users/hashim/Desktop/Development/FeastFriends/321-project/backend/src/controllers/group.controller.ts:59:22)\n' +
        '    at /Users/hashim/Desktop/Development/FeastFriends/321-project/backend/src/routes/group.routes.ts:23:3\n' +
        '    at /Users/hashim/Desktop/Development/FeastFriends/321-project/backend/src/middleware/errorHandler.ts:58:9',
      timestamp: '2025-11-09T19:50:07.690Z',
      path: '/api/group/vote/invalid-group-id-format',
      method: 'POST'
    }

      90 |   }
      91 |
    > 92 |   console.error('Error:', {
         |           ^
      93 |     message: err.message,
      94 |     statusCode,
      95 |     stack: err.stack,

      at errorHandler (src/middleware/errorHandler.ts:92:11)
      at Layer.handleError (node_modules/router/lib/layer.js:116:17)
      at trimPrefix (node_modules/router/index.js:340:13)
      at node_modules/router/index.js:297:9
      at processParams (node_modules/router/index.js:582:12)
      at next (node_modules/router/index.js:291:5)
      at Layer.handleError (node_modules/router/lib/layer.js:111:12)
      at trimPrefix (node_modules/router/index.js:340:13)
      at node_modules/router/index.js:297:9
      at processParams (node_modules/router/index.js:582:12)
      at next (node_modules/router/index.js:291:5)
      at node_modules/router/index.js:688:15
      at next (node_modules/router/index.js:276:14)
      at next (node_modules/router/lib/route.js:132:14)
      at GroupController.voteForRestaurant (src/controllers/group.controller.ts:75:7)
      at src/routes/group.routes.ts:23:3
      at src/middleware/errorHandler.ts:58:9

  console.error
    Error: {
      message: 'User is not a member of this group',
      statusCode: 500,
      stack: 'Error: User is not a member of this group\n' +
        '    at GroupService.voteForRestaurant (/Users/hashim/Desktop/Development/FeastFriends/321-project/backend/src/services/groupService.ts:60:13)\n' +
        '    at processTicksAndRejections (node:internal/process/task_queues:105:5)\n' +
        '    at GroupController.voteForRestaurant (/Users/hashim/Desktop/Development/FeastFriends/321-project/backend/src/controllers/group.controller.ts:59:22)\n' +
        '    at /Users/hashim/Desktop/Development/FeastFriends/321-project/backend/src/routes/group.routes.ts:23:3\n' +
        '    at /Users/hashim/Desktop/Development/FeastFriends/321-project/backend/src/middleware/errorHandler.ts:58:9',
      timestamp: '2025-11-09T19:50:07.697Z',
      path: '/api/group/vote/6910f06f2667ad0d613e9f52',
      method: 'POST'
    }

      90 |   }
      91 |
    > 92 |   console.error('Error:', {
         |           ^
      93 |     message: err.message,
      94 |     statusCode,
      95 |     stack: err.stack,

      at errorHandler (src/middleware/errorHandler.ts:92:11)
      at Layer.handleError (node_modules/router/lib/layer.js:116:17)
      at trimPrefix (node_modules/router/index.js:340:13)
      at node_modules/router/index.js:297:9
      at processParams (node_modules/router/index.js:582:12)
      at next (node_modules/router/index.js:291:5)
      at Layer.handleError (node_modules/router/lib/layer.js:111:12)
      at trimPrefix (node_modules/router/index.js:340:13)
      at node_modules/router/index.js:297:9
      at processParams (node_modules/router/index.js:582:12)
      at next (node_modules/router/index.js:291:5)
      at node_modules/router/index.js:688:15
      at next (node_modules/router/index.js:276:14)
      at next (node_modules/router/lib/route.js:132:14)
      at GroupController.voteForRestaurant (src/controllers/group.controller.ts:75:7)
      at src/routes/group.routes.ts:23:3
      at src/middleware/errorHandler.ts:58:9

  console.error
    Error: {
      message: 'Restaurant has already been selected for this group',
      statusCode: 500,
      stack: 'Error: Restaurant has already been selected for this group\n' +
        '    at GroupService.voteForRestaurant (/Users/hashim/Desktop/Development/FeastFriends/321-project/backend/src/services/groupService.ts:65:13)\n' +
        '    at processTicksAndRejections (node:internal/process/task_queues:105:5)\n' +
        '    at GroupController.voteForRestaurant (/Users/hashim/Desktop/Development/FeastFriends/321-project/backend/src/controllers/group.controller.ts:59:22)\n' +
        '    at /Users/hashim/Desktop/Development/FeastFriends/321-project/backend/src/routes/group.routes.ts:23:3\n' +
        '    at /Users/hashim/Desktop/Development/FeastFriends/321-project/backend/src/middleware/errorHandler.ts:58:9',
      timestamp: '2025-11-09T19:50:07.703Z',
      path: '/api/group/vote/6910f06f2667ad0d613e9f54',
      method: 'POST'
    }

      90 |   }
      91 |
    > 92 |   console.error('Error:', {
         |           ^
      93 |     message: err.message,
      94 |     statusCode,
      95 |     stack: err.stack,

      at errorHandler (src/middleware/errorHandler.ts:92:11)
      at Layer.handleError (node_modules/router/lib/layer.js:116:17)
      at trimPrefix (node_modules/router/index.js:340:13)
      at node_modules/router/index.js:297:9
      at processParams (node_modules/router/index.js:582:12)
      at next (node_modules/router/index.js:291:5)
      at Layer.handleError (node_modules/router/lib/layer.js:111:12)
      at trimPrefix (node_modules/router/index.js:340:13)
      at node_modules/router/index.js:297:9
      at processParams (node_modules/router/index.js:582:12)
      at next (node_modules/router/index.js:291:5)
      at node_modules/router/index.js:688:15
      at next (node_modules/router/index.js:276:14)
      at next (node_modules/router/lib/route.js:132:14)
      at GroupController.voteForRestaurant (src/controllers/group.controller.ts:75:7)
      at src/routes/group.routes.ts:23:3
      at src/middleware/errorHandler.ts:58:9

  console.log
    📡 Emitting vote_update to channel: group_6910f06f2667ad0d613e9f96

      at SocketEmitter.emitVoteUpdate (src/config/socket.ts:215:13)

  console.log
       Data: {
      restaurantId: 'rest-first',
      votes: { 'rest-first': 1 },
      totalVotes: 1,
      membersVoted: 1,
      totalMembers: 2
    }

      at SocketEmitter.emitVoteUpdate (src/config/socket.ts:216:13)

  console.log
    ✅ vote_update emitted successfully

      at SocketEmitter.emitVoteUpdate (src/config/socket.ts:218:13)

  console.log
    📡 Emitting vote_update to channel: group_6910f06f2667ad0d613e9f96

      at SocketEmitter.emitVoteUpdate (src/config/socket.ts:215:13)

  console.log
       Data: {
      restaurantId: 'rest-second',
      votes: { 'rest-first': 0, 'rest-second': 1 },
      totalVotes: 1,
      membersVoted: 1,
      totalMembers: 2
    }

      at SocketEmitter.emitVoteUpdate (src/config/socket.ts:216:13)

  console.log
    ✅ vote_update emitted successfully

      at SocketEmitter.emitVoteUpdate (src/config/socket.ts:218:13)

  console.log
    📡 Emitting vote_update to channel: group_6910f06f2667ad0d613e9fa2

      at SocketEmitter.emitVoteUpdate (src/config/socket.ts:215:13)

  console.log
       Data: {
      restaurantId: 'rest-winner',
      votes: { 'rest-winner': 1 },
      totalVotes: 1,
      membersVoted: 1,
      totalMembers: 1
    }

      at SocketEmitter.emitVoteUpdate (src/config/socket.ts:216:13)

  console.log
    ✅ vote_update emitted successfully

      at SocketEmitter.emitVoteUpdate (src/config/socket.ts:218:13)

  console.log
    🎉 Emitting restaurant_selected to channel: group_6910f06f2667ad0d613e9fa2

      at SocketEmitter.emitRestaurantSelected (src/config/socket.ts:232:13)

  console.log
       Restaurant: Winner Restaurant

      at SocketEmitter.emitRestaurantSelected (src/config/socket.ts:233:13)

  console.log
       Data: {
      restaurantId: 'rest-winner',
      restaurantName: 'Winner Restaurant',
      votes: { 'rest-winner': 1 }
    }

      at SocketEmitter.emitRestaurantSelected (src/config/socket.ts:234:13)

  console.log
    ✅ restaurant_selected emitted successfully

      at SocketEmitter.emitRestaurantSelected (src/config/socket.ts:236:13)

  console.log
     Notification sent to 1 users

      at sendNotificationToUsers (src/services/notificationService.ts:52:13)

  console.log
    âœ… Restaurant selected for group 6910f06f2667ad0d613e9fa2

      at GroupService.voteForRestaurant (src/services/groupService.ts:152:17)

  console.log
    📡 Emitting vote_update to channel: group_6910f06f2667ad0d613e9fad

      at SocketEmitter.emitVoteUpdate (src/config/socket.ts:215:13)

  console.log
       Data: {
      restaurantId: 'rest-winner',
      votes: { 'rest-winner': 1 },
      totalVotes: 1,
      membersVoted: 1,
      totalMembers: 1
    }

      at SocketEmitter.emitVoteUpdate (src/config/socket.ts:216:13)

  console.log
    ✅ vote_update emitted successfully

      at SocketEmitter.emitVoteUpdate (src/config/socket.ts:218:13)

  console.log
    🎉 Emitting restaurant_selected to channel: group_6910f06f2667ad0d613e9fad

      at SocketEmitter.emitRestaurantSelected (src/config/socket.ts:232:13)

  console.log
       Restaurant: Winner Restaurant

      at SocketEmitter.emitRestaurantSelected (src/config/socket.ts:233:13)

  console.log
       Data: {
      restaurantId: 'rest-winner',
      restaurantName: 'Winner Restaurant',
      votes: { 'rest-winner': 1 }
    }

      at SocketEmitter.emitRestaurantSelected (src/config/socket.ts:234:13)

  console.log
    ✅ restaurant_selected emitted successfully

      at SocketEmitter.emitRestaurantSelected (src/config/socket.ts:236:13)

  console.warn
    No valid FCM tokens found for the provided users

      45 |
      46 |     if (tokens.length === 0) {
    > 47 |       console.warn('No valid FCM tokens found for the provided users');
         |               ^
      48 |       return;
      49 |     }
      50 |

      at sendNotificationToUsers (src/services/notificationService.ts:47:15)
      at notifyRestaurantSelected (src/services/notificationService.ts:137:3)
      at GroupService.voteForRestaurant (src/services/groupService.ts:143:11)
      at GroupController.voteForRestaurant (src/controllers/group.controller.ts:59:22)
      at src/routes/group.routes.ts:23:3
      at src/middleware/errorHandler.ts:58:9

  console.log
    âœ… Restaurant selected for group 6910f06f2667ad0d613e9fad

      at GroupService.voteForRestaurant (src/services/groupService.ts:152:17)

  console.log
    📤 Emitted member_left for room group_6910f06f2667ad0d613e9fb8

      at SocketEmitter.emitMemberLeft (src/config/socket.ts:263:13)

  console.error
    Error: {
      message: 'Group not found',
      statusCode: 500,
      stack: 'Error: Group not found\n' +
        '    at GroupService.leaveGroup (/Users/hashim/Desktop/Development/FeastFriends/321-project/backend/src/services/groupService.ts:169:13)\n' +
        '    at processTicksAndRejections (node:internal/process/task_queues:105:5)\n' +
        '    at GroupController.leaveGroup (/Users/hashim/Desktop/Development/FeastFriends/321-project/backend/src/controllers/group.controller.ts:88:7)\n' +
        '    at /Users/hashim/Desktop/Development/FeastFriends/321-project/backend/src/routes/group.routes.ts:32:3\n' +
        '    at /Users/hashim/Desktop/Development/FeastFriends/321-project/backend/src/middleware/errorHandler.ts:58:9',
      timestamp: '2025-11-09T19:50:07.771Z',
      path: '/api/group/leave/507f1f77bcf86cd799439011',
      method: 'POST'
    }

      90 |   }
      91 |
    > 92 |   console.error('Error:', {
         |           ^
      93 |     message: err.message,
      94 |     statusCode,
      95 |     stack: err.stack,

      at errorHandler (src/middleware/errorHandler.ts:92:11)
      at Layer.handleError (node_modules/router/lib/layer.js:116:17)
      at trimPrefix (node_modules/router/index.js:340:13)
      at node_modules/router/index.js:297:9
      at processParams (node_modules/router/index.js:582:12)
      at next (node_modules/router/index.js:291:5)
      at Layer.handleError (node_modules/router/lib/layer.js:111:12)
      at trimPrefix (node_modules/router/index.js:340:13)
      at node_modules/router/index.js:297:9
      at processParams (node_modules/router/index.js:582:12)
      at Immediate.next (node_modules/router/index.js:291:5)
      at Immediate._onImmediate (node_modules/router/index.js:688:15)

  console.error
    Error: {
      message: 'User not found',
      statusCode: 500,
      stack: 'Error: User not found\n' +
        '    at GroupService.leaveGroup (/Users/hashim/Desktop/Development/FeastFriends/321-project/backend/src/services/groupService.ts:174:13)\n' +
        '    at processTicksAndRejections (node:internal/process/task_queues:105:5)\n' +
        '    at GroupController.leaveGroup (/Users/hashim/Desktop/Development/FeastFriends/321-project/backend/src/controllers/group.controller.ts:88:7)\n' +
        '    at /Users/hashim/Desktop/Development/FeastFriends/321-project/backend/src/routes/group.routes.ts:32:3\n' +
        '    at /Users/hashim/Desktop/Development/FeastFriends/321-project/backend/src/middleware/errorHandler.ts:58:9',
      timestamp: '2025-11-09T19:50:07.779Z',
      path: '/api/group/leave/6910f06f2667ad0d613e9f52',
      method: 'POST'
    }

      90 |   }
      91 |
    > 92 |   console.error('Error:', {
         |           ^
      93 |     message: err.message,
      94 |     statusCode,
      95 |     stack: err.stack,

      at errorHandler (src/middleware/errorHandler.ts:92:11)
      at Layer.handleError (node_modules/router/lib/layer.js:116:17)
      at trimPrefix (node_modules/router/index.js:340:13)
      at node_modules/router/index.js:297:9
      at processParams (node_modules/router/index.js:582:12)
      at next (node_modules/router/index.js:291:5)
      at Layer.handleError (node_modules/router/lib/layer.js:111:12)
      at trimPrefix (node_modules/router/index.js:340:13)
      at node_modules/router/index.js:297:9
      at processParams (node_modules/router/index.js:582:12)
      at Immediate.next (node_modules/router/index.js:291:5)
      at Immediate._onImmediate (node_modules/router/index.js:688:15)

  console.log
    ðŸ—‘ï¸ Deleted empty group: 6910f06f2667ad0d613e9fd1

      at GroupService.leaveGroup (src/services/groupService.ts:188:15)

  console.log
    📤 Emitted member_left for room group_6910f06f2667ad0d613e9fdd

      at SocketEmitter.emitMemberLeft (src/config/socket.ts:263:13)

  console.log
    Test suite completed.

      at Object.<anonymous> (tests/setup.ts:14:11)

  console.log
    
    🧹 Cleaning up after tests...

      at Object.<anonymous> (tests/no-mocks/group.test.ts:89:11)

  console.warn
    MongoDB disconnected. Attempting to reconnect...

      28 |
      29 |     mongoose.connection.on('disconnected', () => {
    > 30 |       console.warn('MongoDB disconnected. Attempting to reconnect...');
         |               ^
      31 |     });
      32 |
      33 |     mongoose.connection.on('reconnected', () => {

      at NativeConnection.<anonymous> (src/config/database.ts:30:15)
      at NativeConnection.set (node_modules/mongoose/lib/connection.js:145:12)
      at NativeConnection.onClose (node_modules/mongoose/lib/connection.js:1315:19)
      at NativeConnection._close (node_modules/mongoose/lib/connection.js:1264:12)
      at disconnectDatabase (src/config/database.ts:55:5)
      at Object.<anonymous> (tests/no-mocks/group.test.ts:92:3)

  console.log
    MongoDB disconnected successfully

      at disconnectDatabase (src/config/database.ts:56:13)

  console.log
    ✅ HTTP server closed

      at Server.<anonymous> (tests/helpers/socket.helper.ts:44:15)

  console.log
    ✅ Socket.IO server closed

      at tests/helpers/socket.helper.ts:40:15

  console.log
    ✅ Cleanup complete.

      at Object.<anonymous> (tests/no-mocks/group.test.ts:97:11)

PASS tests/no-mocks/group.test.ts
  GET /api/group/status - No Mocking
    ✓ Should return 200 and group status for user in a group (17 ms)
    ✓ should return 404 when user is not in a group (7 ms)
    ✓ should return 401 without authentication token (5 ms)
    ✓ should return 401 with invalid token (5 ms)
    ✓ should return group status with restaurant selected (22 ms)
    ✓ should return 500 when group is deleted between getGroupByUserId and getGroupStatus (covers groupService line 15) (29 ms)
  POST /api/group/vote/:groupId - No Mocking
    ✓ should return 400 when restaurantID is missing (7 ms)
    ✓ should return 500 when group not found (9 ms)
    ✓ should return 400 for invalid ObjectId format in groupId (7 ms)
    ✓ should return 500 when user is not a member of the group (6 ms)
    ✓ should return 500 when restaurant already selected (7 ms)
    ✓ should allow user to change their vote and emit socket events (16 ms)
    ✓ should successfully vote and trigger restaurant selection with notification (15 ms)
    ✓ should still succeed when voting even if user has no FCM token (18 ms)
  POST /api/group/leave/:groupId - No Mocking
    ✓ should return 200 and successfully leave a group (13 ms)
    ✓ should return 500 when group not found in leaveGroup (7 ms)
    ✓ should return 500 when user not found (7 ms)
    ✓ should delete group and restaurant data when last member leaves (10 ms)
    ✓ should preserve restaurant data when member leaves (group not deleted) (16 ms)
    ✓ should verify restaurant field remains after completionTime if not cleared (9 ms)
  Group Model Methods - Integration Tests
    ✓ should access groupId virtual property through API response (8 ms)
    ✓ should use toJSON transform to convert Maps to objects (8 ms)
    ✓ should add vote when user has no previous vote and use || 0 fallback (7 ms)
    ✓ should handle previous vote when adding new vote (7 ms)
    ✓ should handle previous vote when restaurantVotes.get returns undefined (7 ms)
    ✓ should remove vote when restaurantId exists (10 ms)
    ✓ should use || 0 fallback when removing vote for restaurant not in restaurantVotes (9 ms)
    ✓ should get winning restaurant when votes exist (6 ms)
    ✓ should return null when no votes exist in getWinningRestaurant (4 ms)
    ✓ should handle equal votes in getWinningRestaurant (5 ms)
    ✓ should check if all members have voted (5 ms)
    ✓ should remove member from group (9 ms)

  console.log
    [dotenv@17.2.3] injecting env (3) from .env.test -- tip: 👥 sync secrets across teammates & machines: https://dotenvx.com/ops

      at _log (node_modules/dotenv/lib/main.js:142:11)

  console.log
    Starting test suite...

      at Object.<anonymous> (tests/setup.ts:9:11)

  console.log
    
    🚀 Starting User Tests (No Mocking)...

      at Object.<anonymous> (tests/no-mocks/user.test.ts:18:11)

  console.log
    MongoDB Atlas connected successfully

      at connectDatabase (src/config/database.ts:22:13)

  console.log
    
    ✅ Test setup complete. Ready to run tests.

      at Object.<anonymous> (tests/no-mocks/user.test.ts:26:11)

  console.error
    Error: {
      message: 'Cast to ObjectId failed for value "invalid-id-format-123" (type string) at path "_id" for model "User"',
      statusCode: 400,
      stack: 'CastError: Cast to ObjectId failed for value "invalid-id-format-123" (type string) at path "_id" for model "User"\n' +
        '    at SchemaObjectId.cast (/Users/hashim/Desktop/Development/FeastFriends/321-project/backend/node_modules/mongoose/lib/schema/objectId.js:251:11)\n' +
        '    at SchemaObjectId.SchemaType.applySetters (/Users/hashim/Desktop/Development/FeastFriends/321-project/backend/node_modules/mongoose/lib/schemaType.js:1259:12)\n' +
        '    at SchemaObjectId.SchemaType.castForQuery (/Users/hashim/Desktop/Development/FeastFriends/321-project/backend/node_modules/mongoose/lib/schemaType.js:1695:17)\n' +
        '    at /Users/hashim/Desktop/Development/FeastFriends/321-project/backend/node_modules/mongoose/lib/schemaType.js:1650:18\n' +
        '    at Array.map (<anonymous>)\n' +
        '    at SchemaObjectId.handle$in (/Users/hashim/Desktop/Development/FeastFriends/321-project/backend/node_modules/mongoose/lib/schemaType.js:1646:14)\n' +
        '    at SchemaObjectId.SchemaType.castForQuery (/Users/hashim/Desktop/Development/FeastFriends/321-project/backend/node_modules/mongoose/lib/schemaType.js:1691:20)\n' +
        '    at cast (/Users/hashim/Desktop/Development/FeastFriends/321-project/backend/node_modules/mongoose/lib/cast.js:367:39)\n' +
        '    at model.Query.Query.cast (/Users/hashim/Desktop/Development/FeastFriends/321-project/backend/node_modules/mongoose/lib/query.js:5060:12)\n' +
        '    at model.Query.Query._castConditions (/Users/hashim/Desktop/Development/FeastFriends/321-project/backend/node_modules/mongoose/lib/query.js:2374:10)\n' +
        '    at model.Query._find (/Users/hashim/Desktop/Development/FeastFriends/321-project/backend/node_modules/mongoose/lib/query.js:2401:8)\n' +
        '    at model.Query.exec (/Users/hashim/Desktop/Development/FeastFriends/321-project/backend/node_modules/mongoose/lib/query.js:4627:80)\n' +
        '    at processTicksAndRejections (node:internal/process/task_queues:105:5)\n' +
        '    at UserService.getUserProfiles (/Users/hashim/Desktop/Development/FeastFriends/321-project/backend/src/services/userService.ts:40:19)\n' +
        '    at UserController.getUserProfiles (/Users/hashim/Desktop/Development/FeastFriends/321-project/backend/src/controllers/user.controller.ts:18:24)\n' +
        '    at /Users/hashim/Desktop/Development/FeastFriends/321-project/backend/src/routes/user.routes.ts:14:3\n' +
        '    at /Users/hashim/Desktop/Development/FeastFriends/321-project/backend/src/middleware/errorHandler.ts:58:9',
      timestamp: '2025-11-09T19:50:08.068Z',
      path: '/api/user/profile/invalid-id-format-123',
      method: 'GET'
    }

      90 |   }
      91 |
    > 92 |   console.error('Error:', {
         |           ^
      93 |     message: err.message,
      94 |     statusCode,
      95 |     stack: err.stack,

      at errorHandler (src/middleware/errorHandler.ts:92:11)
      at Layer.handleError (node_modules/router/lib/layer.js:116:17)
      at trimPrefix (node_modules/router/index.js:340:13)
      at node_modules/router/index.js:297:9
      at processParams (node_modules/router/index.js:582:12)
      at next (node_modules/router/index.js:291:5)
      at Layer.handleError (node_modules/router/lib/layer.js:111:12)
      at trimPrefix (node_modules/router/index.js:340:13)
      at node_modules/router/index.js:297:9
      at processParams (node_modules/router/index.js:582:12)
      at next (node_modules/router/index.js:291:5)
      at node_modules/router/index.js:688:15
      at next (node_modules/router/index.js:276:14)
      at next (node_modules/router/lib/route.js:132:14)
      at UserController.getUserProfiles (src/controllers/user.controller.ts:26:7)
      at src/routes/user.routes.ts:14:3
      at src/middleware/errorHandler.ts:58:9

  console.log
    [UserService] getUserSettings called for userId: 6910f07023aa60acbbb4cdad

      at UserService.getUserSettings (src/services/userService.ts:55:13)

  console.log
    [UserService] User found. profilePicture: "https://example.com/pic1.jpg"

      at UserService.getUserSettings (src/services/userService.ts:63:13)

  console.log
    [UserService] getUserSettings called for userId: 6910f07023aa60acbbb4cdbe

      at UserService.getUserSettings (src/services/userService.ts:55:13)

  console.error
    Error: {
      message: 'User not found',
      statusCode: 500,
      stack: 'Error: User not found\n' +
        '    at UserService.getUserSettings (/Users/hashim/Desktop/Development/FeastFriends/321-project/backend/src/services/userService.ts:60:13)\n' +
        '    at processTicksAndRejections (node:internal/process/task_queues:105:5)\n' +
        '    at UserController.getUserSettings (/Users/hashim/Desktop/Development/FeastFriends/321-project/backend/src/controllers/user.controller.ts:38:24)\n' +
        '    at /Users/hashim/Desktop/Development/FeastFriends/321-project/backend/src/routes/user.routes.ts:23:3\n' +
        '    at /Users/hashim/Desktop/Development/FeastFriends/321-project/backend/src/middleware/errorHandler.ts:58:9',
      timestamp: '2025-11-09T19:50:08.082Z',
      path: '/api/user/settings',
      method: 'GET'
    }

      90 |   }
      91 |
    > 92 |   console.error('Error:', {
         |           ^
      93 |     message: err.message,
      94 |     statusCode,
      95 |     stack: err.stack,

      at errorHandler (src/middleware/errorHandler.ts:92:11)
      at Layer.handleError (node_modules/router/lib/layer.js:116:17)
      at trimPrefix (node_modules/router/index.js:340:13)
      at node_modules/router/index.js:297:9
      at processParams (node_modules/router/index.js:582:12)
      at next (node_modules/router/index.js:291:5)
      at Layer.handleError (node_modules/router/lib/layer.js:111:12)
      at trimPrefix (node_modules/router/index.js:340:13)
      at node_modules/router/index.js:297:9
      at processParams (node_modules/router/index.js:582:12)
      at next (node_modules/router/index.js:291:5)
      at node_modules/router/index.js:688:15
      at next (node_modules/router/index.js:276:14)
      at next (node_modules/router/lib/route.js:132:14)
      at UserController.getUserSettings (src/controllers/user.controller.ts:46:7)
      at src/routes/user.routes.ts:23:3
      at src/middleware/errorHandler.ts:58:9

  console.log
    [UserService] updateUserSettings called for userId: 6910f07023aa60acbbb4cdae

      at UserService.updateUserSettings (src/services/userService.ts:130:13)

  console.log
    [UserService] Data received: {
      name: 'Settings Updated Name',
      bio: 'Settings updated bio',
      preference: [ 'vegetarian', 'italian', 'mexican' ],
      profilePicture: undefined,
      contactNumber: undefined,
      budget: 100,
      radiusKm: 25
    }

      at UserService.updateUserSettings (src/services/userService.ts:131:13)

  console.log
    [UserService] User saved. Current profilePicture: "https://example.com/custom-picture.jpg"

      at UserService.updateUserSettings (src/services/userService.ts:154:13)

  console.log
    [UserService] getUserSettings called for userId: 6910f07023aa60acbbb4cdae

      at UserService.getUserSettings (src/services/userService.ts:55:13)

  console.log
    [UserService] User found. profilePicture: "https://example.com/custom-picture.jpg"

      at UserService.getUserSettings (src/services/userService.ts:63:13)

  console.log
    [UserService] updateUserSettings called for userId: 6910f07023aa60acbbb4cdae

      at UserService.updateUserSettings (src/services/userService.ts:130:13)

  console.log
    [UserService] Data received: {
      name: undefined,
      bio: undefined,
      preference: undefined,
      profilePicture: undefined,
      contactNumber: undefined,
      budget: 150,
      radiusKm: 30
    }

      at UserService.updateUserSettings (src/services/userService.ts:131:13)

  console.log
    [UserService] User saved. Current profilePicture: "https://example.com/custom-picture.jpg"

      at UserService.updateUserSettings (src/services/userService.ts:154:13)

  console.log
    [UserService] getUserSettings called for userId: 6910f07023aa60acbbb4cdae

      at UserService.getUserSettings (src/services/userService.ts:55:13)

  console.log
    [UserService] User found. profilePicture: "https://example.com/custom-picture.jpg"

      at UserService.getUserSettings (src/services/userService.ts:63:13)

  console.log
    [UserService] updateUserSettings called for userId: 6910f07023aa60acbbb4cdaf

      at UserService.updateUserSettings (src/services/userService.ts:130:13)

  console.log
    [UserService] Data received: {
      name: undefined,
      bio: undefined,
      preference: undefined,
      profilePicture: undefined,
      contactNumber: '1234567890',
      budget: 75,
      radiusKm: 15
    }

      at UserService.updateUserSettings (src/services/userService.ts:131:13)

  console.log
    [UserService] User saved. Current profilePicture: "https://example.com/pic3.jpg"

      at UserService.updateUserSettings (src/services/userService.ts:154:13)

  console.log
    [UserService] getUserSettings called for userId: 6910f07023aa60acbbb4cdaf

      at UserService.getUserSettings (src/services/userService.ts:55:13)

  console.log
    [UserService] User found. profilePicture: "https://example.com/pic3.jpg"

      at UserService.getUserSettings (src/services/userService.ts:63:13)

  console.log
    [UserService] updateUserSettings called for userId: 6910f07023aa60acbbb4cdae

      at UserService.updateUserSettings (src/services/userService.ts:130:13)

  console.log
    [UserService] Data received: {
      name: undefined,
      bio: undefined,
      preference: undefined,
      profilePicture: 'https://lh3.googleusercontent.com/test-settings-picture.jpg',
      contactNumber: undefined,
      budget: undefined,
      radiusKm: undefined
    }

      at UserService.updateUserSettings (src/services/userService.ts:131:13)

  console.log
    [UserService] Updating profilePicture from "https://example.com/custom-picture.jpg" to "https://lh3.googleusercontent.com/test-settings-picture.jpg"

      at UserService.updateUserSettings (src/services/userService.ts:143:15)

  console.log
    [UserService] Converting Google profile picture to Base64: https://lh3.googleusercontent.com/test-settings-picture.jpg

      at UserService.convertGoogleProfilePictureToBase64 (src/services/userService.ts:15:15)

  console.log
    [UserService] Successfully converted to Base64 (66 chars)

      at UserService.convertGoogleProfilePictureToBase64 (src/services/userService.ts:27:15)

  console.log
    [UserService] User saved. Current profilePicture: "data:image/png;base64,ZmFrZS1pbWFnZS1kYXRhLWZvci1zZXR0aW5ncy10ZXN0"

      at UserService.updateUserSettings (src/services/userService.ts:154:13)

  console.log
    [UserService] getUserSettings called for userId: 6910f07023aa60acbbb4cdae

      at UserService.getUserSettings (src/services/userService.ts:55:13)

  console.log
    [UserService] User found. profilePicture: "data:image/png;base64,ZmFrZS1pbWFnZS1kYXRhLWZvci1zZXR0aW5ncy10ZXN0"

      at UserService.getUserSettings (src/services/userService.ts:63:13)

  console.log
    [UserService] updateUserSettings called for userId: 6910f07023aa60acbbb4cdaf

      at UserService.updateUserSettings (src/services/userService.ts:130:13)

  console.log
    [UserService] Data received: {
      name: undefined,
      bio: undefined,
      preference: undefined,
      profilePicture: 'https://lh3.googleusercontent.com/test-no-content-type.jpg',
      contactNumber: undefined,
      budget: undefined,
      radiusKm: undefined
    }

      at UserService.updateUserSettings (src/services/userService.ts:131:13)

  console.log
    [UserService] Updating profilePicture from "https://example.com/pic3.jpg" to "https://lh3.googleusercontent.com/test-no-content-type.jpg"

      at UserService.updateUserSettings (src/services/userService.ts:143:15)

  console.log
    [UserService] Converting Google profile picture to Base64: https://lh3.googleusercontent.com/test-no-content-type.jpg

      at UserService.convertGoogleProfilePictureToBase64 (src/services/userService.ts:15:15)

  console.log
    [UserService] Successfully converted to Base64 (66 chars)

      at UserService.convertGoogleProfilePictureToBase64 (src/services/userService.ts:27:15)

  console.log
    [UserService] User saved. Current profilePicture: "data:image/png;base64,ZmFrZS1pbWFnZS1kYXRhLW5vLWNvbnRlbnQtdHlwZQ=="

      at UserService.updateUserSettings (src/services/userService.ts:154:13)

  console.log
    [UserService] getUserSettings called for userId: 6910f07023aa60acbbb4cdaf

      at UserService.getUserSettings (src/services/userService.ts:55:13)

  console.log
    [UserService] User found. profilePicture: "data:image/png;base64,ZmFrZS1pbWFnZS1kYXRhLW5vLWNvbnRlbnQtdHlwZQ=="

      at UserService.getUserSettings (src/services/userService.ts:63:13)

  console.log
    [UserService] Converting Google profile picture to Base64: https://lh3.googleusercontent.com/test-picture.jpg

      at UserService.convertGoogleProfilePictureToBase64 (src/services/userService.ts:15:15)

  console.log
    [UserService] Successfully converted to Base64 (59 chars)

      at UserService.convertGoogleProfilePictureToBase64 (src/services/userService.ts:27:15)

  console.error
    Error: {
      message: 'Cannot delete account while in a room or group',
      statusCode: 500,
      stack: 'Error: Cannot delete account while in a room or group\n' +
        '    at UserService.deleteUser (/Users/hashim/Desktop/Development/FeastFriends/321-project/backend/src/services/userService.ts:214:13)\n' +
        '    at processTicksAndRejections (node:internal/process/task_queues:105:5)\n' +
        '    at UserController.deleteUser (/Users/hashim/Desktop/Development/FeastFriends/321-project/backend/src/controllers/user.controller.ts:156:22)\n' +
        '    at /Users/hashim/Desktop/Development/FeastFriends/321-project/backend/src/routes/user.routes.ts:59:3\n' +
        '    at /Users/hashim/Desktop/Development/FeastFriends/321-project/backend/src/middleware/errorHandler.ts:58:9',
      timestamp: '2025-11-09T19:50:08.167Z',
      path: '/api/user/6910f07023aa60acbbb4cdaf',
      method: 'DELETE'
    }

      90 |   }
      91 |
    > 92 |   console.error('Error:', {
         |           ^
      93 |     message: err.message,
      94 |     statusCode,
      95 |     stack: err.stack,

      at errorHandler (src/middleware/errorHandler.ts:92:11)
      at Layer.handleError (node_modules/router/lib/layer.js:116:17)
      at trimPrefix (node_modules/router/index.js:340:13)
      at node_modules/router/index.js:297:9
      at processParams (node_modules/router/index.js:582:12)
      at next (node_modules/router/index.js:291:5)
      at Layer.handleError (node_modules/router/lib/layer.js:111:12)
      at trimPrefix (node_modules/router/index.js:340:13)
      at node_modules/router/index.js:297:9
      at processParams (node_modules/router/index.js:582:12)
      at Immediate.next (node_modules/router/index.js:291:5)
      at Immediate._onImmediate (node_modules/router/index.js:688:15)

  console.error
    Error: {
      message: 'Cannot delete account while in a room or group',
      statusCode: 500,
      stack: 'Error: Cannot delete account while in a room or group\n' +
        '    at UserService.deleteUser (/Users/hashim/Desktop/Development/FeastFriends/321-project/backend/src/services/userService.ts:214:13)\n' +
        '    at processTicksAndRejections (node:internal/process/task_queues:105:5)\n' +
        '    at UserController.deleteUser (/Users/hashim/Desktop/Development/FeastFriends/321-project/backend/src/controllers/user.controller.ts:156:22)\n' +
        '    at /Users/hashim/Desktop/Development/FeastFriends/321-project/backend/src/routes/user.routes.ts:59:3\n' +
        '    at /Users/hashim/Desktop/Development/FeastFriends/321-project/backend/src/middleware/errorHandler.ts:58:9',
      timestamp: '2025-11-09T19:50:08.170Z',
      path: '/api/user/6910f07023aa60acbbb4cdb0',
      method: 'DELETE'
    }

      90 |   }
      91 |
    > 92 |   console.error('Error:', {
         |           ^
      93 |     message: err.message,
      94 |     statusCode,
      95 |     stack: err.stack,

      at errorHandler (src/middleware/errorHandler.ts:92:11)
      at Layer.handleError (node_modules/router/lib/layer.js:116:17)
      at trimPrefix (node_modules/router/index.js:340:13)
      at node_modules/router/index.js:297:9
      at processParams (node_modules/router/index.js:582:12)
      at next (node_modules/router/index.js:291:5)
      at Layer.handleError (node_modules/router/lib/layer.js:111:12)
      at trimPrefix (node_modules/router/index.js:340:13)
      at node_modules/router/index.js:297:9
      at processParams (node_modules/router/index.js:582:12)
      at Immediate.next (node_modules/router/index.js:291:5)
      at Immediate._onImmediate (node_modules/router/index.js:688:15)

  console.error
    Error: {
      message: 'User not found',
      statusCode: 500,
      stack: 'Error: User not found\n' +
        '    at UserService.deleteUser (/Users/hashim/Desktop/Development/FeastFriends/321-project/backend/src/services/userService.ts:210:13)\n' +
        '    at processTicksAndRejections (node:internal/process/task_queues:105:5)\n' +
        '    at UserController.deleteUser (/Users/hashim/Desktop/Development/FeastFriends/321-project/backend/src/controllers/user.controller.ts:156:22)\n' +
        '    at /Users/hashim/Desktop/Development/FeastFriends/321-project/backend/src/routes/user.routes.ts:59:3\n' +
        '    at /Users/hashim/Desktop/Development/FeastFriends/321-project/backend/src/middleware/errorHandler.ts:58:9',
      timestamp: '2025-11-09T19:50:08.177Z',
      path: '/api/user/6910f07023aa60acbbb4cdef',
      method: 'DELETE'
    }

      90 |   }
      91 |
    > 92 |   console.error('Error:', {
         |           ^
      93 |     message: err.message,
      94 |     statusCode,
      95 |     stack: err.stack,

      at errorHandler (src/middleware/errorHandler.ts:92:11)
      at Layer.handleError (node_modules/router/lib/layer.js:116:17)
      at trimPrefix (node_modules/router/index.js:340:13)
      at node_modules/router/index.js:297:9
      at processParams (node_modules/router/index.js:582:12)
      at next (node_modules/router/index.js:291:5)
      at Layer.handleError (node_modules/router/lib/layer.js:111:12)
      at trimPrefix (node_modules/router/index.js:340:13)
      at node_modules/router/index.js:297:9
      at processParams (node_modules/router/index.js:582:12)
      at Immediate.next (node_modules/router/index.js:291:5)
      at Immediate._onImmediate (node_modules/router/index.js:688:15)

  console.log
    Test suite completed.

      at Object.<anonymous> (tests/setup.ts:14:11)

  console.log
    
    🧹 Cleaning up after tests...

      at Object.<anonymous> (tests/no-mocks/user.test.ts:30:11)

  console.warn
    MongoDB disconnected. Attempting to reconnect...

      28 |
      29 |     mongoose.connection.on('disconnected', () => {
    > 30 |       console.warn('MongoDB disconnected. Attempting to reconnect...');
         |               ^
      31 |     });
      32 |
      33 |     mongoose.connection.on('reconnected', () => {

      at NativeConnection.<anonymous> (src/config/database.ts:30:15)
      at NativeConnection.set (node_modules/mongoose/lib/connection.js:145:12)
      at NativeConnection.onClose (node_modules/mongoose/lib/connection.js:1315:19)
      at NativeConnection._close (node_modules/mongoose/lib/connection.js:1264:12)
      at disconnectDatabase (src/config/database.ts:55:5)
      at Object.<anonymous> (tests/no-mocks/user.test.ts:36:3)

  console.log
    MongoDB disconnected successfully

      at disconnectDatabase (src/config/database.ts:56:13)

  console.log
    ✅ Cleanup complete.

      at Object.<anonymous> (tests/no-mocks/user.test.ts:38:11)

PASS tests/no-mocks/user.test.ts
  GET /api/user/profile/:ids - No Mocking
    ✓ should return 200 and user profiles for valid IDs (4 ms)
    ✓ should return 200 with empty array for non-existent IDs (2 ms)
    ✓ should handle single and multiple IDs correctly (4 ms)
    ✓ should return 400 for invalid MongoDB ObjectId format (8 ms)
  GET /api/user/settings - No Mocking
    ✓ should return 200 and user settings with valid authentication (6 ms)
    ✓ should return 401 without authentication token (1 ms)
    ✓ should return 401 with invalid token (1 ms)
    ✓ should return 401 with expired token (1 ms)
    ✓ should return 500 when user not found in database (4 ms)
  POST /api/user/profile - No Mocking
    ✓ should create/update profile with valid data (5 ms)
    ✓ should update profilePicture directly in createUserProfile (covers userService line 101) (4 ms)
    ✓ should handle partial updates and empty body (5 ms)
  POST /api/user/settings - No Mocking
    ✓ should update settings with full and partial data (18 ms)
    ✓ should update contactNumber, budget, and radiusKm in updateUserSettings (covers userService lines 149-151) (7 ms)
    ✓ should successfully convert Google profile picture to Base64 in updateUserSettings (covers userService lines 22-29) (8 ms)
    ✓ should use image/png fallback when content-type header is missing (covers userService line 24) (7 ms)
  PUT /api/user/profile - No Mocking
    ✓ should update profile with full and partial data (7 ms)
    ✓ should update contactNumber, budget, and radiusKm in updateUserProfile (covers userService lines 188-190) (3 ms)
    ✓ should successfully convert Google profile picture to Base64 (covers userService lines 22-29) (6 ms)
    ✓ should handle non-Google profile picture URL (covers convertGoogleProfilePictureToBase64 early return) (11 ms)
  DELETE /api/user/:userId - No Mocking
    ✓ should return 403 when trying to delete different user (1 ms)
    ✓ should return 500 when user is in a waiting room (3 ms)
    ✓ should return 500 when user is in a group (3 ms)
    ✓ should successfully delete user not in room or group (5 ms)
    ✓ should return 500 when trying to delete non-existent user (2 ms)
  User Model Methods - Integration Tests
    ✓ should access userId virtual property directly on document (1 ms)
    ✓ should access userId virtual property through API response (2 ms)
    ✓ should use toJSON transform to include userId (2 ms)
    ✓ should call toJSON transform directly on User document (1 ms)
    ✓ should trigger pre-save hook when roomId is set (5 ms)
    ✓ should trigger pre-save hook when groupId is set (3 ms)
    ✓ should trigger pre-save hook when roomId is removed (5 ms)
    ✓ should trigger pre-save hook when groupId is removed (5 ms)

  console.log
    [dotenv@17.2.3] injecting env (3) from .env.test -- tip: 🔐 prevent committing .env to code: https://dotenvx.com/precommit

      at _log (node_modules/dotenv/lib/main.js:142:11)

  console.log
    Starting test suite...

      at Object.<anonymous> (tests/setup.ts:9:11)

  console.error
    Error: {
      message: 'User not found',
      statusCode: 500,
      stack: 'Error: User not found\n' +
        '    at MatchingService.joinMatching (/Users/hashim/Desktop/Development/FeastFriends/321-project/backend/src/services/matchingService.ts:88:13)\n' +
        '    at processTicksAndRejections (node:internal/process/task_queues:105:5)\n' +
        '    at MatchingController.joinMatching (/Users/hashim/Desktop/Development/FeastFriends/321-project/backend/src/controllers/matching.controller.ts:17:22)\n' +
        '    at /Users/hashim/Desktop/Development/FeastFriends/321-project/backend/src/routes/matching.routes.ts:14:3\n' +
        '    at /Users/hashim/Desktop/Development/FeastFriends/321-project/backend/src/middleware/errorHandler.ts:58:9',
      timestamp: '2025-11-09T19:50:08.463Z',
      path: '/api/matching/join',
      method: 'POST'
    }

      90 |   }
      91 |
    > 92 |   console.error('Error:', {
         |           ^
      93 |     message: err.message,
      94 |     statusCode,
      95 |     stack: err.stack,

      at errorHandler (src/middleware/errorHandler.ts:92:11)
      at Layer.handleError (node_modules/router/lib/layer.js:116:17)
      at trimPrefix (node_modules/router/index.js:340:13)
      at node_modules/router/index.js:297:9
      at processParams (node_modules/router/index.js:582:12)
      at next (node_modules/router/index.js:291:5)
      at Layer.handleError (node_modules/router/lib/layer.js:111:12)
      at trimPrefix (node_modules/router/index.js:340:13)
      at node_modules/router/index.js:297:9
      at processParams (node_modules/router/index.js:582:12)
      at next (node_modules/router/index.js:291:5)
      at node_modules/router/index.js:688:15
      at next (node_modules/router/index.js:276:14)
      at next (node_modules/router/lib/route.js:132:14)
      at MatchingController.joinMatching (src/controllers/matching.controller.ts:29:7)
      at src/routes/matching.routes.ts:14:3
      at src/middleware/errorHandler.ts:58:9

  console.error
    Error: {
      message: 'Database connection lost',
      statusCode: 500,
      stack: 'Error: Database connection lost\n' +
        '    at Object.<anonymous> (/Users/hashim/Desktop/Development/FeastFriends/321-project/backend/tests/with-mocks/matching.mock.test.ts:157:43)\n' +
        '    at Promise.finally.completed (/Users/hashim/Desktop/Development/FeastFriends/321-project/backend/node_modules/jest-circus/build/jestAdapterInit.js:1557:28)\n' +
        '    at new Promise (<anonymous>)\n' +
        '    at callAsyncCircusFn (/Users/hashim/Desktop/Development/FeastFriends/321-project/backend/node_modules/jest-circus/build/jestAdapterInit.js:1497:10)\n' +
        '    at _callCircusTest (/Users/hashim/Desktop/Development/FeastFriends/321-project/backend/node_modules/jest-circus/build/jestAdapterInit.js:1007:40)\n' +
        '    at processTicksAndRejections (node:internal/process/task_queues:105:5)\n' +
        '    at _runTest (/Users/hashim/Desktop/Development/FeastFriends/321-project/backend/node_modules/jest-circus/build/jestAdapterInit.js:947:3)\n' +
        '    at /Users/hashim/Desktop/Development/FeastFriends/321-project/backend/node_modules/jest-circus/build/jestAdapterInit.js:849:7\n' +
        '    at _runTestsForDescribeBlock (/Users/hashim/Desktop/Development/FeastFriends/321-project/backend/node_modules/jest-circus/build/jestAdapterInit.js:862:11)\n' +
        '    at _runTestsForDescribeBlock (/Users/hashim/Desktop/Development/FeastFriends/321-project/backend/node_modules/jest-circus/build/jestAdapterInit.js:857:11)\n' +
        '    at run (/Users/hashim/Desktop/Development/FeastFriends/321-project/backend/node_modules/jest-circus/build/jestAdapterInit.js:761:3)\n' +
        '    at runAndTransformResultsToJestFormat (/Users/hashim/Desktop/Development/FeastFriends/321-project/backend/node_modules/jest-circus/build/jestAdapterInit.js:1918:21)\n' +
        '    at jestAdapter (/Users/hashim/Desktop/Development/FeastFriends/321-project/backend/node_modules/jest-circus/build/runner.js:101:19)\n' +
        '    at runTestInternal (/Users/hashim/Desktop/Development/FeastFriends/321-project/backend/node_modules/jest-runner/build/index.js:275:16)\n' +
        '    at runTest (/Users/hashim/Desktop/Development/FeastFriends/321-project/backend/node_modules/jest-runner/build/index.js:343:7)',
      timestamp: '2025-11-09T19:50:08.476Z',
      path: '/api/matching/join',
      method: 'POST'
    }

      90 |   }
      91 |
    > 92 |   console.error('Error:', {
         |           ^
      93 |     message: err.message,
      94 |     statusCode,
      95 |     stack: err.stack,

      at errorHandler (src/middleware/errorHandler.ts:92:11)
      at Layer.handleError (node_modules/router/lib/layer.js:116:17)
      at trimPrefix (node_modules/router/index.js:340:13)
      at node_modules/router/index.js:297:9
      at processParams (node_modules/router/index.js:582:12)
      at next (node_modules/router/index.js:291:5)
      at Layer.handleError (node_modules/router/lib/layer.js:111:12)
      at trimPrefix (node_modules/router/index.js:340:13)
      at node_modules/router/index.js:297:9
      at processParams (node_modules/router/index.js:582:12)
      at next (node_modules/router/index.js:291:5)
      at node_modules/router/index.js:688:15
      at next (node_modules/router/index.js:276:14)
      at next (node_modules/router/lib/route.js:132:14)
      at MatchingController.joinMatching (src/controllers/matching.controller.ts:29:7)
      at src/routes/matching.routes.ts:14:3
      at src/middleware/errorHandler.ts:58:9

  console.error
    Error: {
      message: 'User is already in a room or group',
      statusCode: 500,
      stack: 'Error: User is already in a room or group\n' +
        '    at MatchingService.joinMatching (/Users/hashim/Desktop/Development/FeastFriends/321-project/backend/src/services/matchingService.ts:93:13)\n' +
        '    at processTicksAndRejections (node:internal/process/task_queues:105:5)\n' +
        '    at MatchingController.joinMatching (/Users/hashim/Desktop/Development/FeastFriends/321-project/backend/src/controllers/matching.controller.ts:17:22)\n' +
        '    at /Users/hashim/Desktop/Development/FeastFriends/321-project/backend/src/routes/matching.routes.ts:14:3\n' +
        '    at /Users/hashim/Desktop/Development/FeastFriends/321-project/backend/src/middleware/errorHandler.ts:58:9',
      timestamp: '2025-11-09T19:50:08.480Z',
      path: '/api/matching/join',
      method: 'POST'
    }

      90 |   }
      91 |
    > 92 |   console.error('Error:', {
         |           ^
      93 |     message: err.message,
      94 |     statusCode,
      95 |     stack: err.stack,

      at errorHandler (src/middleware/errorHandler.ts:92:11)
      at Layer.handleError (node_modules/router/lib/layer.js:116:17)
      at trimPrefix (node_modules/router/index.js:340:13)
      at node_modules/router/index.js:297:9
      at processParams (node_modules/router/index.js:582:12)
      at next (node_modules/router/index.js:291:5)
      at Layer.handleError (node_modules/router/lib/layer.js:111:12)
      at trimPrefix (node_modules/router/index.js:340:13)
      at node_modules/router/index.js:297:9
      at processParams (node_modules/router/index.js:582:12)
      at next (node_modules/router/index.js:291:5)
      at node_modules/router/index.js:688:15
      at next (node_modules/router/index.js:276:14)
      at next (node_modules/router/lib/route.js:132:14)
      at MatchingController.joinMatching (src/controllers/matching.controller.ts:29:7)
      at src/routes/matching.routes.ts:14:3
      at src/middleware/errorHandler.ts:58:9

  console.error
    Error: {
      message: 'Query timeout',
      statusCode: 500,
      stack: 'Error: Query timeout\n' +
        '    at Object.<anonymous> (/Users/hashim/Desktop/Development/FeastFriends/321-project/backend/tests/with-mocks/matching.mock.test.ts:242:39)\n' +
        '    at Promise.finally.completed (/Users/hashim/Desktop/Development/FeastFriends/321-project/backend/node_modules/jest-circus/build/jestAdapterInit.js:1557:28)\n' +
        '    at new Promise (<anonymous>)\n' +
        '    at callAsyncCircusFn (/Users/hashim/Desktop/Development/FeastFriends/321-project/backend/node_modules/jest-circus/build/jestAdapterInit.js:1497:10)\n' +
        '    at _callCircusTest (/Users/hashim/Desktop/Development/FeastFriends/321-project/backend/node_modules/jest-circus/build/jestAdapterInit.js:1007:40)\n' +
        '    at processTicksAndRejections (node:internal/process/task_queues:105:5)\n' +
        '    at _runTest (/Users/hashim/Desktop/Development/FeastFriends/321-project/backend/node_modules/jest-circus/build/jestAdapterInit.js:947:3)\n' +
        '    at /Users/hashim/Desktop/Development/FeastFriends/321-project/backend/node_modules/jest-circus/build/jestAdapterInit.js:849:7\n' +
        '    at _runTestsForDescribeBlock (/Users/hashim/Desktop/Development/FeastFriends/321-project/backend/node_modules/jest-circus/build/jestAdapterInit.js:862:11)\n' +
        '    at _runTestsForDescribeBlock (/Users/hashim/Desktop/Development/FeastFriends/321-project/backend/node_modules/jest-circus/build/jestAdapterInit.js:857:11)\n' +
        '    at run (/Users/hashim/Desktop/Development/FeastFriends/321-project/backend/node_modules/jest-circus/build/jestAdapterInit.js:761:3)\n' +
        '    at runAndTransformResultsToJestFormat (/Users/hashim/Desktop/Development/FeastFriends/321-project/backend/node_modules/jest-circus/build/jestAdapterInit.js:1918:21)\n' +
        '    at jestAdapter (/Users/hashim/Desktop/Development/FeastFriends/321-project/backend/node_modules/jest-circus/build/runner.js:101:19)\n' +
        '    at runTestInternal (/Users/hashim/Desktop/Development/FeastFriends/321-project/backend/node_modules/jest-runner/build/index.js:275:16)\n' +
        '    at runTest (/Users/hashim/Desktop/Development/FeastFriends/321-project/backend/node_modules/jest-runner/build/index.js:343:7)',
      timestamp: '2025-11-09T19:50:08.484Z',
      path: '/api/matching/join',
      method: 'POST'
    }

      90 |   }
      91 |
    > 92 |   console.error('Error:', {
         |           ^
      93 |     message: err.message,
      94 |     statusCode,
      95 |     stack: err.stack,

      at errorHandler (src/middleware/errorHandler.ts:92:11)
      at Layer.handleError (node_modules/router/lib/layer.js:116:17)
      at trimPrefix (node_modules/router/index.js:340:13)
      at node_modules/router/index.js:297:9
      at processParams (node_modules/router/index.js:582:12)
      at next (node_modules/router/index.js:291:5)
      at Layer.handleError (node_modules/router/lib/layer.js:111:12)
      at trimPrefix (node_modules/router/index.js:340:13)
      at node_modules/router/index.js:297:9
      at processParams (node_modules/router/index.js:582:12)
      at next (node_modules/router/index.js:291:5)
      at node_modules/router/index.js:688:15
      at next (node_modules/router/index.js:276:14)
      at next (node_modules/router/lib/route.js:132:14)
      at MatchingController.joinMatching (src/controllers/matching.controller.ts:29:7)
      at src/routes/matching.routes.ts:14:3
      at src/middleware/errorHandler.ts:58:9

  console.error
    Error: {
      message: 'Failed to create room',
      statusCode: 500,
      stack: 'Error: Failed to create room\n' +
        '    at Object.<anonymous> (/Users/hashim/Desktop/Development/FeastFriends/321-project/backend/tests/with-mocks/matching.mock.test.ts:290:41)\n' +
        '    at Promise.finally.completed (/Users/hashim/Desktop/Development/FeastFriends/321-project/backend/node_modules/jest-circus/build/jestAdapterInit.js:1557:28)\n' +
        '    at new Promise (<anonymous>)\n' +
        '    at callAsyncCircusFn (/Users/hashim/Desktop/Development/FeastFriends/321-project/backend/node_modules/jest-circus/build/jestAdapterInit.js:1497:10)\n' +
        '    at _callCircusTest (/Users/hashim/Desktop/Development/FeastFriends/321-project/backend/node_modules/jest-circus/build/jestAdapterInit.js:1007:40)\n' +
        '    at processTicksAndRejections (node:internal/process/task_queues:105:5)\n' +
        '    at _runTest (/Users/hashim/Desktop/Development/FeastFriends/321-project/backend/node_modules/jest-circus/build/jestAdapterInit.js:947:3)\n' +
        '    at /Users/hashim/Desktop/Development/FeastFriends/321-project/backend/node_modules/jest-circus/build/jestAdapterInit.js:849:7\n' +
        '    at _runTestsForDescribeBlock (/Users/hashim/Desktop/Development/FeastFriends/321-project/backend/node_modules/jest-circus/build/jestAdapterInit.js:862:11)\n' +
        '    at _runTestsForDescribeBlock (/Users/hashim/Desktop/Development/FeastFriends/321-project/backend/node_modules/jest-circus/build/jestAdapterInit.js:857:11)\n' +
        '    at run (/Users/hashim/Desktop/Development/FeastFriends/321-project/backend/node_modules/jest-circus/build/jestAdapterInit.js:761:3)\n' +
        '    at runAndTransformResultsToJestFormat (/Users/hashim/Desktop/Development/FeastFriends/321-project/backend/node_modules/jest-circus/build/jestAdapterInit.js:1918:21)\n' +
        '    at jestAdapter (/Users/hashim/Desktop/Development/FeastFriends/321-project/backend/node_modules/jest-circus/build/runner.js:101:19)\n' +
        '    at runTestInternal (/Users/hashim/Desktop/Development/FeastFriends/321-project/backend/node_modules/jest-runner/build/index.js:275:16)\n' +
        '    at runTest (/Users/hashim/Desktop/Development/FeastFriends/321-project/backend/node_modules/jest-runner/build/index.js:343:7)',
      timestamp: '2025-11-09T19:50:08.502Z',
      path: '/api/matching/join',
      method: 'POST'
    }

      90 |   }
      91 |
    > 92 |   console.error('Error:', {
         |           ^
      93 |     message: err.message,
      94 |     statusCode,
      95 |     stack: err.stack,

      at errorHandler (src/middleware/errorHandler.ts:92:11)
      at Layer.handleError (node_modules/router/lib/layer.js:116:17)
      at trimPrefix (node_modules/router/index.js:340:13)
      at node_modules/router/index.js:297:9
      at processParams (node_modules/router/index.js:582:12)
      at next (node_modules/router/index.js:291:5)
      at Layer.handleError (node_modules/router/lib/layer.js:111:12)
      at trimPrefix (node_modules/router/index.js:340:13)
      at node_modules/router/index.js:297:9
      at processParams (node_modules/router/index.js:582:12)
      at next (node_modules/router/index.js:291:5)
      at node_modules/router/index.js:688:15
      at next (node_modules/router/index.js:276:14)
      at next (node_modules/router/lib/route.js:132:14)
      at MatchingController.joinMatching (src/controllers/matching.controller.ts:29:7)
      at src/routes/matching.routes.ts:14:3
      at src/middleware/errorHandler.ts:58:9

  console.error
    Error: {
      message: 'Cast to ObjectId failed',
      statusCode: 400,
      stack: 'CastError: Cast to ObjectId failed\n' +
        '    at Object.<anonymous> (/Users/hashim/Desktop/Development/FeastFriends/321-project/backend/tests/with-mocks/matching.mock.test.ts:323:23)\n' +
        '    at Promise.finally.completed (/Users/hashim/Desktop/Development/FeastFriends/321-project/backend/node_modules/jest-circus/build/jestAdapterInit.js:1557:28)\n' +
        '    at new Promise (<anonymous>)\n' +
        '    at callAsyncCircusFn (/Users/hashim/Desktop/Development/FeastFriends/321-project/backend/node_modules/jest-circus/build/jestAdapterInit.js:1497:10)\n' +
        '    at _callCircusTest (/Users/hashim/Desktop/Development/FeastFriends/321-project/backend/node_modules/jest-circus/build/jestAdapterInit.js:1007:40)\n' +
        '    at processTicksAndRejections (node:internal/process/task_queues:105:5)\n' +
        '    at _runTest (/Users/hashim/Desktop/Development/FeastFriends/321-project/backend/node_modules/jest-circus/build/jestAdapterInit.js:947:3)\n' +
        '    at /Users/hashim/Desktop/Development/FeastFriends/321-project/backend/node_modules/jest-circus/build/jestAdapterInit.js:849:7\n' +
        '    at _runTestsForDescribeBlock (/Users/hashim/Desktop/Development/FeastFriends/321-project/backend/node_modules/jest-circus/build/jestAdapterInit.js:862:11)\n' +
        '    at _runTestsForDescribeBlock (/Users/hashim/Desktop/Development/FeastFriends/321-project/backend/node_modules/jest-circus/build/jestAdapterInit.js:857:11)\n' +
        '    at run (/Users/hashim/Desktop/Development/FeastFriends/321-project/backend/node_modules/jest-circus/build/jestAdapterInit.js:761:3)\n' +
        '    at runAndTransformResultsToJestFormat (/Users/hashim/Desktop/Development/FeastFriends/321-project/backend/node_modules/jest-circus/build/jestAdapterInit.js:1918:21)\n' +
        '    at jestAdapter (/Users/hashim/Desktop/Development/FeastFriends/321-project/backend/node_modules/jest-circus/build/runner.js:101:19)\n' +
        '    at runTestInternal (/Users/hashim/Desktop/Development/FeastFriends/321-project/backend/node_modules/jest-runner/build/index.js:275:16)\n' +
        '    at runTest (/Users/hashim/Desktop/Development/FeastFriends/321-project/backend/node_modules/jest-runner/build/index.js:343:7)',
      timestamp: '2025-11-09T19:50:08.505Z',
      path: '/api/matching/join',
      method: 'POST'
    }

      90 |   }
      91 |
    > 92 |   console.error('Error:', {
         |           ^
      93 |     message: err.message,
      94 |     statusCode,
      95 |     stack: err.stack,

      at errorHandler (src/middleware/errorHandler.ts:92:11)
      at Layer.handleError (node_modules/router/lib/layer.js:116:17)
      at trimPrefix (node_modules/router/index.js:340:13)
      at node_modules/router/index.js:297:9
      at processParams (node_modules/router/index.js:582:12)
      at next (node_modules/router/index.js:291:5)
      at Layer.handleError (node_modules/router/lib/layer.js:111:12)
      at trimPrefix (node_modules/router/index.js:340:13)
      at node_modules/router/index.js:297:9
      at processParams (node_modules/router/index.js:582:12)
      at next (node_modules/router/index.js:291:5)
      at node_modules/router/index.js:688:15
      at next (node_modules/router/index.js:276:14)
      at next (node_modules/router/lib/route.js:132:14)
      at MatchingController.joinMatching (src/controllers/matching.controller.ts:29:7)
      at src/routes/matching.routes.ts:14:3
      at src/middleware/errorHandler.ts:58:9

  console.error
    Error: {
      message: 'Validation failed: budget must be positive',
      statusCode: 400,
      stack: 'ValidationError: Validation failed: budget must be positive\n' +
        '    at Object.<anonymous> (/Users/hashim/Desktop/Development/FeastFriends/321-project/backend/tests/with-mocks/matching.mock.test.ts:361:29)\n' +
        '    at Promise.finally.completed (/Users/hashim/Desktop/Development/FeastFriends/321-project/backend/node_modules/jest-circus/build/jestAdapterInit.js:1557:28)\n' +
        '    at new Promise (<anonymous>)\n' +
        '    at callAsyncCircusFn (/Users/hashim/Desktop/Development/FeastFriends/321-project/backend/node_modules/jest-circus/build/jestAdapterInit.js:1497:10)\n' +
        '    at _callCircusTest (/Users/hashim/Desktop/Development/FeastFriends/321-project/backend/node_modules/jest-circus/build/jestAdapterInit.js:1007:40)\n' +
        '    at processTicksAndRejections (node:internal/process/task_queues:105:5)\n' +
        '    at _runTest (/Users/hashim/Desktop/Development/FeastFriends/321-project/backend/node_modules/jest-circus/build/jestAdapterInit.js:947:3)\n' +
        '    at /Users/hashim/Desktop/Development/FeastFriends/321-project/backend/node_modules/jest-circus/build/jestAdapterInit.js:849:7\n' +
        '    at _runTestsForDescribeBlock (/Users/hashim/Desktop/Development/FeastFriends/321-project/backend/node_modules/jest-circus/build/jestAdapterInit.js:862:11)\n' +
        '    at _runTestsForDescribeBlock (/Users/hashim/Desktop/Development/FeastFriends/321-project/backend/node_modules/jest-circus/build/jestAdapterInit.js:857:11)\n' +
        '    at run (/Users/hashim/Desktop/Development/FeastFriends/321-project/backend/node_modules/jest-circus/build/jestAdapterInit.js:761:3)\n' +
        '    at runAndTransformResultsToJestFormat (/Users/hashim/Desktop/Development/FeastFriends/321-project/backend/node_modules/jest-circus/build/jestAdapterInit.js:1918:21)\n' +
        '    at jestAdapter (/Users/hashim/Desktop/Development/FeastFriends/321-project/backend/node_modules/jest-circus/build/runner.js:101:19)\n' +
        '    at runTestInternal (/Users/hashim/Desktop/Development/FeastFriends/321-project/backend/node_modules/jest-runner/build/index.js:275:16)\n' +
        '    at runTest (/Users/hashim/Desktop/Development/FeastFriends/321-project/backend/node_modules/jest-runner/build/index.js:343:7)',
      timestamp: '2025-11-09T19:50:08.507Z',
      path: '/api/matching/join',
      method: 'POST'
    }

      90 |   }
      91 |
    > 92 |   console.error('Error:', {
         |           ^
      93 |     message: err.message,
      94 |     statusCode,
      95 |     stack: err.stack,

      at errorHandler (src/middleware/errorHandler.ts:92:11)
      at Layer.handleError (node_modules/router/lib/layer.js:116:17)
      at trimPrefix (node_modules/router/index.js:340:13)
      at node_modules/router/index.js:297:9
      at processParams (node_modules/router/index.js:582:12)
      at next (node_modules/router/index.js:291:5)
      at Layer.handleError (node_modules/router/lib/layer.js:111:12)
      at trimPrefix (node_modules/router/index.js:340:13)
      at node_modules/router/index.js:297:9
      at processParams (node_modules/router/index.js:582:12)
      at next (node_modules/router/index.js:291:5)
      at node_modules/router/index.js:688:15
      at next (node_modules/router/index.js:276:14)
      at next (node_modules/router/lib/route.js:132:14)
      at MatchingController.joinMatching (src/controllers/matching.controller.ts:29:7)
      at src/routes/matching.routes.ts:14:3
      at src/middleware/errorHandler.ts:58:9

  console.error
    Error: {
      message: 'User not found',
      statusCode: 500,
      stack: 'Error: User not found\n' +
        '    at MatchingService.leaveRoom (/Users/hashim/Desktop/Development/FeastFriends/321-project/backend/src/services/matchingService.ts:197:13)\n' +
        '    at processTicksAndRejections (node:internal/process/task_queues:105:5)\n' +
        '    at MatchingController.leaveRoom (/Users/hashim/Desktop/Development/FeastFriends/321-project/backend/src/controllers/matching.controller.ts:68:7)\n' +
        '    at /Users/hashim/Desktop/Development/FeastFriends/321-project/backend/src/routes/matching.routes.ts:32:3\n' +
        '    at /Users/hashim/Desktop/Development/FeastFriends/321-project/backend/src/middleware/errorHandler.ts:58:9',
      timestamp: '2025-11-09T19:50:08.509Z',
      path: '/api/matching/leave/6910f070cb9fe35d0fb3f813',
      method: 'PUT'
    }

      90 |   }
      91 |
    > 92 |   console.error('Error:', {
         |           ^
      93 |     message: err.message,
      94 |     statusCode,
      95 |     stack: err.stack,

      at errorHandler (src/middleware/errorHandler.ts:92:11)
      at Layer.handleError (node_modules/router/lib/layer.js:116:17)
      at trimPrefix (node_modules/router/index.js:340:13)
      at node_modules/router/index.js:297:9
      at processParams (node_modules/router/index.js:582:12)
      at next (node_modules/router/index.js:291:5)
      at Layer.handleError (node_modules/router/lib/layer.js:111:12)
      at trimPrefix (node_modules/router/index.js:340:13)
      at node_modules/router/index.js:297:9
      at processParams (node_modules/router/index.js:582:12)
      at next (node_modules/router/index.js:291:5)
      at node_modules/router/index.js:688:15
      at next (node_modules/router/index.js:276:14)
      at next (node_modules/router/lib/route.js:132:14)
      at MatchingController.leaveRoom (src/controllers/matching.controller.ts:76:7)
      at src/routes/matching.routes.ts:32:3
      at src/middleware/errorHandler.ts:58:9

  console.error
    Error: {
      message: 'Database timeout',
      statusCode: 500,
      stack: 'Error: Database timeout\n' +
        '    at Object.<anonymous> (/Users/hashim/Desktop/Development/FeastFriends/321-project/backend/tests/with-mocks/matching.mock.test.ts:457:43)\n' +
        '    at Promise.finally.completed (/Users/hashim/Desktop/Development/FeastFriends/321-project/backend/node_modules/jest-circus/build/jestAdapterInit.js:1557:28)\n' +
        '    at new Promise (<anonymous>)\n' +
        '    at callAsyncCircusFn (/Users/hashim/Desktop/Development/FeastFriends/321-project/backend/node_modules/jest-circus/build/jestAdapterInit.js:1497:10)\n' +
        '    at _callCircusTest (/Users/hashim/Desktop/Development/FeastFriends/321-project/backend/node_modules/jest-circus/build/jestAdapterInit.js:1007:40)\n' +
        '    at processTicksAndRejections (node:internal/process/task_queues:105:5)\n' +
        '    at _runTest (/Users/hashim/Desktop/Development/FeastFriends/321-project/backend/node_modules/jest-circus/build/jestAdapterInit.js:947:3)\n' +
        '    at /Users/hashim/Desktop/Development/FeastFriends/321-project/backend/node_modules/jest-circus/build/jestAdapterInit.js:849:7\n' +
        '    at _runTestsForDescribeBlock (/Users/hashim/Desktop/Development/FeastFriends/321-project/backend/node_modules/jest-circus/build/jestAdapterInit.js:862:11)\n' +
        '    at _runTestsForDescribeBlock (/Users/hashim/Desktop/Development/FeastFriends/321-project/backend/node_modules/jest-circus/build/jestAdapterInit.js:857:11)\n' +
        '    at run (/Users/hashim/Desktop/Development/FeastFriends/321-project/backend/node_modules/jest-circus/build/jestAdapterInit.js:761:3)\n' +
        '    at runAndTransformResultsToJestFormat (/Users/hashim/Desktop/Development/FeastFriends/321-project/backend/node_modules/jest-circus/build/jestAdapterInit.js:1918:21)\n' +
        '    at jestAdapter (/Users/hashim/Desktop/Development/FeastFriends/321-project/backend/node_modules/jest-circus/build/runner.js:101:19)\n' +
        '    at runTestInternal (/Users/hashim/Desktop/Development/FeastFriends/321-project/backend/node_modules/jest-runner/build/index.js:275:16)\n' +
        '    at runTest (/Users/hashim/Desktop/Development/FeastFriends/321-project/backend/node_modules/jest-runner/build/index.js:343:7)',
      timestamp: '2025-11-09T19:50:08.512Z',
      path: '/api/matching/leave/room-123',
      method: 'PUT'
    }

      90 |   }
      91 |
    > 92 |   console.error('Error:', {
         |           ^
      93 |     message: err.message,
      94 |     statusCode,
      95 |     stack: err.stack,

      at errorHandler (src/middleware/errorHandler.ts:92:11)
      at Layer.handleError (node_modules/router/lib/layer.js:116:17)
      at trimPrefix (node_modules/router/index.js:340:13)
      at node_modules/router/index.js:297:9
      at processParams (node_modules/router/index.js:582:12)
      at next (node_modules/router/index.js:291:5)
      at Layer.handleError (node_modules/router/lib/layer.js:111:12)
      at trimPrefix (node_modules/router/index.js:340:13)
      at node_modules/router/index.js:297:9
      at processParams (node_modules/router/index.js:582:12)
      at next (node_modules/router/index.js:291:5)
      at node_modules/router/index.js:688:15
      at next (node_modules/router/index.js:276:14)
      at next (node_modules/router/lib/route.js:132:14)
      at MatchingController.leaveRoom (src/controllers/matching.controller.ts:76:7)
      at src/routes/matching.routes.ts:32:3
      at src/middleware/errorHandler.ts:58:9

  console.log
    Room non-existent-room not found - clearing user's roomID anyway

      at MatchingService.leaveRoom (src/services/matchingService.ts:204:15)

  console.log
    ✅ Cleared stale roomID for user test-user-123

      at MatchingService.leaveRoom (src/services/matchingService.ts:211:17)

  console.error
    Error: {
      message: 'Failed to update room',
      statusCode: 500,
      stack: 'Error: Failed to update room\n' +
        '    at Object.<anonymous> (/Users/hashim/Desktop/Development/FeastFriends/321-project/backend/tests/with-mocks/matching.mock.test.ts:553:41)\n' +
        '    at Promise.finally.completed (/Users/hashim/Desktop/Development/FeastFriends/321-project/backend/node_modules/jest-circus/build/jestAdapterInit.js:1557:28)\n' +
        '    at new Promise (<anonymous>)\n' +
        '    at callAsyncCircusFn (/Users/hashim/Desktop/Development/FeastFriends/321-project/backend/node_modules/jest-circus/build/jestAdapterInit.js:1497:10)\n' +
        '    at _callCircusTest (/Users/hashim/Desktop/Development/FeastFriends/321-project/backend/node_modules/jest-circus/build/jestAdapterInit.js:1007:40)\n' +
        '    at processTicksAndRejections (node:internal/process/task_queues:105:5)\n' +
        '    at _runTest (/Users/hashim/Desktop/Development/FeastFriends/321-project/backend/node_modules/jest-circus/build/jestAdapterInit.js:947:3)\n' +
        '    at /Users/hashim/Desktop/Development/FeastFriends/321-project/backend/node_modules/jest-circus/build/jestAdapterInit.js:849:7\n' +
        '    at _runTestsForDescribeBlock (/Users/hashim/Desktop/Development/FeastFriends/321-project/backend/node_modules/jest-circus/build/jestAdapterInit.js:862:11)\n' +
        '    at _runTestsForDescribeBlock (/Users/hashim/Desktop/Development/FeastFriends/321-project/backend/node_modules/jest-circus/build/jestAdapterInit.js:857:11)\n' +
        '    at run (/Users/hashim/Desktop/Development/FeastFriends/321-project/backend/node_modules/jest-circus/build/jestAdapterInit.js:761:3)\n' +
        '    at runAndTransformResultsToJestFormat (/Users/hashim/Desktop/Development/FeastFriends/321-project/backend/node_modules/jest-circus/build/jestAdapterInit.js:1918:21)\n' +
        '    at jestAdapter (/Users/hashim/Desktop/Development/FeastFriends/321-project/backend/node_modules/jest-circus/build/runner.js:101:19)\n' +
        '    at runTestInternal (/Users/hashim/Desktop/Development/FeastFriends/321-project/backend/node_modules/jest-runner/build/index.js:275:16)\n' +
        '    at runTest (/Users/hashim/Desktop/Development/FeastFriends/321-project/backend/node_modules/jest-runner/build/index.js:343:7)',
      timestamp: '2025-11-09T19:50:08.516Z',
      path: '/api/matching/leave/room-123',
      method: 'PUT'
    }

      90 |   }
      91 |
    > 92 |   console.error('Error:', {
         |           ^
      93 |     message: err.message,
      94 |     statusCode,
      95 |     stack: err.stack,

      at errorHandler (src/middleware/errorHandler.ts:92:11)
      at Layer.handleError (node_modules/router/lib/layer.js:116:17)
      at trimPrefix (node_modules/router/index.js:340:13)
      at node_modules/router/index.js:297:9
      at processParams (node_modules/router/index.js:582:12)
      at next (node_modules/router/index.js:291:5)
      at Layer.handleError (node_modules/router/lib/layer.js:111:12)
      at trimPrefix (node_modules/router/index.js:340:13)
      at node_modules/router/index.js:297:9
      at processParams (node_modules/router/index.js:582:12)
      at next (node_modules/router/index.js:291:5)
      at node_modules/router/index.js:688:15
      at next (node_modules/router/index.js:276:14)
      at next (node_modules/router/lib/route.js:132:14)
      at MatchingController.leaveRoom (src/controllers/matching.controller.ts:76:7)
      at src/routes/matching.routes.ts:32:3
      at src/middleware/errorHandler.ts:58:9

  console.error
    Error: {
      message: 'Delete failed',
      statusCode: 500,
      stack: 'Error: Delete failed\n' +
        '    at Object.<anonymous> (/Users/hashim/Desktop/Development/FeastFriends/321-project/backend/tests/with-mocks/matching.mock.test.ts:610:52)\n' +
        '    at Promise.finally.completed (/Users/hashim/Desktop/Development/FeastFriends/321-project/backend/node_modules/jest-circus/build/jestAdapterInit.js:1557:28)\n' +
        '    at new Promise (<anonymous>)\n' +
        '    at callAsyncCircusFn (/Users/hashim/Desktop/Development/FeastFriends/321-project/backend/node_modules/jest-circus/build/jestAdapterInit.js:1497:10)\n' +
        '    at _callCircusTest (/Users/hashim/Desktop/Development/FeastFriends/321-project/backend/node_modules/jest-circus/build/jestAdapterInit.js:1007:40)\n' +
        '    at processTicksAndRejections (node:internal/process/task_queues:105:5)\n' +
        '    at _runTest (/Users/hashim/Desktop/Development/FeastFriends/321-project/backend/node_modules/jest-circus/build/jestAdapterInit.js:947:3)\n' +
        '    at /Users/hashim/Desktop/Development/FeastFriends/321-project/backend/node_modules/jest-circus/build/jestAdapterInit.js:849:7\n' +
        '    at _runTestsForDescribeBlock (/Users/hashim/Desktop/Development/FeastFriends/321-project/backend/node_modules/jest-circus/build/jestAdapterInit.js:862:11)\n' +
        '    at _runTestsForDescribeBlock (/Users/hashim/Desktop/Development/FeastFriends/321-project/backend/node_modules/jest-circus/build/jestAdapterInit.js:857:11)\n' +
        '    at run (/Users/hashim/Desktop/Development/FeastFriends/321-project/backend/node_modules/jest-circus/build/jestAdapterInit.js:761:3)\n' +
        '    at runAndTransformResultsToJestFormat (/Users/hashim/Desktop/Development/FeastFriends/321-project/backend/node_modules/jest-circus/build/jestAdapterInit.js:1918:21)\n' +
        '    at jestAdapter (/Users/hashim/Desktop/Development/FeastFriends/321-project/backend/node_modules/jest-circus/build/runner.js:101:19)\n' +
        '    at runTestInternal (/Users/hashim/Desktop/Development/FeastFriends/321-project/backend/node_modules/jest-runner/build/index.js:275:16)\n' +
        '    at runTest (/Users/hashim/Desktop/Development/FeastFriends/321-project/backend/node_modules/jest-runner/build/index.js:343:7)',
      timestamp: '2025-11-09T19:50:08.518Z',
      path: '/api/matching/leave/room-123',
      method: 'PUT'
    }

      90 |   }
      91 |
    > 92 |   console.error('Error:', {
         |           ^
      93 |     message: err.message,
      94 |     statusCode,
      95 |     stack: err.stack,

      at errorHandler (src/middleware/errorHandler.ts:92:11)
      at Layer.handleError (node_modules/router/lib/layer.js:116:17)
      at trimPrefix (node_modules/router/index.js:340:13)
      at node_modules/router/index.js:297:9
      at processParams (node_modules/router/index.js:582:12)
      at next (node_modules/router/index.js:291:5)
      at Layer.handleError (node_modules/router/lib/layer.js:111:12)
      at trimPrefix (node_modules/router/index.js:340:13)
      at node_modules/router/index.js:297:9
      at processParams (node_modules/router/index.js:582:12)
      at next (node_modules/router/index.js:291:5)
      at node_modules/router/index.js:688:15
      at next (node_modules/router/index.js:276:14)
      at next (node_modules/router/lib/route.js:132:14)
      at MatchingController.leaveRoom (src/controllers/matching.controller.ts:76:7)
      at src/routes/matching.routes.ts:32:3
      at src/middleware/errorHandler.ts:58:9

  console.error
    Error: {
      message: 'Room not found',
      statusCode: 500,
      stack: 'Error: Room not found\n' +
        '    at MatchingService.getRoomStatus (/Users/hashim/Desktop/Development/FeastFriends/321-project/backend/src/services/matchingService.ts:321:13)\n' +
        '    at processTicksAndRejections (node:internal/process/task_queues:105:5)\n' +
        '    at MatchingController.getRoomStatus (/Users/hashim/Desktop/Development/FeastFriends/321-project/backend/src/controllers/matching.controller.ts:88:22)\n' +
        '    at /Users/hashim/Desktop/Development/FeastFriends/321-project/backend/src/routes/matching.routes.ts:41:3\n' +
        '    at /Users/hashim/Desktop/Development/FeastFriends/321-project/backend/src/middleware/errorHandler.ts:58:9',
      timestamp: '2025-11-09T19:50:08.520Z',
      path: '/api/matching/status/6910f070cb9fe35d0fb3f814',
      method: 'GET'
    }

      90 |   }
      91 |
    > 92 |   console.error('Error:', {
         |           ^
      93 |     message: err.message,
      94 |     statusCode,
      95 |     stack: err.stack,

      at errorHandler (src/middleware/errorHandler.ts:92:11)
      at Layer.handleError (node_modules/router/lib/layer.js:116:17)
      at trimPrefix (node_modules/router/index.js:340:13)
      at node_modules/router/index.js:297:9
      at processParams (node_modules/router/index.js:582:12)
      at next (node_modules/router/index.js:291:5)
      at Layer.handleError (node_modules/router/lib/layer.js:111:12)
      at trimPrefix (node_modules/router/index.js:340:13)
      at node_modules/router/index.js:297:9
      at processParams (node_modules/router/index.js:582:12)
      at next (node_modules/router/index.js:291:5)
      at node_modules/router/index.js:688:15
      at next (node_modules/router/index.js:276:14)
      at next (node_modules/router/lib/route.js:132:14)
      at MatchingController.getRoomStatus (src/controllers/matching.controller.ts:96:7)
      at src/routes/matching.routes.ts:41:3
      at src/middleware/errorHandler.ts:58:9

  console.error
    Error: {
      message: 'Connection refused',
      statusCode: 500,
      stack: 'Error: Connection refused\n' +
        '    at Object.<anonymous> (/Users/hashim/Desktop/Development/FeastFriends/321-project/backend/tests/with-mocks/matching.mock.test.ts:686:43)\n' +
        '    at Promise.finally.completed (/Users/hashim/Desktop/Development/FeastFriends/321-project/backend/node_modules/jest-circus/build/jestAdapterInit.js:1557:28)\n' +
        '    at new Promise (<anonymous>)\n' +
        '    at callAsyncCircusFn (/Users/hashim/Desktop/Development/FeastFriends/321-project/backend/node_modules/jest-circus/build/jestAdapterInit.js:1497:10)\n' +
        '    at _callCircusTest (/Users/hashim/Desktop/Development/FeastFriends/321-project/backend/node_modules/jest-circus/build/jestAdapterInit.js:1007:40)\n' +
        '    at processTicksAndRejections (node:internal/process/task_queues:105:5)\n' +
        '    at _runTest (/Users/hashim/Desktop/Development/FeastFriends/321-project/backend/node_modules/jest-circus/build/jestAdapterInit.js:947:3)\n' +
        '    at /Users/hashim/Desktop/Development/FeastFriends/321-project/backend/node_modules/jest-circus/build/jestAdapterInit.js:849:7\n' +
        '    at _runTestsForDescribeBlock (/Users/hashim/Desktop/Development/FeastFriends/321-project/backend/node_modules/jest-circus/build/jestAdapterInit.js:862:11)\n' +
        '    at _runTestsForDescribeBlock (/Users/hashim/Desktop/Development/FeastFriends/321-project/backend/node_modules/jest-circus/build/jestAdapterInit.js:857:11)\n' +
        '    at run (/Users/hashim/Desktop/Development/FeastFriends/321-project/backend/node_modules/jest-circus/build/jestAdapterInit.js:761:3)\n' +
        '    at runAndTransformResultsToJestFormat (/Users/hashim/Desktop/Development/FeastFriends/321-project/backend/node_modules/jest-circus/build/jestAdapterInit.js:1918:21)\n' +
        '    at jestAdapter (/Users/hashim/Desktop/Development/FeastFriends/321-project/backend/node_modules/jest-circus/build/runner.js:101:19)\n' +
        '    at runTestInternal (/Users/hashim/Desktop/Development/FeastFriends/321-project/backend/node_modules/jest-runner/build/index.js:275:16)\n' +
        '    at runTest (/Users/hashim/Desktop/Development/FeastFriends/321-project/backend/node_modules/jest-runner/build/index.js:343:7)',
      timestamp: '2025-11-09T19:50:08.522Z',
      path: '/api/matching/status/6910f070cb9fe35d0fb3f815',
      method: 'GET'
    }

      90 |   }
      91 |
    > 92 |   console.error('Error:', {
         |           ^
      93 |     message: err.message,
      94 |     statusCode,
      95 |     stack: err.stack,

      at errorHandler (src/middleware/errorHandler.ts:92:11)
      at Layer.handleError (node_modules/router/lib/layer.js:116:17)
      at trimPrefix (node_modules/router/index.js:340:13)
      at node_modules/router/index.js:297:9
      at processParams (node_modules/router/index.js:582:12)
      at next (node_modules/router/index.js:291:5)
      at Layer.handleError (node_modules/router/lib/layer.js:111:12)
      at trimPrefix (node_modules/router/index.js:340:13)
      at node_modules/router/index.js:297:9
      at processParams (node_modules/router/index.js:582:12)
      at next (node_modules/router/index.js:291:5)
      at node_modules/router/index.js:688:15
      at next (node_modules/router/index.js:276:14)
      at next (node_modules/router/lib/route.js:132:14)
      at MatchingController.getRoomStatus (src/controllers/matching.controller.ts:96:7)
      at src/routes/matching.routes.ts:41:3
      at src/middleware/errorHandler.ts:58:9

  console.error
    Error: {
      message: 'Cast to ObjectId failed',
      statusCode: 400,
      stack: 'CastError: Cast to ObjectId failed\n' +
        '    at Object.<anonymous> (/Users/hashim/Desktop/Development/FeastFriends/321-project/backend/tests/with-mocks/matching.mock.test.ts:718:23)\n' +
        '    at Promise.finally.completed (/Users/hashim/Desktop/Development/FeastFriends/321-project/backend/node_modules/jest-circus/build/jestAdapterInit.js:1557:28)\n' +
        '    at new Promise (<anonymous>)\n' +
        '    at callAsyncCircusFn (/Users/hashim/Desktop/Development/FeastFriends/321-project/backend/node_modules/jest-circus/build/jestAdapterInit.js:1497:10)\n' +
        '    at _callCircusTest (/Users/hashim/Desktop/Development/FeastFriends/321-project/backend/node_modules/jest-circus/build/jestAdapterInit.js:1007:40)\n' +
        '    at processTicksAndRejections (node:internal/process/task_queues:105:5)\n' +
        '    at _runTest (/Users/hashim/Desktop/Development/FeastFriends/321-project/backend/node_modules/jest-circus/build/jestAdapterInit.js:947:3)\n' +
        '    at /Users/hashim/Desktop/Development/FeastFriends/321-project/backend/node_modules/jest-circus/build/jestAdapterInit.js:849:7\n' +
        '    at _runTestsForDescribeBlock (/Users/hashim/Desktop/Development/FeastFriends/321-project/backend/node_modules/jest-circus/build/jestAdapterInit.js:862:11)\n' +
        '    at _runTestsForDescribeBlock (/Users/hashim/Desktop/Development/FeastFriends/321-project/backend/node_modules/jest-circus/build/jestAdapterInit.js:857:11)\n' +
        '    at run (/Users/hashim/Desktop/Development/FeastFriends/321-project/backend/node_modules/jest-circus/build/jestAdapterInit.js:761:3)\n' +
        '    at runAndTransformResultsToJestFormat (/Users/hashim/Desktop/Development/FeastFriends/321-project/backend/node_modules/jest-circus/build/jestAdapterInit.js:1918:21)\n' +
        '    at jestAdapter (/Users/hashim/Desktop/Development/FeastFriends/321-project/backend/node_modules/jest-circus/build/runner.js:101:19)\n' +
        '    at runTestInternal (/Users/hashim/Desktop/Development/FeastFriends/321-project/backend/node_modules/jest-runner/build/index.js:275:16)\n' +
        '    at runTest (/Users/hashim/Desktop/Development/FeastFriends/321-project/backend/node_modules/jest-runner/build/index.js:343:7)',
      timestamp: '2025-11-09T19:50:08.525Z',
      path: '/api/matching/status/invalid-id-format',
      method: 'GET'
    }

      90 |   }
      91 |
    > 92 |   console.error('Error:', {
         |           ^
      93 |     message: err.message,
      94 |     statusCode,
      95 |     stack: err.stack,

      at errorHandler (src/middleware/errorHandler.ts:92:11)
      at Layer.handleError (node_modules/router/lib/layer.js:116:17)
      at trimPrefix (node_modules/router/index.js:340:13)
      at node_modules/router/index.js:297:9
      at processParams (node_modules/router/index.js:582:12)
      at next (node_modules/router/index.js:291:5)
      at Layer.handleError (node_modules/router/lib/layer.js:111:12)
      at trimPrefix (node_modules/router/index.js:340:13)
      at node_modules/router/index.js:297:9
      at processParams (node_modules/router/index.js:582:12)
      at next (node_modules/router/index.js:291:5)
      at node_modules/router/index.js:688:15
      at next (node_modules/router/index.js:276:14)
      at next (node_modules/router/lib/route.js:132:14)
      at MatchingController.getRoomStatus (src/controllers/matching.controller.ts:96:7)
      at src/routes/matching.routes.ts:41:3
      at src/middleware/errorHandler.ts:58:9

  console.error
    Error: {
      message: 'Room not found',
      statusCode: 500,
      stack: 'Error: Room not found\n' +
        '    at MatchingService.getRoomUsers (/Users/hashim/Desktop/Development/FeastFriends/321-project/backend/src/services/matchingService.ts:339:13)\n' +
        '    at processTicksAndRejections (node:internal/process/task_queues:105:5)\n' +
        '    at MatchingController.getRoomUsers (/Users/hashim/Desktop/Development/FeastFriends/321-project/backend/src/controllers/matching.controller.ts:108:21)\n' +
        '    at /Users/hashim/Desktop/Development/FeastFriends/321-project/backend/src/routes/matching.routes.ts:50:3\n' +
        '    at /Users/hashim/Desktop/Development/FeastFriends/321-project/backend/src/middleware/errorHandler.ts:58:9',
      timestamp: '2025-11-09T19:50:08.527Z',
      path: '/api/matching/users/6910f070cb9fe35d0fb3f816',
      method: 'GET'
    }

      90 |   }
      91 |
    > 92 |   console.error('Error:', {
         |           ^
      93 |     message: err.message,
      94 |     statusCode,
      95 |     stack: err.stack,

      at errorHandler (src/middleware/errorHandler.ts:92:11)
      at Layer.handleError (node_modules/router/lib/layer.js:116:17)
      at trimPrefix (node_modules/router/index.js:340:13)
      at node_modules/router/index.js:297:9
      at processParams (node_modules/router/index.js:582:12)
      at next (node_modules/router/index.js:291:5)
      at Layer.handleError (node_modules/router/lib/layer.js:111:12)
      at trimPrefix (node_modules/router/index.js:340:13)
      at node_modules/router/index.js:297:9
      at processParams (node_modules/router/index.js:582:12)
      at Immediate.next (node_modules/router/index.js:291:5)
      at Immediate._onImmediate (node_modules/router/index.js:688:15)

  console.error
    Error: {
      message: 'Network error',
      statusCode: 500,
      stack: 'Error: Network error\n' +
        '    at Object.<anonymous> (/Users/hashim/Desktop/Development/FeastFriends/321-project/backend/tests/with-mocks/matching.mock.test.ts:796:43)\n' +
        '    at Promise.finally.completed (/Users/hashim/Desktop/Development/FeastFriends/321-project/backend/node_modules/jest-circus/build/jestAdapterInit.js:1557:28)\n' +
        '    at new Promise (<anonymous>)\n' +
        '    at callAsyncCircusFn (/Users/hashim/Desktop/Development/FeastFriends/321-project/backend/node_modules/jest-circus/build/jestAdapterInit.js:1497:10)\n' +
        '    at _callCircusTest (/Users/hashim/Desktop/Development/FeastFriends/321-project/backend/node_modules/jest-circus/build/jestAdapterInit.js:1007:40)\n' +
        '    at processTicksAndRejections (node:internal/process/task_queues:105:5)\n' +
        '    at _runTest (/Users/hashim/Desktop/Development/FeastFriends/321-project/backend/node_modules/jest-circus/build/jestAdapterInit.js:947:3)\n' +
        '    at /Users/hashim/Desktop/Development/FeastFriends/321-project/backend/node_modules/jest-circus/build/jestAdapterInit.js:849:7\n' +
        '    at _runTestsForDescribeBlock (/Users/hashim/Desktop/Development/FeastFriends/321-project/backend/node_modules/jest-circus/build/jestAdapterInit.js:862:11)\n' +
        '    at _runTestsForDescribeBlock (/Users/hashim/Desktop/Development/FeastFriends/321-project/backend/node_modules/jest-circus/build/jestAdapterInit.js:857:11)\n' +
        '    at run (/Users/hashim/Desktop/Development/FeastFriends/321-project/backend/node_modules/jest-circus/build/jestAdapterInit.js:761:3)\n' +
        '    at runAndTransformResultsToJestFormat (/Users/hashim/Desktop/Development/FeastFriends/321-project/backend/node_modules/jest-circus/build/jestAdapterInit.js:1918:21)\n' +
        '    at jestAdapter (/Users/hashim/Desktop/Development/FeastFriends/321-project/backend/node_modules/jest-circus/build/runner.js:101:19)\n' +
        '    at runTestInternal (/Users/hashim/Desktop/Development/FeastFriends/321-project/backend/node_modules/jest-runner/build/index.js:275:16)\n' +
        '    at runTest (/Users/hashim/Desktop/Development/FeastFriends/321-project/backend/node_modules/jest-runner/build/index.js:343:7)',
      timestamp: '2025-11-09T19:50:08.529Z',
      path: '/api/matching/users/6910f070cb9fe35d0fb3f817',
      method: 'GET'
    }

      90 |   }
      91 |
    > 92 |   console.error('Error:', {
         |           ^
      93 |     message: err.message,
      94 |     statusCode,
      95 |     stack: err.stack,

      at errorHandler (src/middleware/errorHandler.ts:92:11)
      at Layer.handleError (node_modules/router/lib/layer.js:116:17)
      at trimPrefix (node_modules/router/index.js:340:13)
      at node_modules/router/index.js:297:9
      at processParams (node_modules/router/index.js:582:12)
      at next (node_modules/router/index.js:291:5)
      at Layer.handleError (node_modules/router/lib/layer.js:111:12)
      at trimPrefix (node_modules/router/index.js:340:13)
      at node_modules/router/index.js:297:9
      at processParams (node_modules/router/index.js:582:12)
      at Immediate.next (node_modules/router/index.js:291:5)
      at Immediate._onImmediate (node_modules/router/index.js:688:15)

  console.log
    Test suite completed.

      at Object.<anonymous> (tests/setup.ts:14:11)

PASS tests/with-mocks/matching.mock.test.ts
  POST /api/matching/join - With Mocking
    ✓ should return 500 when user not found in database (15 ms)
    ✓ should return 500 when database connection fails (12 ms)
    ✓ should return 500 when user already in room (4 ms)
    ✓ should return 500 when Room.find() fails (4 ms)
    ✓ should return 500 when Room.create() fails (17 ms)
    ✓ should return 400 when invalid ObjectId format (3 ms)
    ✓ should return 400 when user.save() fails with ValidationError (2 ms)
  PUT /api/matching/leave/:roomId - With Mocking
    ✓ should return 500 when user not found (3 ms)
    ✓ should return 500 when Room.findById() fails (2 ms)
    ✓ should handle gracefully when room not found (cleanup stale state) (2 ms)
    ✓ should return 500 when room.save() fails (2 ms)
    ✓ should return 500 when Room.findByIdAndDelete() fails (1 ms)
  GET /api/matching/status/:roomId - With Mocking
    ✓ should return 500 when room not found (1 ms)
    ✓ should return 500 when database query fails (1 ms)
    ✓ should return 400 for invalid ObjectId format (3 ms)
  GET /api/matching/users/:roomId - With Mocking
    ✓ should return 500 when room not found (2 ms)
    ✓ should return 500 when database connection fails (2 ms)

  console.log
    [dotenv@17.2.3] injecting env (3) from .env.test -- tip: ⚙️  specify custom .env file path with { path: '/custom/path/.env' }

      at _log (node_modules/dotenv/lib/main.js:142:11)

  console.log
    Starting test suite...

      at Object.<anonymous> (tests/setup.ts:9:11)

  console.log
    
    🚀 Starting Error Handler Tests...

      at Object.<anonymous> (tests/with-mocks/errorHandler.mock.test.ts:103:13)

  console.log
    MongoDB Atlas connected successfully

      at connectDatabase (src/config/database.ts:22:13)

  console.log
    ✅ Test setup complete.

      at Object.<anonymous> (tests/with-mocks/errorHandler.mock.test.ts:106:13)

  console.error
    Error: {
      message: 'Custom application error',
      statusCode: 400,
      stack: 'AppError: Custom application error\n' +
        '    at /Users/hashim/Desktop/Development/FeastFriends/321-project/backend/tests/with-mocks/errorHandler.mock.test.ts:33:10\n' +
        '    at Layer.handleRequest (/Users/hashim/Desktop/Development/FeastFriends/321-project/backend/node_modules/router/lib/layer.js:152:17)\n' +
        '    at next (/Users/hashim/Desktop/Development/FeastFriends/321-project/backend/node_modules/router/lib/route.js:157:13)\n' +
        '    at Route.dispatch (/Users/hashim/Desktop/Development/FeastFriends/321-project/backend/node_modules/router/lib/route.js:117:3)\n' +
        '    at handle (/Users/hashim/Desktop/Development/FeastFriends/321-project/backend/node_modules/router/index.js:435:11)\n' +
        '    at Layer.handleRequest (/Users/hashim/Desktop/Development/FeastFriends/321-project/backend/node_modules/router/lib/layer.js:152:17)\n' +
        '    at /Users/hashim/Desktop/Development/FeastFriends/321-project/backend/node_modules/router/index.js:295:15\n' +
        '    at processParams (/Users/hashim/Desktop/Development/FeastFriends/321-project/backend/node_modules/router/index.js:582:12)\n' +
        '    at next (/Users/hashim/Desktop/Development/FeastFriends/321-project/backend/node_modules/router/index.js:291:5)\n' +
        '    at jsonParser (/Users/hashim/Desktop/Development/FeastFriends/321-project/backend/node_modules/body-parser/lib/types/json.js:100:7)\n' +
        '    at Layer.handleRequest (/Users/hashim/Desktop/Development/FeastFriends/321-project/backend/node_modules/router/lib/layer.js:152:17)\n' +
        '    at trimPrefix (/Users/hashim/Desktop/Development/FeastFriends/321-project/backend/node_modules/router/index.js:342:13)\n' +
        '    at /Users/hashim/Desktop/Development/FeastFriends/321-project/backend/node_modules/router/index.js:297:9\n' +
        '    at processParams (/Users/hashim/Desktop/Development/FeastFriends/321-project/backend/node_modules/router/index.js:582:12)\n' +
        '    at next (/Users/hashim/Desktop/Development/FeastFriends/321-project/backend/node_modules/router/index.js:291:5)\n' +
        '    at Function.handle (/Users/hashim/Desktop/Development/FeastFriends/321-project/backend/node_modules/router/index.js:186:3)\n' +
        '    at Function.handle (/Users/hashim/Desktop/Development/FeastFriends/321-project/backend/node_modules/express/lib/application.js:177:15)\n' +
        '    at Server.app (/Users/hashim/Desktop/Development/FeastFriends/321-project/backend/node_modules/express/lib/express.js:38:9)\n' +
        '    at Server.emit (node:events:519:28)\n' +
        '    at parserOnIncoming (node:_http_server:1173:12)\n' +
        '    at HTTPParser.parserOnHeadersComplete (node:_http_common:121:17)',
      timestamp: '2025-11-09T19:50:08.613Z',
      path: '/test/app-error',
      method: 'GET'
    }

      90 |   }
      91 |
    > 92 |   console.error('Error:', {
         |           ^
      93 |     message: err.message,
      94 |     statusCode,
      95 |     stack: err.stack,

      at errorHandler (src/middleware/errorHandler.ts:92:11)
      at Layer.handleError (node_modules/router/lib/layer.js:116:17)
      at trimPrefix (node_modules/router/index.js:340:13)
      at node_modules/router/index.js:297:9
      at processParams (node_modules/router/index.js:582:12)
      at next (node_modules/router/index.js:291:5)
      at next (node_modules/router/lib/route.js:132:14)
      at tests/with-mocks/errorHandler.mock.test.ts:33:5
      at Layer.handleRequest (node_modules/router/lib/layer.js:152:17)
      at next (node_modules/router/lib/route.js:157:13)
      at Route.dispatch (node_modules/router/lib/route.js:117:3)
      at handle (node_modules/router/index.js:435:11)
      at Layer.handleRequest (node_modules/router/lib/layer.js:152:17)
      at node_modules/router/index.js:295:15
      at processParams (node_modules/router/index.js:582:12)
      at next (node_modules/router/index.js:291:5)
      at jsonParser (node_modules/body-parser/lib/types/json.js:100:7)
      at Layer.handleRequest (node_modules/router/lib/layer.js:152:17)
      at trimPrefix (node_modules/router/index.js:342:13)
      at node_modules/router/index.js:297:9
      at processParams (node_modules/router/index.js:582:12)
      at next (node_modules/router/index.js:291:5)
      at Function.handle (node_modules/router/index.js:186:3)
      at Function.handle (node_modules/express/lib/application.js:177:15)
      at Server.app (node_modules/express/lib/express.js:38:9)

  console.error
    Error: {
      message: 'Resource not found',
      statusCode: 404,
      stack: 'AppError: Resource not found\n' +
        '    at /Users/hashim/Desktop/Development/FeastFriends/321-project/backend/tests/with-mocks/errorHandler.mock.test.ts:140:14\n' +
        '    at Layer.handleRequest (/Users/hashim/Desktop/Development/FeastFriends/321-project/backend/node_modules/router/lib/layer.js:152:17)\n' +
        '    at next (/Users/hashim/Desktop/Development/FeastFriends/321-project/backend/node_modules/router/lib/route.js:157:13)\n' +
        '    at Route.dispatch (/Users/hashim/Desktop/Development/FeastFriends/321-project/backend/node_modules/router/lib/route.js:117:3)\n' +
        '    at handle (/Users/hashim/Desktop/Development/FeastFriends/321-project/backend/node_modules/router/index.js:435:11)\n' +
        '    at Layer.handleRequest (/Users/hashim/Desktop/Development/FeastFriends/321-project/backend/node_modules/router/lib/layer.js:152:17)\n' +
        '    at /Users/hashim/Desktop/Development/FeastFriends/321-project/backend/node_modules/router/index.js:295:15\n' +
        '    at processParams (/Users/hashim/Desktop/Development/FeastFriends/321-project/backend/node_modules/router/index.js:582:12)\n' +
        '    at next (/Users/hashim/Desktop/Development/FeastFriends/321-project/backend/node_modules/router/index.js:291:5)\n' +
        '    at Function.handle (/Users/hashim/Desktop/Development/FeastFriends/321-project/backend/node_modules/router/index.js:186:3)\n' +
        '    at Function.handle (/Users/hashim/Desktop/Development/FeastFriends/321-project/backend/node_modules/express/lib/application.js:177:15)\n' +
        '    at Server.app (/Users/hashim/Desktop/Development/FeastFriends/321-project/backend/node_modules/express/lib/express.js:38:9)\n' +
        '    at Server.emit (node:events:519:28)\n' +
        '    at parserOnIncoming (node:_http_server:1173:12)\n' +
        '    at HTTPParser.parserOnHeadersComplete (node:_http_common:121:17)',
      timestamp: '2025-11-09T19:50:08.616Z',
      path: '/test/not-found',
      method: 'GET'
    }

      90 |   }
      91 |
    > 92 |   console.error('Error:', {
         |           ^
      93 |     message: err.message,
      94 |     statusCode,
      95 |     stack: err.stack,

      at errorHandler (src/middleware/errorHandler.ts:92:11)
      at Layer.handleError (node_modules/router/lib/layer.js:116:17)
      at trimPrefix (node_modules/router/index.js:340:13)
      at node_modules/router/index.js:297:9
      at processParams (node_modules/router/index.js:582:12)
      at next (node_modules/router/index.js:291:5)
      at next (node_modules/router/lib/route.js:132:14)
      at tests/with-mocks/errorHandler.mock.test.ts:140:9
      at Layer.handleRequest (node_modules/router/lib/layer.js:152:17)
      at next (node_modules/router/lib/route.js:157:13)
      at Route.dispatch (node_modules/router/lib/route.js:117:3)
      at handle (node_modules/router/index.js:435:11)
      at Layer.handleRequest (node_modules/router/lib/layer.js:152:17)
      at node_modules/router/index.js:295:15
      at processParams (node_modules/router/index.js:582:12)
      at next (node_modules/router/index.js:291:5)
      at Function.handle (node_modules/router/index.js:186:3)
      at Function.handle (node_modules/express/lib/application.js:177:15)
      at Server.app (node_modules/express/lib/express.js:38:9)

  console.error
    Error: {
      message: 'Access forbidden',
      statusCode: 403,
      stack: 'AppError: Access forbidden\n' +
        '    at /Users/hashim/Desktop/Development/FeastFriends/321-project/backend/tests/with-mocks/errorHandler.mock.test.ts:159:14\n' +
        '    at Layer.handleRequest (/Users/hashim/Desktop/Development/FeastFriends/321-project/backend/node_modules/router/lib/layer.js:152:17)\n' +
        '    at next (/Users/hashim/Desktop/Development/FeastFriends/321-project/backend/node_modules/router/lib/route.js:157:13)\n' +
        '    at Route.dispatch (/Users/hashim/Desktop/Development/FeastFriends/321-project/backend/node_modules/router/lib/route.js:117:3)\n' +
        '    at handle (/Users/hashim/Desktop/Development/FeastFriends/321-project/backend/node_modules/router/index.js:435:11)\n' +
        '    at Layer.handleRequest (/Users/hashim/Desktop/Development/FeastFriends/321-project/backend/node_modules/router/lib/layer.js:152:17)\n' +
        '    at /Users/hashim/Desktop/Development/FeastFriends/321-project/backend/node_modules/router/index.js:295:15\n' +
        '    at processParams (/Users/hashim/Desktop/Development/FeastFriends/321-project/backend/node_modules/router/index.js:582:12)\n' +
        '    at next (/Users/hashim/Desktop/Development/FeastFriends/321-project/backend/node_modules/router/index.js:291:5)\n' +
        '    at Function.handle (/Users/hashim/Desktop/Development/FeastFriends/321-project/backend/node_modules/router/index.js:186:3)\n' +
        '    at Function.handle (/Users/hashim/Desktop/Development/FeastFriends/321-project/backend/node_modules/express/lib/application.js:177:15)\n' +
        '    at Server.app (/Users/hashim/Desktop/Development/FeastFriends/321-project/backend/node_modules/express/lib/express.js:38:9)\n' +
        '    at Server.emit (node:events:519:28)\n' +
        '    at parserOnIncoming (node:_http_server:1173:12)\n' +
        '    at HTTPParser.parserOnHeadersComplete (node:_http_common:121:17)',
      timestamp: '2025-11-09T19:50:08.619Z',
      path: '/test/forbidden',
      method: 'GET'
    }

      90 |   }
      91 |
    > 92 |   console.error('Error:', {
         |           ^
      93 |     message: err.message,
      94 |     statusCode,
      95 |     stack: err.stack,

      at errorHandler (src/middleware/errorHandler.ts:92:11)
      at Layer.handleError (node_modules/router/lib/layer.js:116:17)
      at trimPrefix (node_modules/router/index.js:340:13)
      at node_modules/router/index.js:297:9
      at processParams (node_modules/router/index.js:582:12)
      at next (node_modules/router/index.js:291:5)
      at next (node_modules/router/lib/route.js:132:14)
      at tests/with-mocks/errorHandler.mock.test.ts:159:9
      at Layer.handleRequest (node_modules/router/lib/layer.js:152:17)
      at next (node_modules/router/lib/route.js:157:13)
      at Route.dispatch (node_modules/router/lib/route.js:117:3)
      at handle (node_modules/router/index.js:435:11)
      at Layer.handleRequest (node_modules/router/lib/layer.js:152:17)
      at node_modules/router/index.js:295:15
      at processParams (node_modules/router/index.js:582:12)
      at next (node_modules/router/index.js:291:5)
      at Function.handle (node_modules/router/index.js:186:3)
      at Function.handle (node_modules/express/lib/application.js:177:15)
      at Server.app (node_modules/express/lib/express.js:38:9)

  console.error
    Error: {
      message: 'Resource conflict',
      statusCode: 409,
      stack: 'AppError: Resource conflict\n' +
        '    at /Users/hashim/Desktop/Development/FeastFriends/321-project/backend/tests/with-mocks/errorHandler.mock.test.ts:178:14\n' +
        '    at Layer.handleRequest (/Users/hashim/Desktop/Development/FeastFriends/321-project/backend/node_modules/router/lib/layer.js:152:17)\n' +
        '    at next (/Users/hashim/Desktop/Development/FeastFriends/321-project/backend/node_modules/router/lib/route.js:157:13)\n' +
        '    at Route.dispatch (/Users/hashim/Desktop/Development/FeastFriends/321-project/backend/node_modules/router/lib/route.js:117:3)\n' +
        '    at handle (/Users/hashim/Desktop/Development/FeastFriends/321-project/backend/node_modules/router/index.js:435:11)\n' +
        '    at Layer.handleRequest (/Users/hashim/Desktop/Development/FeastFriends/321-project/backend/node_modules/router/lib/layer.js:152:17)\n' +
        '    at /Users/hashim/Desktop/Development/FeastFriends/321-project/backend/node_modules/router/index.js:295:15\n' +
        '    at processParams (/Users/hashim/Desktop/Development/FeastFriends/321-project/backend/node_modules/router/index.js:582:12)\n' +
        '    at next (/Users/hashim/Desktop/Development/FeastFriends/321-project/backend/node_modules/router/index.js:291:5)\n' +
        '    at Function.handle (/Users/hashim/Desktop/Development/FeastFriends/321-project/backend/node_modules/router/index.js:186:3)\n' +
        '    at Function.handle (/Users/hashim/Desktop/Development/FeastFriends/321-project/backend/node_modules/express/lib/application.js:177:15)\n' +
        '    at Server.app (/Users/hashim/Desktop/Development/FeastFriends/321-project/backend/node_modules/express/lib/express.js:38:9)\n' +
        '    at Server.emit (node:events:519:28)\n' +
        '    at parserOnIncoming (node:_http_server:1173:12)\n' +
        '    at HTTPParser.parserOnHeadersComplete (node:_http_common:121:17)',
      timestamp: '2025-11-09T19:50:08.621Z',
      path: '/test/conflict',
      method: 'GET'
    }

      90 |   }
      91 |
    > 92 |   console.error('Error:', {
         |           ^
      93 |     message: err.message,
      94 |     statusCode,
      95 |     stack: err.stack,

      at errorHandler (src/middleware/errorHandler.ts:92:11)
      at Layer.handleError (node_modules/router/lib/layer.js:116:17)
      at trimPrefix (node_modules/router/index.js:340:13)
      at node_modules/router/index.js:297:9
      at processParams (node_modules/router/index.js:582:12)
      at next (node_modules/router/index.js:291:5)
      at next (node_modules/router/lib/route.js:132:14)
      at tests/with-mocks/errorHandler.mock.test.ts:178:9
      at Layer.handleRequest (node_modules/router/lib/layer.js:152:17)
      at next (node_modules/router/lib/route.js:157:13)
      at Route.dispatch (node_modules/router/lib/route.js:117:3)
      at handle (node_modules/router/index.js:435:11)
      at Layer.handleRequest (node_modules/router/lib/layer.js:152:17)
      at node_modules/router/index.js:295:15
      at processParams (node_modules/router/index.js:582:12)
      at next (node_modules/router/index.js:291:5)
      at Function.handle (node_modules/router/index.js:186:3)
      at Function.handle (node_modules/express/lib/application.js:177:15)
      at Server.app (node_modules/express/lib/express.js:38:9)

  console.error
    Error: {
      message: 'Unauthorized',
      statusCode: 401,
      stack: 'AppError: Unauthorized\n' +
        '    at /Users/hashim/Desktop/Development/FeastFriends/321-project/backend/tests/with-mocks/errorHandler.mock.test.ts:197:14\n' +
        '    at Layer.handleRequest (/Users/hashim/Desktop/Development/FeastFriends/321-project/backend/node_modules/router/lib/layer.js:152:17)\n' +
        '    at next (/Users/hashim/Desktop/Development/FeastFriends/321-project/backend/node_modules/router/lib/route.js:157:13)\n' +
        '    at Route.dispatch (/Users/hashim/Desktop/Development/FeastFriends/321-project/backend/node_modules/router/lib/route.js:117:3)\n' +
        '    at handle (/Users/hashim/Desktop/Development/FeastFriends/321-project/backend/node_modules/router/index.js:435:11)\n' +
        '    at Layer.handleRequest (/Users/hashim/Desktop/Development/FeastFriends/321-project/backend/node_modules/router/lib/layer.js:152:17)\n' +
        '    at /Users/hashim/Desktop/Development/FeastFriends/321-project/backend/node_modules/router/index.js:295:15\n' +
        '    at processParams (/Users/hashim/Desktop/Development/FeastFriends/321-project/backend/node_modules/router/index.js:582:12)\n' +
        '    at next (/Users/hashim/Desktop/Development/FeastFriends/321-project/backend/node_modules/router/index.js:291:5)\n' +
        '    at Function.handle (/Users/hashim/Desktop/Development/FeastFriends/321-project/backend/node_modules/router/index.js:186:3)\n' +
        '    at Function.handle (/Users/hashim/Desktop/Development/FeastFriends/321-project/backend/node_modules/express/lib/application.js:177:15)\n' +
        '    at Server.app (/Users/hashim/Desktop/Development/FeastFriends/321-project/backend/node_modules/express/lib/express.js:38:9)\n' +
        '    at Server.emit (node:events:519:28)\n' +
        '    at parserOnIncoming (node:_http_server:1173:12)\n' +
        '    at HTTPParser.parserOnHeadersComplete (node:_http_common:121:17)',
      timestamp: '2025-11-09T19:50:08.623Z',
      path: '/test/unauthorized',
      method: 'GET'
    }

      90 |   }
      91 |
    > 92 |   console.error('Error:', {
         |           ^
      93 |     message: err.message,
      94 |     statusCode,
      95 |     stack: err.stack,

      at errorHandler (src/middleware/errorHandler.ts:92:11)
      at Layer.handleError (node_modules/router/lib/layer.js:116:17)
      at trimPrefix (node_modules/router/index.js:340:13)
      at node_modules/router/index.js:297:9
      at processParams (node_modules/router/index.js:582:12)
      at next (node_modules/router/index.js:291:5)
      at next (node_modules/router/lib/route.js:132:14)
      at tests/with-mocks/errorHandler.mock.test.ts:197:9
      at Layer.handleRequest (node_modules/router/lib/layer.js:152:17)
      at next (node_modules/router/lib/route.js:157:13)
      at Route.dispatch (node_modules/router/lib/route.js:117:3)
      at handle (node_modules/router/index.js:435:11)
      at Layer.handleRequest (node_modules/router/lib/layer.js:152:17)
      at node_modules/router/index.js:295:15
      at processParams (node_modules/router/index.js:582:12)
      at next (node_modules/router/index.js:291:5)
      at Function.handle (node_modules/router/index.js:186:3)
      at Function.handle (node_modules/express/lib/application.js:177:15)
      at Server.app (node_modules/express/lib/express.js:38:9)

  console.error
    Error: {
      message: 'Validation failed',
      statusCode: 400,
      stack: 'ValidationError: Validation failed\n' +
        '    at /Users/hashim/Desktop/Development/FeastFriends/321-project/backend/tests/with-mocks/errorHandler.mock.test.ts:38:24\n' +
        '    at Layer.handleRequest (/Users/hashim/Desktop/Development/FeastFriends/321-project/backend/node_modules/router/lib/layer.js:152:17)\n' +
        '    at next (/Users/hashim/Desktop/Development/FeastFriends/321-project/backend/node_modules/router/lib/route.js:157:13)\n' +
        '    at Route.dispatch (/Users/hashim/Desktop/Development/FeastFriends/321-project/backend/node_modules/router/lib/route.js:117:3)\n' +
        '    at handle (/Users/hashim/Desktop/Development/FeastFriends/321-project/backend/node_modules/router/index.js:435:11)\n' +
        '    at Layer.handleRequest (/Users/hashim/Desktop/Development/FeastFriends/321-project/backend/node_modules/router/lib/layer.js:152:17)\n' +
        '    at /Users/hashim/Desktop/Development/FeastFriends/321-project/backend/node_modules/router/index.js:295:15\n' +
        '    at processParams (/Users/hashim/Desktop/Development/FeastFriends/321-project/backend/node_modules/router/index.js:582:12)\n' +
        '    at next (/Users/hashim/Desktop/Development/FeastFriends/321-project/backend/node_modules/router/index.js:291:5)\n' +
        '    at jsonParser (/Users/hashim/Desktop/Development/FeastFriends/321-project/backend/node_modules/body-parser/lib/types/json.js:100:7)\n' +
        '    at Layer.handleRequest (/Users/hashim/Desktop/Development/FeastFriends/321-project/backend/node_modules/router/lib/layer.js:152:17)\n' +
        '    at trimPrefix (/Users/hashim/Desktop/Development/FeastFriends/321-project/backend/node_modules/router/index.js:342:13)\n' +
        '    at /Users/hashim/Desktop/Development/FeastFriends/321-project/backend/node_modules/router/index.js:297:9\n' +
        '    at processParams (/Users/hashim/Desktop/Development/FeastFriends/321-project/backend/node_modules/router/index.js:582:12)\n' +
        '    at next (/Users/hashim/Desktop/Development/FeastFriends/321-project/backend/node_modules/router/index.js:291:5)\n' +
        '    at Function.handle (/Users/hashim/Desktop/Development/FeastFriends/321-project/backend/node_modules/router/index.js:186:3)\n' +
        '    at Function.handle (/Users/hashim/Desktop/Development/FeastFriends/321-project/backend/node_modules/express/lib/application.js:177:15)\n' +
        '    at Server.app (/Users/hashim/Desktop/Development/FeastFriends/321-project/backend/node_modules/express/lib/express.js:38:9)\n' +
        '    at Server.emit (node:events:519:28)\n' +
        '    at parserOnIncoming (node:_http_server:1173:12)\n' +
        '    at HTTPParser.parserOnHeadersComplete (node:_http_common:121:17)',
      timestamp: '2025-11-09T19:50:08.625Z',
      path: '/test/validation-error',
      method: 'GET'
    }

      90 |   }
      91 |
    > 92 |   console.error('Error:', {
         |           ^
      93 |     message: err.message,
      94 |     statusCode,
      95 |     stack: err.stack,

      at errorHandler (src/middleware/errorHandler.ts:92:11)
      at Layer.handleError (node_modules/router/lib/layer.js:116:17)
      at trimPrefix (node_modules/router/index.js:340:13)
      at node_modules/router/index.js:297:9
      at processParams (node_modules/router/index.js:582:12)
      at next (node_modules/router/index.js:291:5)
      at next (node_modules/router/lib/route.js:132:14)
      at tests/with-mocks/errorHandler.mock.test.ts:45:5
      at Layer.handleRequest (node_modules/router/lib/layer.js:152:17)
      at next (node_modules/router/lib/route.js:157:13)
      at Route.dispatch (node_modules/router/lib/route.js:117:3)
      at handle (node_modules/router/index.js:435:11)
      at Layer.handleRequest (node_modules/router/lib/layer.js:152:17)
      at node_modules/router/index.js:295:15
      at processParams (node_modules/router/index.js:582:12)
      at next (node_modules/router/index.js:291:5)
      at jsonParser (node_modules/body-parser/lib/types/json.js:100:7)
      at Layer.handleRequest (node_modules/router/lib/layer.js:152:17)
      at trimPrefix (node_modules/router/index.js:342:13)
      at node_modules/router/index.js:297:9
      at processParams (node_modules/router/index.js:582:12)
      at next (node_modules/router/index.js:291:5)
      at Function.handle (node_modules/router/index.js:186:3)
      at Function.handle (node_modules/express/lib/application.js:177:15)
      at Server.app (node_modules/express/lib/express.js:38:9)

  console.error
    Error: {
      message: 'Cast to ObjectId failed',
      statusCode: 400,
      stack: 'CastError: Cast to ObjectId failed\n' +
        '    at /Users/hashim/Desktop/Development/FeastFriends/321-project/backend/tests/with-mocks/errorHandler.mock.test.ts:50:24\n' +
        '    at Layer.handleRequest (/Users/hashim/Desktop/Development/FeastFriends/321-project/backend/node_modules/router/lib/layer.js:152:17)\n' +
        '    at next (/Users/hashim/Desktop/Development/FeastFriends/321-project/backend/node_modules/router/lib/route.js:157:13)\n' +
        '    at Route.dispatch (/Users/hashim/Desktop/Development/FeastFriends/321-project/backend/node_modules/router/lib/route.js:117:3)\n' +
        '    at handle (/Users/hashim/Desktop/Development/FeastFriends/321-project/backend/node_modules/router/index.js:435:11)\n' +
        '    at Layer.handleRequest (/Users/hashim/Desktop/Development/FeastFriends/321-project/backend/node_modules/router/lib/layer.js:152:17)\n' +
        '    at /Users/hashim/Desktop/Development/FeastFriends/321-project/backend/node_modules/router/index.js:295:15\n' +
        '    at processParams (/Users/hashim/Desktop/Development/FeastFriends/321-project/backend/node_modules/router/index.js:582:12)\n' +
        '    at next (/Users/hashim/Desktop/Development/FeastFriends/321-project/backend/node_modules/router/index.js:291:5)\n' +
        '    at jsonParser (/Users/hashim/Desktop/Development/FeastFriends/321-project/backend/node_modules/body-parser/lib/types/json.js:100:7)\n' +
        '    at Layer.handleRequest (/Users/hashim/Desktop/Development/FeastFriends/321-project/backend/node_modules/router/lib/layer.js:152:17)\n' +
        '    at trimPrefix (/Users/hashim/Desktop/Development/FeastFriends/321-project/backend/node_modules/router/index.js:342:13)\n' +
        '    at /Users/hashim/Desktop/Development/FeastFriends/321-project/backend/node_modules/router/index.js:297:9\n' +
        '    at processParams (/Users/hashim/Desktop/Development/FeastFriends/321-project/backend/node_modules/router/index.js:582:12)\n' +
        '    at next (/Users/hashim/Desktop/Development/FeastFriends/321-project/backend/node_modules/router/index.js:291:5)\n' +
        '    at Function.handle (/Users/hashim/Desktop/Development/FeastFriends/321-project/backend/node_modules/router/index.js:186:3)\n' +
        '    at Function.handle (/Users/hashim/Desktop/Development/FeastFriends/321-project/backend/node_modules/express/lib/application.js:177:15)\n' +
        '    at Server.app (/Users/hashim/Desktop/Development/FeastFriends/321-project/backend/node_modules/express/lib/express.js:38:9)\n' +
        '    at Server.emit (node:events:519:28)\n' +
        '    at parserOnIncoming (node:_http_server:1173:12)\n' +
        '    at HTTPParser.parserOnHeadersComplete (node:_http_common:121:17)',
      timestamp: '2025-11-09T19:50:08.630Z',
      path: '/test/cast-error',
      method: 'GET'
    }

      90 |   }
      91 |
    > 92 |   console.error('Error:', {
         |           ^
      93 |     message: err.message,
      94 |     statusCode,
      95 |     stack: err.stack,

      at errorHandler (src/middleware/errorHandler.ts:92:11)
      at Layer.handleError (node_modules/router/lib/layer.js:116:17)
      at trimPrefix (node_modules/router/index.js:340:13)
      at node_modules/router/index.js:297:9
      at processParams (node_modules/router/index.js:582:12)
      at next (node_modules/router/index.js:291:5)
      at next (node_modules/router/lib/route.js:132:14)
      at tests/with-mocks/errorHandler.mock.test.ts:54:5
      at Layer.handleRequest (node_modules/router/lib/layer.js:152:17)
      at next (node_modules/router/lib/route.js:157:13)
      at Route.dispatch (node_modules/router/lib/route.js:117:3)
      at handle (node_modules/router/index.js:435:11)
      at Layer.handleRequest (node_modules/router/lib/layer.js:152:17)
      at node_modules/router/index.js:295:15
      at processParams (node_modules/router/index.js:582:12)
      at next (node_modules/router/index.js:291:5)
      at jsonParser (node_modules/body-parser/lib/types/json.js:100:7)
      at Layer.handleRequest (node_modules/router/lib/layer.js:152:17)
      at trimPrefix (node_modules/router/index.js:342:13)
      at node_modules/router/index.js:297:9
      at processParams (node_modules/router/index.js:582:12)
      at next (node_modules/router/index.js:291:5)
      at Function.handle (node_modules/router/index.js:186:3)
      at Function.handle (node_modules/express/lib/application.js:177:15)
      at Server.app (node_modules/express/lib/express.js:38:9)

  console.error
    Error: {
      message: 'E11000 duplicate key error',
      statusCode: 409,
      stack: 'MongoServerError: E11000 duplicate key error\n' +
        '    at /Users/hashim/Desktop/Development/FeastFriends/321-project/backend/tests/with-mocks/errorHandler.mock.test.ts:59:24\n' +
        '    at Layer.handleRequest (/Users/hashim/Desktop/Development/FeastFriends/321-project/backend/node_modules/router/lib/layer.js:152:17)\n' +
        '    at next (/Users/hashim/Desktop/Development/FeastFriends/321-project/backend/node_modules/router/lib/route.js:157:13)\n' +
        '    at Route.dispatch (/Users/hashim/Desktop/Development/FeastFriends/321-project/backend/node_modules/router/lib/route.js:117:3)\n' +
        '    at handle (/Users/hashim/Desktop/Development/FeastFriends/321-project/backend/node_modules/router/index.js:435:11)\n' +
        '    at Layer.handleRequest (/Users/hashim/Desktop/Development/FeastFriends/321-project/backend/node_modules/router/lib/layer.js:152:17)\n' +
        '    at /Users/hashim/Desktop/Development/FeastFriends/321-project/backend/node_modules/router/index.js:295:15\n' +
        '    at processParams (/Users/hashim/Desktop/Development/FeastFriends/321-project/backend/node_modules/router/index.js:582:12)\n' +
        '    at next (/Users/hashim/Desktop/Development/FeastFriends/321-project/backend/node_modules/router/index.js:291:5)\n' +
        '    at jsonParser (/Users/hashim/Desktop/Development/FeastFriends/321-project/backend/node_modules/body-parser/lib/types/json.js:100:7)\n' +
        '    at Layer.handleRequest (/Users/hashim/Desktop/Development/FeastFriends/321-project/backend/node_modules/router/lib/layer.js:152:17)\n' +
        '    at trimPrefix (/Users/hashim/Desktop/Development/FeastFriends/321-project/backend/node_modules/router/index.js:342:13)\n' +
        '    at /Users/hashim/Desktop/Development/FeastFriends/321-project/backend/node_modules/router/index.js:297:9\n' +
        '    at processParams (/Users/hashim/Desktop/Development/FeastFriends/321-project/backend/node_modules/router/index.js:582:12)\n' +
        '    at next (/Users/hashim/Desktop/Development/FeastFriends/321-project/backend/node_modules/router/index.js:291:5)\n' +
        '    at Function.handle (/Users/hashim/Desktop/Development/FeastFriends/321-project/backend/node_modules/router/index.js:186:3)\n' +
        '    at Function.handle (/Users/hashim/Desktop/Development/FeastFriends/321-project/backend/node_modules/express/lib/application.js:177:15)\n' +
        '    at Server.app (/Users/hashim/Desktop/Development/FeastFriends/321-project/backend/node_modules/express/lib/express.js:38:9)\n' +
        '    at Server.emit (node:events:519:28)\n' +
        '    at parserOnIncoming (node:_http_server:1173:12)\n' +
        '    at HTTPParser.parserOnHeadersComplete (node:_http_common:121:17)',
      timestamp: '2025-11-09T19:50:08.633Z',
      path: '/test/duplicate-error',
      method: 'GET'
    }

      90 |   }
      91 |
    > 92 |   console.error('Error:', {
         |           ^
      93 |     message: err.message,
      94 |     statusCode,
      95 |     stack: err.stack,

      at errorHandler (src/middleware/errorHandler.ts:92:11)
      at Layer.handleError (node_modules/router/lib/layer.js:116:17)
      at trimPrefix (node_modules/router/index.js:340:13)
      at node_modules/router/index.js:297:9
      at processParams (node_modules/router/index.js:582:12)
      at next (node_modules/router/index.js:291:5)
      at next (node_modules/router/lib/route.js:132:14)
      at tests/with-mocks/errorHandler.mock.test.ts:63:5
      at Layer.handleRequest (node_modules/router/lib/layer.js:152:17)
      at next (node_modules/router/lib/route.js:157:13)
      at Route.dispatch (node_modules/router/lib/route.js:117:3)
      at handle (node_modules/router/index.js:435:11)
      at Layer.handleRequest (node_modules/router/lib/layer.js:152:17)
      at node_modules/router/index.js:295:15
      at processParams (node_modules/router/index.js:582:12)
      at next (node_modules/router/index.js:291:5)
      at jsonParser (node_modules/body-parser/lib/types/json.js:100:7)
      at Layer.handleRequest (node_modules/router/lib/layer.js:152:17)
      at trimPrefix (node_modules/router/index.js:342:13)
      at node_modules/router/index.js:297:9
      at processParams (node_modules/router/index.js:582:12)
      at next (node_modules/router/index.js:291:5)
      at Function.handle (node_modules/router/index.js:186:3)
      at Function.handle (node_modules/express/lib/application.js:177:15)
      at Server.app (node_modules/express/lib/express.js:38:9)

  console.error
    Error: {
      message: 'Something went wrong',
      statusCode: 500,
      stack: 'Error: Something went wrong\n' +
        '    at /Users/hashim/Desktop/Development/FeastFriends/321-project/backend/tests/with-mocks/errorHandler.mock.test.ts:68:10\n' +
        '    at Layer.handleRequest (/Users/hashim/Desktop/Development/FeastFriends/321-project/backend/node_modules/router/lib/layer.js:152:17)\n' +
        '    at next (/Users/hashim/Desktop/Development/FeastFriends/321-project/backend/node_modules/router/lib/route.js:157:13)\n' +
        '    at Route.dispatch (/Users/hashim/Desktop/Development/FeastFriends/321-project/backend/node_modules/router/lib/route.js:117:3)\n' +
        '    at handle (/Users/hashim/Desktop/Development/FeastFriends/321-project/backend/node_modules/router/index.js:435:11)\n' +
        '    at Layer.handleRequest (/Users/hashim/Desktop/Development/FeastFriends/321-project/backend/node_modules/router/lib/layer.js:152:17)\n' +
        '    at /Users/hashim/Desktop/Development/FeastFriends/321-project/backend/node_modules/router/index.js:295:15\n' +
        '    at processParams (/Users/hashim/Desktop/Development/FeastFriends/321-project/backend/node_modules/router/index.js:582:12)\n' +
        '    at next (/Users/hashim/Desktop/Development/FeastFriends/321-project/backend/node_modules/router/index.js:291:5)\n' +
        '    at jsonParser (/Users/hashim/Desktop/Development/FeastFriends/321-project/backend/node_modules/body-parser/lib/types/json.js:100:7)\n' +
        '    at Layer.handleRequest (/Users/hashim/Desktop/Development/FeastFriends/321-project/backend/node_modules/router/lib/layer.js:152:17)\n' +
        '    at trimPrefix (/Users/hashim/Desktop/Development/FeastFriends/321-project/backend/node_modules/router/index.js:342:13)\n' +
        '    at /Users/hashim/Desktop/Development/FeastFriends/321-project/backend/node_modules/router/index.js:297:9\n' +
        '    at processParams (/Users/hashim/Desktop/Development/FeastFriends/321-project/backend/node_modules/router/index.js:582:12)\n' +
        '    at next (/Users/hashim/Desktop/Development/FeastFriends/321-project/backend/node_modules/router/index.js:291:5)\n' +
        '    at Function.handle (/Users/hashim/Desktop/Development/FeastFriends/321-project/backend/node_modules/router/index.js:186:3)\n' +
        '    at Function.handle (/Users/hashim/Desktop/Development/FeastFriends/321-project/backend/node_modules/express/lib/application.js:177:15)\n' +
        '    at Server.app (/Users/hashim/Desktop/Development/FeastFriends/321-project/backend/node_modules/express/lib/express.js:38:9)\n' +
        '    at Server.emit (node:events:519:28)\n' +
        '    at parserOnIncoming (node:_http_server:1173:12)\n' +
        '    at HTTPParser.parserOnHeadersComplete (node:_http_common:121:17)',
      timestamp: '2025-11-09T19:50:08.640Z',
      path: '/test/generic-error',
      method: 'GET'
    }

      90 |   }
      91 |
    > 92 |   console.error('Error:', {
         |           ^
      93 |     message: err.message,
      94 |     statusCode,
      95 |     stack: err.stack,

      at errorHandler (src/middleware/errorHandler.ts:92:11)
      at Layer.handleError (node_modules/router/lib/layer.js:116:17)
      at trimPrefix (node_modules/router/index.js:340:13)
      at node_modules/router/index.js:297:9
      at processParams (node_modules/router/index.js:582:12)
      at next (node_modules/router/index.js:291:5)
      at next (node_modules/router/lib/route.js:132:14)
      at tests/with-mocks/errorHandler.mock.test.ts:68:5
      at Layer.handleRequest (node_modules/router/lib/layer.js:152:17)
      at next (node_modules/router/lib/route.js:157:13)
      at Route.dispatch (node_modules/router/lib/route.js:117:3)
      at handle (node_modules/router/index.js:435:11)
      at Layer.handleRequest (node_modules/router/lib/layer.js:152:17)
      at node_modules/router/index.js:295:15
      at processParams (node_modules/router/index.js:582:12)
      at next (node_modules/router/index.js:291:5)
      at jsonParser (node_modules/body-parser/lib/types/json.js:100:7)
      at Layer.handleRequest (node_modules/router/lib/layer.js:152:17)
      at trimPrefix (node_modules/router/index.js:342:13)
      at node_modules/router/index.js:297:9
      at processParams (node_modules/router/index.js:582:12)
      at next (node_modules/router/index.js:291:5)
      at Function.handle (node_modules/router/index.js:186:3)
      at Function.handle (node_modules/express/lib/application.js:177:15)
      at Server.app (node_modules/express/lib/express.js:38:9)

  console.error
    Error: {
      message: '',
      statusCode: 500,
      stack: 'UnknownError: \n' +
        '    at /Users/hashim/Desktop/Development/FeastFriends/321-project/backend/tests/with-mocks/errorHandler.mock.test.ts:73:24\n' +
        '    at Layer.handleRequest (/Users/hashim/Desktop/Development/FeastFriends/321-project/backend/node_modules/router/lib/layer.js:152:17)\n' +
        '    at next (/Users/hashim/Desktop/Development/FeastFriends/321-project/backend/node_modules/router/lib/route.js:157:13)\n' +
        '    at Route.dispatch (/Users/hashim/Desktop/Development/FeastFriends/321-project/backend/node_modules/router/lib/route.js:117:3)\n' +
        '    at handle (/Users/hashim/Desktop/Development/FeastFriends/321-project/backend/node_modules/router/index.js:435:11)\n' +
        '    at Layer.handleRequest (/Users/hashim/Desktop/Development/FeastFriends/321-project/backend/node_modules/router/lib/layer.js:152:17)\n' +
        '    at /Users/hashim/Desktop/Development/FeastFriends/321-project/backend/node_modules/router/index.js:295:15\n' +
        '    at processParams (/Users/hashim/Desktop/Development/FeastFriends/321-project/backend/node_modules/router/index.js:582:12)\n' +
        '    at next (/Users/hashim/Desktop/Development/FeastFriends/321-project/backend/node_modules/router/index.js:291:5)\n' +
        '    at jsonParser (/Users/hashim/Desktop/Development/FeastFriends/321-project/backend/node_modules/body-parser/lib/types/json.js:100:7)\n' +
        '    at Layer.handleRequest (/Users/hashim/Desktop/Development/FeastFriends/321-project/backend/node_modules/router/lib/layer.js:152:17)\n' +
        '    at trimPrefix (/Users/hashim/Desktop/Development/FeastFriends/321-project/backend/node_modules/router/index.js:342:13)\n' +
        '    at /Users/hashim/Desktop/Development/FeastFriends/321-project/backend/node_modules/router/index.js:297:9\n' +
        '    at processParams (/Users/hashim/Desktop/Development/FeastFriends/321-project/backend/node_modules/router/index.js:582:12)\n' +
        '    at next (/Users/hashim/Desktop/Development/FeastFriends/321-project/backend/node_modules/router/index.js:291:5)\n' +
        '    at Function.handle (/Users/hashim/Desktop/Development/FeastFriends/321-project/backend/node_modules/router/index.js:186:3)\n' +
        '    at Function.handle (/Users/hashim/Desktop/Development/FeastFriends/321-project/backend/node_modules/express/lib/application.js:177:15)\n' +
        '    at Server.app (/Users/hashim/Desktop/Development/FeastFriends/321-project/backend/node_modules/express/lib/express.js:38:9)\n' +
        '    at Server.emit (node:events:519:28)\n' +
        '    at parserOnIncoming (node:_http_server:1173:12)\n' +
        '    at HTTPParser.parserOnHeadersComplete (node:_http_common:121:17)',
      timestamp: '2025-11-09T19:50:08.642Z',
      path: '/test/no-message-error',
      method: 'GET'
    }

      90 |   }
      91 |
    > 92 |   console.error('Error:', {
         |           ^
      93 |     message: err.message,
      94 |     statusCode,
      95 |     stack: err.stack,

      at errorHandler (src/middleware/errorHandler.ts:92:11)
      at Layer.handleError (node_modules/router/lib/layer.js:116:17)
      at trimPrefix (node_modules/router/index.js:340:13)
      at node_modules/router/index.js:297:9
      at processParams (node_modules/router/index.js:582:12)
      at next (node_modules/router/index.js:291:5)
      at next (node_modules/router/lib/route.js:132:14)
      at tests/with-mocks/errorHandler.mock.test.ts:75:5
      at Layer.handleRequest (node_modules/router/lib/layer.js:152:17)
      at next (node_modules/router/lib/route.js:157:13)
      at Route.dispatch (node_modules/router/lib/route.js:117:3)
      at handle (node_modules/router/index.js:435:11)
      at Layer.handleRequest (node_modules/router/lib/layer.js:152:17)
      at node_modules/router/index.js:295:15
      at processParams (node_modules/router/index.js:582:12)
      at next (node_modules/router/index.js:291:5)
      at jsonParser (node_modules/body-parser/lib/types/json.js:100:7)
      at Layer.handleRequest (node_modules/router/lib/layer.js:152:17)
      at trimPrefix (node_modules/router/index.js:342:13)
      at node_modules/router/index.js:297:9
      at processParams (node_modules/router/index.js:582:12)
      at next (node_modules/router/index.js:291:5)
      at Function.handle (node_modules/router/index.js:186:3)
      at Function.handle (node_modules/express/lib/application.js:177:15)
      at Server.app (node_modules/express/lib/express.js:38:9)

  console.error
    Error: {
      message: 'Error without name property',
      statusCode: 500,
      stack: undefined,
      timestamp: '2025-11-09T19:50:08.644Z',
      path: '/test/no-name-error',
      method: 'GET'
    }

      90 |   }
      91 |
    > 92 |   console.error('Error:', {
         |           ^
      93 |     message: err.message,
      94 |     statusCode,
      95 |     stack: err.stack,

      at errorHandler (src/middleware/errorHandler.ts:92:11)
      at Layer.handleError (node_modules/router/lib/layer.js:116:17)
      at trimPrefix (node_modules/router/index.js:340:13)
      at node_modules/router/index.js:297:9
      at processParams (node_modules/router/index.js:582:12)
      at next (node_modules/router/index.js:291:5)
      at next (node_modules/router/lib/route.js:132:14)
      at tests/with-mocks/errorHandler.mock.test.ts:83:5
      at Layer.handleRequest (node_modules/router/lib/layer.js:152:17)
      at next (node_modules/router/lib/route.js:157:13)
      at Route.dispatch (node_modules/router/lib/route.js:117:3)
      at handle (node_modules/router/index.js:435:11)
      at Layer.handleRequest (node_modules/router/lib/layer.js:152:17)
      at node_modules/router/index.js:295:15
      at processParams (node_modules/router/index.js:582:12)
      at next (node_modules/router/index.js:291:5)
      at jsonParser (node_modules/body-parser/lib/types/json.js:100:7)
      at Layer.handleRequest (node_modules/router/lib/layer.js:152:17)
      at trimPrefix (node_modules/router/index.js:342:13)
      at node_modules/router/index.js:297:9
      at processParams (node_modules/router/index.js:582:12)
      at next (node_modules/router/index.js:291:5)
      at Function.handle (node_modules/router/index.js:186:3)
      at Function.handle (node_modules/express/lib/application.js:177:15)
      at Server.app (node_modules/express/lib/express.js:38:9)

  console.error
    Error: {
      message: 'ECONNREFUSED',
      statusCode: 500,
      stack: 'Error: ECONNREFUSED\n' +
        '    at /Users/hashim/Desktop/Development/FeastFriends/321-project/backend/tests/with-mocks/errorHandler.mock.test.ts:88:24\n' +
        '    at Layer.handleRequest (/Users/hashim/Desktop/Development/FeastFriends/321-project/backend/node_modules/router/lib/layer.js:152:17)\n' +
        '    at next (/Users/hashim/Desktop/Development/FeastFriends/321-project/backend/node_modules/router/lib/route.js:157:13)\n' +
        '    at Route.dispatch (/Users/hashim/Desktop/Development/FeastFriends/321-project/backend/node_modules/router/lib/route.js:117:3)\n' +
        '    at handle (/Users/hashim/Desktop/Development/FeastFriends/321-project/backend/node_modules/router/index.js:435:11)\n' +
        '    at Layer.handleRequest (/Users/hashim/Desktop/Development/FeastFriends/321-project/backend/node_modules/router/lib/layer.js:152:17)\n' +
        '    at /Users/hashim/Desktop/Development/FeastFriends/321-project/backend/node_modules/router/index.js:295:15\n' +
        '    at processParams (/Users/hashim/Desktop/Development/FeastFriends/321-project/backend/node_modules/router/index.js:582:12)\n' +
        '    at next (/Users/hashim/Desktop/Development/FeastFriends/321-project/backend/node_modules/router/index.js:291:5)\n' +
        '    at jsonParser (/Users/hashim/Desktop/Development/FeastFriends/321-project/backend/node_modules/body-parser/lib/types/json.js:100:7)\n' +
        '    at Layer.handleRequest (/Users/hashim/Desktop/Development/FeastFriends/321-project/backend/node_modules/router/lib/layer.js:152:17)\n' +
        '    at trimPrefix (/Users/hashim/Desktop/Development/FeastFriends/321-project/backend/node_modules/router/index.js:342:13)\n' +
        '    at /Users/hashim/Desktop/Development/FeastFriends/321-project/backend/node_modules/router/index.js:297:9\n' +
        '    at processParams (/Users/hashim/Desktop/Development/FeastFriends/321-project/backend/node_modules/router/index.js:582:12)\n' +
        '    at next (/Users/hashim/Desktop/Development/FeastFriends/321-project/backend/node_modules/router/index.js:291:5)\n' +
        '    at Function.handle (/Users/hashim/Desktop/Development/FeastFriends/321-project/backend/node_modules/router/index.js:186:3)\n' +
        '    at Function.handle (/Users/hashim/Desktop/Development/FeastFriends/321-project/backend/node_modules/express/lib/application.js:177:15)\n' +
        '    at Server.app (/Users/hashim/Desktop/Development/FeastFriends/321-project/backend/node_modules/express/lib/express.js:38:9)\n' +
        '    at Server.emit (node:events:519:28)\n' +
        '    at parserOnIncoming (node:_http_server:1173:12)\n' +
        '    at HTTPParser.parserOnHeadersComplete (node:_http_common:121:17)',
      timestamp: '2025-11-09T19:50:08.646Z',
      path: '/test/network-error',
      method: 'GET'
    }

      90 |   }
      91 |
    > 92 |   console.error('Error:', {
         |           ^
      93 |     message: err.message,
      94 |     statusCode,
      95 |     stack: err.stack,

      at errorHandler (src/middleware/errorHandler.ts:92:11)
      at Layer.handleError (node_modules/router/lib/layer.js:116:17)
      at trimPrefix (node_modules/router/index.js:340:13)
      at node_modules/router/index.js:297:9
      at processParams (node_modules/router/index.js:582:12)
      at next (node_modules/router/index.js:291:5)
      at next (node_modules/router/lib/route.js:132:14)
      at tests/with-mocks/errorHandler.mock.test.ts:90:5
      at Layer.handleRequest (node_modules/router/lib/layer.js:152:17)
      at next (node_modules/router/lib/route.js:157:13)
      at Route.dispatch (node_modules/router/lib/route.js:117:3)
      at handle (node_modules/router/index.js:435:11)
      at Layer.handleRequest (node_modules/router/lib/layer.js:152:17)
      at node_modules/router/index.js:295:15
      at processParams (node_modules/router/index.js:582:12)
      at next (node_modules/router/index.js:291:5)
      at jsonParser (node_modules/body-parser/lib/types/json.js:100:7)
      at Layer.handleRequest (node_modules/router/lib/layer.js:152:17)
      at trimPrefix (node_modules/router/index.js:342:13)
      at node_modules/router/index.js:297:9
      at processParams (node_modules/router/index.js:582:12)
      at next (node_modules/router/index.js:291:5)
      at Function.handle (node_modules/router/index.js:186:3)
      at Function.handle (node_modules/express/lib/application.js:177:15)
      at Server.app (node_modules/express/lib/express.js:38:9)

  console.error
    Error: {
      message: 'Something went wrong',
      statusCode: 500,
      stack: 'Error: Something went wrong\n' +
        '    at /Users/hashim/Desktop/Development/FeastFriends/321-project/backend/tests/with-mocks/errorHandler.mock.test.ts:68:10\n' +
        '    at Layer.handleRequest (/Users/hashim/Desktop/Development/FeastFriends/321-project/backend/node_modules/router/lib/layer.js:152:17)\n' +
        '    at next (/Users/hashim/Desktop/Development/FeastFriends/321-project/backend/node_modules/router/lib/route.js:157:13)\n' +
        '    at Route.dispatch (/Users/hashim/Desktop/Development/FeastFriends/321-project/backend/node_modules/router/lib/route.js:117:3)\n' +
        '    at handle (/Users/hashim/Desktop/Development/FeastFriends/321-project/backend/node_modules/router/index.js:435:11)\n' +
        '    at Layer.handleRequest (/Users/hashim/Desktop/Development/FeastFriends/321-project/backend/node_modules/router/lib/layer.js:152:17)\n' +
        '    at /Users/hashim/Desktop/Development/FeastFriends/321-project/backend/node_modules/router/index.js:295:15\n' +
        '    at processParams (/Users/hashim/Desktop/Development/FeastFriends/321-project/backend/node_modules/router/index.js:582:12)\n' +
        '    at next (/Users/hashim/Desktop/Development/FeastFriends/321-project/backend/node_modules/router/index.js:291:5)\n' +
        '    at jsonParser (/Users/hashim/Desktop/Development/FeastFriends/321-project/backend/node_modules/body-parser/lib/types/json.js:100:7)\n' +
        '    at Layer.handleRequest (/Users/hashim/Desktop/Development/FeastFriends/321-project/backend/node_modules/router/lib/layer.js:152:17)\n' +
        '    at trimPrefix (/Users/hashim/Desktop/Development/FeastFriends/321-project/backend/node_modules/router/index.js:342:13)\n' +
        '    at /Users/hashim/Desktop/Development/FeastFriends/321-project/backend/node_modules/router/index.js:297:9\n' +
        '    at processParams (/Users/hashim/Desktop/Development/FeastFriends/321-project/backend/node_modules/router/index.js:582:12)\n' +
        '    at next (/Users/hashim/Desktop/Development/FeastFriends/321-project/backend/node_modules/router/index.js:291:5)\n' +
        '    at Function.handle (/Users/hashim/Desktop/Development/FeastFriends/321-project/backend/node_modules/router/index.js:186:3)\n' +
        '    at Function.handle (/Users/hashim/Desktop/Development/FeastFriends/321-project/backend/node_modules/express/lib/application.js:177:15)\n' +
        '    at Server.app (/Users/hashim/Desktop/Development/FeastFriends/321-project/backend/node_modules/express/lib/express.js:38:9)\n' +
        '    at Server.emit (node:events:519:28)\n' +
        '    at parserOnIncoming (node:_http_server:1173:12)\n' +
        '    at HTTPParser.parserOnHeadersComplete (node:_http_common:121:17)',
      timestamp: '2025-11-09T19:50:08.650Z',
      path: '/test/generic-error',
      method: 'GET'
    }

      90 |   }
      91 |
    > 92 |   console.error('Error:', {
         |           ^
      93 |     message: err.message,
      94 |     statusCode,
      95 |     stack: err.stack,

      at errorHandler (src/middleware/errorHandler.ts:92:11)
      at Layer.handleError (node_modules/router/lib/layer.js:116:17)
      at trimPrefix (node_modules/router/index.js:340:13)
      at node_modules/router/index.js:297:9
      at processParams (node_modules/router/index.js:582:12)
      at next (node_modules/router/index.js:291:5)
      at next (node_modules/router/lib/route.js:132:14)
      at tests/with-mocks/errorHandler.mock.test.ts:68:5
      at Layer.handleRequest (node_modules/router/lib/layer.js:152:17)
      at next (node_modules/router/lib/route.js:157:13)
      at Route.dispatch (node_modules/router/lib/route.js:117:3)
      at handle (node_modules/router/index.js:435:11)
      at Layer.handleRequest (node_modules/router/lib/layer.js:152:17)
      at node_modules/router/index.js:295:15
      at processParams (node_modules/router/index.js:582:12)
      at next (node_modules/router/index.js:291:5)
      at jsonParser (node_modules/body-parser/lib/types/json.js:100:7)
      at Layer.handleRequest (node_modules/router/lib/layer.js:152:17)
      at trimPrefix (node_modules/router/index.js:342:13)
      at node_modules/router/index.js:297:9
      at processParams (node_modules/router/index.js:582:12)
      at next (node_modules/router/index.js:291:5)
      at Function.handle (node_modules/router/index.js:186:3)
      at Function.handle (node_modules/express/lib/application.js:177:15)
      at Server.app (node_modules/express/lib/express.js:38:9)

  console.error
    Error: {
      message: 'Something went wrong',
      statusCode: 500,
      stack: 'Error: Something went wrong\n' +
        '    at /Users/hashim/Desktop/Development/FeastFriends/321-project/backend/tests/with-mocks/errorHandler.mock.test.ts:68:10\n' +
        '    at Layer.handleRequest (/Users/hashim/Desktop/Development/FeastFriends/321-project/backend/node_modules/router/lib/layer.js:152:17)\n' +
        '    at next (/Users/hashim/Desktop/Development/FeastFriends/321-project/backend/node_modules/router/lib/route.js:157:13)\n' +
        '    at Route.dispatch (/Users/hashim/Desktop/Development/FeastFriends/321-project/backend/node_modules/router/lib/route.js:117:3)\n' +
        '    at handle (/Users/hashim/Desktop/Development/FeastFriends/321-project/backend/node_modules/router/index.js:435:11)\n' +
        '    at Layer.handleRequest (/Users/hashim/Desktop/Development/FeastFriends/321-project/backend/node_modules/router/lib/layer.js:152:17)\n' +
        '    at /Users/hashim/Desktop/Development/FeastFriends/321-project/backend/node_modules/router/index.js:295:15\n' +
        '    at processParams (/Users/hashim/Desktop/Development/FeastFriends/321-project/backend/node_modules/router/index.js:582:12)\n' +
        '    at next (/Users/hashim/Desktop/Development/FeastFriends/321-project/backend/node_modules/router/index.js:291:5)\n' +
        '    at jsonParser (/Users/hashim/Desktop/Development/FeastFriends/321-project/backend/node_modules/body-parser/lib/types/json.js:100:7)\n' +
        '    at Layer.handleRequest (/Users/hashim/Desktop/Development/FeastFriends/321-project/backend/node_modules/router/lib/layer.js:152:17)\n' +
        '    at trimPrefix (/Users/hashim/Desktop/Development/FeastFriends/321-project/backend/node_modules/router/index.js:342:13)\n' +
        '    at /Users/hashim/Desktop/Development/FeastFriends/321-project/backend/node_modules/router/index.js:297:9\n' +
        '    at processParams (/Users/hashim/Desktop/Development/FeastFriends/321-project/backend/node_modules/router/index.js:582:12)\n' +
        '    at next (/Users/hashim/Desktop/Development/FeastFriends/321-project/backend/node_modules/router/index.js:291:5)\n' +
        '    at Function.handle (/Users/hashim/Desktop/Development/FeastFriends/321-project/backend/node_modules/router/index.js:186:3)\n' +
        '    at Function.handle (/Users/hashim/Desktop/Development/FeastFriends/321-project/backend/node_modules/express/lib/application.js:177:15)\n' +
        '    at Server.app (/Users/hashim/Desktop/Development/FeastFriends/321-project/backend/node_modules/express/lib/express.js:38:9)\n' +
        '    at Server.emit (node:events:519:28)\n' +
        '    at parserOnIncoming (node:_http_server:1173:12)\n' +
        '    at HTTPParser.parserOnHeadersComplete (node:_http_common:121:17)',
      timestamp: '2025-11-09T19:50:08.655Z',
      path: '/test/generic-error',
      method: 'GET'
    }

      90 |   }
      91 |
    > 92 |   console.error('Error:', {
         |           ^
      93 |     message: err.message,
      94 |     statusCode,
      95 |     stack: err.stack,

      at errorHandler (src/middleware/errorHandler.ts:92:11)
      at Layer.handleError (node_modules/router/lib/layer.js:116:17)
      at trimPrefix (node_modules/router/index.js:340:13)
      at node_modules/router/index.js:297:9
      at processParams (node_modules/router/index.js:582:12)
      at next (node_modules/router/index.js:291:5)
      at next (node_modules/router/lib/route.js:132:14)
      at tests/with-mocks/errorHandler.mock.test.ts:68:5
      at Layer.handleRequest (node_modules/router/lib/layer.js:152:17)
      at next (node_modules/router/lib/route.js:157:13)
      at Route.dispatch (node_modules/router/lib/route.js:117:3)
      at handle (node_modules/router/index.js:435:11)
      at Layer.handleRequest (node_modules/router/lib/layer.js:152:17)
      at node_modules/router/index.js:295:15
      at processParams (node_modules/router/index.js:582:12)
      at next (node_modules/router/index.js:291:5)
      at jsonParser (node_modules/body-parser/lib/types/json.js:100:7)
      at Layer.handleRequest (node_modules/router/lib/layer.js:152:17)
      at trimPrefix (node_modules/router/index.js:342:13)
      at node_modules/router/index.js:297:9
      at processParams (node_modules/router/index.js:582:12)
      at next (node_modules/router/index.js:291:5)
      at Function.handle (node_modules/router/index.js:186:3)
      at Function.handle (node_modules/express/lib/application.js:177:15)
      at Server.app (node_modules/express/lib/express.js:38:9)

  console.error
    Error: {
      message: 'Validation failed',
      statusCode: 400,
      stack: 'ValidationError: Validation failed\n' +
        '    at /Users/hashim/Desktop/Development/FeastFriends/321-project/backend/tests/with-mocks/errorHandler.mock.test.ts:38:24\n' +
        '    at Layer.handleRequest (/Users/hashim/Desktop/Development/FeastFriends/321-project/backend/node_modules/router/lib/layer.js:152:17)\n' +
        '    at next (/Users/hashim/Desktop/Development/FeastFriends/321-project/backend/node_modules/router/lib/route.js:157:13)\n' +
        '    at Route.dispatch (/Users/hashim/Desktop/Development/FeastFriends/321-project/backend/node_modules/router/lib/route.js:117:3)\n' +
        '    at handle (/Users/hashim/Desktop/Development/FeastFriends/321-project/backend/node_modules/router/index.js:435:11)\n' +
        '    at Layer.handleRequest (/Users/hashim/Desktop/Development/FeastFriends/321-project/backend/node_modules/router/lib/layer.js:152:17)\n' +
        '    at /Users/hashim/Desktop/Development/FeastFriends/321-project/backend/node_modules/router/index.js:295:15\n' +
        '    at processParams (/Users/hashim/Desktop/Development/FeastFriends/321-project/backend/node_modules/router/index.js:582:12)\n' +
        '    at next (/Users/hashim/Desktop/Development/FeastFriends/321-project/backend/node_modules/router/index.js:291:5)\n' +
        '    at jsonParser (/Users/hashim/Desktop/Development/FeastFriends/321-project/backend/node_modules/body-parser/lib/types/json.js:100:7)\n' +
        '    at Layer.handleRequest (/Users/hashim/Desktop/Development/FeastFriends/321-project/backend/node_modules/router/lib/layer.js:152:17)\n' +
        '    at trimPrefix (/Users/hashim/Desktop/Development/FeastFriends/321-project/backend/node_modules/router/index.js:342:13)\n' +
        '    at /Users/hashim/Desktop/Development/FeastFriends/321-project/backend/node_modules/router/index.js:297:9\n' +
        '    at processParams (/Users/hashim/Desktop/Development/FeastFriends/321-project/backend/node_modules/router/index.js:582:12)\n' +
        '    at next (/Users/hashim/Desktop/Development/FeastFriends/321-project/backend/node_modules/router/index.js:291:5)\n' +
        '    at Function.handle (/Users/hashim/Desktop/Development/FeastFriends/321-project/backend/node_modules/router/index.js:186:3)\n' +
        '    at Function.handle (/Users/hashim/Desktop/Development/FeastFriends/321-project/backend/node_modules/express/lib/application.js:177:15)\n' +
        '    at Server.app (/Users/hashim/Desktop/Development/FeastFriends/321-project/backend/node_modules/express/lib/express.js:38:9)\n' +
        '    at Server.emit (node:events:519:28)\n' +
        '    at parserOnIncoming (node:_http_server:1173:12)\n' +
        '    at HTTPParser.parserOnHeadersComplete (node:_http_common:121:17)',
      timestamp: '2025-11-09T19:50:08.657Z',
      path: '/test/validation-error',
      method: 'GET'
    }

      90 |   }
      91 |
    > 92 |   console.error('Error:', {
         |           ^
      93 |     message: err.message,
      94 |     statusCode,
      95 |     stack: err.stack,

      at errorHandler (src/middleware/errorHandler.ts:92:11)
      at Layer.handleError (node_modules/router/lib/layer.js:116:17)
      at trimPrefix (node_modules/router/index.js:340:13)
      at node_modules/router/index.js:297:9
      at processParams (node_modules/router/index.js:582:12)
      at next (node_modules/router/index.js:291:5)
      at next (node_modules/router/lib/route.js:132:14)
      at tests/with-mocks/errorHandler.mock.test.ts:45:5
      at Layer.handleRequest (node_modules/router/lib/layer.js:152:17)
      at next (node_modules/router/lib/route.js:157:13)
      at Route.dispatch (node_modules/router/lib/route.js:117:3)
      at handle (node_modules/router/index.js:435:11)
      at Layer.handleRequest (node_modules/router/lib/layer.js:152:17)
      at node_modules/router/index.js:295:15
      at processParams (node_modules/router/index.js:582:12)
      at next (node_modules/router/index.js:291:5)
      at jsonParser (node_modules/body-parser/lib/types/json.js:100:7)
      at Layer.handleRequest (node_modules/router/lib/layer.js:152:17)
      at trimPrefix (node_modules/router/index.js:342:13)
      at node_modules/router/index.js:297:9
      at processParams (node_modules/router/index.js:582:12)
      at next (node_modules/router/index.js:291:5)
      at Function.handle (node_modules/router/index.js:186:3)
      at Function.handle (node_modules/express/lib/application.js:177:15)
      at Server.app (node_modules/express/lib/express.js:38:9)

  console.error
    Error: {
      message: 'E11000 duplicate key error',
      statusCode: 409,
      stack: 'MongoServerError: E11000 duplicate key error\n' +
        '    at /Users/hashim/Desktop/Development/FeastFriends/321-project/backend/tests/with-mocks/errorHandler.mock.test.ts:59:24\n' +
        '    at Layer.handleRequest (/Users/hashim/Desktop/Development/FeastFriends/321-project/backend/node_modules/router/lib/layer.js:152:17)\n' +
        '    at next (/Users/hashim/Desktop/Development/FeastFriends/321-project/backend/node_modules/router/lib/route.js:157:13)\n' +
        '    at Route.dispatch (/Users/hashim/Desktop/Development/FeastFriends/321-project/backend/node_modules/router/lib/route.js:117:3)\n' +
        '    at handle (/Users/hashim/Desktop/Development/FeastFriends/321-project/backend/node_modules/router/index.js:435:11)\n' +
        '    at Layer.handleRequest (/Users/hashim/Desktop/Development/FeastFriends/321-project/backend/node_modules/router/lib/layer.js:152:17)\n' +
        '    at /Users/hashim/Desktop/Development/FeastFriends/321-project/backend/node_modules/router/index.js:295:15\n' +
        '    at processParams (/Users/hashim/Desktop/Development/FeastFriends/321-project/backend/node_modules/router/index.js:582:12)\n' +
        '    at next (/Users/hashim/Desktop/Development/FeastFriends/321-project/backend/node_modules/router/index.js:291:5)\n' +
        '    at jsonParser (/Users/hashim/Desktop/Development/FeastFriends/321-project/backend/node_modules/body-parser/lib/types/json.js:100:7)\n' +
        '    at Layer.handleRequest (/Users/hashim/Desktop/Development/FeastFriends/321-project/backend/node_modules/router/lib/layer.js:152:17)\n' +
        '    at trimPrefix (/Users/hashim/Desktop/Development/FeastFriends/321-project/backend/node_modules/router/index.js:342:13)\n' +
        '    at /Users/hashim/Desktop/Development/FeastFriends/321-project/backend/node_modules/router/index.js:297:9\n' +
        '    at processParams (/Users/hashim/Desktop/Development/FeastFriends/321-project/backend/node_modules/router/index.js:582:12)\n' +
        '    at next (/Users/hashim/Desktop/Development/FeastFriends/321-project/backend/node_modules/router/index.js:291:5)\n' +
        '    at Function.handle (/Users/hashim/Desktop/Development/FeastFriends/321-project/backend/node_modules/router/index.js:186:3)\n' +
        '    at Function.handle (/Users/hashim/Desktop/Development/FeastFriends/321-project/backend/node_modules/express/lib/application.js:177:15)\n' +
        '    at Server.app (/Users/hashim/Desktop/Development/FeastFriends/321-project/backend/node_modules/express/lib/express.js:38:9)\n' +
        '    at Server.emit (node:events:519:28)\n' +
        '    at parserOnIncoming (node:_http_server:1173:12)\n' +
        '    at HTTPParser.parserOnHeadersComplete (node:_http_common:121:17)',
      timestamp: '2025-11-09T19:50:08.659Z',
      path: '/test/duplicate-error',
      method: 'GET'
    }

      90 |   }
      91 |
    > 92 |   console.error('Error:', {
         |           ^
      93 |     message: err.message,
      94 |     statusCode,
      95 |     stack: err.stack,

      at errorHandler (src/middleware/errorHandler.ts:92:11)
      at Layer.handleError (node_modules/router/lib/layer.js:116:17)
      at trimPrefix (node_modules/router/index.js:340:13)
      at node_modules/router/index.js:297:9
      at processParams (node_modules/router/index.js:582:12)
      at next (node_modules/router/index.js:291:5)
      at next (node_modules/router/lib/route.js:132:14)
      at tests/with-mocks/errorHandler.mock.test.ts:63:5
      at Layer.handleRequest (node_modules/router/lib/layer.js:152:17)
      at next (node_modules/router/lib/route.js:157:13)
      at Route.dispatch (node_modules/router/lib/route.js:117:3)
      at handle (node_modules/router/index.js:435:11)
      at Layer.handleRequest (node_modules/router/lib/layer.js:152:17)
      at node_modules/router/index.js:295:15
      at processParams (node_modules/router/index.js:582:12)
      at next (node_modules/router/index.js:291:5)
      at jsonParser (node_modules/body-parser/lib/types/json.js:100:7)
      at Layer.handleRequest (node_modules/router/lib/layer.js:152:17)
      at trimPrefix (node_modules/router/index.js:342:13)
      at node_modules/router/index.js:297:9
      at processParams (node_modules/router/index.js:582:12)
      at next (node_modules/router/index.js:291:5)
      at Function.handle (node_modules/router/index.js:186:3)
      at Function.handle (node_modules/express/lib/application.js:177:15)
      at Server.app (node_modules/express/lib/express.js:38:9)

  console.error
    Error: {
      message: 'Something went wrong',
      statusCode: 500,
      stack: 'Error: Something went wrong\n' +
        '    at /Users/hashim/Desktop/Development/FeastFriends/321-project/backend/tests/with-mocks/errorHandler.mock.test.ts:68:10\n' +
        '    at Layer.handleRequest (/Users/hashim/Desktop/Development/FeastFriends/321-project/backend/node_modules/router/lib/layer.js:152:17)\n' +
        '    at next (/Users/hashim/Desktop/Development/FeastFriends/321-project/backend/node_modules/router/lib/route.js:157:13)\n' +
        '    at Route.dispatch (/Users/hashim/Desktop/Development/FeastFriends/321-project/backend/node_modules/router/lib/route.js:117:3)\n' +
        '    at handle (/Users/hashim/Desktop/Development/FeastFriends/321-project/backend/node_modules/router/index.js:435:11)\n' +
        '    at Layer.handleRequest (/Users/hashim/Desktop/Development/FeastFriends/321-project/backend/node_modules/router/lib/layer.js:152:17)\n' +
        '    at /Users/hashim/Desktop/Development/FeastFriends/321-project/backend/node_modules/router/index.js:295:15\n' +
        '    at processParams (/Users/hashim/Desktop/Development/FeastFriends/321-project/backend/node_modules/router/index.js:582:12)\n' +
        '    at next (/Users/hashim/Desktop/Development/FeastFriends/321-project/backend/node_modules/router/index.js:291:5)\n' +
        '    at jsonParser (/Users/hashim/Desktop/Development/FeastFriends/321-project/backend/node_modules/body-parser/lib/types/json.js:100:7)\n' +
        '    at Layer.handleRequest (/Users/hashim/Desktop/Development/FeastFriends/321-project/backend/node_modules/router/lib/layer.js:152:17)\n' +
        '    at trimPrefix (/Users/hashim/Desktop/Development/FeastFriends/321-project/backend/node_modules/router/index.js:342:13)\n' +
        '    at /Users/hashim/Desktop/Development/FeastFriends/321-project/backend/node_modules/router/index.js:297:9\n' +
        '    at processParams (/Users/hashim/Desktop/Development/FeastFriends/321-project/backend/node_modules/router/index.js:582:12)\n' +
        '    at next (/Users/hashim/Desktop/Development/FeastFriends/321-project/backend/node_modules/router/index.js:291:5)\n' +
        '    at Function.handle (/Users/hashim/Desktop/Development/FeastFriends/321-project/backend/node_modules/router/index.js:186:3)\n' +
        '    at Function.handle (/Users/hashim/Desktop/Development/FeastFriends/321-project/backend/node_modules/express/lib/application.js:177:15)\n' +
        '    at Server.app (/Users/hashim/Desktop/Development/FeastFriends/321-project/backend/node_modules/express/lib/express.js:38:9)\n' +
        '    at Server.emit (node:events:519:28)\n' +
        '    at parserOnIncoming (node:_http_server:1173:12)\n' +
        '    at HTTPParser.parserOnHeadersComplete (node:_http_common:121:17)',
      timestamp: '2025-11-09T19:50:08.661Z',
      path: '/test/generic-error',
      method: 'GET'
    }

      90 |   }
      91 |
    > 92 |   console.error('Error:', {
         |           ^
      93 |     message: err.message,
      94 |     statusCode,
      95 |     stack: err.stack,

      at errorHandler (src/middleware/errorHandler.ts:92:11)
      at Layer.handleError (node_modules/router/lib/layer.js:116:17)
      at trimPrefix (node_modules/router/index.js:340:13)
      at node_modules/router/index.js:297:9
      at processParams (node_modules/router/index.js:582:12)
      at next (node_modules/router/index.js:291:5)
      at next (node_modules/router/lib/route.js:132:14)
      at tests/with-mocks/errorHandler.mock.test.ts:68:5
      at Layer.handleRequest (node_modules/router/lib/layer.js:152:17)
      at next (node_modules/router/lib/route.js:157:13)
      at Route.dispatch (node_modules/router/lib/route.js:117:3)
      at handle (node_modules/router/index.js:435:11)
      at Layer.handleRequest (node_modules/router/lib/layer.js:152:17)
      at node_modules/router/index.js:295:15
      at processParams (node_modules/router/index.js:582:12)
      at next (node_modules/router/index.js:291:5)
      at jsonParser (node_modules/body-parser/lib/types/json.js:100:7)
      at Layer.handleRequest (node_modules/router/lib/layer.js:152:17)
      at trimPrefix (node_modules/router/index.js:342:13)
      at node_modules/router/index.js:297:9
      at processParams (node_modules/router/index.js:582:12)
      at next (node_modules/router/index.js:291:5)
      at Function.handle (node_modules/router/index.js:186:3)
      at Function.handle (node_modules/express/lib/application.js:177:15)
      at Server.app (node_modules/express/lib/express.js:38:9)

  console.error
    Error: {
      message: 'Cast to ObjectId failed',
      statusCode: 400,
      stack: 'CastError: Cast to ObjectId failed\n' +
        '    at /Users/hashim/Desktop/Development/FeastFriends/321-project/backend/tests/with-mocks/errorHandler.mock.test.ts:50:24\n' +
        '    at Layer.handleRequest (/Users/hashim/Desktop/Development/FeastFriends/321-project/backend/node_modules/router/lib/layer.js:152:17)\n' +
        '    at next (/Users/hashim/Desktop/Development/FeastFriends/321-project/backend/node_modules/router/lib/route.js:157:13)\n' +
        '    at Route.dispatch (/Users/hashim/Desktop/Development/FeastFriends/321-project/backend/node_modules/router/lib/route.js:117:3)\n' +
        '    at handle (/Users/hashim/Desktop/Development/FeastFriends/321-project/backend/node_modules/router/index.js:435:11)\n' +
        '    at Layer.handleRequest (/Users/hashim/Desktop/Development/FeastFriends/321-project/backend/node_modules/router/lib/layer.js:152:17)\n' +
        '    at /Users/hashim/Desktop/Development/FeastFriends/321-project/backend/node_modules/router/index.js:295:15\n' +
        '    at processParams (/Users/hashim/Desktop/Development/FeastFriends/321-project/backend/node_modules/router/index.js:582:12)\n' +
        '    at next (/Users/hashim/Desktop/Development/FeastFriends/321-project/backend/node_modules/router/index.js:291:5)\n' +
        '    at jsonParser (/Users/hashim/Desktop/Development/FeastFriends/321-project/backend/node_modules/body-parser/lib/types/json.js:100:7)\n' +
        '    at Layer.handleRequest (/Users/hashim/Desktop/Development/FeastFriends/321-project/backend/node_modules/router/lib/layer.js:152:17)\n' +
        '    at trimPrefix (/Users/hashim/Desktop/Development/FeastFriends/321-project/backend/node_modules/router/index.js:342:13)\n' +
        '    at /Users/hashim/Desktop/Development/FeastFriends/321-project/backend/node_modules/router/index.js:297:9\n' +
        '    at processParams (/Users/hashim/Desktop/Development/FeastFriends/321-project/backend/node_modules/router/index.js:582:12)\n' +
        '    at next (/Users/hashim/Desktop/Development/FeastFriends/321-project/backend/node_modules/router/index.js:291:5)\n' +
        '    at Function.handle (/Users/hashim/Desktop/Development/FeastFriends/321-project/backend/node_modules/router/index.js:186:3)\n' +
        '    at Function.handle (/Users/hashim/Desktop/Development/FeastFriends/321-project/backend/node_modules/express/lib/application.js:177:15)\n' +
        '    at Server.app (/Users/hashim/Desktop/Development/FeastFriends/321-project/backend/node_modules/express/lib/express.js:38:9)\n' +
        '    at Server.emit (node:events:519:28)\n' +
        '    at parserOnIncoming (node:_http_server:1173:12)\n' +
        '    at HTTPParser.parserOnHeadersComplete (node:_http_common:121:17)',
      timestamp: '2025-11-09T19:50:08.663Z',
      path: '/test/cast-error',
      method: 'GET'
    }

      90 |   }
      91 |
    > 92 |   console.error('Error:', {
         |           ^
      93 |     message: err.message,
      94 |     statusCode,
      95 |     stack: err.stack,

      at errorHandler (src/middleware/errorHandler.ts:92:11)
      at Layer.handleError (node_modules/router/lib/layer.js:116:17)
      at trimPrefix (node_modules/router/index.js:340:13)
      at node_modules/router/index.js:297:9
      at processParams (node_modules/router/index.js:582:12)
      at next (node_modules/router/index.js:291:5)
      at next (node_modules/router/lib/route.js:132:14)
      at tests/with-mocks/errorHandler.mock.test.ts:54:5
      at Layer.handleRequest (node_modules/router/lib/layer.js:152:17)
      at next (node_modules/router/lib/route.js:157:13)
      at Route.dispatch (node_modules/router/lib/route.js:117:3)
      at handle (node_modules/router/index.js:435:11)
      at Layer.handleRequest (node_modules/router/lib/layer.js:152:17)
      at node_modules/router/index.js:295:15
      at processParams (node_modules/router/index.js:582:12)
      at next (node_modules/router/index.js:291:5)
      at jsonParser (node_modules/body-parser/lib/types/json.js:100:7)
      at Layer.handleRequest (node_modules/router/lib/layer.js:152:17)
      at trimPrefix (node_modules/router/index.js:342:13)
      at node_modules/router/index.js:297:9
      at processParams (node_modules/router/index.js:582:12)
      at next (node_modules/router/index.js:291:5)
      at Function.handle (node_modules/router/index.js:186:3)
      at Function.handle (node_modules/express/lib/application.js:177:15)
      at Server.app (node_modules/express/lib/express.js:38:9)

  console.error
    Error: {
      message: 'Error: aaaaaaaaaaaaaaaaaaaaaaaaaaaaaaaaaaaaaaaaaaaaaaaaaaaaaaaaaaaaaaaaaaaaaaaaaaaaaaaaaaaaaaaaaaaaaaaaaaaaaaaaaaaaaaaaaaaaaaaaaaaaaaaaaaaaaaaaaaaaaaaaaaaaaaaaaaaaaaaaaaaaaaaaaaaaaaaaaaaaaaaaaaaaaaaaaaaaaaaaaaaaaaaaaaaaaaaaaaaaaaaaaaaaaaaaaaaaaaaaaaaaaaaaaaaaaaaaaaaaaaaaaaaaaaaaaaaaaaaaaaaaaaaaaaaaaaaaaaaaaaaaaaaaaaaaaaaaaaaaaaaaaaaaaaaaaaaaaaaaaaaaaaaaaaaaaaaaaaaaaaaaaaaaaaaaaaaaaaaaaaaaaaaaaaaaaaaaaaaaaaaaaaaaaaaaaaaaaaaaaaaaaaaaaaaaaaaaaaaaaaaaaaaaaaaaaaaaaaaaaaaaaaaaaaaaaaaaaaaaaaaaaaaaaaaaaaaaaaaaaaaaaaaaaaaaaaaaaaaaaaaaaaaaaaaaaaaaaaaaaaaaaaaaaaaaaaaaaaaaaaaaaaaaaaaaaaaaaaaaaaaaaaaaaaaaaaaaaaaaaaaaaaaaaaaaaaaaaaaaaaaaaaaaaaaaaaaaaaaaaaaaaaaaaaaaaaaaaaaaaaaaaaaaaaaaaaaaaaaaaaaaaaaaaaaaaaaaaaaaaaaaaaaaaaaaaaaaaaaaaaaaaaaaaaaaaaaaaaaaaaaaaaaaaaaaaaaaaaaaaaaaaaaaaaaaaaaaaaaaaaaaaaaaaaaaaaaaaaaaaaaaaaaaaaaaaaaaaaaaaaaaaaaaaaaaaaaaaaaaaaaaaaaaaaaaaaaaaaaaaaaaaaaaaaaaaaaaaaaaaaaaaaaaaaaaaaaaaaaaaaaaaaaaaaaaaaaaaaaaaaaaaaaaaaaaaaaaaaaaaaaaaaaaaaaaaaaaaaaaaaaaaaaaaaaaaaaaaaaaaaaaaaaaaaaaaaaaaaaaaaaaaaaaaaaaaaaaaaaaaaaaaaaaaaaaaaaaaaaaaaaaaaaaaaaaaaaaaaaaaaaaaaaaaaaaaaaaaaaaaaaaaaaaaaaaaaaaaaaaaaaaaaaaaaaaaaaaaaaaaaaaaaaaaaaaaaaaaaaaaaaaaaaaaaaaaaaaaaaaaaaaaaaaaaaaaaaaaaaaaaaaaaaaaaaaaaaaaaaaaaaaaaaaaaaaaaaaaaaaaaaaaaaaaaaaaaaaaaaaaaaaaaaaaaaaaaaaaaaaaaaaaaaaaaaaaaaaaaaaaaaaaaaaaaaaaaaaaaaaaaaaaaaaaaaaaaaaaaaaaaaaaaaaaaaaaaaaaaaaaaaaaaaaaaaaaaaaaaaaaaaaaaaaaaaaaaaaaaaaaaaaaaaaaaaaaaaaaaaaaaaaaaaaaaaaaaaaaaaaaaaaaaaaaaaaaaaaaaaaaaaaaaaaaaaaaaaaaaaaaaaaaaaaaaaaaaaaaaaaaaaaaaaaaaaaaaaaaaaaaaaaaaaaaaaaaaaaaaaaaaaaaaaaaaaaaaaaaaaaaaaaaaaaaaaaaaaaaaaaaaaaaaaaaaaaaaaaaaaaaaaaaaaaaaaaaaaaaaaaaaaaaaaaaaaaaaaaaaaaaaaaaaaaaaaaaaaaaaaaaaaaaaaaaaaaaaaaaaaaaaaaaaaaaaaaaaaaaaaaaaaaaaaaaaaaaaaaaaaaaaaaaaaaaaaaaaaaaaaaaaaaaaaaaaaaaaaaaaaaaaaaaaaaaaaaaaaaaaaaaaaaaaaaaaaaaaaaaaaaaaaaaaaaaaaaaaaaaaaaaaaaaaaaaaaaaaaaaaaaaaaaaaaaaaaaaaaaaaaaaaaaaaaaaaaaaaaaaaaaaaaaaaaaaaaaaaaaaaaaaaaaaaaaaaaaaaaaaaaaaaaaaaaaaaaaaaaaaaaaaaaaaaaaaaaaaaaaaaaaaaaaaaaaaaaaaaaaaaaaaaaaaaaaaaaaaaaaaaaaaaaaaaaaaaaaaaaaaaaaaaaaaaaaaaaaaaaaaaaaaaaaaaaaaaaaaaaaaaaaaaaaaaaaaaaaaaaaaaaaaaaaaaaaaaaaaaaaaaaaaaaaaaaaaaaaaaaaaaaaaaaaaaaaaaaaaaaaaaaaaaaaaaaaaaaaaaaaaaaaaaaaaaaaaaaaaaaaaaaaaaaaaaaaaaaaaaaaaaaaaaaaaaaaaaaaaaaaaaaaaaaaaaaaaaaaaaaaaaaaaaaaaaaaaaaaaaaaaaaaaaaaaaaaaaaaaaaaaaaaaaaaaaaaaaaaaaaaaaaaaaaaaaaaaaaaaaaaaaaaaaaaaaaaaaaaaaaaaaaaaaaaaaaaaaaaaaaaaaaaaaaaaaaaaaaaaaaaaaaaaaaaaaaaaaaaaaaaaaaaaaaaaaaaaaaaaaaaaaaaaaaaaaaaaaaaaaaaaaaaaaaaaaaaaaaaaaaaaaaaaaaaaaaaaaaaaaaaaaaaaaaaaaaaaaaaaaaaaaaaaaaaaaaaaaaaaaaaaaaaaaaaaaaaaaaaaaaaaaaaaaaaaaaaaaaaaaaaaaaaaaaaaaaaaaaaaaaaaaaaaaaaaaaaaaaaaaaaaaaaaaaaaaaaaaaaaaaaaaaaaaaaaaaaaaaaaaaaaaaaaaaaaaaaaaaaaaaaaaaaaaaaaaaaaaaaaaaaaaaaaaaaaaaaaaaaaaaaaaaaaaaaaaaaaaaaaaaaaaaaaaaaaaaaaaaaaaaaaaaaaaaaaaaaaaaaaaaaaaaaaaaaaaaaaaaaaaaaaaaaaaaaaaaaaaaaaaaaaaaaaaaaaaaaaaaaaaaaaaaaaaaaaaaaaaaaaaaaaaaaaaaaaaaaaaaaaaaaaaaaaaaaaaaaaaaaaaaaaaaaaaaaaaaaaaaaaaaaaaaaaaaaaaaaaaaaaaaaaaaaaaaaaaaaaaaaaaaaaaaaaaaaaaaaaaaaaaaaaaaaaaaaaaaaaaaaaaaaaaaaaaaaaaaaaaaaaaaaaaaaaaaaaaaaaaaaaaaaaaaaaaaaaaaaaaaaaaaaaaaaaaaaaaaaaaaaaaaaaaaaaaaaaaaaaaaaaaaaaaaaaaaaaaaaaaaaaaaaaaaaaaaaaaaaaaaaaaaaaaaaaaaaaaaaaaaaaaaaaaaaaaaaaaaaaaaaaaaaaaaaaaaaaaaaaaaaaaaaaaaaaaaaaaaaaaaaaaaaaaaaaaaaaaaaaaaaaaaaaaaaaaaaaaaaaaaaaaaaaaaaaaaaaaaaaaaaaaaaaaaaaaaaaaaaaaaaaaaaaaaaaaaaaaaaaaaaaaaaaaaaaaaaaaaaaaaaaaaaaaaaaaaaaaaaaaaaaaaaaaaaaaaaaaaaaaaaaaaaaaaaaaaaaaaaaaaaaaaaaaaaaaaaaaaaaaaaaaaaaaaaaaaaaaaaaaaaaaaaaaaaaaaaaaaaaaaaaaaaaaaaaaaaaaaaaaaaaaaaaaaaaaaaaaaaaaaaaaaaaaaaaaaaaaaaaaaaaaaaaaaaaaaaaaaaaaaaaaaaaaaaaaaaaaaaaaaaaaaaaaaaaaaaaaaaaaaaaaaaaaaaaaaaaaaaaaaaaaaaaaaaaaaaaaaaaaaaaaaaaaaaaaaaaaaaaaaaaaaaaaaaaaaaaaaaaaaaaaaaaaaaaaaaaaaaaaaaaaaaaaaaaaaaaaaaaaaaaaaaaaaaaaaaaaaaaaaaaaaaaaaaaaaaaaaaaaaaaaaaaaaaaaaaaaaaaaaaaaaaaaaaaaaaaaaaaaaaaaaaaaaaaaaaaaaaaaaaaaaaaaaaaaaaaaaaaaaaaaaaaaaaaaaaaaaaaaaaaaaaaaaaaaaaaaaaaaaaaaaaaaaaaaaaaaaaaaaaaaaaaaaaaaaaaaaaaaaaaaaaaaaaaaaaaaaaaaaaaaaaaaaaaaaaaaaaaaaaaaaaaaaaaaaaaaaaaaaaaaaaaaaaaaaaaaaaaaaaaaaaaaaaaaaaaaaaaaaaaaaaaaaaaaaaaaaaaaaaaaaaaaaaaaaaaaaaaaaaaaaaaaaaaaaaaaaaaaaaaaaaaaaaaaaaaaaaaaaaaaaaaaaaaaaaaaaaaaaaaaaaaaaaaaaaaaaaaaaaaaaaaaaaaaaaaaaaaaaaaaaaaaaaaaaaaaaaaaaaaaaaaaaaaaaaaaaaaaaaaaaaaaaaaaaaaaaaaaaaaaaaaaaaaaaaaaaaaaaaaaaaaaaaaaaaaaaaaaaaaaaaaaaaaaaaaaaaaaaaaaaaaaaaaaaaaaaaaaaaaaaaaaaaaaaaaaaaaaaaaaaaaaaaaaaaaaaaaaaaaaaaaaaaaaaaaaaaaaaaaaaaaaaaaaaaaaaaaaaaaaaaaaaaaaaaaaaaaaaaaaaaaaaaaaaaaaaaaaaaaaaaaaaaaaaaaaaaaaaaaaaaaaaaaaaaaaaaaaaaaaaaaaaaaaaaaaaaaaaaaaaaaaaaaaaaaaaaaaaaaaaaaaaaaaaaaaaaaaaaaaaaaaaaaaaaaaaaaaaaaaaaaaaaaaaaaaaaaaaaaaaaaaaaaaaaaaaaaaaaaaaaaaaaaaaaaaaaaaaaaaaaaaaaaaaaaaaaaaaaaaaaaaaaaaaaaaaaaaaaaaaaaaaaaaaaaaaaaaaaaaaaaaaaaaaaaaaaaaaaaaaaaaaaaaaaaaaaaaaaaaaaaaaaaaaaaaaaaaaaaaaaaaaaaaaaaaaaaaaaaaaaaaaaaaaaaaaaaaaaaaaaaaaaaaaaaaaaaaaaaaaaaaaaaaaaaaaaaaaaaaaaaaaaaaaaaaaaaaaaaaaaaaaaaaaaaaaaaaaaaaaaaaaaaaaaaaaaaaaaaaaaaaaaaaaaaaaaaaaaaaaaaaaaaaaaaaaaaaaaaaaaaaaaaaaaaaaaaaaaaaaaaaaaaaaaaaaaaaaaaaaaaaaaaaaaaaaaaaaaaaaaaaaaaaaaaaaaaaaaaaaaaaaaaaaaaaaaaaaaaaaaaaaaaaaaaaaaaaaaaaaaaaaaaaaaaaaaaaaaaaaaaaaaaaaaaaaaaaaaaaaaaaaaaaaaaaaaaaaaaaaaaaaaaaaaaaaaaaaaaaaaaaaaaaaaaaaaaaaaaaaaaaaaaaaaaaaaaaaaaaaaaaaaaaaaaaaaaaaaaaaaaaaaaaaaaaaaaaaaaaaaaaaaaaaaaaaaaaaaaaaaaaaaaaaaaaaaaaaaaaaaaaaaaaaaaaaaaaaaaaaaaaaaaaaaaaaaaaaaaaaaaaaaaaaaaaaaaaaaaaaaaaaaaaaaaaaaaaaaaaaaaaaaaaaaaaaaaaaaaaaaaaaaaaaaaaaaaaaaaaaaaaaaaaaaaaaaaaaaaaaaaaaaaaaaaaaaaaaaaaaaaaaaaaaaaaaaaaaaaaaaaaaaaaaaaaaaaaaaaaaaaaaaaaaaaaaaaaaaaaaaaaaaaaaaaaaaaaaaaaaaaaaaaaaaaaaaaaaaaaaaaaaaaaaaaaaaaaaaaaaaaaaaaaaaaaaaaaaaaaaaaaaaaaaaaaaaaaaaaaaaaaaaaaaaaaaaaaaaaaaaaaaaaaaaaaaaaaaaaaaaaaaaaaaaaaaaaaaaaaaaaaaaaaaaaaaaaaaaaaaaaaaaaaaaaaaaaaaaaaaaaaaaaaaaaaaaaaaaaaaaaaaaaaaaaaaaaaaaaaaaaaaaaaaaaaaaaaaaaaaaaaaaaaaaaaaaaaaaaaaaaaaaaaaaaaaaaaaaaaaaaaaaaaaaaaaaaaaaaaaaaaaaaaaaaaaaaaaaaaaaaaaaaaaaaaaaaaaaaaaaaaaaaaaaaaaaaaaaaaaaaaaaaaaaaaaaaaaaaaaaaaaaaaaaaaaaaaaaaaaaaaaaaaaaaaaaaaaaaaaaaaaaaaaaaaaaaaaaaaaaaaaaaaaaaaaaaaaaaaaaaaaaaaaaaaaaaaaaaaaaaaaaaaaaaaaaaaaaaaaaaaaaaaaaaaaaaaaaaaaaaaaaaaaaaaaaaaaaaaaaaaaaaaaaaaaaaaaaaaaaaaaaaaaaaaaaaaaaaaaaaaaaaaaaaaaaaaaaaaaaaaaaaaaaaaaaaaaaaaaaaaaaaaaaaaaaaaaaaaaaaaaaaaaaaaaaaaaaaaaaaaaaaaaaaaaaaaaaaaaaaaaaaaaaaaaaaaaaaaaaaaaaaaaaaaaaaaaaaaaaaaaaaaaaaaaaaaaaaaaaaaaaaaaaaaaaaaaaaaaaaaaaaaaaaaaaaaaaaaaaaaaaaaaaaaaaaaaaaaaaaaaaaaaaaaaaaaaaaaaaaaaaaaaaaaaaaaaaaaaaaaaaaaaaaaaaaaaaaaaaaaaaaaaaaaaaaaaaaaaaaaaaaaaaaaaaaaaaaaaaaaaaaaaaaaaaaaaaaaaaaaaaaaaaaaaaaaaaaaaaaaaaaaaaaaaaaaaaaaaaaaaaaaaaaaaaaaaaaaaaaaaaaaaaaaaaaaaaaaaaaaaaaaaaaaaaaaaaaaaaaaaaaaaaaaaaaaaaaaaaaaaaaaaaaaaaaaaaaaaaaaaaaaaaaaaaaaaaaaaaaaaaaaaaaaaaaaaaaaaaaaaaaaaaaaaaaaaaaaaaaaaaaaaaaaaaaaaaaaaaaaaaaaaaaaaaaaaaaaaaaaaaaaaaaaaaaaaaaaaaaaaaaaaaaaaaaaaaaaaaaaaaaaaaaaaaaaaaaaaaaaaaaaaaaaaaaaaaaaaaaaaaaaaaaaaaaaaaaaaaaaaaaaaaaaaaaaaaaaaaaaaaaaaaaaaaaaaaaaaaaaaaaaaaaaaaaaaaaaaaaaaaaaaaaaaaaaaaaaaaaaaaaaaaaaaaaaaaaaaaaaaaaaaaaaaaaaaaaaaaaaaaaaaaaaaaaaaaaaaaaaaaaaaaaaaaaaaaaaaaaaaaaaaaaaaaaaaaaaaaaaaaaaaaaaaaaaaaaaaaaaaaaaaaaaaaaaaaaaaaaaaaaaaaaaaaaaaaaaaaaaaaaaaaaaaaaaaaaaaaaaaaaaaaaaaaaaaaaaaaaaaaaaaaaaaaaaaaaaaaaaaaaaaaaaaaaaaaaaaaaaaaaaaaaaaaaaaaaaaaaaaaaaaaaaaaaaaaaaaaaaaaaaaaaaaaaaaaaaaaaaaaaaaaaaaaaaaaaaaaaaaaaaaaaaaaaaaaaaaaaaaaaaaaaaaaaaaaaaaaaaaaaaaaaaaaaaaaaaaaaaaaaaaaaaaaaaaaaaaaaaaaaaaaaaaaaaaaaaaaaaaaaaaaaaaaaaaaaaaaaaaaaaaaaaaaaaaaaaaaaaaaaaaaaaaaaaaaaaaaaaaaaaaaaaaaaaaaaaaaaaaaaaaaaaaaaaaaaaaaaaaaaaaaaaaaaaaaaaaaaaaaaaaaaaaaaaaaaaaaaaaaaaaaaaaaaaaaaaaaaaaaaaaaaaaaaaaaaaaaaaaaaaaaaaaaaaaaaaaaaaaaaaaaaaaaaaaaaaaaaaaaaaaaaaaaaaaaaaaaaaaaaaaaaaaaaaaaaaaaaaaaaaaaaaaaaaaaaaaaaaaaaaaaaaaaaaaaaaaaaaaaaaaaaaaaaaaaaaaaaaaaaaaaaaaaaaaaaaaaaaaaaaaaaaaaaaaaaaaaaaaaaaaaaaaaaaaaaaaaaaaaaaaaaaaaaaaaaaaaaaaaaaaaaaaaaaaaaaaaaaaaaaaaaaaaaaaaaaaaaaaaaaaaaaaaaaaaaaaaaaaaaaaaaaaaaaaaaaaaaaaaaaaaaaaaaaaaaaaaaaaaaaaaaaaaaaaaaaaaaaaaaaaaaaaaaaaaaaaaaaaaaaaaaaaaaaaaaaaaaaaaaaaaaaaaaaaaaaaaaaaaaaaaaaaaaaaaaaaaaaaaaaaaaaaaaaaaaaaaaaaaaaaaaaaaaaaaaaaaaaaaaaaaaaaaaaaaaaaaaaaaaaaaaaaaaaaaaaaaaaaaaaaaaaaaaaaaaaaaaaaaaaaaaaaaaaaaaaaaaaaaaaaaaaaaaaaaaaaaaaaaaaaaaaaaaaaaaaaaaaaaaaaaaaaaaaaaaaaaaaaaaaaaaaaaaaaaaaaaaaaaaaaaaaaaaaaaaaaaaaaaaaaaaaaaaaaaaaaaaaaaaaaaaaaaaaaaaaaaaaaaaaaaaaaaaaaaaaaaaaaaaaaaaaaaaaaaaaaaaaaaaaaaaaaaaaaaaaaaaaaaaaaaaaaaaaaaaaaaaaaaaaaaaaaaaaaaaaaaaaaaaaaaaaaaaaaaaaaaaaaaaaaaaaaaaaaaaaaaaaaaaaaaaaaaaaaaaaaaaaaaaaaaaaaaaaaaaaaaaaaaaaaaaaaaaaaaaaaaaaaaaaaaaaaaaaaaaaaaaaaaaaaaaaaaaaaaaaaaaaaaaaaaaaaaaaaaaaaaaaaaaaaaaaaaaaaaaaaaaaaaaaaaaaaaaaaaaaaaaaaaaaaaaaaaaaaaaaaaaaaaaaaaaaaaaaaaaaaaaaaaaaaaaaaaaaaaaaaaaaaaaaaaaaaaaaaaaaaaaaaaaaaaaaaaaaaaaaaaaaaaaaaaaaaaaaaaaaaaaaaaaaaaaaaaaaaaaaaaaaaaaaaaaaaaaaaaaaaaaaaaaaaaaaaaaaaaaaaaaaaaaaaaaaaaaaaaaaaaaaaaaaaaaaaaaaaaaaaaaaaaaaaaaaaaaaaaaaaaaaaaaaaaaaaaaaaaaaaaaaaaaaaaaaaaaaaaaaaaaaaaaaaaaaaaaaaaaaaaaaaaaaaaaaaaaaaaaaaaaaaaaaaaaaaaaaaaaaaaaaaaaaaaaaaaaaaaaaaaaaaaaaaaaaaaaaaaaaaaaaaaaaaaaaaaaaaaaaaaaaaaaaaaaaaaaaaaaaaaaaaaaaaaaaaaaaaaaaaaaaaaaaaaaaaaaaaaaaaaaaaaaaaaaaaaaaaaaaaaaaaaaaaaaaaaaaaaaaaaaaaaaaaaaaaaaaaaaaaaaaaaaaaaaaaaaaaaaaaaaaaaaaaaaaaaaaaaaaaaaaaaaaaaaaaaaaaaaaaaaaaaaaaaaaaaaaaaaaaaaaaaaaaaaaaaaaaaaaaaaaaaaaaaaaaaaaaaaaaaaaaaaaaaaaaaaaaaaaaaaaaaaaaaaaaaaaaaaaaaaaaaaaaaaaaaaaaaaaaaaaaaaaaaaaaaaaaaaaaaaaaaaaaaaaaaaaaaaaaaaaaaaaaaaaaaaaaaaaaaaaaaaaaaaaaaaaaaaaaaaaaaaaaaaaaaaaaaaaaaaaaaaaaaaaaaaaaaaaaaaaaaaaaaaaaaaaaaaaaaaaaaaaaaaaaaaaaaaaaaaaaaaaaaaaaaaaaaaaaaaaaaaaaaaaaaaaaaaaaaaaaaaaaaaaaaaaaaaaaaaaaaaaaaaaaaaaaaaaaaaaaaaaaaaaaaaaaaaaaaaaaaaaaaaaaaaaaaaaaaaaaaaaaaaaaaaaaaaaaaaaaaaaaaaaaaaaaaaaaaaaaaaaaaaaaaaaaaaaaaaaaaaaaaaaaaaaaaaaaaaaaaaaaaaaaaaaaaaaaaaaaaaaaaaaaaaaaaaaaaaaaaaaaaaaaaaaaaaaaaaaaaaaaaaaaaaaaaaaaaaaaaaaaaaaaaaaaaaaaaaaaaaaaaaaaaaaaaaaaaaaaaaaaaaaaaaaaaaaaaaaaaaaaaaaaaaaaaaaaaaaaaaaaaaaaaaaaaaaaaaaaaaaaaaaaaaaaaaaaaaaaaaaaaaaaaaaaaaaaaaaaaaaaaaaaaaaaaaaaaaaaaaaaaaaaaaaaaaaaaaaaaaaaaaaaaaaaaaaaaaaaaaaaaaaaaaaaaaaaaaaaaaaaaaaaaaaaaaaaaaaaaaaaaaaaaaaaaaaaaaaaaaaaaaaaaaaaaaaaaaaaaaaaaaaaaaaaaaaaaaaaaaaaaaaaaaaaaaaaaaaaaaaaaaaaaaaaaaaaaaaaaaaaaaaaaaaaaaaaaaaaaaaaaaaaaaaaaaaaaaaaaaaaaaaaaaaaaaaaaaaaaaaaaaaaaaaaaaaaaaaaaaaaaaaaaaaaaaaaaaaaaaaaaaaaaaaaaaaaaaaaaaaaaaaaaaaaaaaaaaaaaaaaaaaaaaaaaaaaaaaaaaaaaaaaaaaaaaaaaaaaaaaaaaaaaaaaaa'... 7 more characters,
      statusCode: 500,
      stack: 'Error: Error: aaaaaaaaaaaaaaaaaaaaaaaaaaaaaaaaaaaaaaaaaaaaaaaaaaaaaaaaaaaaaaaaaaaaaaaaaaaaaaaaaaaaaaaaaaaaaaaaaaaaaaaaaaaaaaaaaaaaaaaaaaaaaaaaaaaaaaaaaaaaaaaaaaaaaaaaaaaaaaaaaaaaaaaaaaaaaaaaaaaaaaaaaaaaaaaaaaaaaaaaaaaaaaaaaaaaaaaaaaaaaaaaaaaaaaaaaaaaaaaaaaaaaaaaaaaaaaaaaaaaaaaaaaaaaaaaaaaaaaaaaaaaaaaaaaaaaaaaaaaaaaaaaaaaaaaaaaaaaaaaaaaaaaaaaaaaaaaaaaaaaaaaaaaaaaaaaaaaaaaaaaaaaaaaaaaaaaaaaaaaaaaaaaaaaaaaaaaaaaaaaaaaaaaaaaaaaaaaaaaaaaaaaaaaaaaaaaaaaaaaaaaaaaaaaaaaaaaaaaaaaaaaaaaaaaaaaaaaaaaaaaaaaaaaaaaaaaaaaaaaaaaaaaaaaaaaaaaaaaaaaaaaaaaaaaaaaaaaaaaaaaaaaaaaaaaaaaaaaaaaaaaaaaaaaaaaaaaaaaaaaaaaaaaaaaaaaaaaaaaaaaaaaaaaaaaaaaaaaaaaaaaaaaaaaaaaaaaaaaaaaaaaaaaaaaaaaaaaaaaaaaaaaaaaaaaaaaaaaaaaaaaaaaaaaaaaaaaaaaaaaaaaaaaaaaaaaaaaaaaaaaaaaaaaaaaaaaaaaaaaaaaaaaaaaaaaaaaaaaaaaaaaaaaaaaaaaaaaaaaaaaaaaaaaaaaaaaaaaaaaaaaaaaaaaaaaaaaaaaaaaaaaaaaaaaaaaaaaaaaaaaaaaaaaaaaaaaaaaaaaaaaaaaaaaaaaaaaaaaaaaaaaaaaaaaaaaaaaaaaaaaaaaaaaaaaaaaaaaaaaaaaaaaaaaaaaaaaaaaaaaaaaaaaaaaaaaaaaaaaaaaaaaaaaaaaaaaaaaaaaaaaaaaaaaaaaaaaaaaaaaaaaaaaaaaaaaaaaaaaaaaaaaaaaaaaaaaaaaaaaaaaaaaaaaaaaaaaaaaaaaaaaaaaaaaaaaaaaaaaaaaaaaaaaaaaaaaaaaaaaaaaaaaaaaaaaaaaaaaaaaaaaaaaaaaaaaaaaaaaaaaaaaaaaaaaaaaaaaaaaaaaaaaaaaaaaaaaaaaaaaaaaaaaaaaaaaaaaaaaaaaaaaaaaaaaaaaaaaaaaaaaaaaaaaaaaaaaaaaaaaaaaaaaaaaaaaaaaaaaaaaaaaaaaaaaaaaaaaaaaaaaaaaaaaaaaaaaaaaaaaaaaaaaaaaaaaaaaaaaaaaaaaaaaaaaaaaaaaaaaaaaaaaaaaaaaaaaaaaaaaaaaaaaaaaaaaaaaaaaaaaaaaaaaaaaaaaaaaaaaaaaaaaaaaaaaaaaaaaaaaaaaaaaaaaaaaaaaaaaaaaaaaaaaaaaaaaaaaaaaaaaaaaaaaaaaaaaaaaaaaaaaaaaaaaaaaaaaaaaaaaaaaaaaaaaaaaaaaaaaaaaaaaaaaaaaaaaaaaaaaaaaaaaaaaaaaaaaaaaaaaaaaaaaaaaaaaaaaaaaaaaaaaaaaaaaaaaaaaaaaaaaaaaaaaaaaaaaaaaaaaaaaaaaaaaaaaaaaaaaaaaaaaaaaaaaaaaaaaaaaaaaaaaaaaaaaaaaaaaaaaaaaaaaaaaaaaaaaaaaaaaaaaaaaaaaaaaaaaaaaaaaaaaaaaaaaaaaaaaaaaaaaaaaaaaaaaaaaaaaaaaaaaaaaaaaaaaaaaaaaaaaaaaaaaaaaaaaaaaaaaaaaaaaaaaaaaaaaaaaaaaaaaaaaaaaaaaaaaaaaaaaaaaaaaaaaaaaaaaaaaaaaaaaaaaaaaaaaaaaaaaaaaaaaaaaaaaaaaaaaaaaaaaaaaaaaaaaaaaaaaaaaaaaaaaaaaaaaaaaaaaaaaaaaaaaaaaaaaaaaaaaaaaaaaaaaaaaaaaaaaaaaaaaaaaaaaaaaaaaaaaaaaaaaaaaaaaaaaaaaaaaaaaaaaaaaaaaaaaaaaaaaaaaaaaaaaaaaaaaaaaaaaaaaaaaaaaaaaaaaaaaaaaaaaaaaaaaaaaaaaaaaaaaaaaaaaaaaaaaaaaaaaaaaaaaaaaaaaaaaaaaaaaaaaaaaaaaaaaaaaaaaaaaaaaaaaaaaaaaaaaaaaaaaaaaaaaaaaaaaaaaaaaaaaaaaaaaaaaaaaaaaaaaaaaaaaaaaaaaaaaaaaaaaaaaaaaaaaaaaaaaaaaaaaaaaaaaaaaaaaaaaaaaaaaaaaaaaaaaaaaaaaaaaaaaaaaaaaaaaaaaaaaaaaaaaaaaaaaaaaaaaaaaaaaaaaaaaaaaaaaaaaaaaaaaaaaaaaaaaaaaaaaaaaaaaaaaaaaaaaaaaaaaaaaaaaaaaaaaaaaaaaaaaaaaaaaaaaaaaaaaaaaaaaaaaaaaaaaaaaaaaaaaaaaaaaaaaaaaaaaaaaaaaaaaaaaaaaaaaaaaaaaaaaaaaaaaaaaaaaaaaaaaaaaaaaaaaaaaaaaaaaaaaaaaaaaaaaaaaaaaaaaaaaaaaaaaaaaaaaaaaaaaaaaaaaaaaaaaaaaaaaaaaaaaaaaaaaaaaaaaaaaaaaaaaaaaaaaaaaaaaaaaaaaaaaaaaaaaaaaaaaaaaaaaaaaaaaaaaaaaaaaaaaaaaaaaaaaaaaaaaaaaaaaaaaaaaaaaaaaaaaaaaaaaaaaaaaaaaaaaaaaaaaaaaaaaaaaaaaaaaaaaaaaaaaaaaaaaaaaaaaaaaaaaaaaaaaaaaaaaaaaaaaaaaaaaaaaaaaaaaaaaaaaaaaaaaaaaaaaaaaaaaaaaaaaaaaaaaaaaaaaaaaaaaaaaaaaaaaaaaaaaaaaaaaaaaaaaaaaaaaaaaaaaaaaaaaaaaaaaaaaaaaaaaaaaaaaaaaaaaaaaaaaaaaaaaaaaaaaaaaaaaaaaaaaaaaaaaaaaaaaaaaaaaaaaaaaaaaaaaaaaaaaaaaaaaaaaaaaaaaaaaaaaaaaaaaaaaaaaaaaaaaaaaaaaaaaaaaaaaaaaaaaaaaaaaaaaaaaaaaaaaaaaaaaaaaaaaaaaaaaaaaaaaaaaaaaaaaaaaaaaaaaaaaaaaaaaaaaaaaaaaaaaaaaaaaaaaaaaaaaaaaaaaaaaaaaaaaaaaaaaaaaaaaaaaaaaaaaaaaaaaaaaaaaaaaaaaaaaaaaaaaaaaaaaaaaaaaaaaaaaaaaaaaaaaaaaaaaaaaaaaaaaaaaaaaaaaaaaaaaaaaaaaaaaaaaaaaaaaaaaaaaaaaaaaaaaaaaaaaaaaaaaaaaaaaaaaaaaaaaaaaaaaaaaaaaaaaaaaaaaaaaaaaaaaaaaaaaaaaaaaaaaaaaaaaaaaaaaaaaaaaaaaaaaaaaaaaaaaaaaaaaaaaaaaaaaaaaaaaaaaaaaaaaaaaaaaaaaaaaaaaaaaaaaaaaaaaaaaaaaaaaaaaaaaaaaaaaaaaaaaaaaaaaaaaaaaaaaaaaaaaaaaaaaaaaaaaaaaaaaaaaaaaaaaaaaaaaaaaaaaaaaaaaaaaaaaaaaaaaaaaaaaaaaaaaaaaaaaaaaaaaaaaaaaaaaaaaaaaaaaaaaaaaaaaaaaaaaaaaaaaaaaaaaaaaaaaaaaaaaaaaaaaaaaaaaaaaaaaaaaaaaaaaaaaaaaaaaaaaaaaaaaaaaaaaaaaaaaaaaaaaaaaaaaaaaaaaaaaaaaaaaaaaaaaaaaaaaaaaaaaaaaaaaaaaaaaaaaaaaaaaaaaaaaaaaaaaaaaaaaaaaaaaaaaaaaaaaaaaaaaaaaaaaaaaaaaaaaaaaaaaaaaaaaaaaaaaaaaaaaaaaaaaaaaaaaaaaaaaaaaaaaaaaaaaaaaaaaaaaaaaaaaaaaaaaaaaaaaaaaaaaaaaaaaaaaaaaaaaaaaaaaaaaaaaaaaaaaaaaaaaaaaaaaaaaaaaaaaaaaaaaaaaaaaaaaaaaaaaaaaaaaaaaaaaaaaaaaaaaaaaaaaaaaaaaaaaaaaaaaaaaaaaaaaaaaaaaaaaaaaaaaaaaaaaaaaaaaaaaaaaaaaaaaaaaaaaaaaaaaaaaaaaaaaaaaaaaaaaaaaaaaaaaaaaaaaaaaaaaaaaaaaaaaaaaaaaaaaaaaaaaaaaaaaaaaaaaaaaaaaaaaaaaaaaaaaaaaaaaaaaaaaaaaaaaaaaaaaaaaaaaaaaaaaaaaaaaaaaaaaaaaaaaaaaaaaaaaaaaaaaaaaaaaaaaaaaaaaaaaaaaaaaaaaaaaaaaaaaaaaaaaaaaaaaaaaaaaaaaaaaaaaaaaaaaaaaaaaaaaaaaaaaaaaaaaaaaaaaaaaaaaaaaaaaaaaaaaaaaaaaaaaaaaaaaaaaaaaaaaaaaaaaaaaaaaaaaaaaaaaaaaaaaaaaaaaaaaaaaaaaaaaaaaaaaaaaaaaaaaaaaaaaaaaaaaaaaaaaaaaaaaaaaaaaaaaaaaaaaaaaaaaaaaaaaaaaaaaaaaaaaaaaaaaaaaaaaaaaaaaaaaaaaaaaaaaaaaaaaaaaaaaaaaaaaaaaaaaaaaaaaaaaaaaaaaaaaaaaaaaaaaaaaaaaaaaaaaaaaaaaaaaaaaaaaaaaaaaaaaaaaaaaaaaaaaaaaaaaaaaaaaaaaaaaaaaaaaaaaaaaaaaaaaaaaaaaaaaaaaaaaaaaaaaaaaaaaaaaaaaaaaaaaaaaaaaaaaaaaaaaaaaaaaaaaaaaaaaaaaaaaaaaaaaaaaaaaaaaaaaaaaaaaaaaaaaaaaaaaaaaaaaaaaaaaaaaaaaaaaaaaaaaaaaaaaaaaaaaaaaaaaaaaaaaaaaaaaaaaaaaaaaaaaaaaaaaaaaaaaaaaaaaaaaaaaaaaaaaaaaaaaaaaaaaaaaaaaaaaaaaaaaaaaaaaaaaaaaaaaaaaaaaaaaaaaaaaaaaaaaaaaaaaaaaaaaaaaaaaaaaaaaaaaaaaaaaaaaaaaaaaaaaaaaaaaaaaaaaaaaaaaaaaaaaaaaaaaaaaaaaaaaaaaaaaaaaaaaaaaaaaaaaaaaaaaaaaaaaaaaaaaaaaaaaaaaaaaaaaaaaaaaaaaaaaaaaaaaaaaaaaaaaaaaaaaaaaaaaaaaaaaaaaaaaaaaaaaaaaaaaaaaaaaaaaaaaaaaaaaaaaaaaaaaaaaaaaaaaaaaaaaaaaaaaaaaaaaaaaaaaaaaaaaaaaaaaaaaaaaaaaaaaaaaaaaaaaaaaaaaaaaaaaaaaaaaaaaaaaaaaaaaaaaaaaaaaaaaaaaaaaaaaaaaaaaaaaaaaaaaaaaaaaaaaaaaaaaaaaaaaaaaaaaaaaaaaaaaaaaaaaaaaaaaaaaaaaaaaaaaaaaaaaaaaaaaaaaaaaaaaaaaaaaaaaaaaaaaaaaaaaaaaaaaaaaaaaaaaaaaaaaaaaaaaaaaaaaaaaaaaaaaaaaaaaaaaaaaaaaaaaaaaaaaaaaaaaaaaaaaaaaaaaaaaaaaaaaaaaaaaaaaaaaaaaaaaaaaaaaaaaaaaaaaaaaaaaaaaaaaaaaaaaaaaaaaaaaaaaaaaaaaaaaaaaaaaaaaaaaaaaaaaaaaaaaaaaaaaaaaaaaaaaaaaaaaaaaaaaaaaaaaaaaaaaaaaaaaaaaaaaaaaaaaaaaaaaaaaaaaaaaaaaaaaaaaaaaaaaaaaaaaaaaaaaaaaaaaaaaaaaaaaaaaaaaaaaaaaaaaaaaaaaaaaaaaaaaaaaaaaaaaaaaaaaaaaaaaaaaaaaaaaaaaaaaaaaaaaaaaaaaaaaaaaaaaaaaaaaaaaaaaaaaaaaaaaaaaaaaaaaaaaaaaaaaaaaaaaaaaaaaaaaaaaaaaaaaaaaaaaaaaaaaaaaaaaaaaaaaaaaaaaaaaaaaaaaaaaaaaaaaaaaaaaaaaaaaaaaaaaaaaaaaaaaaaaaaaaaaaaaaaaaaaaaaaaaaaaaaaaaaaaaaaaaaaaaaaaaaaaaaaaaaaaaaaaaaaaaaaaaaaaaaaaaaaaaaaaaaaaaaaaaaaaaaaaaaaaaaaaaaaaaaaaaaaaaaaaaaaaaaaaaaaaaaaaaaaaaaaaaaaaaaaaaaaaaaaaaaaaaaaaaaaaaaaaaaaaaaaaaaaaaaaaaaaaaaaaaaaaaaaaaaaaaaaaaaaaaaaaaaaaaaaaaaaaaaaaaaaaaaaaaaaaaaaaaaaaaaaaaaaaaaaaaaaaaaaaaaaaaaaaaaaaaaaaaaaaaaaaaaaaaaaaaaaaaaaaaaaaaaaaaaaaaaaaaaaaaaaaaaaaaaaaaaaaaaaaaaaaaaaaaaaaaaaaaaaaaaaaaaaaaaaaaaaaaaaaaaaaaaaaaaaaaaaaaaaaaaaaaaaaaaaaaaaaaaaaaaaaaaaaaaaaaaaaaaaaaaaaaaaaaaaaaaaaaaaaaaaaaaaaaaaaaaaaaaaaaaaaaaaaaaaaaaaaaaaaaaaaaaaaaaaaaaaaaaaaaaaaaaaaaaaaaaaaaaaaaaaaaaaaaaaaaaaaaaaaaaaaaaaaaaaaaaaaaaaaaaaaaaaaaaaaaaaaaaaaaaaaaaaaaaaaaaaaaaaaaaaaaaaaaaaaaaaaaaaaaaaaaaaaaaaaaaaaaaaaaaaaaaaaaaaaaaaaaaaaaaaaaaaaaaaaaaaaaaaaaaaaaaaaaaaaaaaaaaaaaaaaaaaaaaaaaaaaaaaaaaaaaaaaaaaaaaaaaaaaaaaaaaaaaaaaaaaaaaaaaaaaaaaaaaaaaaaaaaaaaaaaaaaaaaaaaaaaaaaaaaaaaaaaaaaaaaaaaaaaaaaaaaaaaaaaaaaaaaaaaaaaaaaaaaaaaaaaaaaaaaaaaaaaaaaaaaaaaaaaaaaaaaaaaaaaaaaaaaaaaaaaaaaaaaaaaaaaaaaaaaaaaaaaaaaaaaaaaaaaaaaaaaaaaaaaaaaaaaaaaaaaaaaaaaaaaaaaaaaaaaaaaaaaaaaaaaaaaaaaaaaaaaaaaaaaaaaaaaaaaaaaaaaaaaaaaaaaaaaaaaaaaaaaaaaaaaaaaaaaaaaaaaaaaaaaaaaaaaaaaaaaaaaaaaaaaaaaaaaaaaaaaaaaaaaaaaaaaaaaaaaaaaaaaaaaaaaaaaaaaaaaaaaaaaaaaaaaaaaaaaaaaaaaaaaaaaaaaaaaaaaaaaaaaaaaaaaaaaaaaaaaaaaaaaaaaaaaaaaaaaaaaaaaaaaaaaaaaaaaaaaaaaaaaaaaaaaaaaaaaaaaaaaaaaaaaaaaaaaaaaaaaaaaaaaaaaaaaaaaaaaaaaaaaaaaaaaaaaaaaaaaaaaaaaaaaaaaaaaaaaaaaaaaaaaaaaaaaaaaaaaaaaaaaaaaaaaaaaaaaaaaaaaaaaaaaaaaaaaaaaaaaaaaaaaaaaaaaaaaaaaaaaaaaaaaaaaaaaaaaaaaaaaaaaaaaaaaaaaaaaaaaaaaaaaaaaaaaaaaaaaaaaaaaaaaaaaaaaaaaaaaaaaaaaaaaaaaaaaaaaaaaaaaaaaaaaaaaaaaaaaaaaaaaaaaaaaaaaaaaaaaaaaaaaaaaaaaaaaaaaaaaaaaaaaaaaaaaaaaaaaaaaaaaaaaaaaaaaaaaaaaaaaaaaaaaaaaaaaaaaaaaaaaaaaaaaaaaaaaaaaaaaaaaaaaaaaaaaaaaaaaaaaaaaaaaaaaaaaaaaaaaaaaaaaaaaaaaaaaaaaaaaaaaaaaaaaaaaaaaaaaaaaaaaaaaaaaaaaaaaaaaaaaaaaaaaaaaaaaaaaaaaaaaaaaaaaaaaaaaaaaaaaaaaaaaaaaaaaaaaaaaaaaaaaaaaaaaaaaaaaaaaaaaaaaaaaaaaaaaaaaaaaaaaaaaaaaaaaaaaaaaaaaaaaaaaaaaaaaaaaaaaaaaaaaaaaaaaaaaaaaaaaaaaaaaaaaaaaaaaaaaaaaaaaaaaaaaaaaaaaaaaaaaaaaaaaaaaaaaaaaaaaaaaaaaaaaaaaaaaaaaaaaaaaaaaaaaaaaaaaaaaaaaaaaaaaaaaaaaaaaaaaaaaaaaaaaaaaaaaaaaaaaaaaaaaaaaaaaaaaaaaaaaaaaaaaaaaaaaaaaaaaaaaaaaaaaaaaaaaaaaaaaaaaaaaaaaaaaaaaaaaaaaaaaaaaaaaaaaaaaaaaaaaaaaaaaaaaaaaaaaaaaaaaaaaaaaaaaaaaaaaaaaaaaaaaaaaaaaaaaaaaaaaaaaaaaaaaaaaaaaaaaaaaaaaaaaaaaaaaaaaaaaaaaaaaaaaaaaaaaaaaaaaaaaaaaaaaaaaaaaaaaaaaaaaaaaaaaaaaaaaaaaaaaaaaaaaaaaaaaaaaaaaaaaaaaaaaaaaaaaaaaaaaaaaaaaaaaaaaaaaaaaaaaaaaaaaaaaaaaaaaaaaaaaaaaaaaaaaaaaaaaaaaaaaaaaaaaaaaaaaaaaaaaaaaaaaaaaaaaaaaaaaaaaaaaaaaaaaaaaaaaaaaaaaaaaaaaaaaaaaaaaaaaaaaaaaaaaaaaaaaaaaaaaaaaaaaaaaaaaaaaaaaaaaaaaaaaaaaaaaaaaaaaaaaaaaaaaaaaaaaaaaaaaaaaaaaaaaaaaaaaaaaaaaaaaaaaaaaaaaaaaaaaaaaaaaaaaaaaaaaaaaaaaaaaaaaaaaaaaaaaaaaaaaaaaaaaaaaaaaaaaaaaaaaaaaaaaaaaaaaaaaaaaaaaaaaaaaaaaaaaaaaaaaaaaaaaaaaaaaaaaaaaaaaaaaaaaaaaaaaaaaaaaaaaaaaaaaaaaaaaaaaaaaaaaaaaaaaaaaaaaaaaaaaaaaaaaaaaaaaaaaaaaaaaaaaaaaaaaaaaaaaaaaaaaaaaaaaaaaaaaaaaaaaaaaaaaaaaaaaaaaaaaaaaaaaaaaaaaaaaaaaaaaaaaaaaaaaaaaaaaaaaaaaaaaaaaaaaaaaaaaaaaaaaaaaaaaaaaaaaaaaaaaaaaaaaaaaaaaaaaaaaaaaaaaaaaaaaaaaaaaaaaaaaaaaaaaaaaaaaaaaaaaaaaaaaaaaaaaaaaaaaaaaaaaaaaaaaaaaaaaaaaaaaaaaaaaaaaaaaaaaaaaaaaaaaaaaaaaaaaaaaaaaaaaaaaaaaaaaaaaaaaaaaaaaaaaaaaaaaaaaaaaaaaaaaaaaaaaaaaaaaaaaaaaaaaaaaaaaaaaaaaaaaaaaaaaaaaaaaaaaaaaaaaaaaaaaaaaaaaaaaaaaaaaaaaaaaaaaaaaaaaaaaaaaaaaaaaaaaaaaaaaaaaaaaaaaaaaaaaaaaaaaaaaaaaaaaaaaaaaaaaaaaaaaaaaaaaaaaaaaaaaaaaaaaaaaaaaaaaaaaaaaaaaaaaaaaaaaaaaaaaaaaaaaaaaaaaaaaaaaaaaaaaaaaaaaaaaaaaaaaaaaaaaaaaaaaaaaaaaaaaaaaaaaaaaaaaaaaaaaaaaaaaaaaaaaaaaaaaaaaaaaaaaaaaaaaaaaaaaaaaaaaaaaaaaaaaaaaaaaaaaaaaaaaaaaaaaaaaaaaaaaaaaaaaaaaaaaaaaaaaaaaaaaaaaaaaaaaaaaaaaaaaaaaaaaaaaaaaaaaaaaaaaaaaaaaaaaaaaaaaaaaaaaaaaaaaaaaaaaaaaaaaaaaaaaaaaaaaaaaaaaaaaaaaaaaaaaaaaaaaaaaaaaaaaaaaaaaaaaaaaaaaaaaaaaaaaaaaaaaaaaaaaaaaaaaaaaaaaaaaaaaaaaaaaaaaaaaaaaaaaaaaaaaaaaaaaaaaaaaaaaaaaaaaaaaaaaaaaaaaaaaaaaaaaaaaaaaaaaaaaaaaaaaaaaaaaaaaaaaaaaaaaaaaaaaaaaaaaaaaaaaaaaaaaaaaaaaaaaaaaaaaaaaaaaaaaaaaaaaaaaaaaaaaaaaaaaaaaaaaaaaaaaaaaaaaaaaaaaaaaaaaaaaaaaaaaaaaaaaaaaaaaaaaaaaaaaaaaaaaaaaaaa'... 1687 more characters,
      timestamp: '2025-11-09T19:50:08.666Z',
      path: '/test/long-error',
      method: 'GET'
    }

      90 |   }
      91 |
    > 92 |   console.error('Error:', {
         |           ^
      93 |     message: err.message,
      94 |     statusCode,
      95 |     stack: err.stack,

      at errorHandler (src/middleware/errorHandler.ts:92:11)
      at Layer.handleError (node_modules/router/lib/layer.js:116:17)
      at trimPrefix (node_modules/router/index.js:340:13)
      at node_modules/router/index.js:297:9
      at processParams (node_modules/router/index.js:582:12)
      at next (node_modules/router/index.js:291:5)
      at next (node_modules/router/lib/route.js:132:14)
      at tests/with-mocks/errorHandler.mock.test.ts:538:9
      at Layer.handleRequest (node_modules/router/lib/layer.js:152:17)
      at next (node_modules/router/lib/route.js:157:13)
      at Route.dispatch (node_modules/router/lib/route.js:117:3)
      at handle (node_modules/router/index.js:435:11)
      at Layer.handleRequest (node_modules/router/lib/layer.js:152:17)
      at node_modules/router/index.js:295:15
      at processParams (node_modules/router/index.js:582:12)
      at next (node_modules/router/index.js:291:5)
      at Function.handle (node_modules/router/index.js:186:3)
      at Function.handle (node_modules/express/lib/application.js:177:15)
      at Server.app (node_modules/express/lib/express.js:38:9)

  console.error
    Error: {
      message: `Error: <script>alert("xss")</script> & "quotes" 'apostrophe'`,
      statusCode: 500,
      stack: `Error: Error: <script>alert("xss")</script> & "quotes" 'apostrophe'\n` +
        '    at /Users/hashim/Desktop/Development/FeastFriends/321-project/backend/tests/with-mocks/errorHandler.mock.test.ts:558:14\n' +
        '    at Layer.handleRequest (/Users/hashim/Desktop/Development/FeastFriends/321-project/backend/node_modules/router/lib/layer.js:152:17)\n' +
        '    at next (/Users/hashim/Desktop/Development/FeastFriends/321-project/backend/node_modules/router/lib/route.js:157:13)\n' +
        '    at Route.dispatch (/Users/hashim/Desktop/Development/FeastFriends/321-project/backend/node_modules/router/lib/route.js:117:3)\n' +
        '    at handle (/Users/hashim/Desktop/Development/FeastFriends/321-project/backend/node_modules/router/index.js:435:11)\n' +
        '    at Layer.handleRequest (/Users/hashim/Desktop/Development/FeastFriends/321-project/backend/node_modules/router/lib/layer.js:152:17)\n' +
        '    at /Users/hashim/Desktop/Development/FeastFriends/321-project/backend/node_modules/router/index.js:295:15\n' +
        '    at processParams (/Users/hashim/Desktop/Development/FeastFriends/321-project/backend/node_modules/router/index.js:582:12)\n' +
        '    at next (/Users/hashim/Desktop/Development/FeastFriends/321-project/backend/node_modules/router/index.js:291:5)\n' +
        '    at Function.handle (/Users/hashim/Desktop/Development/FeastFriends/321-project/backend/node_modules/router/index.js:186:3)\n' +
        '    at Function.handle (/Users/hashim/Desktop/Development/FeastFriends/321-project/backend/node_modules/express/lib/application.js:177:15)\n' +
        '    at Server.app (/Users/hashim/Desktop/Development/FeastFriends/321-project/backend/node_modules/express/lib/express.js:38:9)\n' +
        '    at Server.emit (node:events:519:28)\n' +
        '    at parserOnIncoming (node:_http_server:1173:12)\n' +
        '    at HTTPParser.parserOnHeadersComplete (node:_http_common:121:17)',
      timestamp: '2025-11-09T19:50:08.668Z',
      path: '/test/special-chars',
      method: 'GET'
    }

      90 |   }
      91 |
    > 92 |   console.error('Error:', {
         |           ^
      93 |     message: err.message,
      94 |     statusCode,
      95 |     stack: err.stack,

      at errorHandler (src/middleware/errorHandler.ts:92:11)
      at Layer.handleError (node_modules/router/lib/layer.js:116:17)
      at trimPrefix (node_modules/router/index.js:340:13)
      at node_modules/router/index.js:297:9
      at processParams (node_modules/router/index.js:582:12)
      at next (node_modules/router/index.js:291:5)
      at next (node_modules/router/lib/route.js:132:14)
      at tests/with-mocks/errorHandler.mock.test.ts:558:9
      at Layer.handleRequest (node_modules/router/lib/layer.js:152:17)
      at next (node_modules/router/lib/route.js:157:13)
      at Route.dispatch (node_modules/router/lib/route.js:117:3)
      at handle (node_modules/router/index.js:435:11)
      at Layer.handleRequest (node_modules/router/lib/layer.js:152:17)
      at node_modules/router/index.js:295:15
      at processParams (node_modules/router/index.js:582:12)
      at next (node_modules/router/index.js:291:5)
      at Function.handle (node_modules/router/index.js:186:3)
      at Function.handle (node_modules/express/lib/application.js:177:15)
      at Server.app (node_modules/express/lib/express.js:38:9)

  console.error
    Error: {
      message: 'Cannot read property of undefined',
      statusCode: 500,
      stack: 'TypeError: Cannot read property of undefined\n' +
        '    at /Users/hashim/Desktop/Development/FeastFriends/321-project/backend/tests/with-mocks/errorHandler.mock.test.ts:576:23\n' +
        '    at Layer.handleRequest (/Users/hashim/Desktop/Development/FeastFriends/321-project/backend/node_modules/router/lib/layer.js:152:17)\n' +
        '    at next (/Users/hashim/Desktop/Development/FeastFriends/321-project/backend/node_modules/router/lib/route.js:157:13)\n' +
        '    at Route.dispatch (/Users/hashim/Desktop/Development/FeastFriends/321-project/backend/node_modules/router/lib/route.js:117:3)\n' +
        '    at handle (/Users/hashim/Desktop/Development/FeastFriends/321-project/backend/node_modules/router/index.js:435:11)\n' +
        '    at Layer.handleRequest (/Users/hashim/Desktop/Development/FeastFriends/321-project/backend/node_modules/router/lib/layer.js:152:17)\n' +
        '    at /Users/hashim/Desktop/Development/FeastFriends/321-project/backend/node_modules/router/index.js:295:15\n' +
        '    at processParams (/Users/hashim/Desktop/Development/FeastFriends/321-project/backend/node_modules/router/index.js:582:12)\n' +
        '    at next (/Users/hashim/Desktop/Development/FeastFriends/321-project/backend/node_modules/router/index.js:291:5)\n' +
        '    at Function.handle (/Users/hashim/Desktop/Development/FeastFriends/321-project/backend/node_modules/router/index.js:186:3)\n' +
        '    at Function.handle (/Users/hashim/Desktop/Development/FeastFriends/321-project/backend/node_modules/express/lib/application.js:177:15)\n' +
        '    at Server.app (/Users/hashim/Desktop/Development/FeastFriends/321-project/backend/node_modules/express/lib/express.js:38:9)\n' +
        '    at Server.emit (node:events:519:28)\n' +
        '    at parserOnIncoming (node:_http_server:1173:12)\n' +
        '    at HTTPParser.parserOnHeadersComplete (node:_http_common:121:17)',
      timestamp: '2025-11-09T19:50:08.670Z',
      path: '/test/type-error',
      method: 'GET'
    }

      90 |   }
      91 |
    > 92 |   console.error('Error:', {
         |           ^
      93 |     message: err.message,
      94 |     statusCode,
      95 |     stack: err.stack,

      at errorHandler (src/middleware/errorHandler.ts:92:11)
      at Layer.handleError (node_modules/router/lib/layer.js:116:17)
      at trimPrefix (node_modules/router/index.js:340:13)
      at node_modules/router/index.js:297:9
      at processParams (node_modules/router/index.js:582:12)
      at next (node_modules/router/index.js:291:5)
      at next (node_modules/router/lib/route.js:132:14)
      at tests/with-mocks/errorHandler.mock.test.ts:577:9
      at Layer.handleRequest (node_modules/router/lib/layer.js:152:17)
      at next (node_modules/router/lib/route.js:157:13)
      at Route.dispatch (node_modules/router/lib/route.js:117:3)
      at handle (node_modules/router/index.js:435:11)
      at Layer.handleRequest (node_modules/router/lib/layer.js:152:17)
      at node_modules/router/index.js:295:15
      at processParams (node_modules/router/index.js:582:12)
      at next (node_modules/router/index.js:291:5)
      at Function.handle (node_modules/router/index.js:186:3)
      at Function.handle (node_modules/express/lib/application.js:177:15)
      at Server.app (node_modules/express/lib/express.js:38:9)

  console.error
    Error: {
      message: 'Variable is not defined',
      statusCode: 500,
      stack: 'ReferenceError: Variable is not defined\n' +
        '    at /Users/hashim/Desktop/Development/FeastFriends/321-project/backend/tests/with-mocks/errorHandler.mock.test.ts:595:23\n' +
        '    at Layer.handleRequest (/Users/hashim/Desktop/Development/FeastFriends/321-project/backend/node_modules/router/lib/layer.js:152:17)\n' +
        '    at next (/Users/hashim/Desktop/Development/FeastFriends/321-project/backend/node_modules/router/lib/route.js:157:13)\n' +
        '    at Route.dispatch (/Users/hashim/Desktop/Development/FeastFriends/321-project/backend/node_modules/router/lib/route.js:117:3)\n' +
        '    at handle (/Users/hashim/Desktop/Development/FeastFriends/321-project/backend/node_modules/router/index.js:435:11)\n' +
        '    at Layer.handleRequest (/Users/hashim/Desktop/Development/FeastFriends/321-project/backend/node_modules/router/lib/layer.js:152:17)\n' +
        '    at /Users/hashim/Desktop/Development/FeastFriends/321-project/backend/node_modules/router/index.js:295:15\n' +
        '    at processParams (/Users/hashim/Desktop/Development/FeastFriends/321-project/backend/node_modules/router/index.js:582:12)\n' +
        '    at next (/Users/hashim/Desktop/Development/FeastFriends/321-project/backend/node_modules/router/index.js:291:5)\n' +
        '    at Function.handle (/Users/hashim/Desktop/Development/FeastFriends/321-project/backend/node_modules/router/index.js:186:3)\n' +
        '    at Function.handle (/Users/hashim/Desktop/Development/FeastFriends/321-project/backend/node_modules/express/lib/application.js:177:15)\n' +
        '    at Server.app (/Users/hashim/Desktop/Development/FeastFriends/321-project/backend/node_modules/express/lib/express.js:38:9)\n' +
        '    at Server.emit (node:events:519:28)\n' +
        '    at parserOnIncoming (node:_http_server:1173:12)\n' +
        '    at HTTPParser.parserOnHeadersComplete (node:_http_common:121:17)',
      timestamp: '2025-11-09T19:50:08.672Z',
      path: '/test/reference-error',
      method: 'GET'
    }

      90 |   }
      91 |
    > 92 |   console.error('Error:', {
         |           ^
      93 |     message: err.message,
      94 |     statusCode,
      95 |     stack: err.stack,

      at errorHandler (src/middleware/errorHandler.ts:92:11)
      at Layer.handleError (node_modules/router/lib/layer.js:116:17)
      at trimPrefix (node_modules/router/index.js:340:13)
      at node_modules/router/index.js:297:9
      at processParams (node_modules/router/index.js:582:12)
      at next (node_modules/router/index.js:291:5)
      at next (node_modules/router/lib/route.js:132:14)
      at tests/with-mocks/errorHandler.mock.test.ts:596:9
      at Layer.handleRequest (node_modules/router/lib/layer.js:152:17)
      at next (node_modules/router/lib/route.js:157:13)
      at Route.dispatch (node_modules/router/lib/route.js:117:3)
      at handle (node_modules/router/index.js:435:11)
      at Layer.handleRequest (node_modules/router/lib/layer.js:152:17)
      at node_modules/router/index.js:295:15
      at processParams (node_modules/router/index.js:582:12)
      at next (node_modules/router/index.js:291:5)
      at Function.handle (node_modules/router/index.js:186:3)
      at Function.handle (node_modules/express/lib/application.js:177:15)
      at Server.app (node_modules/express/lib/express.js:38:9)

  console.error
    Error: {
      message: 'PUT error',
      statusCode: 500,
      stack: 'Error: PUT error\n' +
        '    at /Users/hashim/Desktop/Development/FeastFriends/321-project/backend/tests/with-mocks/errorHandler.mock.test.ts:644:14\n' +
        '    at Layer.handleRequest (/Users/hashim/Desktop/Development/FeastFriends/321-project/backend/node_modules/router/lib/layer.js:152:17)\n' +
        '    at next (/Users/hashim/Desktop/Development/FeastFriends/321-project/backend/node_modules/router/lib/route.js:157:13)\n' +
        '    at Route.dispatch (/Users/hashim/Desktop/Development/FeastFriends/321-project/backend/node_modules/router/lib/route.js:117:3)\n' +
        '    at handle (/Users/hashim/Desktop/Development/FeastFriends/321-project/backend/node_modules/router/index.js:435:11)\n' +
        '    at Layer.handleRequest (/Users/hashim/Desktop/Development/FeastFriends/321-project/backend/node_modules/router/lib/layer.js:152:17)\n' +
        '    at /Users/hashim/Desktop/Development/FeastFriends/321-project/backend/node_modules/router/index.js:295:15\n' +
        '    at processParams (/Users/hashim/Desktop/Development/FeastFriends/321-project/backend/node_modules/router/index.js:582:12)\n' +
        '    at next (/Users/hashim/Desktop/Development/FeastFriends/321-project/backend/node_modules/router/index.js:291:5)\n' +
        '    at /Users/hashim/Desktop/Development/FeastFriends/321-project/backend/node_modules/body-parser/lib/read.js:132:5\n' +
        '    at AsyncResource.runInAsyncScope (node:async_hooks:214:14)\n' +
        '    at invokeCallback (/Users/hashim/Desktop/Development/FeastFriends/321-project/backend/node_modules/raw-body/index.js:238:16)\n' +
        '    at done (/Users/hashim/Desktop/Development/FeastFriends/321-project/backend/node_modules/raw-body/index.js:227:7)\n' +
        '    at IncomingMessage.onEnd (/Users/hashim/Desktop/Development/FeastFriends/321-project/backend/node_modules/raw-body/index.js:287:7)\n' +
        '    at IncomingMessage.emit (node:events:519:28)\n' +
        '    at endReadableNT (node:internal/streams/readable:1698:12)\n' +
        '    at processTicksAndRejections (node:internal/process/task_queues:90:21)',
      timestamp: '2025-11-09T19:50:08.679Z',
      path: '/test/put-error',
      method: 'PUT'
    }

      90 |   }
      91 |
    > 92 |   console.error('Error:', {
         |           ^
      93 |     message: err.message,
      94 |     statusCode,
      95 |     stack: err.stack,

      at errorHandler (src/middleware/errorHandler.ts:92:11)
      at Layer.handleError (node_modules/router/lib/layer.js:116:17)
      at trimPrefix (node_modules/router/index.js:340:13)
      at node_modules/router/index.js:297:9
      at processParams (node_modules/router/index.js:582:12)
      at next (node_modules/router/index.js:291:5)
      at next (node_modules/router/lib/route.js:132:14)
      at tests/with-mocks/errorHandler.mock.test.ts:644:9
      at Layer.handleRequest (node_modules/router/lib/layer.js:152:17)
      at next (node_modules/router/lib/route.js:157:13)
      at Route.dispatch (node_modules/router/lib/route.js:117:3)
      at handle (node_modules/router/index.js:435:11)
      at Layer.handleRequest (node_modules/router/lib/layer.js:152:17)
      at node_modules/router/index.js:295:15
      at processParams (node_modules/router/index.js:582:12)
      at next (node_modules/router/index.js:291:5)
      at node_modules/body-parser/lib/read.js:132:5
      at invokeCallback (node_modules/raw-body/index.js:238:16)
      at done (node_modules/raw-body/index.js:227:7)
      at IncomingMessage.onEnd (node_modules/raw-body/index.js:287:7)

  console.error
    Error: {
      message: 'DELETE error',
      statusCode: 500,
      stack: 'Error: DELETE error\n' +
        '    at /Users/hashim/Desktop/Development/FeastFriends/321-project/backend/tests/with-mocks/errorHandler.mock.test.ts:663:14\n' +
        '    at Layer.handleRequest (/Users/hashim/Desktop/Development/FeastFriends/321-project/backend/node_modules/router/lib/layer.js:152:17)\n' +
        '    at next (/Users/hashim/Desktop/Development/FeastFriends/321-project/backend/node_modules/router/lib/route.js:157:13)\n' +
        '    at Route.dispatch (/Users/hashim/Desktop/Development/FeastFriends/321-project/backend/node_modules/router/lib/route.js:117:3)\n' +
        '    at handle (/Users/hashim/Desktop/Development/FeastFriends/321-project/backend/node_modules/router/index.js:435:11)\n' +
        '    at Layer.handleRequest (/Users/hashim/Desktop/Development/FeastFriends/321-project/backend/node_modules/router/lib/layer.js:152:17)\n' +
        '    at /Users/hashim/Desktop/Development/FeastFriends/321-project/backend/node_modules/router/index.js:295:15\n' +
        '    at processParams (/Users/hashim/Desktop/Development/FeastFriends/321-project/backend/node_modules/router/index.js:582:12)\n' +
        '    at next (/Users/hashim/Desktop/Development/FeastFriends/321-project/backend/node_modules/router/index.js:291:5)\n' +
        '    at Function.handle (/Users/hashim/Desktop/Development/FeastFriends/321-project/backend/node_modules/router/index.js:186:3)\n' +
        '    at Function.handle (/Users/hashim/Desktop/Development/FeastFriends/321-project/backend/node_modules/express/lib/application.js:177:15)\n' +
        '    at Server.app (/Users/hashim/Desktop/Development/FeastFriends/321-project/backend/node_modules/express/lib/express.js:38:9)\n' +
        '    at Server.emit (node:events:519:28)\n' +
        '    at parserOnIncoming (node:_http_server:1173:12)\n' +
        '    at HTTPParser.parserOnHeadersComplete (node:_http_common:121:17)',
      timestamp: '2025-11-09T19:50:08.681Z',
      path: '/test/delete-error',
      method: 'DELETE'
    }

      90 |   }
      91 |
    > 92 |   console.error('Error:', {
         |           ^
      93 |     message: err.message,
      94 |     statusCode,
      95 |     stack: err.stack,

      at errorHandler (src/middleware/errorHandler.ts:92:11)
      at Layer.handleError (node_modules/router/lib/layer.js:116:17)
      at trimPrefix (node_modules/router/index.js:340:13)
      at node_modules/router/index.js:297:9
      at processParams (node_modules/router/index.js:582:12)
      at next (node_modules/router/index.js:291:5)
      at next (node_modules/router/lib/route.js:132:14)
      at tests/with-mocks/errorHandler.mock.test.ts:663:9
      at Layer.handleRequest (node_modules/router/lib/layer.js:152:17)
      at next (node_modules/router/lib/route.js:157:13)
      at Route.dispatch (node_modules/router/lib/route.js:117:3)
      at handle (node_modules/router/index.js:435:11)
      at Layer.handleRequest (node_modules/router/lib/layer.js:152:17)
      at node_modules/router/index.js:295:15
      at processParams (node_modules/router/index.js:582:12)
      at next (node_modules/router/index.js:291:5)
      at Function.handle (node_modules/router/index.js:186:3)
      at Function.handle (node_modules/express/lib/application.js:177:15)
      at Server.app (node_modules/express/lib/express.js:38:9)

  console.log
    
    🧹 Cleaning up after tests...

      at Object.<anonymous> (tests/with-mocks/errorHandler.mock.test.ts:110:13)

  console.warn
    MongoDB disconnected. Attempting to reconnect...

      28 |
      29 |     mongoose.connection.on('disconnected', () => {
    > 30 |       console.warn('MongoDB disconnected. Attempting to reconnect...');
         |               ^
      31 |     });
      32 |
      33 |     mongoose.connection.on('reconnected', () => {

      at NativeConnection.<anonymous> (src/config/database.ts:30:15)
      at NativeConnection.set (node_modules/mongoose/lib/connection.js:145:12)
      at NativeConnection.onClose (node_modules/mongoose/lib/connection.js:1315:19)
      at NativeConnection._close (node_modules/mongoose/lib/connection.js:1264:12)
      at disconnectDatabase (src/config/database.ts:55:5)
      at Object.<anonymous> (tests/with-mocks/errorHandler.mock.test.ts:111:5)

  console.log
    MongoDB disconnected successfully

      at disconnectDatabase (src/config/database.ts:56:13)

  console.log
    ✅ Cleanup complete.

      at Object.<anonymous> (tests/with-mocks/errorHandler.mock.test.ts:112:13)

  console.error
    Error: {
      message: 'Simulated controller failure',
      statusCode: 500,
      stack: 'Error: Simulated controller failure\n' +
        '    at /Users/hashim/Desktop/Development/FeastFriends/321-project/backend/tests/with-mocks/errorHandler.mock.test.ts:693:15\n' +
        '    at Layer.handleRequest (/Users/hashim/Desktop/Development/FeastFriends/321-project/backend/node_modules/router/lib/layer.js:152:17)\n' +
        '    at next (/Users/hashim/Desktop/Development/FeastFriends/321-project/backend/node_modules/router/lib/route.js:157:13)\n' +
        '    at Route.dispatch (/Users/hashim/Desktop/Development/FeastFriends/321-project/backend/node_modules/router/lib/route.js:117:3)\n' +
        '    at handle (/Users/hashim/Desktop/Development/FeastFriends/321-project/backend/node_modules/router/index.js:435:11)\n' +
        '    at Layer.handleRequest (/Users/hashim/Desktop/Development/FeastFriends/321-project/backend/node_modules/router/lib/layer.js:152:17)\n' +
        '    at /Users/hashim/Desktop/Development/FeastFriends/321-project/backend/node_modules/router/index.js:295:15\n' +
        '    at processParams (/Users/hashim/Desktop/Development/FeastFriends/321-project/backend/node_modules/router/index.js:582:12)\n' +
        '    at next (/Users/hashim/Desktop/Development/FeastFriends/321-project/backend/node_modules/router/index.js:291:5)\n' +
        '    at jsonParser (/Users/hashim/Desktop/Development/FeastFriends/321-project/backend/node_modules/body-parser/lib/types/json.js:100:7)\n' +
        '    at Layer.handleRequest (/Users/hashim/Desktop/Development/FeastFriends/321-project/backend/node_modules/router/lib/layer.js:152:17)\n' +
        '    at trimPrefix (/Users/hashim/Desktop/Development/FeastFriends/321-project/backend/node_modules/router/index.js:342:13)\n' +
        '    at /Users/hashim/Desktop/Development/FeastFriends/321-project/backend/node_modules/router/index.js:297:9\n' +
        '    at processParams (/Users/hashim/Desktop/Development/FeastFriends/321-project/backend/node_modules/router/index.js:582:12)\n' +
        '    at next (/Users/hashim/Desktop/Development/FeastFriends/321-project/backend/node_modules/router/index.js:291:5)\n' +
        '    at Function.handle (/Users/hashim/Desktop/Development/FeastFriends/321-project/backend/node_modules/router/index.js:186:3)\n' +
        '    at Function.handle (/Users/hashim/Desktop/Development/FeastFriends/321-project/backend/node_modules/express/lib/application.js:177:15)\n' +
        '    at Server.app (/Users/hashim/Desktop/Development/FeastFriends/321-project/backend/node_modules/express/lib/express.js:38:9)\n' +
        '    at Server.emit (node:events:519:28)\n' +
        '    at parserOnIncoming (node:_http_server:1173:12)\n' +
        '    at HTTPParser.parserOnHeadersComplete (node:_http_common:121:17)',
      timestamp: '2025-11-09T19:50:08.686Z',
      path: '/test/controller-error',
      method: 'GET'
    }

      90 |   }
      91 |
    > 92 |   console.error('Error:', {
         |           ^
      93 |     message: err.message,
      94 |     statusCode,
      95 |     stack: err.stack,

      at errorHandler (src/middleware/errorHandler.ts:92:11)
      at Layer.handleError (node_modules/router/lib/layer.js:116:17)
      at trimPrefix (node_modules/router/index.js:340:13)
      at node_modules/router/index.js:297:9
      at processParams (node_modules/router/index.js:582:12)
      at next (node_modules/router/index.js:291:5)
      at next (node_modules/router/lib/route.js:132:14)
      at tests/with-mocks/errorHandler.mock.test.ts:695:9
      at Layer.handleRequest (node_modules/router/lib/layer.js:152:17)
      at next (node_modules/router/lib/route.js:157:13)
      at Route.dispatch (node_modules/router/lib/route.js:117:3)
      at handle (node_modules/router/index.js:435:11)
      at Layer.handleRequest (node_modules/router/lib/layer.js:152:17)
      at node_modules/router/index.js:295:15
      at processParams (node_modules/router/index.js:582:12)
      at next (node_modules/router/index.js:291:5)
      at jsonParser (node_modules/body-parser/lib/types/json.js:100:7)
      at Layer.handleRequest (node_modules/router/lib/layer.js:152:17)
      at trimPrefix (node_modules/router/index.js:342:13)
      at node_modules/router/index.js:297:9
      at processParams (node_modules/router/index.js:582:12)
      at next (node_modules/router/index.js:291:5)
      at Function.handle (node_modules/router/index.js:186:3)
      at Function.handle (node_modules/express/lib/application.js:177:15)
      at Server.app (node_modules/express/lib/express.js:38:9)

  console.error
    Error: {
      message: 'Route /test/non-existent-route not found',
      statusCode: 404,
      stack: 'AppError: Route /test/non-existent-route not found\n' +
        '    at notFoundHandler (/Users/hashim/Desktop/Development/FeastFriends/321-project/backend/src/middleware/errorHandler.ts:118:17)\n' +
        '    at Layer.handleRequest (/Users/hashim/Desktop/Development/FeastFriends/321-project/backend/node_modules/router/lib/layer.js:152:17)\n' +
        '    at trimPrefix (/Users/hashim/Desktop/Development/FeastFriends/321-project/backend/node_modules/router/index.js:342:13)\n' +
        '    at /Users/hashim/Desktop/Development/FeastFriends/321-project/backend/node_modules/router/index.js:297:9\n' +
        '    at processParams (/Users/hashim/Desktop/Development/FeastFriends/321-project/backend/node_modules/router/index.js:582:12)\n' +
        '    at next (/Users/hashim/Desktop/Development/FeastFriends/321-project/backend/node_modules/router/index.js:291:5)\n' +
        '    at jsonParser (/Users/hashim/Desktop/Development/FeastFriends/321-project/backend/node_modules/body-parser/lib/types/json.js:100:7)\n' +
        '    at Layer.handleRequest (/Users/hashim/Desktop/Development/FeastFriends/321-project/backend/node_modules/router/lib/layer.js:152:17)\n' +
        '    at trimPrefix (/Users/hashim/Desktop/Development/FeastFriends/321-project/backend/node_modules/router/index.js:342:13)\n' +
        '    at /Users/hashim/Desktop/Development/FeastFriends/321-project/backend/node_modules/router/index.js:297:9\n' +
        '    at processParams (/Users/hashim/Desktop/Development/FeastFriends/321-project/backend/node_modules/router/index.js:582:12)\n' +
        '    at next (/Users/hashim/Desktop/Development/FeastFriends/321-project/backend/node_modules/router/index.js:291:5)\n' +
        '    at Function.handle (/Users/hashim/Desktop/Development/FeastFriends/321-project/backend/node_modules/router/index.js:186:3)\n' +
        '    at Function.handle (/Users/hashim/Desktop/Development/FeastFriends/321-project/backend/node_modules/express/lib/application.js:177:15)\n' +
        '    at Server.app (/Users/hashim/Desktop/Development/FeastFriends/321-project/backend/node_modules/express/lib/express.js:38:9)\n' +
        '    at Server.emit (node:events:519:28)\n' +
        '    at parserOnIncoming (node:_http_server:1173:12)\n' +
        '    at HTTPParser.parserOnHeadersComplete (node:_http_common:121:17)',
      timestamp: '2025-11-09T19:50:08.688Z',
      path: '/test/non-existent-route',
      method: 'GET'
    }

      90 |   }
      91 |
    > 92 |   console.error('Error:', {
         |           ^
      93 |     message: err.message,
      94 |     statusCode,
      95 |     stack: err.stack,

      at errorHandler (src/middleware/errorHandler.ts:92:11)
      at Layer.handleError (node_modules/router/lib/layer.js:116:17)
      at trimPrefix (node_modules/router/index.js:340:13)
      at node_modules/router/index.js:297:9
      at processParams (node_modules/router/index.js:582:12)
      at next (node_modules/router/index.js:291:5)
      at notFoundHandler (src/middleware/errorHandler.ts:119:3)
      at Layer.handleRequest (node_modules/router/lib/layer.js:152:17)
      at trimPrefix (node_modules/router/index.js:342:13)
      at node_modules/router/index.js:297:9
      at processParams (node_modules/router/index.js:582:12)
      at next (node_modules/router/index.js:291:5)
      at jsonParser (node_modules/body-parser/lib/types/json.js:100:7)
      at Layer.handleRequest (node_modules/router/lib/layer.js:152:17)
      at trimPrefix (node_modules/router/index.js:342:13)
      at node_modules/router/index.js:297:9
      at processParams (node_modules/router/index.js:582:12)
      at next (node_modules/router/index.js:291:5)
      at Function.handle (node_modules/router/index.js:186:3)
      at Function.handle (node_modules/express/lib/application.js:177:15)
      at Server.app (node_modules/express/lib/express.js:38:9)

  console.error
    Error: {
      message: 'Async handler error',
      statusCode: 500,
      stack: 'Error: Async handler error\n' +
        '    at asyncRouteHandler (/Users/hashim/Desktop/Development/FeastFriends/321-project/backend/tests/with-mocks/errorHandler.mock.test.ts:958:13)\n' +
        '    at /Users/hashim/Desktop/Development/FeastFriends/321-project/backend/src/middleware/errorHandler.ts:58:15\n' +
        '    at /Users/hashim/Desktop/Development/FeastFriends/321-project/backend/src/middleware/errorHandler.ts:62:7\n' +
        '    at Layer.handleRequest (/Users/hashim/Desktop/Development/FeastFriends/321-project/backend/node_modules/router/lib/layer.js:152:17)\n' +
        '    at next (/Users/hashim/Desktop/Development/FeastFriends/321-project/backend/node_modules/router/lib/route.js:157:13)\n' +
        '    at Route.dispatch (/Users/hashim/Desktop/Development/FeastFriends/321-project/backend/node_modules/router/lib/route.js:117:3)\n' +
        '    at handle (/Users/hashim/Desktop/Development/FeastFriends/321-project/backend/node_modules/router/index.js:435:11)\n' +
        '    at Layer.handleRequest (/Users/hashim/Desktop/Development/FeastFriends/321-project/backend/node_modules/router/lib/layer.js:152:17)\n' +
        '    at /Users/hashim/Desktop/Development/FeastFriends/321-project/backend/node_modules/router/index.js:295:15\n' +
        '    at processParams (/Users/hashim/Desktop/Development/FeastFriends/321-project/backend/node_modules/router/index.js:582:12)\n' +
        '    at next (/Users/hashim/Desktop/Development/FeastFriends/321-project/backend/node_modules/router/index.js:291:5)\n' +
        '    at jsonParser (/Users/hashim/Desktop/Development/FeastFriends/321-project/backend/node_modules/body-parser/lib/types/json.js:100:7)\n' +
        '    at Layer.handleRequest (/Users/hashim/Desktop/Development/FeastFriends/321-project/backend/node_modules/router/lib/layer.js:152:17)\n' +
        '    at trimPrefix (/Users/hashim/Desktop/Development/FeastFriends/321-project/backend/node_modules/router/index.js:342:13)\n' +
        '    at /Users/hashim/Desktop/Development/FeastFriends/321-project/backend/node_modules/router/index.js:297:9\n' +
        '    at processParams (/Users/hashim/Desktop/Development/FeastFriends/321-project/backend/node_modules/router/index.js:582:12)\n' +
        '    at next (/Users/hashim/Desktop/Development/FeastFriends/321-project/backend/node_modules/router/index.js:291:5)\n' +
        '    at Function.handle (/Users/hashim/Desktop/Development/FeastFriends/321-project/backend/node_modules/router/index.js:186:3)\n' +
        '    at Function.handle (/Users/hashim/Desktop/Development/FeastFriends/321-project/backend/node_modules/express/lib/application.js:177:15)\n' +
        '    at Server.app (/Users/hashim/Desktop/Development/FeastFriends/321-project/backend/node_modules/express/lib/express.js:38:9)\n' +
        '    at Server.emit (node:events:519:28)\n' +
        '    at parserOnIncoming (node:_http_server:1173:12)\n' +
        '    at HTTPParser.parserOnHeadersComplete (node:_http_common:121:17)',
      timestamp: '2025-11-09T19:50:08.694Z',
      path: '/test/async-error',
      method: 'GET'
    }

      90 |   }
      91 |
    > 92 |   console.error('Error:', {
         |           ^
      93 |     message: err.message,
      94 |     statusCode,
      95 |     stack: err.stack,

      at errorHandler (src/middleware/errorHandler.ts:92:11)
      at Layer.handleError (node_modules/router/lib/layer.js:116:17)
      at trimPrefix (node_modules/router/index.js:340:13)
      at node_modules/router/index.js:297:9
      at processParams (node_modules/router/index.js:582:12)
      at next (node_modules/router/index.js:291:5)
      at next (node_modules/router/lib/route.js:132:14)
      at src/middleware/errorHandler.ts:60:9

  console.log
    Test suite completed.

      at Object.<anonymous> (tests/setup.ts:14:11)

PASS tests/with-mocks/errorHandler.mock.test.ts
  Error Handler Middleware - All Error Types
    AppError - Custom Application Errors
      ✓ should return 400 for custom AppError (11 ms)
      ✓ should handle AppError with 404 status (3 ms)
      ✓ should handle AppError with 403 status (2 ms)
      ✓ should handle AppError with 409 status (2 ms)
      ✓ should handle AppError with 401 status (2 ms)
    Mongoose ValidationError
      ✓ should return 400 for Mongoose validation error (2 ms)
      ✓ should handle real Mongoose validation error from User model (1 ms)
    Mongoose CastError
      ✓ should return 400 for Mongoose CastError (4 ms)
      ✓ should handle CastError from real User.findById with invalid ID (1 ms)
    MongoDB Duplicate Key Error (11000)
      ✓ should return 409 for MongoDB duplicate key error (2 ms)
      ✓ should handle real duplicate key error with User model (5 ms)
    Generic Errors
      ✓ should return 500 for generic error (2 ms)
      ✓ should return 500 with default message for error without message (2 ms)
      ✓ should return 500 with "Error" fallback when error has no name property (2 ms)
    Network and Connection Errors
      ✓ should handle network connection errors (2 ms)
      ✓ should handle MongoDB connection errors
    Error Handler Response Format
      ✓ should include timestamp in error logs (1 ms)
      ✓ should include request path and method in error logs (1 ms)
      ✓ should include stack trace in development mode (5 ms)
      ✓ should NOT include stack trace in production mode (2 ms)
    Multiple Error Types in Sequence
      ✓ should handle different error types correctly in sequence (8 ms)
    Edge Cases
      ✓ should handle null error gracefully (1 ms)
      ✓ should handle error with very long message (2 ms)
      ✓ should handle error with special characters in message (2 ms)
      ✓ should handle TypeError (2 ms)
      ✓ should handle ReferenceError (2 ms)
    Error Handler with Different HTTP Methods
      ✓ should handle POST request errors (4 ms)
      ✓ should handle PUT request errors (3 ms)
      ✓ should handle DELETE request errors (2 ms)
  Controller Error Forwarding - next(error) Coverage
    ✓ should simulate controller calling next(error) (2 ms)
  notFoundHandler - 404 Handler
    ✓ should create AppError with 404 when route not found (3 ms)
  requireParam - Parameter Validation
    ✓ should throw AppError when paramName is empty string (covers errorHandler line 22-23)
    ✓ should throw AppError when paramName is null (covers errorHandler line 22-23) (1 ms)
    ✓ should throw AppError when paramName is not a string (covers errorHandler line 22-23)
    ✓ should throw AppError when paramName is not in ALLOWED_PARAMS whitelist (covers errorHandler line 27-28)
    ✓ should throw AppError when paramName is not in req.params (covers errorHandler line 33-34)
    ✓ should throw AppError when param value is empty string (covers errorHandler line 39-40)
    ✓ should throw AppError when param value is null (covers errorHandler line 39-40)
    ✓ should throw AppError when param value is not a string (covers errorHandler line 44-45) (1 ms)
    ✓ should return value when all validations pass
  asyncHandler - Async Error Wrapper
    ✓ should catch errors from async route handlers (2 ms)
    ✓ should pass through successful async route handlers (2 ms)

  console.log
    [dotenv@17.2.3] injecting env (3) from .env.test -- tip: 🗂️ backup and recover secrets: https://dotenvx.com/ops

      at _log (node_modules/dotenv/lib/main.js:142:11)

  console.log
    Starting test suite...

      at Object.<anonymous> (tests/setup.ts:9:11)

  console.error
    Error: {
      message: 'Database connection failed',
      statusCode: 500,
      stack: 'Error: Database connection failed\n' +
        '    at Object.<anonymous> (/Users/hashim/Desktop/Development/FeastFriends/321-project/backend/tests/with-mocks/user.mock.test.ts:51:39)\n' +
        '    at Promise.finally.completed (/Users/hashim/Desktop/Development/FeastFriends/321-project/backend/node_modules/jest-circus/build/jestAdapterInit.js:1557:28)\n' +
        '    at new Promise (<anonymous>)\n' +
        '    at callAsyncCircusFn (/Users/hashim/Desktop/Development/FeastFriends/321-project/backend/node_modules/jest-circus/build/jestAdapterInit.js:1497:10)\n' +
        '    at _callCircusTest (/Users/hashim/Desktop/Development/FeastFriends/321-project/backend/node_modules/jest-circus/build/jestAdapterInit.js:1007:40)\n' +
        '    at _runTest (/Users/hashim/Desktop/Development/FeastFriends/321-project/backend/node_modules/jest-circus/build/jestAdapterInit.js:947:3)\n' +
        '    at /Users/hashim/Desktop/Development/FeastFriends/321-project/backend/node_modules/jest-circus/build/jestAdapterInit.js:849:7\n' +
        '    at _runTestsForDescribeBlock (/Users/hashim/Desktop/Development/FeastFriends/321-project/backend/node_modules/jest-circus/build/jestAdapterInit.js:862:11)\n' +
        '    at _runTestsForDescribeBlock (/Users/hashim/Desktop/Development/FeastFriends/321-project/backend/node_modules/jest-circus/build/jestAdapterInit.js:857:11)\n' +
        '    at run (/Users/hashim/Desktop/Development/FeastFriends/321-project/backend/node_modules/jest-circus/build/jestAdapterInit.js:761:3)\n' +
        '    at runAndTransformResultsToJestFormat (/Users/hashim/Desktop/Development/FeastFriends/321-project/backend/node_modules/jest-circus/build/jestAdapterInit.js:1918:21)\n' +
        '    at jestAdapter (/Users/hashim/Desktop/Development/FeastFriends/321-project/backend/node_modules/jest-circus/build/runner.js:101:19)\n' +
        '    at runTestInternal (/Users/hashim/Desktop/Development/FeastFriends/321-project/backend/node_modules/jest-runner/build/index.js:275:16)\n' +
        '    at runTest (/Users/hashim/Desktop/Development/FeastFriends/321-project/backend/node_modules/jest-runner/build/index.js:343:7)',
      timestamp: '2025-11-09T19:50:08.864Z',
      path: '/api/user/profile/user123',
      method: 'GET'
    }

      90 |   }
      91 |
    > 92 |   console.error('Error:', {
         |           ^
      93 |     message: err.message,
      94 |     statusCode,
      95 |     stack: err.stack,

      at errorHandler (src/middleware/errorHandler.ts:92:11)
      at Layer.handleError (node_modules/router/lib/layer.js:116:17)
      at trimPrefix (node_modules/router/index.js:340:13)
      at node_modules/router/index.js:297:9
      at processParams (node_modules/router/index.js:582:12)
      at next (node_modules/router/index.js:291:5)
      at Layer.handleError (node_modules/router/lib/layer.js:111:12)
      at trimPrefix (node_modules/router/index.js:340:13)
      at node_modules/router/index.js:297:9
      at processParams (node_modules/router/index.js:582:12)
      at next (node_modules/router/index.js:291:5)
      at node_modules/router/index.js:688:15
      at next (node_modules/router/index.js:276:14)
      at next (node_modules/router/lib/route.js:132:14)
      at UserController.getUserProfiles (src/controllers/user.controller.ts:26:7)
      at src/routes/user.routes.ts:14:3
      at src/middleware/errorHandler.ts:58:9

  console.error
    Error: {
      message: 'Cast to ObjectId failed',
      statusCode: 400,
      stack: 'CastError: Cast to ObjectId failed\n' +
        '    at Object.<anonymous> (/Users/hashim/Desktop/Development/FeastFriends/321-project/backend/tests/with-mocks/user.mock.test.ts:75:23)\n' +
        '    at Promise.finally.completed (/Users/hashim/Desktop/Development/FeastFriends/321-project/backend/node_modules/jest-circus/build/jestAdapterInit.js:1557:28)\n' +
        '    at new Promise (<anonymous>)\n' +
        '    at callAsyncCircusFn (/Users/hashim/Desktop/Development/FeastFriends/321-project/backend/node_modules/jest-circus/build/jestAdapterInit.js:1497:10)\n' +
        '    at _callCircusTest (/Users/hashim/Desktop/Development/FeastFriends/321-project/backend/node_modules/jest-circus/build/jestAdapterInit.js:1007:40)\n' +
        '    at processTicksAndRejections (node:internal/process/task_queues:105:5)\n' +
        '    at _runTest (/Users/hashim/Desktop/Development/FeastFriends/321-project/backend/node_modules/jest-circus/build/jestAdapterInit.js:947:3)\n' +
        '    at /Users/hashim/Desktop/Development/FeastFriends/321-project/backend/node_modules/jest-circus/build/jestAdapterInit.js:849:7\n' +
        '    at _runTestsForDescribeBlock (/Users/hashim/Desktop/Development/FeastFriends/321-project/backend/node_modules/jest-circus/build/jestAdapterInit.js:862:11)\n' +
        '    at _runTestsForDescribeBlock (/Users/hashim/Desktop/Development/FeastFriends/321-project/backend/node_modules/jest-circus/build/jestAdapterInit.js:857:11)\n' +
        '    at run (/Users/hashim/Desktop/Development/FeastFriends/321-project/backend/node_modules/jest-circus/build/jestAdapterInit.js:761:3)\n' +
        '    at runAndTransformResultsToJestFormat (/Users/hashim/Desktop/Development/FeastFriends/321-project/backend/node_modules/jest-circus/build/jestAdapterInit.js:1918:21)\n' +
        '    at jestAdapter (/Users/hashim/Desktop/Development/FeastFriends/321-project/backend/node_modules/jest-circus/build/runner.js:101:19)\n' +
        '    at runTestInternal (/Users/hashim/Desktop/Development/FeastFriends/321-project/backend/node_modules/jest-runner/build/index.js:275:16)\n' +
        '    at runTest (/Users/hashim/Desktop/Development/FeastFriends/321-project/backend/node_modules/jest-runner/build/index.js:343:7)',
      timestamp: '2025-11-09T19:50:08.868Z',
      path: '/api/user/profile/invalid-id',
      method: 'GET'
    }

      90 |   }
      91 |
    > 92 |   console.error('Error:', {
         |           ^
      93 |     message: err.message,
      94 |     statusCode,
      95 |     stack: err.stack,

      at errorHandler (src/middleware/errorHandler.ts:92:11)
      at Layer.handleError (node_modules/router/lib/layer.js:116:17)
      at trimPrefix (node_modules/router/index.js:340:13)
      at node_modules/router/index.js:297:9
      at processParams (node_modules/router/index.js:582:12)
      at next (node_modules/router/index.js:291:5)
      at Layer.handleError (node_modules/router/lib/layer.js:111:12)
      at trimPrefix (node_modules/router/index.js:340:13)
      at node_modules/router/index.js:297:9
      at processParams (node_modules/router/index.js:582:12)
      at next (node_modules/router/index.js:291:5)
      at node_modules/router/index.js:688:15
      at next (node_modules/router/index.js:276:14)
      at next (node_modules/router/lib/route.js:132:14)
      at UserController.getUserProfiles (src/controllers/user.controller.ts:26:7)
      at src/routes/user.routes.ts:14:3
      at src/middleware/errorHandler.ts:58:9

  console.error
    Error: {
      message: 'Operation timed out',
      statusCode: 500,
      stack: 'Error: Operation timed out\n' +
        '    at Object.<anonymous> (/Users/hashim/Desktop/Development/FeastFriends/321-project/backend/tests/with-mocks/user.mock.test.ts:101:39)\n' +
        '    at Promise.finally.completed (/Users/hashim/Desktop/Development/FeastFriends/321-project/backend/node_modules/jest-circus/build/jestAdapterInit.js:1557:28)\n' +
        '    at new Promise (<anonymous>)\n' +
        '    at callAsyncCircusFn (/Users/hashim/Desktop/Development/FeastFriends/321-project/backend/node_modules/jest-circus/build/jestAdapterInit.js:1497:10)\n' +
        '    at _callCircusTest (/Users/hashim/Desktop/Development/FeastFriends/321-project/backend/node_modules/jest-circus/build/jestAdapterInit.js:1007:40)\n' +
        '    at processTicksAndRejections (node:internal/process/task_queues:105:5)\n' +
        '    at _runTest (/Users/hashim/Desktop/Development/FeastFriends/321-project/backend/node_modules/jest-circus/build/jestAdapterInit.js:947:3)\n' +
        '    at /Users/hashim/Desktop/Development/FeastFriends/321-project/backend/node_modules/jest-circus/build/jestAdapterInit.js:849:7\n' +
        '    at _runTestsForDescribeBlock (/Users/hashim/Desktop/Development/FeastFriends/321-project/backend/node_modules/jest-circus/build/jestAdapterInit.js:862:11)\n' +
        '    at _runTestsForDescribeBlock (/Users/hashim/Desktop/Development/FeastFriends/321-project/backend/node_modules/jest-circus/build/jestAdapterInit.js:857:11)\n' +
        '    at run (/Users/hashim/Desktop/Development/FeastFriends/321-project/backend/node_modules/jest-circus/build/jestAdapterInit.js:761:3)\n' +
        '    at runAndTransformResultsToJestFormat (/Users/hashim/Desktop/Development/FeastFriends/321-project/backend/node_modules/jest-circus/build/jestAdapterInit.js:1918:21)\n' +
        '    at jestAdapter (/Users/hashim/Desktop/Development/FeastFriends/321-project/backend/node_modules/jest-circus/build/runner.js:101:19)\n' +
        '    at runTestInternal (/Users/hashim/Desktop/Development/FeastFriends/321-project/backend/node_modules/jest-runner/build/index.js:275:16)\n' +
        '    at runTest (/Users/hashim/Desktop/Development/FeastFriends/321-project/backend/node_modules/jest-runner/build/index.js:343:7)',
      timestamp: '2025-11-09T19:50:08.871Z',
      path: '/api/user/profile/user123',
      method: 'GET'
    }

      90 |   }
      91 |
    > 92 |   console.error('Error:', {
         |           ^
      93 |     message: err.message,
      94 |     statusCode,
      95 |     stack: err.stack,

      at errorHandler (src/middleware/errorHandler.ts:92:11)
      at Layer.handleError (node_modules/router/lib/layer.js:116:17)
      at trimPrefix (node_modules/router/index.js:340:13)
      at node_modules/router/index.js:297:9
      at processParams (node_modules/router/index.js:582:12)
      at next (node_modules/router/index.js:291:5)
      at Layer.handleError (node_modules/router/lib/layer.js:111:12)
      at trimPrefix (node_modules/router/index.js:340:13)
      at node_modules/router/index.js:297:9
      at processParams (node_modules/router/index.js:582:12)
      at next (node_modules/router/index.js:291:5)
      at node_modules/router/index.js:688:15
      at next (node_modules/router/index.js:276:14)
      at next (node_modules/router/lib/route.js:132:14)
      at UserController.getUserProfiles (src/controllers/user.controller.ts:26:7)
      at src/routes/user.routes.ts:14:3
      at src/middleware/errorHandler.ts:58:9

  console.log
    [UserService] getUserSettings called for userId: test-user-id-123

      at UserService.getUserSettings (src/services/userService.ts:55:13)

  console.error
    Error: {
      message: 'User not found',
      statusCode: 500,
      stack: 'Error: User not found\n' +
        '    at UserService.getUserSettings (/Users/hashim/Desktop/Development/FeastFriends/321-project/backend/src/services/userService.ts:60:13)\n' +
        '    at processTicksAndRejections (node:internal/process/task_queues:105:5)\n' +
        '    at UserController.getUserSettings (/Users/hashim/Desktop/Development/FeastFriends/321-project/backend/src/controllers/user.controller.ts:38:24)\n' +
        '    at /Users/hashim/Desktop/Development/FeastFriends/321-project/backend/src/routes/user.routes.ts:23:3\n' +
        '    at /Users/hashim/Desktop/Development/FeastFriends/321-project/backend/src/middleware/errorHandler.ts:58:9',
      timestamp: '2025-11-09T19:50:08.892Z',
      path: '/api/user/settings',
      method: 'GET'
    }

      90 |   }
      91 |
    > 92 |   console.error('Error:', {
         |           ^
      93 |     message: err.message,
      94 |     statusCode,
      95 |     stack: err.stack,

      at errorHandler (src/middleware/errorHandler.ts:92:11)
      at Layer.handleError (node_modules/router/lib/layer.js:116:17)
      at trimPrefix (node_modules/router/index.js:340:13)
      at node_modules/router/index.js:297:9
      at processParams (node_modules/router/index.js:582:12)
      at next (node_modules/router/index.js:291:5)
      at Layer.handleError (node_modules/router/lib/layer.js:111:12)
      at trimPrefix (node_modules/router/index.js:340:13)
      at node_modules/router/index.js:297:9
      at processParams (node_modules/router/index.js:582:12)
      at next (node_modules/router/index.js:291:5)
      at node_modules/router/index.js:688:15
      at next (node_modules/router/index.js:276:14)
      at next (node_modules/router/lib/route.js:132:14)
      at UserController.getUserSettings (src/controllers/user.controller.ts:46:7)
      at src/routes/user.routes.ts:23:3
      at src/middleware/errorHandler.ts:58:9

  console.log
    [UserService] getUserSettings called for userId: test-user-id-123

      at UserService.getUserSettings (src/services/userService.ts:55:13)

  console.error
    Error: {
      message: 'Connection lost',
      statusCode: 500,
      stack: 'Error: Connection lost\n' +
        '    at Object.<anonymous> (/Users/hashim/Desktop/Development/FeastFriends/321-project/backend/tests/with-mocks/user.mock.test.ts:185:43)\n' +
        '    at Promise.finally.completed (/Users/hashim/Desktop/Development/FeastFriends/321-project/backend/node_modules/jest-circus/build/jestAdapterInit.js:1557:28)\n' +
        '    at new Promise (<anonymous>)\n' +
        '    at callAsyncCircusFn (/Users/hashim/Desktop/Development/FeastFriends/321-project/backend/node_modules/jest-circus/build/jestAdapterInit.js:1497:10)\n' +
        '    at _callCircusTest (/Users/hashim/Desktop/Development/FeastFriends/321-project/backend/node_modules/jest-circus/build/jestAdapterInit.js:1007:40)\n' +
        '    at processTicksAndRejections (node:internal/process/task_queues:105:5)\n' +
        '    at _runTest (/Users/hashim/Desktop/Development/FeastFriends/321-project/backend/node_modules/jest-circus/build/jestAdapterInit.js:947:3)\n' +
        '    at /Users/hashim/Desktop/Development/FeastFriends/321-project/backend/node_modules/jest-circus/build/jestAdapterInit.js:849:7\n' +
        '    at _runTestsForDescribeBlock (/Users/hashim/Desktop/Development/FeastFriends/321-project/backend/node_modules/jest-circus/build/jestAdapterInit.js:862:11)\n' +
        '    at _runTestsForDescribeBlock (/Users/hashim/Desktop/Development/FeastFriends/321-project/backend/node_modules/jest-circus/build/jestAdapterInit.js:857:11)\n' +
        '    at run (/Users/hashim/Desktop/Development/FeastFriends/321-project/backend/node_modules/jest-circus/build/jestAdapterInit.js:761:3)\n' +
        '    at runAndTransformResultsToJestFormat (/Users/hashim/Desktop/Development/FeastFriends/321-project/backend/node_modules/jest-circus/build/jestAdapterInit.js:1918:21)\n' +
        '    at jestAdapter (/Users/hashim/Desktop/Development/FeastFriends/321-project/backend/node_modules/jest-circus/build/runner.js:101:19)\n' +
        '    at runTestInternal (/Users/hashim/Desktop/Development/FeastFriends/321-project/backend/node_modules/jest-runner/build/index.js:275:16)\n' +
        '    at runTest (/Users/hashim/Desktop/Development/FeastFriends/321-project/backend/node_modules/jest-runner/build/index.js:343:7)',
      timestamp: '2025-11-09T19:50:08.904Z',
      path: '/api/user/settings',
      method: 'GET'
    }

      90 |   }
      91 |
    > 92 |   console.error('Error:', {
         |           ^
      93 |     message: err.message,
      94 |     statusCode,
      95 |     stack: err.stack,

      at errorHandler (src/middleware/errorHandler.ts:92:11)
      at Layer.handleError (node_modules/router/lib/layer.js:116:17)
      at trimPrefix (node_modules/router/index.js:340:13)
      at node_modules/router/index.js:297:9
      at processParams (node_modules/router/index.js:582:12)
      at next (node_modules/router/index.js:291:5)
      at Layer.handleError (node_modules/router/lib/layer.js:111:12)
      at trimPrefix (node_modules/router/index.js:340:13)
      at node_modules/router/index.js:297:9
      at processParams (node_modules/router/index.js:582:12)
      at next (node_modules/router/index.js:291:5)
      at node_modules/router/index.js:688:15
      at next (node_modules/router/index.js:276:14)
      at next (node_modules/router/lib/route.js:132:14)
      at UserController.getUserSettings (src/controllers/user.controller.ts:46:7)
      at src/routes/user.routes.ts:23:3
      at src/middleware/errorHandler.ts:58:9

  console.log
    [UserService] getUserSettings called for userId: invalid-format

      at UserService.getUserSettings (src/services/userService.ts:55:13)

  console.error
    Error: {
      message: 'Invalid ObjectId',
      statusCode: 400,
      stack: 'CastError: Invalid ObjectId\n' +
        '    at Object.<anonymous> (/Users/hashim/Desktop/Development/FeastFriends/321-project/backend/tests/with-mocks/user.mock.test.ts:211:23)\n' +
        '    at Promise.finally.completed (/Users/hashim/Desktop/Development/FeastFriends/321-project/backend/node_modules/jest-circus/build/jestAdapterInit.js:1557:28)\n' +
        '    at new Promise (<anonymous>)\n' +
        '    at callAsyncCircusFn (/Users/hashim/Desktop/Development/FeastFriends/321-project/backend/node_modules/jest-circus/build/jestAdapterInit.js:1497:10)\n' +
        '    at _callCircusTest (/Users/hashim/Desktop/Development/FeastFriends/321-project/backend/node_modules/jest-circus/build/jestAdapterInit.js:1007:40)\n' +
        '    at processTicksAndRejections (node:internal/process/task_queues:105:5)\n' +
        '    at _runTest (/Users/hashim/Desktop/Development/FeastFriends/321-project/backend/node_modules/jest-circus/build/jestAdapterInit.js:947:3)\n' +
        '    at /Users/hashim/Desktop/Development/FeastFriends/321-project/backend/node_modules/jest-circus/build/jestAdapterInit.js:849:7\n' +
        '    at _runTestsForDescribeBlock (/Users/hashim/Desktop/Development/FeastFriends/321-project/backend/node_modules/jest-circus/build/jestAdapterInit.js:862:11)\n' +
        '    at _runTestsForDescribeBlock (/Users/hashim/Desktop/Development/FeastFriends/321-project/backend/node_modules/jest-circus/build/jestAdapterInit.js:857:11)\n' +
        '    at run (/Users/hashim/Desktop/Development/FeastFriends/321-project/backend/node_modules/jest-circus/build/jestAdapterInit.js:761:3)\n' +
        '    at runAndTransformResultsToJestFormat (/Users/hashim/Desktop/Development/FeastFriends/321-project/backend/node_modules/jest-circus/build/jestAdapterInit.js:1918:21)\n' +
        '    at jestAdapter (/Users/hashim/Desktop/Development/FeastFriends/321-project/backend/node_modules/jest-circus/build/runner.js:101:19)\n' +
        '    at runTestInternal (/Users/hashim/Desktop/Development/FeastFriends/321-project/backend/node_modules/jest-runner/build/index.js:275:16)\n' +
        '    at runTest (/Users/hashim/Desktop/Development/FeastFriends/321-project/backend/node_modules/jest-runner/build/index.js:343:7)',
      timestamp: '2025-11-09T19:50:08.907Z',
      path: '/api/user/settings',
      method: 'GET'
    }

      90 |   }
      91 |
    > 92 |   console.error('Error:', {
         |           ^
      93 |     message: err.message,
      94 |     statusCode,
      95 |     stack: err.stack,

      at errorHandler (src/middleware/errorHandler.ts:92:11)
      at Layer.handleError (node_modules/router/lib/layer.js:116:17)
      at trimPrefix (node_modules/router/index.js:340:13)
      at node_modules/router/index.js:297:9
      at processParams (node_modules/router/index.js:582:12)
      at next (node_modules/router/index.js:291:5)
      at Layer.handleError (node_modules/router/lib/layer.js:111:12)
      at trimPrefix (node_modules/router/index.js:340:13)
      at node_modules/router/index.js:297:9
      at processParams (node_modules/router/index.js:582:12)
      at next (node_modules/router/index.js:291:5)
      at node_modules/router/index.js:688:15
      at next (node_modules/router/index.js:276:14)
      at next (node_modules/router/lib/route.js:132:14)
      at UserController.getUserSettings (src/controllers/user.controller.ts:46:7)
      at src/routes/user.routes.ts:23:3
      at src/middleware/errorHandler.ts:58:9

  console.error
    Error: {
      message: 'User not found',
      statusCode: 500,
      stack: 'Error: User not found\n' +
        '    at UserService.createUserProfile (/Users/hashim/Desktop/Development/FeastFriends/321-project/backend/src/services/userService.ts:96:13)\n' +
        '    at processTicksAndRejections (node:internal/process/task_queues:105:5)\n' +
        '    at UserController.createUserProfile (/Users/hashim/Desktop/Development/FeastFriends/321-project/backend/src/controllers/user.controller.ts:60:23)\n' +
        '    at /Users/hashim/Desktop/Development/FeastFriends/321-project/backend/src/routes/user.routes.ts:32:3\n' +
        '    at /Users/hashim/Desktop/Development/FeastFriends/321-project/backend/src/middleware/errorHandler.ts:58:9',
      timestamp: '2025-11-09T19:50:08.912Z',
      path: '/api/user/profile',
      method: 'POST'
    }

      90 |   }
      91 |
    > 92 |   console.error('Error:', {
         |           ^
      93 |     message: err.message,
      94 |     statusCode,
      95 |     stack: err.stack,

      at errorHandler (src/middleware/errorHandler.ts:92:11)
      at Layer.handleError (node_modules/router/lib/layer.js:116:17)
      at trimPrefix (node_modules/router/index.js:340:13)
      at node_modules/router/index.js:297:9
      at processParams (node_modules/router/index.js:582:12)
      at next (node_modules/router/index.js:291:5)
      at Layer.handleError (node_modules/router/lib/layer.js:111:12)
      at trimPrefix (node_modules/router/index.js:340:13)
      at node_modules/router/index.js:297:9
      at processParams (node_modules/router/index.js:582:12)
      at next (node_modules/router/index.js:291:5)
      at node_modules/router/index.js:688:15
      at next (node_modules/router/index.js:276:14)
      at next (node_modules/router/lib/route.js:132:14)
      at UserController.createUserProfile (src/controllers/user.controller.ts:73:7)
      at src/routes/user.routes.ts:32:3
      at src/middleware/errorHandler.ts:58:9

  console.error
    Error: {
      message: 'Write failed',
      statusCode: 500,
      stack: 'Error: Write failed\n' +
        '    at Object.<anonymous> (/Users/hashim/Desktop/Development/FeastFriends/321-project/backend/tests/with-mocks/user.mock.test.ts:285:41)\n' +
        '    at Promise.finally.completed (/Users/hashim/Desktop/Development/FeastFriends/321-project/backend/node_modules/jest-circus/build/jestAdapterInit.js:1557:28)\n' +
        '    at new Promise (<anonymous>)\n' +
        '    at callAsyncCircusFn (/Users/hashim/Desktop/Development/FeastFriends/321-project/backend/node_modules/jest-circus/build/jestAdapterInit.js:1497:10)\n' +
        '    at _callCircusTest (/Users/hashim/Desktop/Development/FeastFriends/321-project/backend/node_modules/jest-circus/build/jestAdapterInit.js:1007:40)\n' +
        '    at processTicksAndRejections (node:internal/process/task_queues:105:5)\n' +
        '    at _runTest (/Users/hashim/Desktop/Development/FeastFriends/321-project/backend/node_modules/jest-circus/build/jestAdapterInit.js:947:3)\n' +
        '    at /Users/hashim/Desktop/Development/FeastFriends/321-project/backend/node_modules/jest-circus/build/jestAdapterInit.js:849:7\n' +
        '    at _runTestsForDescribeBlock (/Users/hashim/Desktop/Development/FeastFriends/321-project/backend/node_modules/jest-circus/build/jestAdapterInit.js:862:11)\n' +
        '    at _runTestsForDescribeBlock (/Users/hashim/Desktop/Development/FeastFriends/321-project/backend/node_modules/jest-circus/build/jestAdapterInit.js:857:11)\n' +
        '    at run (/Users/hashim/Desktop/Development/FeastFriends/321-project/backend/node_modules/jest-circus/build/jestAdapterInit.js:761:3)\n' +
        '    at runAndTransformResultsToJestFormat (/Users/hashim/Desktop/Development/FeastFriends/321-project/backend/node_modules/jest-circus/build/jestAdapterInit.js:1918:21)\n' +
        '    at jestAdapter (/Users/hashim/Desktop/Development/FeastFriends/321-project/backend/node_modules/jest-circus/build/runner.js:101:19)\n' +
        '    at runTestInternal (/Users/hashim/Desktop/Development/FeastFriends/321-project/backend/node_modules/jest-runner/build/index.js:275:16)\n' +
        '    at runTest (/Users/hashim/Desktop/Development/FeastFriends/321-project/backend/node_modules/jest-runner/build/index.js:343:7)',
      timestamp: '2025-11-09T19:50:08.915Z',
      path: '/api/user/profile',
      method: 'POST'
    }

      90 |   }
      91 |
    > 92 |   console.error('Error:', {
         |           ^
      93 |     message: err.message,
      94 |     statusCode,
      95 |     stack: err.stack,

      at errorHandler (src/middleware/errorHandler.ts:92:11)
      at Layer.handleError (node_modules/router/lib/layer.js:116:17)
      at trimPrefix (node_modules/router/index.js:340:13)
      at node_modules/router/index.js:297:9
      at processParams (node_modules/router/index.js:582:12)
      at next (node_modules/router/index.js:291:5)
      at Layer.handleError (node_modules/router/lib/layer.js:111:12)
      at trimPrefix (node_modules/router/index.js:340:13)
      at node_modules/router/index.js:297:9
      at processParams (node_modules/router/index.js:582:12)
      at next (node_modules/router/index.js:291:5)
      at node_modules/router/index.js:688:15
      at next (node_modules/router/index.js:276:14)
      at next (node_modules/router/lib/route.js:132:14)
      at UserController.createUserProfile (src/controllers/user.controller.ts:73:7)
      at src/routes/user.routes.ts:32:3
      at src/middleware/errorHandler.ts:58:9

  console.error
    Error: {
      message: 'Validation failed: name is required',
      statusCode: 400,
      stack: 'ValidationError: Validation failed: name is required\n' +
        '    at Object.<anonymous> (/Users/hashim/Desktop/Development/FeastFriends/321-project/backend/tests/with-mocks/user.mock.test.ts:317:29)\n' +
        '    at Promise.finally.completed (/Users/hashim/Desktop/Development/FeastFriends/321-project/backend/node_modules/jest-circus/build/jestAdapterInit.js:1557:28)\n' +
        '    at new Promise (<anonymous>)\n' +
        '    at callAsyncCircusFn (/Users/hashim/Desktop/Development/FeastFriends/321-project/backend/node_modules/jest-circus/build/jestAdapterInit.js:1497:10)\n' +
        '    at _callCircusTest (/Users/hashim/Desktop/Development/FeastFriends/321-project/backend/node_modules/jest-circus/build/jestAdapterInit.js:1007:40)\n' +
        '    at processTicksAndRejections (node:internal/process/task_queues:105:5)\n' +
        '    at _runTest (/Users/hashim/Desktop/Development/FeastFriends/321-project/backend/node_modules/jest-circus/build/jestAdapterInit.js:947:3)\n' +
        '    at /Users/hashim/Desktop/Development/FeastFriends/321-project/backend/node_modules/jest-circus/build/jestAdapterInit.js:849:7\n' +
        '    at _runTestsForDescribeBlock (/Users/hashim/Desktop/Development/FeastFriends/321-project/backend/node_modules/jest-circus/build/jestAdapterInit.js:862:11)\n' +
        '    at _runTestsForDescribeBlock (/Users/hashim/Desktop/Development/FeastFriends/321-project/backend/node_modules/jest-circus/build/jestAdapterInit.js:857:11)\n' +
        '    at run (/Users/hashim/Desktop/Development/FeastFriends/321-project/backend/node_modules/jest-circus/build/jestAdapterInit.js:761:3)\n' +
        '    at runAndTransformResultsToJestFormat (/Users/hashim/Desktop/Development/FeastFriends/321-project/backend/node_modules/jest-circus/build/jestAdapterInit.js:1918:21)\n' +
        '    at jestAdapter (/Users/hashim/Desktop/Development/FeastFriends/321-project/backend/node_modules/jest-circus/build/runner.js:101:19)\n' +
        '    at runTestInternal (/Users/hashim/Desktop/Development/FeastFriends/321-project/backend/node_modules/jest-runner/build/index.js:275:16)\n' +
        '    at runTest (/Users/hashim/Desktop/Development/FeastFriends/321-project/backend/node_modules/jest-runner/build/index.js:343:7)',
      timestamp: '2025-11-09T19:50:08.918Z',
      path: '/api/user/profile',
      method: 'POST'
    }

      90 |   }
      91 |
    > 92 |   console.error('Error:', {
         |           ^
      93 |     message: err.message,
      94 |     statusCode,
      95 |     stack: err.stack,

      at errorHandler (src/middleware/errorHandler.ts:92:11)
      at Layer.handleError (node_modules/router/lib/layer.js:116:17)
      at trimPrefix (node_modules/router/index.js:340:13)
      at node_modules/router/index.js:297:9
      at processParams (node_modules/router/index.js:582:12)
      at next (node_modules/router/index.js:291:5)
      at Layer.handleError (node_modules/router/lib/layer.js:111:12)
      at trimPrefix (node_modules/router/index.js:340:13)
      at node_modules/router/index.js:297:9
      at processParams (node_modules/router/index.js:582:12)
      at next (node_modules/router/index.js:291:5)
      at node_modules/router/index.js:688:15
      at next (node_modules/router/index.js:276:14)
      at next (node_modules/router/lib/route.js:132:14)
      at UserController.createUserProfile (src/controllers/user.controller.ts:73:7)
      at src/routes/user.routes.ts:32:3
      at src/middleware/errorHandler.ts:58:9

  console.log
    [UserService] updateUserSettings called for userId: test-user-id-123

      at UserService.updateUserSettings (src/services/userService.ts:130:13)

  console.log
    [UserService] Data received: {
      name: undefined,
      bio: undefined,
      preference: undefined,
      profilePicture: undefined,
      contactNumber: undefined,
      budget: 50,
      radiusKm: undefined
    }

      at UserService.updateUserSettings (src/services/userService.ts:131:13)

  console.error
    Error: {
      message: 'User not found',
      statusCode: 500,
      stack: 'Error: User not found\n' +
        '    at UserService.updateUserSettings (/Users/hashim/Desktop/Development/FeastFriends/321-project/backend/src/services/userService.ts:136:13)\n' +
        '    at processTicksAndRejections (node:internal/process/task_queues:105:5)\n' +
        '    at UserController.updateUserSettings (/Users/hashim/Desktop/Development/FeastFriends/321-project/backend/src/controllers/user.controller.ts:87:24)\n' +
        '    at /Users/hashim/Desktop/Development/FeastFriends/321-project/backend/src/routes/user.routes.ts:41:3\n' +
        '    at /Users/hashim/Desktop/Development/FeastFriends/321-project/backend/src/middleware/errorHandler.ts:58:9',
      timestamp: '2025-11-09T19:50:08.921Z',
      path: '/api/user/settings',
      method: 'POST'
    }

      90 |   }
      91 |
    > 92 |   console.error('Error:', {
         |           ^
      93 |     message: err.message,
      94 |     statusCode,
      95 |     stack: err.stack,

      at errorHandler (src/middleware/errorHandler.ts:92:11)
      at Layer.handleError (node_modules/router/lib/layer.js:116:17)
      at trimPrefix (node_modules/router/index.js:340:13)
      at node_modules/router/index.js:297:9
      at processParams (node_modules/router/index.js:582:12)
      at next (node_modules/router/index.js:291:5)
      at Layer.handleError (node_modules/router/lib/layer.js:111:12)
      at trimPrefix (node_modules/router/index.js:340:13)
      at node_modules/router/index.js:297:9
      at processParams (node_modules/router/index.js:582:12)
      at next (node_modules/router/index.js:291:5)
      at node_modules/router/index.js:688:15
      at next (node_modules/router/index.js:276:14)
      at next (node_modules/router/lib/route.js:132:14)
      at UserController.updateUserSettings (src/controllers/user.controller.ts:103:7)
      at src/routes/user.routes.ts:41:3
      at src/middleware/errorHandler.ts:58:9

  console.log
    [UserService] updateUserSettings called for userId: test-user-id-123

      at UserService.updateUserSettings (src/services/userService.ts:130:13)

  console.log
    [UserService] Data received: {
      name: undefined,
      bio: undefined,
      preference: undefined,
      profilePicture: undefined,
      contactNumber: undefined,
      budget: 100,
      radiusKm: undefined
    }

      at UserService.updateUserSettings (src/services/userService.ts:131:13)

  console.error
    Error: {
      message: 'Database write error',
      statusCode: 500,
      stack: 'Error: Database write error\n' +
        '    at Object.<anonymous> (/Users/hashim/Desktop/Development/FeastFriends/321-project/backend/tests/with-mocks/user.mock.test.ts:394:41)\n' +
        '    at Promise.finally.completed (/Users/hashim/Desktop/Development/FeastFriends/321-project/backend/node_modules/jest-circus/build/jestAdapterInit.js:1557:28)\n' +
        '    at new Promise (<anonymous>)\n' +
        '    at callAsyncCircusFn (/Users/hashim/Desktop/Development/FeastFriends/321-project/backend/node_modules/jest-circus/build/jestAdapterInit.js:1497:10)\n' +
        '    at _callCircusTest (/Users/hashim/Desktop/Development/FeastFriends/321-project/backend/node_modules/jest-circus/build/jestAdapterInit.js:1007:40)\n' +
        '    at processTicksAndRejections (node:internal/process/task_queues:105:5)\n' +
        '    at _runTest (/Users/hashim/Desktop/Development/FeastFriends/321-project/backend/node_modules/jest-circus/build/jestAdapterInit.js:947:3)\n' +
        '    at /Users/hashim/Desktop/Development/FeastFriends/321-project/backend/node_modules/jest-circus/build/jestAdapterInit.js:849:7\n' +
        '    at _runTestsForDescribeBlock (/Users/hashim/Desktop/Development/FeastFriends/321-project/backend/node_modules/jest-circus/build/jestAdapterInit.js:862:11)\n' +
        '    at _runTestsForDescribeBlock (/Users/hashim/Desktop/Development/FeastFriends/321-project/backend/node_modules/jest-circus/build/jestAdapterInit.js:857:11)\n' +
        '    at run (/Users/hashim/Desktop/Development/FeastFriends/321-project/backend/node_modules/jest-circus/build/jestAdapterInit.js:761:3)\n' +
        '    at runAndTransformResultsToJestFormat (/Users/hashim/Desktop/Development/FeastFriends/321-project/backend/node_modules/jest-circus/build/jestAdapterInit.js:1918:21)\n' +
        '    at jestAdapter (/Users/hashim/Desktop/Development/FeastFriends/321-project/backend/node_modules/jest-circus/build/runner.js:101:19)\n' +
        '    at runTestInternal (/Users/hashim/Desktop/Development/FeastFriends/321-project/backend/node_modules/jest-runner/build/index.js:275:16)\n' +
        '    at runTest (/Users/hashim/Desktop/Development/FeastFriends/321-project/backend/node_modules/jest-runner/build/index.js:343:7)',
      timestamp: '2025-11-09T19:50:08.925Z',
      path: '/api/user/settings',
      method: 'POST'
    }

      90 |   }
      91 |
    > 92 |   console.error('Error:', {
         |           ^
      93 |     message: err.message,
      94 |     statusCode,
      95 |     stack: err.stack,

      at errorHandler (src/middleware/errorHandler.ts:92:11)
      at Layer.handleError (node_modules/router/lib/layer.js:116:17)
      at trimPrefix (node_modules/router/index.js:340:13)
      at node_modules/router/index.js:297:9
      at processParams (node_modules/router/index.js:582:12)
      at next (node_modules/router/index.js:291:5)
      at Layer.handleError (node_modules/router/lib/layer.js:111:12)
      at trimPrefix (node_modules/router/index.js:340:13)
      at node_modules/router/index.js:297:9
      at processParams (node_modules/router/index.js:582:12)
      at next (node_modules/router/index.js:291:5)
      at node_modules/router/index.js:688:15
      at next (node_modules/router/index.js:276:14)
      at next (node_modules/router/lib/route.js:132:14)
      at UserController.updateUserSettings (src/controllers/user.controller.ts:103:7)
      at src/routes/user.routes.ts:41:3
      at src/middleware/errorHandler.ts:58:9

  console.log
    [UserService] updateUserSettings called for userId: test-user-id-123

      at UserService.updateUserSettings (src/services/userService.ts:130:13)

  console.log
    [UserService] Data received: {
      name: undefined,
      bio: undefined,
      preference: undefined,
      profilePicture: 'https://lh3.googleusercontent.com/test',
      contactNumber: undefined,
      budget: undefined,
      radiusKm: undefined
    }

      at UserService.updateUserSettings (src/services/userService.ts:131:13)

  console.log
    [UserService] Updating profilePicture from "" to "https://lh3.googleusercontent.com/test"

      at UserService.updateUserSettings (src/services/userService.ts:143:15)

  console.log
    [UserService] Converting Google profile picture to Base64: https://lh3.googleusercontent.com/test

      at UserService.convertGoogleProfilePictureToBase64 (src/services/userService.ts:15:15)

  console.error
    [UserService] Failed to convert profile picture to Base64: Error: Network error
        at Object.<anonymous> (/Users/hashim/Desktop/Development/FeastFriends/321-project/backend/tests/with-mocks/user.mock.test.ts:426:39)
        at Promise.finally.completed (/Users/hashim/Desktop/Development/FeastFriends/321-project/backend/node_modules/jest-circus/build/jestAdapterInit.js:1557:28)
        at new Promise (<anonymous>)
        at callAsyncCircusFn (/Users/hashim/Desktop/Development/FeastFriends/321-project/backend/node_modules/jest-circus/build/jestAdapterInit.js:1497:10)
        at _callCircusTest (/Users/hashim/Desktop/Development/FeastFriends/321-project/backend/node_modules/jest-circus/build/jestAdapterInit.js:1007:40)
        at processTicksAndRejections (node:internal/process/task_queues:105:5)
        at _runTest (/Users/hashim/Desktop/Development/FeastFriends/321-project/backend/node_modules/jest-circus/build/jestAdapterInit.js:947:3)
        at /Users/hashim/Desktop/Development/FeastFriends/321-project/backend/node_modules/jest-circus/build/jestAdapterInit.js:849:7
        at _runTestsForDescribeBlock (/Users/hashim/Desktop/Development/FeastFriends/321-project/backend/node_modules/jest-circus/build/jestAdapterInit.js:862:11)
        at _runTestsForDescribeBlock (/Users/hashim/Desktop/Development/FeastFriends/321-project/backend/node_modules/jest-circus/build/jestAdapterInit.js:857:11)
        at run (/Users/hashim/Desktop/Development/FeastFriends/321-project/backend/node_modules/jest-circus/build/jestAdapterInit.js:761:3)
        at runAndTransformResultsToJestFormat (/Users/hashim/Desktop/Development/FeastFriends/321-project/backend/node_modules/jest-circus/build/jestAdapterInit.js:1918:21)
        at jestAdapter (/Users/hashim/Desktop/Development/FeastFriends/321-project/backend/node_modules/jest-circus/build/runner.js:101:19)
        at runTestInternal (/Users/hashim/Desktop/Development/FeastFriends/321-project/backend/node_modules/jest-runner/build/index.js:275:16)
        at runTest (/Users/hashim/Desktop/Development/FeastFriends/321-project/backend/node_modules/jest-runner/build/index.js:343:7)

      29 |       return base64DataUri;
      30 |     } catch (error) {
    > 31 |       console.error(`[UserService] Failed to convert profile picture to Base64:`, error);
         |               ^
      32 |       return profilePictureUrl; // Return original URL if conversion fails
      33 |     }
      34 |   }

      at UserService.convertGoogleProfilePictureToBase64 (src/services/userService.ts:31:15)
      at UserService.updateUserSettings (src/services/userService.ts:146:39)
      at UserController.updateUserSettings (src/controllers/user.controller.ts:87:24)
      at src/routes/user.routes.ts:41:3
      at src/middleware/errorHandler.ts:58:9

  console.log
    [UserService] User saved. Current profilePicture: "https://lh3.googleusercontent.com/test"

      at UserService.updateUserSettings (src/services/userService.ts:154:13)

  console.log
    [UserService] getUserSettings called for userId: test-user-id-123

      at UserService.getUserSettings (src/services/userService.ts:55:13)

  console.log
    [UserService] User found. profilePicture: "https://lh3.googleusercontent.com/test"

      at UserService.getUserSettings (src/services/userService.ts:63:13)

  console.error
    Error: {
      message: 'User not found',
      statusCode: 500,
      stack: 'Error: User not found\n' +
        '    at UserService.updateUserProfile (/Users/hashim/Desktop/Development/FeastFriends/321-project/backend/src/services/userService.ts:177:13)\n' +
        '    at processTicksAndRejections (node:internal/process/task_queues:105:5)\n' +
        '    at UserController.updateUserProfile (/Users/hashim/Desktop/Development/FeastFriends/321-project/backend/src/controllers/user.controller.ts:117:23)\n' +
        '    at /Users/hashim/Desktop/Development/FeastFriends/321-project/backend/src/routes/user.routes.ts:50:3\n' +
        '    at /Users/hashim/Desktop/Development/FeastFriends/321-project/backend/src/middleware/errorHandler.ts:58:9',
      timestamp: '2025-11-09T19:50:08.931Z',
      path: '/api/user/profile',
      method: 'PUT'
    }

      90 |   }
      91 |
    > 92 |   console.error('Error:', {
         |           ^
      93 |     message: err.message,
      94 |     statusCode,
      95 |     stack: err.stack,

      at errorHandler (src/middleware/errorHandler.ts:92:11)
      at Layer.handleError (node_modules/router/lib/layer.js:116:17)
      at trimPrefix (node_modules/router/index.js:340:13)
      at node_modules/router/index.js:297:9
      at processParams (node_modules/router/index.js:582:12)
      at next (node_modules/router/index.js:291:5)
      at Layer.handleError (node_modules/router/lib/layer.js:111:12)
      at trimPrefix (node_modules/router/index.js:340:13)
      at node_modules/router/index.js:297:9
      at processParams (node_modules/router/index.js:582:12)
      at next (node_modules/router/index.js:291:5)
      at node_modules/router/index.js:688:15
      at next (node_modules/router/index.js:276:14)
      at next (node_modules/router/lib/route.js:132:14)
      at UserController.updateUserProfile (src/controllers/user.controller.ts:133:7)
      at src/routes/user.routes.ts:50:3
      at src/middleware/errorHandler.ts:58:9

  console.error
    Error: {
      message: 'Update failed',
      statusCode: 500,
      stack: 'Error: Update failed\n' +
        '    at Object.<anonymous> (/Users/hashim/Desktop/Development/FeastFriends/321-project/backend/tests/with-mocks/user.mock.test.ts:507:41)\n' +
        '    at Promise.finally.completed (/Users/hashim/Desktop/Development/FeastFriends/321-project/backend/node_modules/jest-circus/build/jestAdapterInit.js:1557:28)\n' +
        '    at new Promise (<anonymous>)\n' +
        '    at callAsyncCircusFn (/Users/hashim/Desktop/Development/FeastFriends/321-project/backend/node_modules/jest-circus/build/jestAdapterInit.js:1497:10)\n' +
        '    at _callCircusTest (/Users/hashim/Desktop/Development/FeastFriends/321-project/backend/node_modules/jest-circus/build/jestAdapterInit.js:1007:40)\n' +
        '    at processTicksAndRejections (node:internal/process/task_queues:105:5)\n' +
        '    at _runTest (/Users/hashim/Desktop/Development/FeastFriends/321-project/backend/node_modules/jest-circus/build/jestAdapterInit.js:947:3)\n' +
        '    at /Users/hashim/Desktop/Development/FeastFriends/321-project/backend/node_modules/jest-circus/build/jestAdapterInit.js:849:7\n' +
        '    at _runTestsForDescribeBlock (/Users/hashim/Desktop/Development/FeastFriends/321-project/backend/node_modules/jest-circus/build/jestAdapterInit.js:862:11)\n' +
        '    at _runTestsForDescribeBlock (/Users/hashim/Desktop/Development/FeastFriends/321-project/backend/node_modules/jest-circus/build/jestAdapterInit.js:857:11)\n' +
        '    at run (/Users/hashim/Desktop/Development/FeastFriends/321-project/backend/node_modules/jest-circus/build/jestAdapterInit.js:761:3)\n' +
        '    at runAndTransformResultsToJestFormat (/Users/hashim/Desktop/Development/FeastFriends/321-project/backend/node_modules/jest-circus/build/jestAdapterInit.js:1918:21)\n' +
        '    at jestAdapter (/Users/hashim/Desktop/Development/FeastFriends/321-project/backend/node_modules/jest-circus/build/runner.js:101:19)\n' +
        '    at runTestInternal (/Users/hashim/Desktop/Development/FeastFriends/321-project/backend/node_modules/jest-runner/build/index.js:275:16)\n' +
        '    at runTest (/Users/hashim/Desktop/Development/FeastFriends/321-project/backend/node_modules/jest-runner/build/index.js:343:7)',
      timestamp: '2025-11-09T19:50:08.935Z',
      path: '/api/user/profile',
      method: 'PUT'
    }

      90 |   }
      91 |
    > 92 |   console.error('Error:', {
         |           ^
      93 |     message: err.message,
      94 |     statusCode,
      95 |     stack: err.stack,

      at errorHandler (src/middleware/errorHandler.ts:92:11)
      at Layer.handleError (node_modules/router/lib/layer.js:116:17)
      at trimPrefix (node_modules/router/index.js:340:13)
      at node_modules/router/index.js:297:9
      at processParams (node_modules/router/index.js:582:12)
      at next (node_modules/router/index.js:291:5)
      at Layer.handleError (node_modules/router/lib/layer.js:111:12)
      at trimPrefix (node_modules/router/index.js:340:13)
      at node_modules/router/index.js:297:9
      at processParams (node_modules/router/index.js:582:12)
      at next (node_modules/router/index.js:291:5)
      at node_modules/router/index.js:688:15
      at next (node_modules/router/index.js:276:14)
      at next (node_modules/router/lib/route.js:132:14)
      at UserController.updateUserProfile (src/controllers/user.controller.ts:133:7)
      at src/routes/user.routes.ts:50:3
      at src/middleware/errorHandler.ts:58:9

  console.error
    Error: {
      message: 'Invalid field',
      statusCode: 400,
      stack: 'ValidationError: Invalid field\n' +
        '    at Object.<anonymous> (/Users/hashim/Desktop/Development/FeastFriends/321-project/backend/tests/with-mocks/user.mock.test.ts:537:29)\n' +
        '    at Promise.finally.completed (/Users/hashim/Desktop/Development/FeastFriends/321-project/backend/node_modules/jest-circus/build/jestAdapterInit.js:1557:28)\n' +
        '    at new Promise (<anonymous>)\n' +
        '    at callAsyncCircusFn (/Users/hashim/Desktop/Development/FeastFriends/321-project/backend/node_modules/jest-circus/build/jestAdapterInit.js:1497:10)\n' +
        '    at _callCircusTest (/Users/hashim/Desktop/Development/FeastFriends/321-project/backend/node_modules/jest-circus/build/jestAdapterInit.js:1007:40)\n' +
        '    at processTicksAndRejections (node:internal/process/task_queues:105:5)\n' +
        '    at _runTest (/Users/hashim/Desktop/Development/FeastFriends/321-project/backend/node_modules/jest-circus/build/jestAdapterInit.js:947:3)\n' +
        '    at /Users/hashim/Desktop/Development/FeastFriends/321-project/backend/node_modules/jest-circus/build/jestAdapterInit.js:849:7\n' +
        '    at _runTestsForDescribeBlock (/Users/hashim/Desktop/Development/FeastFriends/321-project/backend/node_modules/jest-circus/build/jestAdapterInit.js:862:11)\n' +
        '    at _runTestsForDescribeBlock (/Users/hashim/Desktop/Development/FeastFriends/321-project/backend/node_modules/jest-circus/build/jestAdapterInit.js:857:11)\n' +
        '    at run (/Users/hashim/Desktop/Development/FeastFriends/321-project/backend/node_modules/jest-circus/build/jestAdapterInit.js:761:3)\n' +
        '    at runAndTransformResultsToJestFormat (/Users/hashim/Desktop/Development/FeastFriends/321-project/backend/node_modules/jest-circus/build/jestAdapterInit.js:1918:21)\n' +
        '    at jestAdapter (/Users/hashim/Desktop/Development/FeastFriends/321-project/backend/node_modules/jest-circus/build/runner.js:101:19)\n' +
        '    at runTestInternal (/Users/hashim/Desktop/Development/FeastFriends/321-project/backend/node_modules/jest-runner/build/index.js:275:16)\n' +
        '    at runTest (/Users/hashim/Desktop/Development/FeastFriends/321-project/backend/node_modules/jest-runner/build/index.js:343:7)',
      timestamp: '2025-11-09T19:50:08.937Z',
      path: '/api/user/profile',
      method: 'PUT'
    }

      90 |   }
      91 |
    > 92 |   console.error('Error:', {
         |           ^
      93 |     message: err.message,
      94 |     statusCode,
      95 |     stack: err.stack,

      at errorHandler (src/middleware/errorHandler.ts:92:11)
      at Layer.handleError (node_modules/router/lib/layer.js:116:17)
      at trimPrefix (node_modules/router/index.js:340:13)
      at node_modules/router/index.js:297:9
      at processParams (node_modules/router/index.js:582:12)
      at next (node_modules/router/index.js:291:5)
      at Layer.handleError (node_modules/router/lib/layer.js:111:12)
      at trimPrefix (node_modules/router/index.js:340:13)
      at node_modules/router/index.js:297:9
      at processParams (node_modules/router/index.js:582:12)
      at next (node_modules/router/index.js:291:5)
      at node_modules/router/index.js:688:15
      at next (node_modules/router/index.js:276:14)
      at next (node_modules/router/lib/route.js:132:14)
      at UserController.updateUserProfile (src/controllers/user.controller.ts:133:7)
      at src/routes/user.routes.ts:50:3
      at src/middleware/errorHandler.ts:58:9

  console.error
    Error: {
      message: 'User not found',
      statusCode: 500,
      stack: 'Error: User not found\n' +
        '    at UserService.deleteUser (/Users/hashim/Desktop/Development/FeastFriends/321-project/backend/src/services/userService.ts:210:13)\n' +
        '    at processTicksAndRejections (node:internal/process/task_queues:105:5)\n' +
        '    at UserController.deleteUser (/Users/hashim/Desktop/Development/FeastFriends/321-project/backend/src/controllers/user.controller.ts:156:22)\n' +
        '    at /Users/hashim/Desktop/Development/FeastFriends/321-project/backend/src/routes/user.routes.ts:59:3\n' +
        '    at /Users/hashim/Desktop/Development/FeastFriends/321-project/backend/src/middleware/errorHandler.ts:58:9',
      timestamp: '2025-11-09T19:50:08.939Z',
      path: '/api/user/test-user-id-123',
      method: 'DELETE'
    }

      90 |   }
      91 |
    > 92 |   console.error('Error:', {
         |           ^
      93 |     message: err.message,
      94 |     statusCode,
      95 |     stack: err.stack,

      at errorHandler (src/middleware/errorHandler.ts:92:11)
      at Layer.handleError (node_modules/router/lib/layer.js:116:17)
      at trimPrefix (node_modules/router/index.js:340:13)
      at node_modules/router/index.js:297:9
      at processParams (node_modules/router/index.js:582:12)
      at next (node_modules/router/index.js:291:5)
      at Layer.handleError (node_modules/router/lib/layer.js:111:12)
      at trimPrefix (node_modules/router/index.js:340:13)
      at node_modules/router/index.js:297:9
      at processParams (node_modules/router/index.js:582:12)
      at Immediate.next (node_modules/router/index.js:291:5)
      at Immediate._onImmediate (node_modules/router/index.js:688:15)

  console.error
    Error: {
      message: 'Cannot delete account while in a room or group',
      statusCode: 500,
      stack: 'Error: Cannot delete account while in a room or group\n' +
        '    at UserService.deleteUser (/Users/hashim/Desktop/Development/FeastFriends/321-project/backend/src/services/userService.ts:214:13)\n' +
        '    at processTicksAndRejections (node:internal/process/task_queues:105:5)\n' +
        '    at UserController.deleteUser (/Users/hashim/Desktop/Development/FeastFriends/321-project/backend/src/controllers/user.controller.ts:156:22)\n' +
        '    at /Users/hashim/Desktop/Development/FeastFriends/321-project/backend/src/routes/user.routes.ts:59:3\n' +
        '    at /Users/hashim/Desktop/Development/FeastFriends/321-project/backend/src/middleware/errorHandler.ts:58:9',
      timestamp: '2025-11-09T19:50:08.941Z',
      path: '/api/user/user-in-room',
      method: 'DELETE'
    }

      90 |   }
      91 |
    > 92 |   console.error('Error:', {
         |           ^
      93 |     message: err.message,
      94 |     statusCode,
      95 |     stack: err.stack,

      at errorHandler (src/middleware/errorHandler.ts:92:11)
      at Layer.handleError (node_modules/router/lib/layer.js:116:17)
      at trimPrefix (node_modules/router/index.js:340:13)
      at node_modules/router/index.js:297:9
      at processParams (node_modules/router/index.js:582:12)
      at next (node_modules/router/index.js:291:5)
      at Layer.handleError (node_modules/router/lib/layer.js:111:12)
      at trimPrefix (node_modules/router/index.js:340:13)
      at node_modules/router/index.js:297:9
      at processParams (node_modules/router/index.js:582:12)
      at Immediate.next (node_modules/router/index.js:291:5)
      at Immediate._onImmediate (node_modules/router/index.js:688:15)

  console.error
    Error: {
      message: 'Cannot delete account while in a room or group',
      statusCode: 500,
      stack: 'Error: Cannot delete account while in a room or group\n' +
        '    at UserService.deleteUser (/Users/hashim/Desktop/Development/FeastFriends/321-project/backend/src/services/userService.ts:214:13)\n' +
        '    at processTicksAndRejections (node:internal/process/task_queues:105:5)\n' +
        '    at UserController.deleteUser (/Users/hashim/Desktop/Development/FeastFriends/321-project/backend/src/controllers/user.controller.ts:156:22)\n' +
        '    at /Users/hashim/Desktop/Development/FeastFriends/321-project/backend/src/routes/user.routes.ts:59:3\n' +
        '    at /Users/hashim/Desktop/Development/FeastFriends/321-project/backend/src/middleware/errorHandler.ts:58:9',
      timestamp: '2025-11-09T19:50:08.943Z',
      path: '/api/user/user-in-group',
      method: 'DELETE'
    }

      90 |   }
      91 |
    > 92 |   console.error('Error:', {
         |           ^
      93 |     message: err.message,
      94 |     statusCode,
      95 |     stack: err.stack,

      at errorHandler (src/middleware/errorHandler.ts:92:11)
      at Layer.handleError (node_modules/router/lib/layer.js:116:17)
      at trimPrefix (node_modules/router/index.js:340:13)
      at node_modules/router/index.js:297:9
      at processParams (node_modules/router/index.js:582:12)
      at next (node_modules/router/index.js:291:5)
      at Layer.handleError (node_modules/router/lib/layer.js:111:12)
      at trimPrefix (node_modules/router/index.js:340:13)
      at node_modules/router/index.js:297:9
      at processParams (node_modules/router/index.js:582:12)
      at Immediate.next (node_modules/router/index.js:291:5)
      at Immediate._onImmediate (node_modules/router/index.js:688:15)

  console.error
    Error: {
      message: 'Delete operation failed',
      statusCode: 500,
      stack: 'Error: Delete operation failed\n' +
        '    at Object.<anonymous> (/Users/hashim/Desktop/Development/FeastFriends/321-project/backend/tests/with-mocks/user.mock.test.ts:683:52)\n' +
        '    at Promise.finally.completed (/Users/hashim/Desktop/Development/FeastFriends/321-project/backend/node_modules/jest-circus/build/jestAdapterInit.js:1557:28)\n' +
        '    at new Promise (<anonymous>)\n' +
        '    at callAsyncCircusFn (/Users/hashim/Desktop/Development/FeastFriends/321-project/backend/node_modules/jest-circus/build/jestAdapterInit.js:1497:10)\n' +
        '    at _callCircusTest (/Users/hashim/Desktop/Development/FeastFriends/321-project/backend/node_modules/jest-circus/build/jestAdapterInit.js:1007:40)\n' +
        '    at processTicksAndRejections (node:internal/process/task_queues:105:5)\n' +
        '    at _runTest (/Users/hashim/Desktop/Development/FeastFriends/321-project/backend/node_modules/jest-circus/build/jestAdapterInit.js:947:3)\n' +
        '    at /Users/hashim/Desktop/Development/FeastFriends/321-project/backend/node_modules/jest-circus/build/jestAdapterInit.js:849:7\n' +
        '    at _runTestsForDescribeBlock (/Users/hashim/Desktop/Development/FeastFriends/321-project/backend/node_modules/jest-circus/build/jestAdapterInit.js:862:11)\n' +
        '    at _runTestsForDescribeBlock (/Users/hashim/Desktop/Development/FeastFriends/321-project/backend/node_modules/jest-circus/build/jestAdapterInit.js:857:11)\n' +
        '    at run (/Users/hashim/Desktop/Development/FeastFriends/321-project/backend/node_modules/jest-circus/build/jestAdapterInit.js:761:3)\n' +
        '    at runAndTransformResultsToJestFormat (/Users/hashim/Desktop/Development/FeastFriends/321-project/backend/node_modules/jest-circus/build/jestAdapterInit.js:1918:21)\n' +
        '    at jestAdapter (/Users/hashim/Desktop/Development/FeastFriends/321-project/backend/node_modules/jest-circus/build/runner.js:101:19)\n' +
        '    at runTestInternal (/Users/hashim/Desktop/Development/FeastFriends/321-project/backend/node_modules/jest-runner/build/index.js:275:16)\n' +
        '    at runTest (/Users/hashim/Desktop/Development/FeastFriends/321-project/backend/node_modules/jest-runner/build/index.js:343:7)',
      timestamp: '2025-11-09T19:50:08.945Z',
      path: '/api/user/test-user-id-123',
      method: 'DELETE'
    }

      90 |   }
      91 |
    > 92 |   console.error('Error:', {
         |           ^
      93 |     message: err.message,
      94 |     statusCode,
      95 |     stack: err.stack,

      at errorHandler (src/middleware/errorHandler.ts:92:11)
      at Layer.handleError (node_modules/router/lib/layer.js:116:17)
      at trimPrefix (node_modules/router/index.js:340:13)
      at node_modules/router/index.js:297:9
      at processParams (node_modules/router/index.js:582:12)
      at next (node_modules/router/index.js:291:5)
      at Layer.handleError (node_modules/router/lib/layer.js:111:12)
      at trimPrefix (node_modules/router/index.js:340:13)
      at node_modules/router/index.js:297:9
      at processParams (node_modules/router/index.js:582:12)
      at Immediate.next (node_modules/router/index.js:291:5)
      at Immediate._onImmediate (node_modules/router/index.js:688:15)

  console.error
    Error: {
      message: 'Connection lost',
      statusCode: 500,
      stack: 'Error: Connection lost\n' +
        '    at Object.<anonymous> (/Users/hashim/Desktop/Development/FeastFriends/321-project/backend/tests/with-mocks/user.mock.test.ts:709:43)\n' +
        '    at Promise.finally.completed (/Users/hashim/Desktop/Development/FeastFriends/321-project/backend/node_modules/jest-circus/build/jestAdapterInit.js:1557:28)\n' +
        '    at new Promise (<anonymous>)\n' +
        '    at callAsyncCircusFn (/Users/hashim/Desktop/Development/FeastFriends/321-project/backend/node_modules/jest-circus/build/jestAdapterInit.js:1497:10)\n' +
        '    at _callCircusTest (/Users/hashim/Desktop/Development/FeastFriends/321-project/backend/node_modules/jest-circus/build/jestAdapterInit.js:1007:40)\n' +
        '    at processTicksAndRejections (node:internal/process/task_queues:105:5)\n' +
        '    at _runTest (/Users/hashim/Desktop/Development/FeastFriends/321-project/backend/node_modules/jest-circus/build/jestAdapterInit.js:947:3)\n' +
        '    at /Users/hashim/Desktop/Development/FeastFriends/321-project/backend/node_modules/jest-circus/build/jestAdapterInit.js:849:7\n' +
        '    at _runTestsForDescribeBlock (/Users/hashim/Desktop/Development/FeastFriends/321-project/backend/node_modules/jest-circus/build/jestAdapterInit.js:862:11)\n' +
        '    at _runTestsForDescribeBlock (/Users/hashim/Desktop/Development/FeastFriends/321-project/backend/node_modules/jest-circus/build/jestAdapterInit.js:857:11)\n' +
        '    at run (/Users/hashim/Desktop/Development/FeastFriends/321-project/backend/node_modules/jest-circus/build/jestAdapterInit.js:761:3)\n' +
        '    at runAndTransformResultsToJestFormat (/Users/hashim/Desktop/Development/FeastFriends/321-project/backend/node_modules/jest-circus/build/jestAdapterInit.js:1918:21)\n' +
        '    at jestAdapter (/Users/hashim/Desktop/Development/FeastFriends/321-project/backend/node_modules/jest-circus/build/runner.js:101:19)\n' +
        '    at runTestInternal (/Users/hashim/Desktop/Development/FeastFriends/321-project/backend/node_modules/jest-runner/build/index.js:275:16)\n' +
        '    at runTest (/Users/hashim/Desktop/Development/FeastFriends/321-project/backend/node_modules/jest-runner/build/index.js:343:7)',
      timestamp: '2025-11-09T19:50:08.947Z',
      path: '/api/user/test-user-id-123',
      method: 'DELETE'
    }

      90 |   }
      91 |
    > 92 |   console.error('Error:', {
         |           ^
      93 |     message: err.message,
      94 |     statusCode,
      95 |     stack: err.stack,

      at errorHandler (src/middleware/errorHandler.ts:92:11)
      at Layer.handleError (node_modules/router/lib/layer.js:116:17)
      at trimPrefix (node_modules/router/index.js:340:13)
      at node_modules/router/index.js:297:9
      at processParams (node_modules/router/index.js:582:12)
      at next (node_modules/router/index.js:291:5)
      at Layer.handleError (node_modules/router/lib/layer.js:111:12)
      at trimPrefix (node_modules/router/index.js:340:13)
      at node_modules/router/index.js:297:9
      at processParams (node_modules/router/index.js:582:12)
      at Immediate.next (node_modules/router/index.js:291:5)
      at Immediate._onImmediate (node_modules/router/index.js:688:15)

  console.log
    Test suite completed.

      at Object.<anonymous> (tests/setup.ts:14:11)

PASS tests/with-mocks/user.mock.test.ts
  GET /api/user/profile/:ids - With Mocking
    ✓ should return 500 when database query fails (12 ms)
    ✓ should return 400 when invalid ObjectId causes CastError (4 ms)
    ✓ should handle database timeout gracefully (2 ms)
    ✓ should return empty array when User.find returns empty (11 ms)
  GET /api/user/settings - With Mocking
    ✓ should return 500 when user not found in database (18 ms)
    ✓ should return 500 when database connection fails (4 ms)
    ✓ should return 400 when invalid ObjectId format (3 ms)
  POST /api/user/profile - With Mocking
    ✓ should return 500 when user not found (6 ms)
    ✓ should return 500 when database save operation fails (2 ms)
    ✓ should return 400 when Mongoose validation fails (2 ms)
  POST /api/user/settings - With Mocking
    ✓ should return 500 when user not found (3 ms)
    ✓ should return 500 when database update fails (4 ms)
    ✓ should handle Google profile picture conversion failure gracefully (4 ms)
  PUT /api/user/profile - With Mocking
    ✓ should return 500 when user not found (2 ms)
    ✓ should return 500 when database update fails (4 ms)
    ✓ should return 400 on validation error (2 ms)
  DELETE /api/user/:userId - With Mocking
    ✓ should return 500 when user not found (2 ms)
    ✓ should return 500 when user is in a room (2 ms)
    ✓ should return 500 when user is in a group (2 ms)
    ✓ should return 500 when database delete operation fails (2 ms)
    ✓ should handle database connection loss during deletion (2 ms)

  console.log
    [dotenv@17.2.3] injecting env (3) from .env.test -- tip: ⚙️  suppress all logs with { quiet: true }

      at _log (node_modules/dotenv/lib/main.js:142:11)

  console.log
    Starting test suite...

      at Object.<anonymous> (tests/setup.ts:9:11)

  console.log
    
    🚀 Starting Restaurant Tests (With Mocks - Failure Scenarios)...

      at Object.<anonymous> (tests/with-mocks/restaurant.mock.test.ts:42:11)

  console.log
    MongoDB Atlas connected successfully

      at connectDatabase (src/config/database.ts:22:13)

  console.log
    ✅ Test setup complete.

      at Object.<anonymous> (tests/with-mocks/restaurant.mock.test.ts:52:11)

  console.log
    ✅ Using Google Places API with key

      at RestaurantService.searchRestaurants (src/services/restaurantService.ts:45:15)

  console.error
    ❌ Failed to search restaurants: Service Unavailable

      81 |       if (error instanceof AppError) throw error;
      82 |       const errorMessage = error instanceof Error ? error.message : 'Unknown error';
    > 83 |       console.error('❌ Failed to search restaurants:', errorMessage);
         |               ^
      84 |       // Return mock data on error
      85 |       return this.getMockRestaurants();
      86 |     }

      at RestaurantService.searchRestaurants (src/services/restaurantService.ts:83:15)
      at RestaurantController.searchRestaurants (src/controllers/restaurant.controller.ts:30:27)
      at src/routes/restaurant.routes.ts:14:3
      at src/middleware/errorHandler.ts:58:9

  console.log
    ✅ Using Google Places API with key

      at RestaurantService.searchRestaurants (src/services/restaurantService.ts:45:15)

  console.error
    ❌ Failed to search restaurants: ETIMEDOUT

      81 |       if (error instanceof AppError) throw error;
      82 |       const errorMessage = error instanceof Error ? error.message : 'Unknown error';
    > 83 |       console.error('❌ Failed to search restaurants:', errorMessage);
         |               ^
      84 |       // Return mock data on error
      85 |       return this.getMockRestaurants();
      86 |     }

      at RestaurantService.searchRestaurants (src/services/restaurantService.ts:83:15)
      at RestaurantController.searchRestaurants (src/controllers/restaurant.controller.ts:30:27)
      at src/routes/restaurant.routes.ts:14:3
      at src/middleware/errorHandler.ts:58:9

  console.log
    ✅ Using Google Places API with key

      at RestaurantService.searchRestaurants (src/services/restaurantService.ts:45:15)

  console.error
    ❌ Failed to search restaurants: getaddrinfo ENOTFOUND maps.googleapis.com

      81 |       if (error instanceof AppError) throw error;
      82 |       const errorMessage = error instanceof Error ? error.message : 'Unknown error';
    > 83 |       console.error('❌ Failed to search restaurants:', errorMessage);
         |               ^
      84 |       // Return mock data on error
      85 |       return this.getMockRestaurants();
      86 |     }

      at RestaurantService.searchRestaurants (src/services/restaurantService.ts:83:15)
      at RestaurantController.searchRestaurants (src/controllers/restaurant.controller.ts:30:27)
      at src/routes/restaurant.routes.ts:14:3
      at src/middleware/errorHandler.ts:58:9

  console.log
    ✅ Using Google Places API with key

      at RestaurantService.searchRestaurants (src/services/restaurantService.ts:45:15)

  console.log
    📡 Google API Response Status: OVER_QUERY_LIMIT

      at RestaurantService.searchRestaurants (src/services/restaurantService.ts:63:15)

  console.error
    Error: {
      message: 'Google Places API error: OVER_QUERY_LIMIT',
      statusCode: 500,
      stack: 'AppError: Google Places API error: OVER_QUERY_LIMIT\n' +
        '    at RestaurantService.searchRestaurants (/Users/hashim/Desktop/Development/FeastFriends/321-project/backend/src/services/restaurantService.ts:66:15)\n' +
        '    at processTicksAndRejections (node:internal/process/task_queues:105:5)\n' +
        '    at RestaurantController.searchRestaurants (/Users/hashim/Desktop/Development/FeastFriends/321-project/backend/src/controllers/restaurant.controller.ts:30:27)\n' +
        '    at /Users/hashim/Desktop/Development/FeastFriends/321-project/backend/src/routes/restaurant.routes.ts:14:3\n' +
        '    at /Users/hashim/Desktop/Development/FeastFriends/321-project/backend/src/middleware/errorHandler.ts:58:9',
      timestamp: '2025-11-09T19:50:09.077Z',
      path: '/api/restaurant/search',
      method: 'GET'
    }

      90 |   }
      91 |
    > 92 |   console.error('Error:', {
         |           ^
      93 |     message: err.message,
      94 |     statusCode,
      95 |     stack: err.stack,

      at errorHandler (src/middleware/errorHandler.ts:92:11)
      at Layer.handleError (node_modules/router/lib/layer.js:116:17)
      at trimPrefix (node_modules/router/index.js:340:13)
      at node_modules/router/index.js:297:9
      at processParams (node_modules/router/index.js:582:12)
      at next (node_modules/router/index.js:291:5)
      at Layer.handleError (node_modules/router/lib/layer.js:111:12)
      at trimPrefix (node_modules/router/index.js:340:13)
      at node_modules/router/index.js:297:9
      at processParams (node_modules/router/index.js:582:12)
      at next (node_modules/router/index.js:291:5)
      at node_modules/router/index.js:688:15
      at next (node_modules/router/index.js:276:14)
      at next (node_modules/router/lib/route.js:132:14)
      at RestaurantController.searchRestaurants (src/controllers/restaurant.controller.ts:44:7)
      at src/routes/restaurant.routes.ts:14:3
      at src/middleware/errorHandler.ts:58:9

  console.log
    ✅ Using Google Places API with key

      at RestaurantService.searchRestaurants (src/services/restaurantService.ts:45:15)

  console.log
    📡 Google API Response Status: REQUEST_DENIED

      at RestaurantService.searchRestaurants (src/services/restaurantService.ts:63:15)

  console.error
    Error: {
      message: 'Google Places API error: REQUEST_DENIED',
      statusCode: 500,
      stack: 'AppError: Google Places API error: REQUEST_DENIED\n' +
        '    at RestaurantService.searchRestaurants (/Users/hashim/Desktop/Development/FeastFriends/321-project/backend/src/services/restaurantService.ts:66:15)\n' +
        '    at processTicksAndRejections (node:internal/process/task_queues:105:5)\n' +
        '    at RestaurantController.searchRestaurants (/Users/hashim/Desktop/Development/FeastFriends/321-project/backend/src/controllers/restaurant.controller.ts:30:27)\n' +
        '    at /Users/hashim/Desktop/Development/FeastFriends/321-project/backend/src/routes/restaurant.routes.ts:14:3\n' +
        '    at /Users/hashim/Desktop/Development/FeastFriends/321-project/backend/src/middleware/errorHandler.ts:58:9',
      timestamp: '2025-11-09T19:50:09.081Z',
      path: '/api/restaurant/search',
      method: 'GET'
    }

      90 |   }
      91 |
    > 92 |   console.error('Error:', {
         |           ^
      93 |     message: err.message,
      94 |     statusCode,
      95 |     stack: err.stack,

      at errorHandler (src/middleware/errorHandler.ts:92:11)
      at Layer.handleError (node_modules/router/lib/layer.js:116:17)
      at trimPrefix (node_modules/router/index.js:340:13)
      at node_modules/router/index.js:297:9
      at processParams (node_modules/router/index.js:582:12)
      at next (node_modules/router/index.js:291:5)
      at Layer.handleError (node_modules/router/lib/layer.js:111:12)
      at trimPrefix (node_modules/router/index.js:340:13)
      at node_modules/router/index.js:297:9
      at processParams (node_modules/router/index.js:582:12)
      at next (node_modules/router/index.js:291:5)
      at node_modules/router/index.js:688:15
      at next (node_modules/router/index.js:276:14)
      at next (node_modules/router/lib/route.js:132:14)
      at RestaurantController.searchRestaurants (src/controllers/restaurant.controller.ts:44:7)
      at src/routes/restaurant.routes.ts:14:3
      at src/middleware/errorHandler.ts:58:9

  console.log
    ✅ Using Google Places API with key

      at RestaurantService.searchRestaurants (src/services/restaurantService.ts:45:15)

  console.log
    📡 Google API Response Status: INVALID_REQUEST

      at RestaurantService.searchRestaurants (src/services/restaurantService.ts:63:15)

  console.error
    Error: {
      message: 'Google Places API error: INVALID_REQUEST',
      statusCode: 500,
      stack: 'AppError: Google Places API error: INVALID_REQUEST\n' +
        '    at RestaurantService.searchRestaurants (/Users/hashim/Desktop/Development/FeastFriends/321-project/backend/src/services/restaurantService.ts:66:15)\n' +
        '    at processTicksAndRejections (node:internal/process/task_queues:105:5)\n' +
        '    at RestaurantController.searchRestaurants (/Users/hashim/Desktop/Development/FeastFriends/321-project/backend/src/controllers/restaurant.controller.ts:30:27)\n' +
        '    at /Users/hashim/Desktop/Development/FeastFriends/321-project/backend/src/routes/restaurant.routes.ts:14:3\n' +
        '    at /Users/hashim/Desktop/Development/FeastFriends/321-project/backend/src/middleware/errorHandler.ts:58:9',
      timestamp: '2025-11-09T19:50:09.085Z',
      path: '/api/restaurant/search',
      method: 'GET'
    }

      90 |   }
      91 |
    > 92 |   console.error('Error:', {
         |           ^
      93 |     message: err.message,
      94 |     statusCode,
      95 |     stack: err.stack,

      at errorHandler (src/middleware/errorHandler.ts:92:11)
      at Layer.handleError (node_modules/router/lib/layer.js:116:17)
      at trimPrefix (node_modules/router/index.js:340:13)
      at node_modules/router/index.js:297:9
      at processParams (node_modules/router/index.js:582:12)
      at next (node_modules/router/index.js:291:5)
      at Layer.handleError (node_modules/router/lib/layer.js:111:12)
      at trimPrefix (node_modules/router/index.js:340:13)
      at node_modules/router/index.js:297:9
      at processParams (node_modules/router/index.js:582:12)
      at next (node_modules/router/index.js:291:5)
      at node_modules/router/index.js:688:15
      at next (node_modules/router/index.js:276:14)
      at next (node_modules/router/lib/route.js:132:14)
      at RestaurantController.searchRestaurants (src/controllers/restaurant.controller.ts:44:7)
      at src/routes/restaurant.routes.ts:14:3
      at src/middleware/errorHandler.ts:58:9

  console.log
    ✅ Using Google Places API with key

      at RestaurantService.searchRestaurants (src/services/restaurantService.ts:45:15)

  console.log
    📡 Google API Response Status: OK

      at RestaurantService.searchRestaurants (src/services/restaurantService.ts:63:15)

  console.log
    🍽️ Found 0 restaurants from Google Places

      at RestaurantService.searchRestaurants (src/services/restaurantService.ts:72:15)

  console.log
    ✅ Using Google Places API with key

      at RestaurantService.searchRestaurants (src/services/restaurantService.ts:45:15)

  console.error
    ❌ Failed to search restaurants: connect ECONNREFUSED

      81 |       if (error instanceof AppError) throw error;
      82 |       const errorMessage = error instanceof Error ? error.message : 'Unknown error';
    > 83 |       console.error('❌ Failed to search restaurants:', errorMessage);
         |               ^
      84 |       // Return mock data on error
      85 |       return this.getMockRestaurants();
      86 |     }

      at RestaurantService.searchRestaurants (src/services/restaurantService.ts:83:15)
      at RestaurantController.searchRestaurants (src/controllers/restaurant.controller.ts:30:27)
      at src/routes/restaurant.routes.ts:14:3
      at src/middleware/errorHandler.ts:58:9

  console.log
    ✅ Using Google Places API with key

      at RestaurantService.searchRestaurants (src/services/restaurantService.ts:45:15)

  console.error
    ❌ Failed to search restaurants: unable to verify the first certificate

      81 |       if (error instanceof AppError) throw error;
      82 |       const errorMessage = error instanceof Error ? error.message : 'Unknown error';
    > 83 |       console.error('❌ Failed to search restaurants:', errorMessage);
         |               ^
      84 |       // Return mock data on error
      85 |       return this.getMockRestaurants();
      86 |     }

      at RestaurantService.searchRestaurants (src/services/restaurantService.ts:83:15)
      at RestaurantController.searchRestaurants (src/controllers/restaurant.controller.ts:30:27)
      at src/routes/restaurant.routes.ts:14:3
      at src/middleware/errorHandler.ts:58:9

  console.log
    ✅ Using Google Places API with key

      at RestaurantService.searchRestaurants (src/services/restaurantService.ts:45:15)

  console.log
    📡 Google API Response Status: OK

      at RestaurantService.searchRestaurants (src/services/restaurantService.ts:63:15)

  console.log
    🍽️ Found 1 restaurants from Google Places

      at RestaurantService.searchRestaurants (src/services/restaurantService.ts:72:15)

  console.log
    ✅ Using Google Places API with key

      at RestaurantService.searchRestaurants (src/services/restaurantService.ts:45:15)

  console.log
    📡 Google API Response Status: ZERO_RESULTS

      at RestaurantService.searchRestaurants (src/services/restaurantService.ts:63:15)

  console.log
    🍽️ Found 0 restaurants from Google Places

      at RestaurantService.searchRestaurants (src/services/restaurantService.ts:72:15)

  console.log
    ✅ Using Google Places API with key

      at RestaurantService.searchRestaurants (src/services/restaurantService.ts:45:15)

  console.log
    📡 Google API Response Status: OK

      at RestaurantService.searchRestaurants (src/services/restaurantService.ts:63:15)

  console.log
    🍽️ Found 2 restaurants from Google Places

      at RestaurantService.searchRestaurants (src/services/restaurantService.ts:72:15)

  console.error
    Failed to get restaurant details: Service Unavailable

      118 |       if (error instanceof AppError) throw error;
      119 |       const errorMessage = error instanceof Error ? error.message : 'Unknown error';
    > 120 |       console.error('Failed to get restaurant details:', errorMessage);
          |               ^
      121 |       return this.getMockRestaurant(placeId);
      122 |     }
      123 |   }

      at RestaurantService.getRestaurantDetails (src/services/restaurantService.ts:120:15)
      at RestaurantController.getRestaurantDetails (src/controllers/restaurant.controller.ts:56:26)
      at src/routes/restaurant.routes.ts:32:3
      at src/middleware/errorHandler.ts:58:9

  console.error
    Failed to get restaurant details: ETIMEDOUT

      118 |       if (error instanceof AppError) throw error;
      119 |       const errorMessage = error instanceof Error ? error.message : 'Unknown error';
    > 120 |       console.error('Failed to get restaurant details:', errorMessage);
          |               ^
      121 |       return this.getMockRestaurant(placeId);
      122 |     }
      123 |   }

      at RestaurantService.getRestaurantDetails (src/services/restaurantService.ts:120:15)
      at RestaurantController.getRestaurantDetails (src/controllers/restaurant.controller.ts:56:26)
      at src/routes/restaurant.routes.ts:32:3
      at src/middleware/errorHandler.ts:58:9

  console.error
    Error: {
      message: 'Restaurant not found: NOT_FOUND',
      statusCode: 404,
      stack: 'AppError: Restaurant not found: NOT_FOUND\n' +
        '    at RestaurantService.getRestaurantDetails (/Users/hashim/Desktop/Development/FeastFriends/321-project/backend/src/services/restaurantService.ts:111:15)\n' +
        '    at processTicksAndRejections (node:internal/process/task_queues:105:5)\n' +
        '    at RestaurantController.getRestaurantDetails (/Users/hashim/Desktop/Development/FeastFriends/321-project/backend/src/controllers/restaurant.controller.ts:56:26)\n' +
        '    at /Users/hashim/Desktop/Development/FeastFriends/321-project/backend/src/routes/restaurant.routes.ts:32:3\n' +
        '    at /Users/hashim/Desktop/Development/FeastFriends/321-project/backend/src/middleware/errorHandler.ts:58:9',
      timestamp: '2025-11-09T19:50:09.107Z',
      path: '/api/restaurant/non-existent-place',
      method: 'GET'
    }

      90 |   }
      91 |
    > 92 |   console.error('Error:', {
         |           ^
      93 |     message: err.message,
      94 |     statusCode,
      95 |     stack: err.stack,

      at errorHandler (src/middleware/errorHandler.ts:92:11)
      at Layer.handleError (node_modules/router/lib/layer.js:116:17)
      at trimPrefix (node_modules/router/index.js:340:13)
      at node_modules/router/index.js:297:9
      at processParams (node_modules/router/index.js:582:12)
      at next (node_modules/router/index.js:291:5)
      at Layer.handleError (node_modules/router/lib/layer.js:111:12)
      at trimPrefix (node_modules/router/index.js:340:13)
      at node_modules/router/index.js:297:9
      at processParams (node_modules/router/index.js:582:12)
      at Immediate.next (node_modules/router/index.js:291:5)
      at Immediate._onImmediate (node_modules/router/index.js:688:15)

  console.error
    Error: {
      message: 'Restaurant not found: INVALID_REQUEST',
      statusCode: 404,
      stack: 'AppError: Restaurant not found: INVALID_REQUEST\n' +
        '    at RestaurantService.getRestaurantDetails (/Users/hashim/Desktop/Development/FeastFriends/321-project/backend/src/services/restaurantService.ts:111:15)\n' +
        '    at processTicksAndRejections (node:internal/process/task_queues:105:5)\n' +
        '    at RestaurantController.getRestaurantDetails (/Users/hashim/Desktop/Development/FeastFriends/321-project/backend/src/controllers/restaurant.controller.ts:56:26)\n' +
        '    at /Users/hashim/Desktop/Development/FeastFriends/321-project/backend/src/routes/restaurant.routes.ts:32:3\n' +
        '    at /Users/hashim/Desktop/Development/FeastFriends/321-project/backend/src/middleware/errorHandler.ts:58:9',
      timestamp: '2025-11-09T19:50:09.112Z',
      path: '/api/restaurant/invalid_format',
      method: 'GET'
    }

      90 |   }
      91 |
    > 92 |   console.error('Error:', {
         |           ^
      93 |     message: err.message,
      94 |     statusCode,
      95 |     stack: err.stack,

      at errorHandler (src/middleware/errorHandler.ts:92:11)
      at Layer.handleError (node_modules/router/lib/layer.js:116:17)
      at trimPrefix (node_modules/router/index.js:340:13)
      at node_modules/router/index.js:297:9
      at processParams (node_modules/router/index.js:582:12)
      at next (node_modules/router/index.js:291:5)
      at Layer.handleError (node_modules/router/lib/layer.js:111:12)
      at trimPrefix (node_modules/router/index.js:340:13)
      at node_modules/router/index.js:297:9
      at processParams (node_modules/router/index.js:582:12)
      at Immediate.next (node_modules/router/index.js:291:5)
      at Immediate._onImmediate (node_modules/router/index.js:688:15)

  console.error
    Failed to get restaurant details: Unknown error

      118 |       if (error instanceof AppError) throw error;
      119 |       const errorMessage = error instanceof Error ? error.message : 'Unknown error';
    > 120 |       console.error('Failed to get restaurant details:', errorMessage);
          |               ^
      121 |       return this.getMockRestaurant(placeId);
      122 |     }
      123 |   }

      at RestaurantService.getRestaurantDetails (src/services/restaurantService.ts:120:15)
      at RestaurantController.getRestaurantDetails (src/controllers/restaurant.controller.ts:56:26)
      at src/routes/restaurant.routes.ts:32:3
      at src/middleware/errorHandler.ts:58:9

  console.log
    ✅ Using Google Places API with key

      at RestaurantService.searchRestaurants (src/services/restaurantService.ts:45:15)

  console.error
    ❌ Failed to search restaurants: Unknown error

      81 |       if (error instanceof AppError) throw error;
      82 |       const errorMessage = error instanceof Error ? error.message : 'Unknown error';
    > 83 |       console.error('❌ Failed to search restaurants:', errorMessage);
         |               ^
      84 |       // Return mock data on error
      85 |       return this.getMockRestaurants();
      86 |     }

      at RestaurantService.searchRestaurants (src/services/restaurantService.ts:83:15)
      at RestaurantController.searchRestaurants (src/controllers/restaurant.controller.ts:30:27)
      at src/routes/restaurant.routes.ts:14:3
      at src/middleware/errorHandler.ts:58:9

  console.log
    ✅ Using Google Places API with key

      at RestaurantService.searchRestaurants (src/services/restaurantService.ts:45:15)

  console.log
    📡 Google API Response Status: OK

      at RestaurantService.searchRestaurants (src/services/restaurantService.ts:63:15)

  console.log
    🍽️ Found 1 restaurants from Google Places

      at RestaurantService.searchRestaurants (src/services/restaurantService.ts:72:15)

  console.log
    ✅ Using Google Places API with key

      at RestaurantService.searchRestaurants (src/services/restaurantService.ts:45:15)

  console.error
    ❌ Failed to search restaurants: API Unavailable

      81 |       if (error instanceof AppError) throw error;
      82 |       const errorMessage = error instanceof Error ? error.message : 'Unknown error';
    > 83 |       console.error('❌ Failed to search restaurants:', errorMessage);
         |               ^
      84 |       // Return mock data on error
      85 |       return this.getMockRestaurants();
      86 |     }

      at RestaurantService.searchRestaurants (src/services/restaurantService.ts:83:15)
      at RestaurantService.getRecommendationsForGroup (src/services/restaurantService.ts:177:25)
      at RestaurantController.getGroupRecommendations (src/controllers/restaurant.controller.ts:87:31)

  console.log
    ✅ Using Google Places API with key

      at RestaurantService.searchRestaurants (src/services/restaurantService.ts:45:15)

  console.error
    ❌ Failed to search restaurants: ETIMEDOUT

      81 |       if (error instanceof AppError) throw error;
      82 |       const errorMessage = error instanceof Error ? error.message : 'Unknown error';
    > 83 |       console.error('❌ Failed to search restaurants:', errorMessage);
         |               ^
      84 |       // Return mock data on error
      85 |       return this.getMockRestaurants();
      86 |     }

      at RestaurantService.searchRestaurants (src/services/restaurantService.ts:83:15)
      at RestaurantService.getRecommendationsForGroup (src/services/restaurantService.ts:177:25)
      at RestaurantController.getGroupRecommendations (src/controllers/restaurant.controller.ts:87:31)

  console.log
    ✅ Using Google Places API with key

      at RestaurantService.searchRestaurants (src/services/restaurantService.ts:45:15)

  console.log
    📡 Google API Response Status: OK

      at RestaurantService.searchRestaurants (src/services/restaurantService.ts:63:15)

  console.log
    🍽️ Found 1 restaurants from Google Places

      at RestaurantService.searchRestaurants (src/services/restaurantService.ts:72:15)

  console.error
    Error: {
      message: 'Forced controller failure',
      statusCode: 500,
      stack: 'Error: Forced controller failure\n' +
        '    at RestaurantService.<anonymous> (/Users/hashim/Desktop/Development/FeastFriends/321-project/backend/tests/with-mocks/restaurant.mock.test.ts:892:15)\n' +
        '    at /Users/hashim/Desktop/Development/FeastFriends/321-project/backend/node_modules/jest-mock/build/index.js:305:39\n' +
        '    at RestaurantService.<anonymous> (/Users/hashim/Desktop/Development/FeastFriends/321-project/backend/node_modules/jest-mock/build/index.js:312:13)\n' +
        '    at RestaurantService.mockConstructor [as searchRestaurants] (/Users/hashim/Desktop/Development/FeastFriends/321-project/backend/node_modules/jest-mock/build/index.js:102:19)\n' +
        '    at RestaurantController.searchRestaurants (/Users/hashim/Desktop/Development/FeastFriends/321-project/backend/src/controllers/restaurant.controller.ts:30:51)\n' +
        '    at /Users/hashim/Desktop/Development/FeastFriends/321-project/backend/src/routes/restaurant.routes.ts:14:30\n' +
        '    at /Users/hashim/Desktop/Development/FeastFriends/321-project/backend/src/middleware/errorHandler.ts:58:15\n' +
        '    at /Users/hashim/Desktop/Development/FeastFriends/321-project/backend/src/middleware/errorHandler.ts:62:7\n' +
        '    at Layer.handleRequest (/Users/hashim/Desktop/Development/FeastFriends/321-project/backend/node_modules/router/lib/layer.js:152:17)\n' +
        '    at next (/Users/hashim/Desktop/Development/FeastFriends/321-project/backend/node_modules/router/lib/route.js:157:13)\n' +
        '    at optionalAuth (/Users/hashim/Desktop/Development/FeastFriends/321-project/backend/src/middleware/auth.middleware.ts:110:5)\n' +
        '    at Layer.handleRequest (/Users/hashim/Desktop/Development/FeastFriends/321-project/backend/node_modules/router/lib/layer.js:152:17)\n' +
        '    at next (/Users/hashim/Desktop/Development/FeastFriends/321-project/backend/node_modules/router/lib/route.js:157:13)\n' +
        '    at Route.dispatch (/Users/hashim/Desktop/Development/FeastFriends/321-project/backend/node_modules/router/lib/route.js:117:3)\n' +
        '    at handle (/Users/hashim/Desktop/Development/FeastFriends/321-project/backend/node_modules/router/index.js:435:11)\n' +
        '    at Layer.handleRequest (/Users/hashim/Desktop/Development/FeastFriends/321-project/backend/node_modules/router/lib/layer.js:152:17)\n' +
        '    at /Users/hashim/Desktop/Development/FeastFriends/321-project/backend/node_modules/router/index.js:295:15\n' +
        '    at processParams (/Users/hashim/Desktop/Development/FeastFriends/321-project/backend/node_modules/router/index.js:582:12)\n' +
        '    at next (/Users/hashim/Desktop/Development/FeastFriends/321-project/backend/node_modules/router/index.js:291:5)\n' +
        '    at Function.handle (/Users/hashim/Desktop/Development/FeastFriends/321-project/backend/node_modules/router/index.js:186:3)\n' +
        '    at router (/Users/hashim/Desktop/Development/FeastFriends/321-project/backend/node_modules/router/index.js:60:12)\n' +
        '    at Layer.handleRequest (/Users/hashim/Desktop/Development/FeastFriends/321-project/backend/node_modules/router/lib/layer.js:152:17)\n' +
        '    at trimPrefix (/Users/hashim/Desktop/Development/FeastFriends/321-project/backend/node_modules/router/index.js:342:13)\n' +
        '    at /Users/hashim/Desktop/Development/FeastFriends/321-project/backend/node_modules/router/index.js:297:9\n' +
        '    at processParams (/Users/hashim/Desktop/Development/FeastFriends/321-project/backend/node_modules/router/index.js:582:12)\n' +
        '    at next (/Users/hashim/Desktop/Development/FeastFriends/321-project/backend/node_modules/router/index.js:291:5)\n' +
        '    at urlencodedParser (/Users/hashim/Desktop/Development/FeastFriends/321-project/backend/node_modules/body-parser/lib/types/urlencoded.js:68:7)\n' +
        '    at Layer.handleRequest (/Users/hashim/Desktop/Development/FeastFriends/321-project/backend/node_modules/router/lib/layer.js:152:17)\n' +
        '    at trimPrefix (/Users/hashim/Desktop/Development/FeastFriends/321-project/backend/node_modules/router/index.js:342:13)\n' +
        '    at /Users/hashim/Desktop/Development/FeastFriends/321-project/backend/node_modules/router/index.js:297:9\n' +
        '    at processParams (/Users/hashim/Desktop/Development/FeastFriends/321-project/backend/node_modules/router/index.js:582:12)\n' +
        '    at next (/Users/hashim/Desktop/Development/FeastFriends/321-project/backend/node_modules/router/index.js:291:5)\n' +
        '    at jsonParser (/Users/hashim/Desktop/Development/FeastFriends/321-project/backend/node_modules/body-parser/lib/types/json.js:100:7)\n' +
        '    at Layer.handleRequest (/Users/hashim/Desktop/Development/FeastFriends/321-project/backend/node_modules/router/lib/layer.js:152:17)\n' +
        '    at trimPrefix (/Users/hashim/Desktop/Development/FeastFriends/321-project/backend/node_modules/router/index.js:342:13)\n' +
        '    at /Users/hashim/Desktop/Development/FeastFriends/321-project/backend/node_modules/router/index.js:297:9\n' +
        '    at processParams (/Users/hashim/Desktop/Development/FeastFriends/321-project/backend/node_modules/router/index.js:582:12)\n' +
        '    at next (/Users/hashim/Desktop/Development/FeastFriends/321-project/backend/node_modules/router/index.js:291:5)\n' +
        '    at cors (/Users/hashim/Desktop/Development/FeastFriends/321-project/backend/node_modules/cors/lib/index.js:188:7)\n' +
        '    at /Users/hashim/Desktop/Development/FeastFriends/321-project/backend/node_modules/cors/lib/index.js:224:17\n' +
        '    at originCallback (/Users/hashim/Desktop/Development/FeastFriends/321-project/backend/node_modules/cors/lib/index.js:214:15)\n' +
        '    at /Users/hashim/Desktop/Development/FeastFriends/321-project/backend/node_modules/cors/lib/index.js:219:13\n' +
        '    at optionsCallback (/Users/hashim/Desktop/Development/FeastFriends/321-project/backend/node_modules/cors/lib/index.js:199:9)\n' +
        '    at corsMiddleware (/Users/hashim/Desktop/Development/FeastFriends/321-project/backend/node_modules/cors/lib/index.js:204:7)\n' +
        '    at Layer.handleRequest (/Users/hashim/Desktop/Development/FeastFriends/321-project/backend/node_modules/router/lib/layer.js:152:17)\n' +
        '    at trimPrefix (/Users/hashim/Desktop/Development/FeastFriends/321-project/backend/node_modules/router/index.js:342:13)\n' +
        '    at /Users/hashim/Desktop/Development/FeastFriends/321-project/backend/node_modules/router/index.js:297:9\n' +
        '    at processParams (/Users/hashim/Desktop/Development/FeastFriends/321-project/backend/node_modules/router/index.js:582:12)\n' +
        '    at next (/Users/hashim/Desktop/Development/FeastFriends/321-project/backend/node_modules/router/index.js:291:5)\n' +
        '    at Function.handle (/Users/hashim/Desktop/Development/FeastFriends/321-project/backend/node_modules/router/index.js:186:3)\n' +
        '    at Function.handle (/Users/hashim/Desktop/Development/FeastFriends/321-project/backend/node_modules/express/lib/application.js:177:15)\n' +
        '    at Server.app (/Users/hashim/Desktop/Development/FeastFriends/321-project/backend/node_modules/express/lib/express.js:38:9)\n' +
        '    at Server.emit (node:events:519:28)\n' +
        '    at parserOnIncoming (node:_http_server:1173:12)\n' +
        '    at HTTPParser.parserOnHeadersComplete (node:_http_common:121:17)',
      timestamp: '2025-11-09T19:50:09.141Z',
      path: '/api/restaurant/search',
      method: 'GET'
    }

      90 |   }
      91 |
    > 92 |   console.error('Error:', {
         |           ^
      93 |     message: err.message,
      94 |     statusCode,
      95 |     stack: err.stack,

      at errorHandler (src/middleware/errorHandler.ts:92:11)
      at Layer.handleError (node_modules/router/lib/layer.js:116:17)
      at trimPrefix (node_modules/router/index.js:340:13)
      at node_modules/router/index.js:297:9
      at processParams (node_modules/router/index.js:582:12)
      at next (node_modules/router/index.js:291:5)
      at Layer.handleError (node_modules/router/lib/layer.js:111:12)
      at trimPrefix (node_modules/router/index.js:340:13)
      at node_modules/router/index.js:297:9
      at processParams (node_modules/router/index.js:582:12)
      at next (node_modules/router/index.js:291:5)
      at node_modules/router/index.js:688:15
      at next (node_modules/router/index.js:276:14)
      at next (node_modules/router/lib/route.js:132:14)
      at RestaurantController.searchRestaurants (src/controllers/restaurant.controller.ts:44:7)
      at src/routes/restaurant.routes.ts:14:30
      at src/middleware/errorHandler.ts:58:15
      at src/middleware/errorHandler.ts:62:7
      at Layer.handleRequest (node_modules/router/lib/layer.js:152:17)
      at next (node_modules/router/lib/route.js:157:13)
      at optionalAuth (src/middleware/auth.middleware.ts:110:5)
      at Layer.handleRequest (node_modules/router/lib/layer.js:152:17)
      at next (node_modules/router/lib/route.js:157:13)
      at Route.dispatch (node_modules/router/lib/route.js:117:3)
      at handle (node_modules/router/index.js:435:11)
      at Layer.handleRequest (node_modules/router/lib/layer.js:152:17)
      at node_modules/router/index.js:295:15
      at processParams (node_modules/router/index.js:582:12)
      at next (node_modules/router/index.js:291:5)
      at Function.handle (node_modules/router/index.js:186:3)
      at router (node_modules/router/index.js:60:12)
      at Layer.handleRequest (node_modules/router/lib/layer.js:152:17)
      at trimPrefix (node_modules/router/index.js:342:13)
      at node_modules/router/index.js:297:9
      at processParams (node_modules/router/index.js:582:12)
      at next (node_modules/router/index.js:291:5)
      at urlencodedParser (node_modules/body-parser/lib/types/urlencoded.js:68:7)
      at Layer.handleRequest (node_modules/router/lib/layer.js:152:17)
      at trimPrefix (node_modules/router/index.js:342:13)
      at node_modules/router/index.js:297:9
      at processParams (node_modules/router/index.js:582:12)
      at next (node_modules/router/index.js:291:5)
      at jsonParser (node_modules/body-parser/lib/types/json.js:100:7)
      at Layer.handleRequest (node_modules/router/lib/layer.js:152:17)
      at trimPrefix (node_modules/router/index.js:342:13)
      at node_modules/router/index.js:297:9
      at processParams (node_modules/router/index.js:582:12)
      at next (node_modules/router/index.js:291:5)
      at cors (node_modules/cors/lib/index.js:188:7)
      at node_modules/cors/lib/index.js:224:17
      at originCallback (node_modules/cors/lib/index.js:214:15)
      at node_modules/cors/lib/index.js:219:13
      at optionsCallback (node_modules/cors/lib/index.js:199:9)
      at corsMiddleware (node_modules/cors/lib/index.js:204:7)
      at Layer.handleRequest (node_modules/router/lib/layer.js:152:17)
      at trimPrefix (node_modules/router/index.js:342:13)
      at node_modules/router/index.js:297:9
      at processParams (node_modules/router/index.js:582:12)
      at next (node_modules/router/index.js:291:5)
      at Function.handle (node_modules/router/index.js:186:3)
      at Function.handle (node_modules/express/lib/application.js:177:15)
      at Server.app (node_modules/express/lib/express.js:38:9)

  console.log
    Test suite completed.

      at Object.<anonymous> (tests/setup.ts:14:11)

  console.log
    
    🧹 Cleaning up after tests...

      at Object.<anonymous> (tests/with-mocks/restaurant.mock.test.ts:56:11)

  console.warn
    MongoDB disconnected. Attempting to reconnect...

      28 |
      29 |     mongoose.connection.on('disconnected', () => {
    > 30 |       console.warn('MongoDB disconnected. Attempting to reconnect...');
         |               ^
      31 |     });
      32 |
      33 |     mongoose.connection.on('reconnected', () => {

      at NativeConnection.<anonymous> (src/config/database.ts:30:15)
      at NativeConnection.set (node_modules/mongoose/lib/connection.js:145:12)
      at NativeConnection.onClose (node_modules/mongoose/lib/connection.js:1315:19)
      at NativeConnection._close (node_modules/mongoose/lib/connection.js:1264:12)
      at disconnectDatabase (src/config/database.ts:55:5)
      at Object.<anonymous> (tests/with-mocks/restaurant.mock.test.ts:66:3)

  console.log
    MongoDB disconnected successfully

      at disconnectDatabase (src/config/database.ts:56:13)

  console.log
    ✅ Cleanup complete.

      at Object.<anonymous> (tests/with-mocks/restaurant.mock.test.ts:67:11)

PASS tests/with-mocks/restaurant.mock.test.ts
  GET /api/restaurant/search - External Failures
    ✓ should return mock data when Google Places API is unavailable (10 ms)
    ✓ should return mock data when network timeout occurs (3 ms)
    ✓ should return mock data when DNS resolution fails (2 ms)
    ✓ should return 500 when API returns OVER_QUERY_LIMIT (7 ms)
    ✓ should return 500 when API returns REQUEST_DENIED (3 ms)
    ✓ should return 500 when API returns INVALID_REQUEST (4 ms)
    ✓ should handle malformed response from Google API (2 ms)
    ✓ should handle network error (ECONNREFUSED) (3 ms)
    ✓ should handle SSL/TLS errors (4 ms)
    ✓ should successfully search restaurants with valid API response (2 ms)
    ✓ should handle ZERO_RESULTS status gracefully (3 ms)
    ✓ should filter results by price level when specified (2 ms)
  GET /api/restaurant/:restaurantId - External Failures
    ✓ should return mock data when Google Places API unavailable (1 ms)
    ✓ should return mock data when network timeout occurs (2 ms)
    ✓ should throw 404 when restaurant not found in Google API (2 ms)
    ✓ should successfully get restaurant details with valid API response (2 ms)
    ✓ should include photos when restaurant has photos (covers getPhotoUrl) (1 ms)
    ✓ should return 404 when API returns INVALID_REQUEST (2 ms)
    ✓ should handle non-Error exception in getRestaurantDetails catch block (covers restaurantService line 119) (1 ms)
    ✓ should handle non-Error exception in searchRestaurants catch block (covers restaurantService line 82) (2 ms)
    ✓ should use default radius parameter when not provided (covers restaurantService line 34) (3 ms)
    ✓ should use fallback values in formatPlaceData when fields are missing (covers restaurantService lines 130-133) (1 ms)
  POST /api/restaurant/recommendations/:groupId - External Failures
    ✓ should return mock data when Google Places API fails (5 ms)
    ✓ should handle network timeout when getting recommendations (2 ms)
    ✓ should aggregate preferences and search successfully (3 ms)
  Request Validation - Controller Level
    ✓ should return 400 when latitude is missing (1 ms)
    ✓ should return 400 when longitude is missing (2 ms)
    ✓ should return 400 when userPreferences is missing in recommendations (1 ms)
    ✓ should return 400 when userPreferences is not an array (1 ms)
  Controller Catch Block Coverage (next(error))
    ✓ should call errorHandler when restaurantService throws (8 ms)

  console.log
    [dotenv@17.2.3] injecting env (3) from .env.test -- tip: 🔄 add secrets lifecycle management: https://dotenvx.com/ops

      at _log (node_modules/dotenv/lib/main.js:142:11)

  console.log
    Starting test suite...

      at Object.<anonymous> (tests/setup.ts:9:11)

  console.log
    
    🚀 Starting Restaurant Tests (No Mocking)...

      at Object.<anonymous> (tests/no-mocks/restaurant.test.ts:23:11)

  console.log
    ✅ Socket.IO initialized successfully

      at initializeSocket (src/config/socket.ts:151:11)

  console.log
    ✅ Socket.IO initialized successfully

      at initializeSocket (src/config/socket.ts:151:11)

  console.log
    ✅ SocketManager initialized

      at SocketManager.initialize (src/utils/socketManager.ts:35:13)

  console.log
    ✅ Test Socket.IO server initialized on port 55664

      at Server.<anonymous> (tests/helpers/socket.helper.ts:28:15)

  console.log
    MongoDB Atlas connected successfully

      at connectDatabase (src/config/database.ts:22:13)

  console.log
    
    ✅ Test setup complete. Ready to run tests.

      at Object.<anonymous> (tests/no-mocks/restaurant.test.ts:44:11)

  console.warn
    ⚠️  No Google Places API key - returning mock data

      39 |       // If no API key, return mock data
      40 |       if (!this.GOOGLE_PLACES_API_KEY) {
    > 41 |         console.warn('⚠️  No Google Places API key - returning mock data');
         |                 ^
      42 |         return this.getMockRestaurants();
      43 |       }
      44 |

      at RestaurantService.searchRestaurants (src/services/restaurantService.ts:41:17)
      at RestaurantController.searchRestaurants (src/controllers/restaurant.controller.ts:30:51)
      at src/routes/restaurant.routes.ts:14:30
      at src/middleware/errorHandler.ts:58:15
      at src/middleware/errorHandler.ts:62:7
      at Layer.handleRequest (node_modules/router/lib/layer.js:152:17)
      at next (node_modules/router/lib/route.js:157:13)
      at optionalAuth (src/middleware/auth.middleware.ts:110:5)
      at Layer.handleRequest (node_modules/router/lib/layer.js:152:17)
      at next (node_modules/router/lib/route.js:157:13)
      at Route.dispatch (node_modules/router/lib/route.js:117:3)
      at handle (node_modules/router/index.js:435:11)
      at Layer.handleRequest (node_modules/router/lib/layer.js:152:17)
      at node_modules/router/index.js:295:15
      at processParams (node_modules/router/index.js:582:12)
      at next (node_modules/router/index.js:291:5)
      at Function.handle (node_modules/router/index.js:186:3)
      at router (node_modules/router/index.js:60:12)
      at Layer.handleRequest (node_modules/router/lib/layer.js:152:17)
      at trimPrefix (node_modules/router/index.js:342:13)
      at node_modules/router/index.js:297:9
      at processParams (node_modules/router/index.js:582:12)
      at next (node_modules/router/index.js:291:5)
      at urlencodedParser (node_modules/body-parser/lib/types/urlencoded.js:68:7)
      at Layer.handleRequest (node_modules/router/lib/layer.js:152:17)
      at trimPrefix (node_modules/router/index.js:342:13)
      at node_modules/router/index.js:297:9
      at processParams (node_modules/router/index.js:582:12)
      at next (node_modules/router/index.js:291:5)
      at jsonParser (node_modules/body-parser/lib/types/json.js:100:7)
      at Layer.handleRequest (node_modules/router/lib/layer.js:152:17)
      at trimPrefix (node_modules/router/index.js:342:13)
      at node_modules/router/index.js:297:9
      at processParams (node_modules/router/index.js:582:12)
      at next (node_modules/router/index.js:291:5)
      at cors (node_modules/cors/lib/index.js:188:7)
      at node_modules/cors/lib/index.js:224:17
      at originCallback (node_modules/cors/lib/index.js:214:15)
      at node_modules/cors/lib/index.js:219:13
      at optionsCallback (node_modules/cors/lib/index.js:199:9)
      at corsMiddleware (node_modules/cors/lib/index.js:204:7)
      at Layer.handleRequest (node_modules/router/lib/layer.js:152:17)
      at trimPrefix (node_modules/router/index.js:342:13)
      at node_modules/router/index.js:297:9
      at processParams (node_modules/router/index.js:582:12)
      at next (node_modules/router/index.js:291:5)
      at Function.handle (node_modules/router/index.js:186:3)
      at Function.handle (node_modules/express/lib/application.js:177:15)
      at Server.app (node_modules/express/lib/express.js:38:9)

  console.warn
    ⚠️  No Google Places API key - returning mock data

      39 |       // If no API key, return mock data
      40 |       if (!this.GOOGLE_PLACES_API_KEY) {
    > 41 |         console.warn('⚠️  No Google Places API key - returning mock data');
         |                 ^
      42 |         return this.getMockRestaurants();
      43 |       }
      44 |

      at RestaurantService.searchRestaurants (src/services/restaurantService.ts:41:17)
      at RestaurantController.searchRestaurants (src/controllers/restaurant.controller.ts:30:51)
      at src/routes/restaurant.routes.ts:14:30
      at src/middleware/errorHandler.ts:58:15
      at src/middleware/errorHandler.ts:62:7
      at Layer.handleRequest (node_modules/router/lib/layer.js:152:17)
      at next (node_modules/router/lib/route.js:157:13)
      at optionalAuth (src/middleware/auth.middleware.ts:110:5)
      at Layer.handleRequest (node_modules/router/lib/layer.js:152:17)
      at next (node_modules/router/lib/route.js:157:13)
      at Route.dispatch (node_modules/router/lib/route.js:117:3)
      at handle (node_modules/router/index.js:435:11)
      at Layer.handleRequest (node_modules/router/lib/layer.js:152:17)
      at node_modules/router/index.js:295:15
      at processParams (node_modules/router/index.js:582:12)
      at next (node_modules/router/index.js:291:5)
      at Function.handle (node_modules/router/index.js:186:3)
      at router (node_modules/router/index.js:60:12)
      at Layer.handleRequest (node_modules/router/lib/layer.js:152:17)
      at trimPrefix (node_modules/router/index.js:342:13)
      at node_modules/router/index.js:297:9
      at processParams (node_modules/router/index.js:582:12)
      at next (node_modules/router/index.js:291:5)
      at urlencodedParser (node_modules/body-parser/lib/types/urlencoded.js:68:7)
      at Layer.handleRequest (node_modules/router/lib/layer.js:152:17)
      at trimPrefix (node_modules/router/index.js:342:13)
      at node_modules/router/index.js:297:9
      at processParams (node_modules/router/index.js:582:12)
      at next (node_modules/router/index.js:291:5)
      at jsonParser (node_modules/body-parser/lib/types/json.js:100:7)
      at Layer.handleRequest (node_modules/router/lib/layer.js:152:17)
      at trimPrefix (node_modules/router/index.js:342:13)
      at node_modules/router/index.js:297:9
      at processParams (node_modules/router/index.js:582:12)
      at next (node_modules/router/index.js:291:5)
      at cors (node_modules/cors/lib/index.js:188:7)
      at node_modules/cors/lib/index.js:224:17
      at originCallback (node_modules/cors/lib/index.js:214:15)
      at node_modules/cors/lib/index.js:219:13
      at optionsCallback (node_modules/cors/lib/index.js:199:9)
      at corsMiddleware (node_modules/cors/lib/index.js:204:7)
      at Layer.handleRequest (node_modules/router/lib/layer.js:152:17)
      at trimPrefix (node_modules/router/index.js:342:13)
      at node_modules/router/index.js:297:9
      at processParams (node_modules/router/index.js:582:12)
      at next (node_modules/router/index.js:291:5)
      at Function.handle (node_modules/router/index.js:186:3)
      at Function.handle (node_modules/express/lib/application.js:177:15)
      at Server.app (node_modules/express/lib/express.js:38:9)

  console.warn
    ⚠️  No Google Places API key - returning mock data

      39 |       // If no API key, return mock data
      40 |       if (!this.GOOGLE_PLACES_API_KEY) {
    > 41 |         console.warn('⚠️  No Google Places API key - returning mock data');
         |                 ^
      42 |         return this.getMockRestaurants();
      43 |       }
      44 |

      at RestaurantService.searchRestaurants (src/services/restaurantService.ts:41:17)
      at RestaurantController.searchRestaurants (src/controllers/restaurant.controller.ts:30:51)
      at src/routes/restaurant.routes.ts:14:30
      at src/middleware/errorHandler.ts:58:15
      at src/middleware/errorHandler.ts:62:7
      at Layer.handleRequest (node_modules/router/lib/layer.js:152:17)
      at next (node_modules/router/lib/route.js:157:13)
      at optionalAuth (src/middleware/auth.middleware.ts:110:5)
      at Layer.handleRequest (node_modules/router/lib/layer.js:152:17)
      at next (node_modules/router/lib/route.js:157:13)
      at Route.dispatch (node_modules/router/lib/route.js:117:3)
      at handle (node_modules/router/index.js:435:11)
      at Layer.handleRequest (node_modules/router/lib/layer.js:152:17)
      at node_modules/router/index.js:295:15
      at processParams (node_modules/router/index.js:582:12)
      at next (node_modules/router/index.js:291:5)
      at Function.handle (node_modules/router/index.js:186:3)
      at router (node_modules/router/index.js:60:12)
      at Layer.handleRequest (node_modules/router/lib/layer.js:152:17)
      at trimPrefix (node_modules/router/index.js:342:13)
      at node_modules/router/index.js:297:9
      at processParams (node_modules/router/index.js:582:12)
      at next (node_modules/router/index.js:291:5)
      at urlencodedParser (node_modules/body-parser/lib/types/urlencoded.js:68:7)
      at Layer.handleRequest (node_modules/router/lib/layer.js:152:17)
      at trimPrefix (node_modules/router/index.js:342:13)
      at node_modules/router/index.js:297:9
      at processParams (node_modules/router/index.js:582:12)
      at next (node_modules/router/index.js:291:5)
      at jsonParser (node_modules/body-parser/lib/types/json.js:100:7)
      at Layer.handleRequest (node_modules/router/lib/layer.js:152:17)
      at trimPrefix (node_modules/router/index.js:342:13)
      at node_modules/router/index.js:297:9
      at processParams (node_modules/router/index.js:582:12)
      at next (node_modules/router/index.js:291:5)
      at cors (node_modules/cors/lib/index.js:188:7)
      at node_modules/cors/lib/index.js:224:17
      at originCallback (node_modules/cors/lib/index.js:214:15)
      at node_modules/cors/lib/index.js:219:13
      at optionsCallback (node_modules/cors/lib/index.js:199:9)
      at corsMiddleware (node_modules/cors/lib/index.js:204:7)
      at Layer.handleRequest (node_modules/router/lib/layer.js:152:17)
      at trimPrefix (node_modules/router/index.js:342:13)
      at node_modules/router/index.js:297:9
      at processParams (node_modules/router/index.js:582:12)
      at next (node_modules/router/index.js:291:5)
      at Function.handle (node_modules/router/index.js:186:3)
      at Function.handle (node_modules/express/lib/application.js:177:15)
      at Server.app (node_modules/express/lib/express.js:38:9)

  console.warn
    ⚠️  No Google Places API key - returning mock data

      39 |       // If no API key, return mock data
      40 |       if (!this.GOOGLE_PLACES_API_KEY) {
    > 41 |         console.warn('⚠️  No Google Places API key - returning mock data');
         |                 ^
      42 |         return this.getMockRestaurants();
      43 |       }
      44 |

      at RestaurantService.searchRestaurants (src/services/restaurantService.ts:41:17)
      at RestaurantService.getRecommendationsForGroup (src/services/restaurantService.ts:177:36)
      at RestaurantController.getGroupRecommendations (src/controllers/restaurant.controller.ts:87:55)
      at Layer.handleRequest (node_modules/router/lib/layer.js:152:17)
      at next (node_modules/router/lib/route.js:157:13)
      at authMiddleware (src/middleware/auth.middleware.ts:69:5)
      at Layer.handleRequest (node_modules/router/lib/layer.js:152:17)
      at next (node_modules/router/lib/route.js:157:13)
      at Route.dispatch (node_modules/router/lib/route.js:117:3)
      at handle (node_modules/router/index.js:435:11)
      at Layer.handleRequest (node_modules/router/lib/layer.js:152:17)
      at node_modules/router/index.js:295:15
      at param (node_modules/router/index.js:600:14)
      at param (node_modules/router/index.js:610:14)
      at processParams (node_modules/router/index.js:664:3)
      at next (node_modules/router/index.js:291:5)
      at Function.handle (node_modules/router/index.js:186:3)
      at router (node_modules/router/index.js:60:12)
      at Layer.handleRequest (node_modules/router/lib/layer.js:152:17)
      at trimPrefix (node_modules/router/index.js:342:13)
      at node_modules/router/index.js:297:9
      at processParams (node_modules/router/index.js:582:12)
      at next (node_modules/router/index.js:291:5)
      at urlencodedParser (node_modules/body-parser/lib/types/urlencoded.js:57:7)
      at Layer.handleRequest (node_modules/router/lib/layer.js:152:17)
      at trimPrefix (node_modules/router/index.js:342:13)
      at node_modules/router/index.js:297:9
      at processParams (node_modules/router/index.js:582:12)
      at next (node_modules/router/index.js:291:5)
      at node_modules/body-parser/lib/read.js:132:5
      at invokeCallback (node_modules/raw-body/index.js:238:16)
      at done (node_modules/raw-body/index.js:227:7)
      at IncomingMessage.onEnd (node_modules/raw-body/index.js:287:7)

  console.warn
    ⚠️  No Google Places API key - returning mock data

      39 |       // If no API key, return mock data
      40 |       if (!this.GOOGLE_PLACES_API_KEY) {
    > 41 |         console.warn('⚠️  No Google Places API key - returning mock data');
         |                 ^
      42 |         return this.getMockRestaurants();
      43 |       }
      44 |

      at RestaurantService.searchRestaurants (src/services/restaurantService.ts:41:17)
      at RestaurantService.getRecommendationsForGroup (src/services/restaurantService.ts:177:36)
      at RestaurantController.getGroupRecommendations (src/controllers/restaurant.controller.ts:87:55)
      at Layer.handleRequest (node_modules/router/lib/layer.js:152:17)
      at next (node_modules/router/lib/route.js:157:13)
      at authMiddleware (src/middleware/auth.middleware.ts:69:5)
      at Layer.handleRequest (node_modules/router/lib/layer.js:152:17)
      at next (node_modules/router/lib/route.js:157:13)
      at Route.dispatch (node_modules/router/lib/route.js:117:3)
      at handle (node_modules/router/index.js:435:11)
      at Layer.handleRequest (node_modules/router/lib/layer.js:152:17)
      at node_modules/router/index.js:295:15
      at param (node_modules/router/index.js:600:14)
      at param (node_modules/router/index.js:610:14)
      at processParams (node_modules/router/index.js:664:3)
      at next (node_modules/router/index.js:291:5)
      at Function.handle (node_modules/router/index.js:186:3)
      at router (node_modules/router/index.js:60:12)
      at Layer.handleRequest (node_modules/router/lib/layer.js:152:17)
      at trimPrefix (node_modules/router/index.js:342:13)
      at node_modules/router/index.js:297:9
      at processParams (node_modules/router/index.js:582:12)
      at next (node_modules/router/index.js:291:5)
      at urlencodedParser (node_modules/body-parser/lib/types/urlencoded.js:57:7)
      at Layer.handleRequest (node_modules/router/lib/layer.js:152:17)
      at trimPrefix (node_modules/router/index.js:342:13)
      at node_modules/router/index.js:297:9
      at processParams (node_modules/router/index.js:582:12)
      at next (node_modules/router/index.js:291:5)
      at node_modules/body-parser/lib/read.js:132:5
      at invokeCallback (node_modules/raw-body/index.js:238:16)
      at done (node_modules/raw-body/index.js:227:7)
      at IncomingMessage.onEnd (node_modules/raw-body/index.js:287:7)

  console.warn
    ⚠️  No Google Places API key - returning mock data

      39 |       // If no API key, return mock data
      40 |       if (!this.GOOGLE_PLACES_API_KEY) {
    > 41 |         console.warn('⚠️  No Google Places API key - returning mock data');
         |                 ^
      42 |         return this.getMockRestaurants();
      43 |       }
      44 |

      at RestaurantService.searchRestaurants (src/services/restaurantService.ts:41:17)
      at RestaurantService.getRecommendationsForGroup (src/services/restaurantService.ts:177:36)
      at RestaurantController.getGroupRecommendations (src/controllers/restaurant.controller.ts:87:55)
      at Layer.handleRequest (node_modules/router/lib/layer.js:152:17)
      at next (node_modules/router/lib/route.js:157:13)
      at authMiddleware (src/middleware/auth.middleware.ts:69:5)
      at Layer.handleRequest (node_modules/router/lib/layer.js:152:17)
      at next (node_modules/router/lib/route.js:157:13)
      at Route.dispatch (node_modules/router/lib/route.js:117:3)
      at handle (node_modules/router/index.js:435:11)
      at Layer.handleRequest (node_modules/router/lib/layer.js:152:17)
      at node_modules/router/index.js:295:15
      at param (node_modules/router/index.js:600:14)
      at param (node_modules/router/index.js:610:14)
      at processParams (node_modules/router/index.js:664:3)
      at next (node_modules/router/index.js:291:5)
      at Function.handle (node_modules/router/index.js:186:3)
      at router (node_modules/router/index.js:60:12)
      at Layer.handleRequest (node_modules/router/lib/layer.js:152:17)
      at trimPrefix (node_modules/router/index.js:342:13)
      at node_modules/router/index.js:297:9
      at processParams (node_modules/router/index.js:582:12)
      at next (node_modules/router/index.js:291:5)
      at urlencodedParser (node_modules/body-parser/lib/types/urlencoded.js:57:7)
      at Layer.handleRequest (node_modules/router/lib/layer.js:152:17)
      at trimPrefix (node_modules/router/index.js:342:13)
      at node_modules/router/index.js:297:9
      at processParams (node_modules/router/index.js:582:12)
      at next (node_modules/router/index.js:291:5)
      at node_modules/body-parser/lib/read.js:132:5
      at invokeCallback (node_modules/raw-body/index.js:238:16)
      at done (node_modules/raw-body/index.js:227:7)
      at IncomingMessage.onEnd (node_modules/raw-body/index.js:287:7)

  console.error
    Error: {
      message: 'Service error for testing',
      statusCode: 500,
      stack: 'Error: Service error for testing\n' +
        '    at Object.<anonymous> (/Users/hashim/Desktop/Development/FeastFriends/321-project/backend/tests/no-mocks/restaurant.test.ts:493:30)\n' +
        '    at processTicksAndRejections (node:internal/process/task_queues:105:5)',
      timestamp: '2025-11-09T19:50:09.302Z',
      path: '/api/restaurant/search',
      method: 'GET'
    }

      90 |   }
      91 |
    > 92 |   console.error('Error:', {
         |           ^
      93 |     message: err.message,
      94 |     statusCode,
      95 |     stack: err.stack,

      at errorHandler (src/middleware/errorHandler.ts:92:11)
      at Layer.handleError (node_modules/router/lib/layer.js:116:17)
      at trimPrefix (node_modules/router/index.js:340:13)
      at node_modules/router/index.js:297:9
      at processParams (node_modules/router/index.js:582:12)
      at next (node_modules/router/index.js:291:5)
      at Layer.handleError (node_modules/router/lib/layer.js:111:12)
      at trimPrefix (node_modules/router/index.js:340:13)
      at node_modules/router/index.js:297:9
      at processParams (node_modules/router/index.js:582:12)
      at next (node_modules/router/index.js:291:5)
      at node_modules/router/index.js:688:15
      at next (node_modules/router/index.js:276:14)
      at next (node_modules/router/lib/route.js:132:14)
      at RestaurantController.searchRestaurants (src/controllers/restaurant.controller.ts:44:7)
      at src/routes/restaurant.routes.ts:14:3
      at src/middleware/errorHandler.ts:58:9

  console.error
    Error: {
      message: 'Recommendations service error',
      statusCode: 500,
      stack: 'Error: Recommendations service error\n' +
        '    at Object.<anonymous> (/Users/hashim/Desktop/Development/FeastFriends/321-project/backend/tests/no-mocks/restaurant.test.ts:531:30)\n' +
        '    at processTicksAndRejections (node:internal/process/task_queues:105:5)',
      timestamp: '2025-11-09T19:50:09.304Z',
      path: '/api/restaurant/recommendations/6910f071cb7b06e9f4dd06f0',
      method: 'POST'
    }

      90 |   }
      91 |
    > 92 |   console.error('Error:', {
         |           ^
      93 |     message: err.message,
      94 |     statusCode,
      95 |     stack: err.stack,

      at errorHandler (src/middleware/errorHandler.ts:92:11)
      at Layer.handleError (node_modules/router/lib/layer.js:116:17)
      at trimPrefix (node_modules/router/index.js:340:13)
      at node_modules/router/index.js:297:9
      at processParams (node_modules/router/index.js:582:12)
      at next (node_modules/router/index.js:291:5)
      at Layer.handleError (node_modules/router/lib/layer.js:111:12)
      at trimPrefix (node_modules/router/index.js:340:13)
      at node_modules/router/index.js:297:9
      at processParams (node_modules/router/index.js:582:12)
      at next (node_modules/router/index.js:291:5)
      at node_modules/router/index.js:688:15
      at next (node_modules/router/index.js:276:14)
      at next (node_modules/router/lib/route.js:132:14)
      at RestaurantController.getGroupRecommendations (src/controllers/restaurant.controller.ts:98:7)

  console.log
    Test suite completed.

      at Object.<anonymous> (tests/setup.ts:14:11)

  console.log
    
    🧹 Cleaning up after tests...

      at Object.<anonymous> (tests/no-mocks/restaurant.test.ts:53:11)

  console.warn
    MongoDB disconnected. Attempting to reconnect...

      28 |
      29 |     mongoose.connection.on('disconnected', () => {
    > 30 |       console.warn('MongoDB disconnected. Attempting to reconnect...');
         |               ^
      31 |     });
      32 |
      33 |     mongoose.connection.on('reconnected', () => {

      at NativeConnection.<anonymous> (src/config/database.ts:30:15)
      at NativeConnection.set (node_modules/mongoose/lib/connection.js:145:12)
      at NativeConnection.onClose (node_modules/mongoose/lib/connection.js:1315:19)
      at NativeConnection._close (node_modules/mongoose/lib/connection.js:1264:12)
      at disconnectDatabase (src/config/database.ts:55:5)
      at Object.<anonymous> (tests/no-mocks/restaurant.test.ts:59:3)

  console.log
    MongoDB disconnected successfully

      at disconnectDatabase (src/config/database.ts:56:13)

  console.log
    ✅ HTTP server closed

      at Server.<anonymous> (tests/helpers/socket.helper.ts:44:15)

  console.log
    ✅ Socket.IO server closed

      at tests/helpers/socket.helper.ts:40:15

  console.log
    ✅ Cleanup complete.

      at Object.<anonymous> (tests/no-mocks/restaurant.test.ts:64:11)

PASS tests/no-mocks/restaurant.test.ts
  GET /api/restaurant/search - No Mocking
    ✓ should return 200 and search results with valid coordinates (4 ms)
    ✓ should return 400 when latitude is missing (1 ms)
    ✓ should return 400 when longitude is missing (1 ms)
    ✓ should accept optional query parameters (radius, cuisineTypes, priceLevel) (2 ms)
    ✓ should work without authentication (optional auth) (3 ms)
  GET /api/restaurant/:restaurantId - No Mocking
    ✓ should return 200 and restaurant details for valid ID (1 ms)
    ✓ should handle different restaurant IDs (1 ms)
  POST /api/restaurant/recommendations/:groupId - No Mocking
    ✓ should return 200 and recommendations with valid data (7 ms)
    ✓ should return 401 without authentication token (1 ms)
    ✓ should return 400 when userPreferences is missing (1 ms)
    ✓ should return 400 when userPreferences is not an array (1 ms)
    ✓ should handle empty userPreferences array (2 ms)
    ✓ should calculate average preferences from multiple users (2 ms)
  Error Handling - next(error) Coverage
    ✓ should handle errors in searchRestaurants catch block and call next(error) (7 ms)
    ✓ should handle errors in getGroupRecommendations catch block and call next(error) (2 ms)

  console.log
    [dotenv@17.2.3] injecting env (3) from .env.test -- tip: 👥 sync secrets across teammates & machines: https://dotenvx.com/ops

      at _log (node_modules/dotenv/lib/main.js:142:11)

  console.log
    Starting test suite...

      at Object.<anonymous> (tests/setup.ts:9:11)

  console.log
    
    🚀 Starting Auth Tests (With Mocks - Uncontrollable Failures)...

      at Object.<anonymous> (tests/with-mocks/auth.mock.test.ts:31:11)

  console.log
    MongoDB Atlas connected successfully

      at connectDatabase (src/config/database.ts:22:13)

  console.log
    ✅ Test setup complete.

      at Object.<anonymous> (tests/with-mocks/auth.mock.test.ts:34:11)

  console.error
    Error: {
      message: 'MongoNetworkError: connection lost',
      statusCode: 500,
      stack: 'Error: MongoNetworkError: connection lost\n' +
        '    at Object.<anonymous> (/Users/hashim/Desktop/Development/FeastFriends/321-project/backend/tests/with-mocks/auth.mock.test.ts:51:7)\n' +
        '    at Promise.finally.completed (/Users/hashim/Desktop/Development/FeastFriends/321-project/backend/node_modules/jest-circus/build/jestAdapterInit.js:1557:28)\n' +
        '    at new Promise (<anonymous>)\n' +
        '    at callAsyncCircusFn (/Users/hashim/Desktop/Development/FeastFriends/321-project/backend/node_modules/jest-circus/build/jestAdapterInit.js:1497:10)\n' +
        '    at _callCircusTest (/Users/hashim/Desktop/Development/FeastFriends/321-project/backend/node_modules/jest-circus/build/jestAdapterInit.js:1007:40)\n' +
        '    at processTicksAndRejections (node:internal/process/task_queues:105:5)\n' +
        '    at _runTest (/Users/hashim/Desktop/Development/FeastFriends/321-project/backend/node_modules/jest-circus/build/jestAdapterInit.js:947:3)\n' +
        '    at /Users/hashim/Desktop/Development/FeastFriends/321-project/backend/node_modules/jest-circus/build/jestAdapterInit.js:849:7\n' +
        '    at _runTestsForDescribeBlock (/Users/hashim/Desktop/Development/FeastFriends/321-project/backend/node_modules/jest-circus/build/jestAdapterInit.js:862:11)\n' +
        '    at _runTestsForDescribeBlock (/Users/hashim/Desktop/Development/FeastFriends/321-project/backend/node_modules/jest-circus/build/jestAdapterInit.js:857:11)\n' +
        '    at run (/Users/hashim/Desktop/Development/FeastFriends/321-project/backend/node_modules/jest-circus/build/jestAdapterInit.js:761:3)\n' +
        '    at runAndTransformResultsToJestFormat (/Users/hashim/Desktop/Development/FeastFriends/321-project/backend/node_modules/jest-circus/build/jestAdapterInit.js:1918:21)\n' +
        '    at jestAdapter (/Users/hashim/Desktop/Development/FeastFriends/321-project/backend/node_modules/jest-circus/build/runner.js:101:19)\n' +
        '    at runTestInternal (/Users/hashim/Desktop/Development/FeastFriends/321-project/backend/node_modules/jest-runner/build/index.js:275:16)\n' +
        '    at runTest (/Users/hashim/Desktop/Development/FeastFriends/321-project/backend/node_modules/jest-runner/build/index.js:343:7)',
      timestamp: '2025-11-09T19:50:09.469Z',
      path: '/api/auth/logout',
      method: 'POST'
    }

      90 |   }
      91 |
    > 92 |   console.error('Error:', {
         |           ^
      93 |     message: err.message,
      94 |     statusCode,
      95 |     stack: err.stack,

      at errorHandler (src/middleware/errorHandler.ts:92:11)
      at Layer.handleError (node_modules/router/lib/layer.js:116:17)
      at trimPrefix (node_modules/router/index.js:340:13)
      at node_modules/router/index.js:297:9
      at processParams (node_modules/router/index.js:582:12)
      at next (node_modules/router/index.js:291:5)
      at Layer.handleError (node_modules/router/lib/layer.js:111:12)
      at trimPrefix (node_modules/router/index.js:340:13)
      at node_modules/router/index.js:297:9
      at processParams (node_modules/router/index.js:582:12)
      at next (node_modules/router/index.js:291:5)
      at node_modules/router/index.js:688:15
      at next (node_modules/router/index.js:276:14)
      at next (node_modules/router/lib/route.js:132:14)
      at AuthController.logout (src/controllers/auth.controller.ts:274:7)

  console.error
    Error: {
      message: 'MongoServerError: write failed',
      statusCode: 500,
      stack: 'Error: MongoServerError: write failed\n' +
        '    at Object.<anonymous> (/Users/hashim/Desktop/Development/FeastFriends/321-project/backend/tests/with-mocks/auth.mock.test.ts:72:41)\n' +
        '    at Promise.finally.completed (/Users/hashim/Desktop/Development/FeastFriends/321-project/backend/node_modules/jest-circus/build/jestAdapterInit.js:1557:28)\n' +
        '    at new Promise (<anonymous>)\n' +
        '    at callAsyncCircusFn (/Users/hashim/Desktop/Development/FeastFriends/321-project/backend/node_modules/jest-circus/build/jestAdapterInit.js:1497:10)\n' +
        '    at _callCircusTest (/Users/hashim/Desktop/Development/FeastFriends/321-project/backend/node_modules/jest-circus/build/jestAdapterInit.js:1007:40)\n' +
        '    at processTicksAndRejections (node:internal/process/task_queues:105:5)\n' +
        '    at _runTest (/Users/hashim/Desktop/Development/FeastFriends/321-project/backend/node_modules/jest-circus/build/jestAdapterInit.js:947:3)\n' +
        '    at /Users/hashim/Desktop/Development/FeastFriends/321-project/backend/node_modules/jest-circus/build/jestAdapterInit.js:849:7\n' +
        '    at _runTestsForDescribeBlock (/Users/hashim/Desktop/Development/FeastFriends/321-project/backend/node_modules/jest-circus/build/jestAdapterInit.js:862:11)\n' +
        '    at _runTestsForDescribeBlock (/Users/hashim/Desktop/Development/FeastFriends/321-project/backend/node_modules/jest-circus/build/jestAdapterInit.js:857:11)\n' +
        '    at run (/Users/hashim/Desktop/Development/FeastFriends/321-project/backend/node_modules/jest-circus/build/jestAdapterInit.js:761:3)\n' +
        '    at runAndTransformResultsToJestFormat (/Users/hashim/Desktop/Development/FeastFriends/321-project/backend/node_modules/jest-circus/build/jestAdapterInit.js:1918:21)\n' +
        '    at jestAdapter (/Users/hashim/Desktop/Development/FeastFriends/321-project/backend/node_modules/jest-circus/build/runner.js:101:19)\n' +
        '    at runTestInternal (/Users/hashim/Desktop/Development/FeastFriends/321-project/backend/node_modules/jest-runner/build/index.js:275:16)\n' +
        '    at runTest (/Users/hashim/Desktop/Development/FeastFriends/321-project/backend/node_modules/jest-runner/build/index.js:343:7)',
      timestamp: '2025-11-09T19:50:09.472Z',
      path: '/api/auth/logout',
      method: 'POST'
    }

      90 |   }
      91 |
    > 92 |   console.error('Error:', {
         |           ^
      93 |     message: err.message,
      94 |     statusCode,
      95 |     stack: err.stack,

      at errorHandler (src/middleware/errorHandler.ts:92:11)
      at Layer.handleError (node_modules/router/lib/layer.js:116:17)
      at trimPrefix (node_modules/router/index.js:340:13)
      at node_modules/router/index.js:297:9
      at processParams (node_modules/router/index.js:582:12)
      at next (node_modules/router/index.js:291:5)
      at Layer.handleError (node_modules/router/lib/layer.js:111:12)
      at trimPrefix (node_modules/router/index.js:340:13)
      at node_modules/router/index.js:297:9
      at processParams (node_modules/router/index.js:582:12)
      at next (node_modules/router/index.js:291:5)
      at node_modules/router/index.js:688:15
      at next (node_modules/router/index.js:276:14)
      at next (node_modules/router/lib/route.js:132:14)
      at AuthController.logout (src/controllers/auth.controller.ts:274:7)

  console.error
    Error: {
      message: 'MongoServerError: operation exceeded time limit',
      statusCode: 500,
      stack: 'Error: MongoServerError: operation exceeded time limit\n' +
        '    at Object.<anonymous> (/Users/hashim/Desktop/Development/FeastFriends/321-project/backend/tests/with-mocks/auth.mock.test.ts:93:7)\n' +
        '    at Promise.finally.completed (/Users/hashim/Desktop/Development/FeastFriends/321-project/backend/node_modules/jest-circus/build/jestAdapterInit.js:1557:28)\n' +
        '    at new Promise (<anonymous>)\n' +
        '    at callAsyncCircusFn (/Users/hashim/Desktop/Development/FeastFriends/321-project/backend/node_modules/jest-circus/build/jestAdapterInit.js:1497:10)\n' +
        '    at _callCircusTest (/Users/hashim/Desktop/Development/FeastFriends/321-project/backend/node_modules/jest-circus/build/jestAdapterInit.js:1007:40)\n' +
        '    at processTicksAndRejections (node:internal/process/task_queues:105:5)\n' +
        '    at _runTest (/Users/hashim/Desktop/Development/FeastFriends/321-project/backend/node_modules/jest-circus/build/jestAdapterInit.js:947:3)\n' +
        '    at /Users/hashim/Desktop/Development/FeastFriends/321-project/backend/node_modules/jest-circus/build/jestAdapterInit.js:849:7\n' +
        '    at _runTestsForDescribeBlock (/Users/hashim/Desktop/Development/FeastFriends/321-project/backend/node_modules/jest-circus/build/jestAdapterInit.js:862:11)\n' +
        '    at _runTestsForDescribeBlock (/Users/hashim/Desktop/Development/FeastFriends/321-project/backend/node_modules/jest-circus/build/jestAdapterInit.js:857:11)\n' +
        '    at run (/Users/hashim/Desktop/Development/FeastFriends/321-project/backend/node_modules/jest-circus/build/jestAdapterInit.js:761:3)\n' +
        '    at runAndTransformResultsToJestFormat (/Users/hashim/Desktop/Development/FeastFriends/321-project/backend/node_modules/jest-circus/build/jestAdapterInit.js:1918:21)\n' +
        '    at jestAdapter (/Users/hashim/Desktop/Development/FeastFriends/321-project/backend/node_modules/jest-circus/build/runner.js:101:19)\n' +
        '    at runTestInternal (/Users/hashim/Desktop/Development/FeastFriends/321-project/backend/node_modules/jest-runner/build/index.js:275:16)\n' +
        '    at runTest (/Users/hashim/Desktop/Development/FeastFriends/321-project/backend/node_modules/jest-runner/build/index.js:343:7)',
      timestamp: '2025-11-09T19:50:09.474Z',
      path: '/api/auth/logout',
      method: 'POST'
    }

      90 |   }
      91 |
    > 92 |   console.error('Error:', {
         |           ^
      93 |     message: err.message,
      94 |     statusCode,
      95 |     stack: err.stack,

      at errorHandler (src/middleware/errorHandler.ts:92:11)
      at Layer.handleError (node_modules/router/lib/layer.js:116:17)
      at trimPrefix (node_modules/router/index.js:340:13)
      at node_modules/router/index.js:297:9
      at processParams (node_modules/router/index.js:582:12)
      at next (node_modules/router/index.js:291:5)
      at Layer.handleError (node_modules/router/lib/layer.js:111:12)
      at trimPrefix (node_modules/router/index.js:340:13)
      at node_modules/router/index.js:297:9
      at processParams (node_modules/router/index.js:582:12)
      at next (node_modules/router/index.js:291:5)
      at node_modules/router/index.js:688:15
      at next (node_modules/router/index.js:276:14)
      at next (node_modules/router/lib/route.js:132:14)
      at AuthController.logout (src/controllers/auth.controller.ts:274:7)

  console.error
    Error: {
      message: 'MongoNetworkError: network partition detected',
      statusCode: 500,
      stack: 'Error: MongoNetworkError: network partition detected\n' +
        '    at Object.<anonymous> (/Users/hashim/Desktop/Development/FeastFriends/321-project/backend/tests/with-mocks/auth.mock.test.ts:112:7)\n' +
        '    at Promise.finally.completed (/Users/hashim/Desktop/Development/FeastFriends/321-project/backend/node_modules/jest-circus/build/jestAdapterInit.js:1557:28)\n' +
        '    at new Promise (<anonymous>)\n' +
        '    at callAsyncCircusFn (/Users/hashim/Desktop/Development/FeastFriends/321-project/backend/node_modules/jest-circus/build/jestAdapterInit.js:1497:10)\n' +
        '    at _callCircusTest (/Users/hashim/Desktop/Development/FeastFriends/321-project/backend/node_modules/jest-circus/build/jestAdapterInit.js:1007:40)\n' +
        '    at processTicksAndRejections (node:internal/process/task_queues:105:5)\n' +
        '    at _runTest (/Users/hashim/Desktop/Development/FeastFriends/321-project/backend/node_modules/jest-circus/build/jestAdapterInit.js:947:3)\n' +
        '    at /Users/hashim/Desktop/Development/FeastFriends/321-project/backend/node_modules/jest-circus/build/jestAdapterInit.js:849:7\n' +
        '    at _runTestsForDescribeBlock (/Users/hashim/Desktop/Development/FeastFriends/321-project/backend/node_modules/jest-circus/build/jestAdapterInit.js:862:11)\n' +
        '    at _runTestsForDescribeBlock (/Users/hashim/Desktop/Development/FeastFriends/321-project/backend/node_modules/jest-circus/build/jestAdapterInit.js:857:11)\n' +
        '    at run (/Users/hashim/Desktop/Development/FeastFriends/321-project/backend/node_modules/jest-circus/build/jestAdapterInit.js:761:3)\n' +
        '    at runAndTransformResultsToJestFormat (/Users/hashim/Desktop/Development/FeastFriends/321-project/backend/node_modules/jest-circus/build/jestAdapterInit.js:1918:21)\n' +
        '    at jestAdapter (/Users/hashim/Desktop/Development/FeastFriends/321-project/backend/node_modules/jest-circus/build/runner.js:101:19)\n' +
        '    at runTestInternal (/Users/hashim/Desktop/Development/FeastFriends/321-project/backend/node_modules/jest-runner/build/index.js:275:16)\n' +
        '    at runTest (/Users/hashim/Desktop/Development/FeastFriends/321-project/backend/node_modules/jest-runner/build/index.js:343:7)',
      timestamp: '2025-11-09T19:50:09.477Z',
      path: '/api/auth/logout',
      method: 'POST'
    }

      90 |   }
      91 |
    > 92 |   console.error('Error:', {
         |           ^
      93 |     message: err.message,
      94 |     statusCode,
      95 |     stack: err.stack,

      at errorHandler (src/middleware/errorHandler.ts:92:11)
      at Layer.handleError (node_modules/router/lib/layer.js:116:17)
      at trimPrefix (node_modules/router/index.js:340:13)
      at node_modules/router/index.js:297:9
      at processParams (node_modules/router/index.js:582:12)
      at next (node_modules/router/index.js:291:5)
      at Layer.handleError (node_modules/router/lib/layer.js:111:12)
      at trimPrefix (node_modules/router/index.js:340:13)
      at node_modules/router/index.js:297:9
      at processParams (node_modules/router/index.js:582:12)
      at next (node_modules/router/index.js:291:5)
      at node_modules/router/index.js:688:15
      at next (node_modules/router/index.js:276:14)
      at next (node_modules/router/lib/route.js:132:14)
      at AuthController.logout (src/controllers/auth.controller.ts:274:7)

  console.error
    Error: {
      message: 'MongoNetworkError: connection refused',
      statusCode: 500,
      stack: 'Error: MongoNetworkError: connection refused\n' +
        '    at Object.<anonymous> (/Users/hashim/Desktop/Development/FeastFriends/321-project/backend/tests/with-mocks/auth.mock.test.ts:133:7)\n' +
        '    at Promise.finally.completed (/Users/hashim/Desktop/Development/FeastFriends/321-project/backend/node_modules/jest-circus/build/jestAdapterInit.js:1557:28)\n' +
        '    at new Promise (<anonymous>)\n' +
        '    at callAsyncCircusFn (/Users/hashim/Desktop/Development/FeastFriends/321-project/backend/node_modules/jest-circus/build/jestAdapterInit.js:1497:10)\n' +
        '    at _callCircusTest (/Users/hashim/Desktop/Development/FeastFriends/321-project/backend/node_modules/jest-circus/build/jestAdapterInit.js:1007:40)\n' +
        '    at processTicksAndRejections (node:internal/process/task_queues:105:5)\n' +
        '    at _runTest (/Users/hashim/Desktop/Development/FeastFriends/321-project/backend/node_modules/jest-circus/build/jestAdapterInit.js:947:3)\n' +
        '    at /Users/hashim/Desktop/Development/FeastFriends/321-project/backend/node_modules/jest-circus/build/jestAdapterInit.js:849:7\n' +
        '    at _runTestsForDescribeBlock (/Users/hashim/Desktop/Development/FeastFriends/321-project/backend/node_modules/jest-circus/build/jestAdapterInit.js:862:11)\n' +
        '    at _runTestsForDescribeBlock (/Users/hashim/Desktop/Development/FeastFriends/321-project/backend/node_modules/jest-circus/build/jestAdapterInit.js:857:11)\n' +
        '    at run (/Users/hashim/Desktop/Development/FeastFriends/321-project/backend/node_modules/jest-circus/build/jestAdapterInit.js:761:3)\n' +
        '    at runAndTransformResultsToJestFormat (/Users/hashim/Desktop/Development/FeastFriends/321-project/backend/node_modules/jest-circus/build/jestAdapterInit.js:1918:21)\n' +
        '    at jestAdapter (/Users/hashim/Desktop/Development/FeastFriends/321-project/backend/node_modules/jest-circus/build/runner.js:101:19)\n' +
        '    at runTestInternal (/Users/hashim/Desktop/Development/FeastFriends/321-project/backend/node_modules/jest-runner/build/index.js:275:16)\n' +
        '    at runTest (/Users/hashim/Desktop/Development/FeastFriends/321-project/backend/node_modules/jest-runner/build/index.js:343:7)',
      timestamp: '2025-11-09T19:50:09.479Z',
      path: '/api/auth/verify',
      method: 'GET'
    }

      90 |   }
      91 |
    > 92 |   console.error('Error:', {
         |           ^
      93 |     message: err.message,
      94 |     statusCode,
      95 |     stack: err.stack,

      at errorHandler (src/middleware/errorHandler.ts:92:11)
      at Layer.handleError (node_modules/router/lib/layer.js:116:17)
      at trimPrefix (node_modules/router/index.js:340:13)
      at node_modules/router/index.js:297:9
      at processParams (node_modules/router/index.js:582:12)
      at next (node_modules/router/index.js:291:5)
      at Layer.handleError (node_modules/router/lib/layer.js:111:12)
      at trimPrefix (node_modules/router/index.js:340:13)
      at node_modules/router/index.js:297:9
      at processParams (node_modules/router/index.js:582:12)
      at Immediate.next (node_modules/router/index.js:291:5)
      at Immediate._onImmediate (node_modules/router/index.js:688:15)

  console.error
    Error: {
      message: 'MongoServerSelectionError: server selection timed out',
      statusCode: 500,
      stack: 'Error: MongoServerSelectionError: server selection timed out\n' +
        '    at Object.<anonymous> (/Users/hashim/Desktop/Development/FeastFriends/321-project/backend/tests/with-mocks/auth.mock.test.ts:152:7)\n' +
        '    at Promise.finally.completed (/Users/hashim/Desktop/Development/FeastFriends/321-project/backend/node_modules/jest-circus/build/jestAdapterInit.js:1557:28)\n' +
        '    at new Promise (<anonymous>)\n' +
        '    at callAsyncCircusFn (/Users/hashim/Desktop/Development/FeastFriends/321-project/backend/node_modules/jest-circus/build/jestAdapterInit.js:1497:10)\n' +
        '    at _callCircusTest (/Users/hashim/Desktop/Development/FeastFriends/321-project/backend/node_modules/jest-circus/build/jestAdapterInit.js:1007:40)\n' +
        '    at processTicksAndRejections (node:internal/process/task_queues:105:5)\n' +
        '    at _runTest (/Users/hashim/Desktop/Development/FeastFriends/321-project/backend/node_modules/jest-circus/build/jestAdapterInit.js:947:3)\n' +
        '    at /Users/hashim/Desktop/Development/FeastFriends/321-project/backend/node_modules/jest-circus/build/jestAdapterInit.js:849:7\n' +
        '    at _runTestsForDescribeBlock (/Users/hashim/Desktop/Development/FeastFriends/321-project/backend/node_modules/jest-circus/build/jestAdapterInit.js:862:11)\n' +
        '    at _runTestsForDescribeBlock (/Users/hashim/Desktop/Development/FeastFriends/321-project/backend/node_modules/jest-circus/build/jestAdapterInit.js:857:11)\n' +
        '    at run (/Users/hashim/Desktop/Development/FeastFriends/321-project/backend/node_modules/jest-circus/build/jestAdapterInit.js:761:3)\n' +
        '    at runAndTransformResultsToJestFormat (/Users/hashim/Desktop/Development/FeastFriends/321-project/backend/node_modules/jest-circus/build/jestAdapterInit.js:1918:21)\n' +
        '    at jestAdapter (/Users/hashim/Desktop/Development/FeastFriends/321-project/backend/node_modules/jest-circus/build/runner.js:101:19)\n' +
        '    at runTestInternal (/Users/hashim/Desktop/Development/FeastFriends/321-project/backend/node_modules/jest-runner/build/index.js:275:16)\n' +
        '    at runTest (/Users/hashim/Desktop/Development/FeastFriends/321-project/backend/node_modules/jest-runner/build/index.js:343:7)',
      timestamp: '2025-11-09T19:50:09.481Z',
      path: '/api/auth/verify',
      method: 'GET'
    }

      90 |   }
      91 |
    > 92 |   console.error('Error:', {
         |           ^
      93 |     message: err.message,
      94 |     statusCode,
      95 |     stack: err.stack,

      at errorHandler (src/middleware/errorHandler.ts:92:11)
      at Layer.handleError (node_modules/router/lib/layer.js:116:17)
      at trimPrefix (node_modules/router/index.js:340:13)
      at node_modules/router/index.js:297:9
      at processParams (node_modules/router/index.js:582:12)
      at next (node_modules/router/index.js:291:5)
      at Layer.handleError (node_modules/router/lib/layer.js:111:12)
      at trimPrefix (node_modules/router/index.js:340:13)
      at node_modules/router/index.js:297:9
      at processParams (node_modules/router/index.js:582:12)
      at Immediate.next (node_modules/router/index.js:291:5)
      at Immediate._onImmediate (node_modules/router/index.js:688:15)

  console.error
    Error: {
      message: 'MongoServerError: replica set not available',
      statusCode: 500,
      stack: 'Error: MongoServerError: replica set not available\n' +
        '    at Object.<anonymous> (/Users/hashim/Desktop/Development/FeastFriends/321-project/backend/tests/with-mocks/auth.mock.test.ts:171:7)\n' +
        '    at Promise.finally.completed (/Users/hashim/Desktop/Development/FeastFriends/321-project/backend/node_modules/jest-circus/build/jestAdapterInit.js:1557:28)\n' +
        '    at new Promise (<anonymous>)\n' +
        '    at callAsyncCircusFn (/Users/hashim/Desktop/Development/FeastFriends/321-project/backend/node_modules/jest-circus/build/jestAdapterInit.js:1497:10)\n' +
        '    at _callCircusTest (/Users/hashim/Desktop/Development/FeastFriends/321-project/backend/node_modules/jest-circus/build/jestAdapterInit.js:1007:40)\n' +
        '    at processTicksAndRejections (node:internal/process/task_queues:105:5)\n' +
        '    at _runTest (/Users/hashim/Desktop/Development/FeastFriends/321-project/backend/node_modules/jest-circus/build/jestAdapterInit.js:947:3)\n' +
        '    at /Users/hashim/Desktop/Development/FeastFriends/321-project/backend/node_modules/jest-circus/build/jestAdapterInit.js:849:7\n' +
        '    at _runTestsForDescribeBlock (/Users/hashim/Desktop/Development/FeastFriends/321-project/backend/node_modules/jest-circus/build/jestAdapterInit.js:862:11)\n' +
        '    at _runTestsForDescribeBlock (/Users/hashim/Desktop/Development/FeastFriends/321-project/backend/node_modules/jest-circus/build/jestAdapterInit.js:857:11)\n' +
        '    at run (/Users/hashim/Desktop/Development/FeastFriends/321-project/backend/node_modules/jest-circus/build/jestAdapterInit.js:761:3)\n' +
        '    at runAndTransformResultsToJestFormat (/Users/hashim/Desktop/Development/FeastFriends/321-project/backend/node_modules/jest-circus/build/jestAdapterInit.js:1918:21)\n' +
        '    at jestAdapter (/Users/hashim/Desktop/Development/FeastFriends/321-project/backend/node_modules/jest-circus/build/runner.js:101:19)\n' +
        '    at runTestInternal (/Users/hashim/Desktop/Development/FeastFriends/321-project/backend/node_modules/jest-runner/build/index.js:275:16)\n' +
        '    at runTest (/Users/hashim/Desktop/Development/FeastFriends/321-project/backend/node_modules/jest-runner/build/index.js:343:7)',
      timestamp: '2025-11-09T19:50:09.483Z',
      path: '/api/auth/verify',
      method: 'GET'
    }

      90 |   }
      91 |
    > 92 |   console.error('Error:', {
         |           ^
      93 |     message: err.message,
      94 |     statusCode,
      95 |     stack: err.stack,

      at errorHandler (src/middleware/errorHandler.ts:92:11)
      at Layer.handleError (node_modules/router/lib/layer.js:116:17)
      at trimPrefix (node_modules/router/index.js:340:13)
      at node_modules/router/index.js:297:9
      at processParams (node_modules/router/index.js:582:12)
      at next (node_modules/router/index.js:291:5)
      at Layer.handleError (node_modules/router/lib/layer.js:111:12)
      at trimPrefix (node_modules/router/index.js:340:13)
      at node_modules/router/index.js:297:9
      at processParams (node_modules/router/index.js:582:12)
      at Immediate.next (node_modules/router/index.js:291:5)
      at Immediate._onImmediate (node_modules/router/index.js:688:15)

  console.error
    Error: {
      message: 'MongoNetworkError: socket closed',
      statusCode: 500,
      stack: 'Error: MongoNetworkError: socket closed\n' +
        '    at Object.<anonymous> (/Users/hashim/Desktop/Development/FeastFriends/321-project/backend/tests/with-mocks/auth.mock.test.ts:192:7)\n' +
        '    at Promise.finally.completed (/Users/hashim/Desktop/Development/FeastFriends/321-project/backend/node_modules/jest-circus/build/jestAdapterInit.js:1557:28)\n' +
        '    at new Promise (<anonymous>)\n' +
        '    at callAsyncCircusFn (/Users/hashim/Desktop/Development/FeastFriends/321-project/backend/node_modules/jest-circus/build/jestAdapterInit.js:1497:10)\n' +
        '    at _callCircusTest (/Users/hashim/Desktop/Development/FeastFriends/321-project/backend/node_modules/jest-circus/build/jestAdapterInit.js:1007:40)\n' +
        '    at processTicksAndRejections (node:internal/process/task_queues:105:5)\n' +
        '    at _runTest (/Users/hashim/Desktop/Development/FeastFriends/321-project/backend/node_modules/jest-circus/build/jestAdapterInit.js:947:3)\n' +
        '    at /Users/hashim/Desktop/Development/FeastFriends/321-project/backend/node_modules/jest-circus/build/jestAdapterInit.js:849:7\n' +
        '    at _runTestsForDescribeBlock (/Users/hashim/Desktop/Development/FeastFriends/321-project/backend/node_modules/jest-circus/build/jestAdapterInit.js:862:11)\n' +
        '    at _runTestsForDescribeBlock (/Users/hashim/Desktop/Development/FeastFriends/321-project/backend/node_modules/jest-circus/build/jestAdapterInit.js:857:11)\n' +
        '    at run (/Users/hashim/Desktop/Development/FeastFriends/321-project/backend/node_modules/jest-circus/build/jestAdapterInit.js:761:3)\n' +
        '    at runAndTransformResultsToJestFormat (/Users/hashim/Desktop/Development/FeastFriends/321-project/backend/node_modules/jest-circus/build/jestAdapterInit.js:1918:21)\n' +
        '    at jestAdapter (/Users/hashim/Desktop/Development/FeastFriends/321-project/backend/node_modules/jest-circus/build/runner.js:101:19)\n' +
        '    at runTestInternal (/Users/hashim/Desktop/Development/FeastFriends/321-project/backend/node_modules/jest-runner/build/index.js:275:16)\n' +
        '    at runTest (/Users/hashim/Desktop/Development/FeastFriends/321-project/backend/node_modules/jest-runner/build/index.js:343:7)',
      timestamp: '2025-11-09T19:50:09.486Z',
      path: '/api/auth/fcm-token',
      method: 'POST'
    }

      90 |   }
      91 |
    > 92 |   console.error('Error:', {
         |           ^
      93 |     message: err.message,
      94 |     statusCode,
      95 |     stack: err.stack,

      at errorHandler (src/middleware/errorHandler.ts:92:11)
      at Layer.handleError (node_modules/router/lib/layer.js:116:17)
      at trimPrefix (node_modules/router/index.js:340:13)
      at node_modules/router/index.js:297:9
      at processParams (node_modules/router/index.js:582:12)
      at next (node_modules/router/index.js:291:5)
      at Layer.handleError (node_modules/router/lib/layer.js:111:12)
      at trimPrefix (node_modules/router/index.js:340:13)
      at node_modules/router/index.js:297:9
      at processParams (node_modules/router/index.js:582:12)
      at next (node_modules/router/index.js:291:5)
      at node_modules/router/index.js:688:15
      at next (node_modules/router/index.js:276:14)
      at next (node_modules/router/lib/route.js:132:14)
      at AuthController.updateFCMToken (src/controllers/auth.controller.ts:358:7)

  console.error
    Error: {
      message: 'MongoServerError: disk full',
      statusCode: 500,
      stack: 'Error: MongoServerError: disk full\n' +
        '    at Object.<anonymous> (/Users/hashim/Desktop/Development/FeastFriends/321-project/backend/tests/with-mocks/auth.mock.test.ts:214:41)\n' +
        '    at Promise.finally.completed (/Users/hashim/Desktop/Development/FeastFriends/321-project/backend/node_modules/jest-circus/build/jestAdapterInit.js:1557:28)\n' +
        '    at new Promise (<anonymous>)\n' +
        '    at callAsyncCircusFn (/Users/hashim/Desktop/Development/FeastFriends/321-project/backend/node_modules/jest-circus/build/jestAdapterInit.js:1497:10)\n' +
        '    at _callCircusTest (/Users/hashim/Desktop/Development/FeastFriends/321-project/backend/node_modules/jest-circus/build/jestAdapterInit.js:1007:40)\n' +
        '    at processTicksAndRejections (node:internal/process/task_queues:105:5)\n' +
        '    at _runTest (/Users/hashim/Desktop/Development/FeastFriends/321-project/backend/node_modules/jest-circus/build/jestAdapterInit.js:947:3)\n' +
        '    at /Users/hashim/Desktop/Development/FeastFriends/321-project/backend/node_modules/jest-circus/build/jestAdapterInit.js:849:7\n' +
        '    at _runTestsForDescribeBlock (/Users/hashim/Desktop/Development/FeastFriends/321-project/backend/node_modules/jest-circus/build/jestAdapterInit.js:862:11)\n' +
        '    at _runTestsForDescribeBlock (/Users/hashim/Desktop/Development/FeastFriends/321-project/backend/node_modules/jest-circus/build/jestAdapterInit.js:857:11)\n' +
        '    at run (/Users/hashim/Desktop/Development/FeastFriends/321-project/backend/node_modules/jest-circus/build/jestAdapterInit.js:761:3)\n' +
        '    at runAndTransformResultsToJestFormat (/Users/hashim/Desktop/Development/FeastFriends/321-project/backend/node_modules/jest-circus/build/jestAdapterInit.js:1918:21)\n' +
        '    at jestAdapter (/Users/hashim/Desktop/Development/FeastFriends/321-project/backend/node_modules/jest-circus/build/runner.js:101:19)\n' +
        '    at runTestInternal (/Users/hashim/Desktop/Development/FeastFriends/321-project/backend/node_modules/jest-runner/build/index.js:275:16)\n' +
        '    at runTest (/Users/hashim/Desktop/Development/FeastFriends/321-project/backend/node_modules/jest-runner/build/index.js:343:7)',
      timestamp: '2025-11-09T19:50:09.488Z',
      path: '/api/auth/fcm-token',
      method: 'POST'
    }

      90 |   }
      91 |
    > 92 |   console.error('Error:', {
         |           ^
      93 |     message: err.message,
      94 |     statusCode,
      95 |     stack: err.stack,

      at errorHandler (src/middleware/errorHandler.ts:92:11)
      at Layer.handleError (node_modules/router/lib/layer.js:116:17)
      at trimPrefix (node_modules/router/index.js:340:13)
      at node_modules/router/index.js:297:9
      at processParams (node_modules/router/index.js:582:12)
      at next (node_modules/router/index.js:291:5)
      at Layer.handleError (node_modules/router/lib/layer.js:111:12)
      at trimPrefix (node_modules/router/index.js:340:13)
      at node_modules/router/index.js:297:9
      at processParams (node_modules/router/index.js:582:12)
      at next (node_modules/router/index.js:291:5)
      at node_modules/router/index.js:688:15
      at next (node_modules/router/index.js:276:14)
      at next (node_modules/router/lib/route.js:132:14)
      at AuthController.updateFCMToken (src/controllers/auth.controller.ts:358:7)

  console.error
    Error: {
      message: 'MongoNetworkError: network partition detected',
      statusCode: 500,
      stack: 'Error: MongoNetworkError: network partition detected\n' +
        '    at Object.<anonymous> (/Users/hashim/Desktop/Development/FeastFriends/321-project/backend/tests/with-mocks/auth.mock.test.ts:236:7)\n' +
        '    at Promise.finally.completed (/Users/hashim/Desktop/Development/FeastFriends/321-project/backend/node_modules/jest-circus/build/jestAdapterInit.js:1557:28)\n' +
        '    at new Promise (<anonymous>)\n' +
        '    at callAsyncCircusFn (/Users/hashim/Desktop/Development/FeastFriends/321-project/backend/node_modules/jest-circus/build/jestAdapterInit.js:1497:10)\n' +
        '    at _callCircusTest (/Users/hashim/Desktop/Development/FeastFriends/321-project/backend/node_modules/jest-circus/build/jestAdapterInit.js:1007:40)\n' +
        '    at processTicksAndRejections (node:internal/process/task_queues:105:5)\n' +
        '    at _runTest (/Users/hashim/Desktop/Development/FeastFriends/321-project/backend/node_modules/jest-circus/build/jestAdapterInit.js:947:3)\n' +
        '    at /Users/hashim/Desktop/Development/FeastFriends/321-project/backend/node_modules/jest-circus/build/jestAdapterInit.js:849:7\n' +
        '    at _runTestsForDescribeBlock (/Users/hashim/Desktop/Development/FeastFriends/321-project/backend/node_modules/jest-circus/build/jestAdapterInit.js:862:11)\n' +
        '    at _runTestsForDescribeBlock (/Users/hashim/Desktop/Development/FeastFriends/321-project/backend/node_modules/jest-circus/build/jestAdapterInit.js:857:11)\n' +
        '    at run (/Users/hashim/Desktop/Development/FeastFriends/321-project/backend/node_modules/jest-circus/build/jestAdapterInit.js:761:3)\n' +
        '    at runAndTransformResultsToJestFormat (/Users/hashim/Desktop/Development/FeastFriends/321-project/backend/node_modules/jest-circus/build/jestAdapterInit.js:1918:21)\n' +
        '    at jestAdapter (/Users/hashim/Desktop/Development/FeastFriends/321-project/backend/node_modules/jest-circus/build/runner.js:101:19)\n' +
        '    at runTestInternal (/Users/hashim/Desktop/Development/FeastFriends/321-project/backend/node_modules/jest-runner/build/index.js:275:16)\n' +
        '    at runTest (/Users/hashim/Desktop/Development/FeastFriends/321-project/backend/node_modules/jest-runner/build/index.js:343:7)',
      timestamp: '2025-11-09T19:50:09.490Z',
      path: '/api/auth/fcm-token',
      method: 'POST'
    }

      90 |   }
      91 |
    > 92 |   console.error('Error:', {
         |           ^
      93 |     message: err.message,
      94 |     statusCode,
      95 |     stack: err.stack,

      at errorHandler (src/middleware/errorHandler.ts:92:11)
      at Layer.handleError (node_modules/router/lib/layer.js:116:17)
      at trimPrefix (node_modules/router/index.js:340:13)
      at node_modules/router/index.js:297:9
      at processParams (node_modules/router/index.js:582:12)
      at next (node_modules/router/index.js:291:5)
      at Layer.handleError (node_modules/router/lib/layer.js:111:12)
      at trimPrefix (node_modules/router/index.js:340:13)
      at node_modules/router/index.js:297:9
      at processParams (node_modules/router/index.js:582:12)
      at next (node_modules/router/index.js:291:5)
      at node_modules/router/index.js:688:15
      at next (node_modules/router/index.js:276:14)
      at next (node_modules/router/lib/route.js:132:14)
      at AuthController.updateFCMToken (src/controllers/auth.controller.ts:358:7)

  console.error
    Error: {
      message: 'MongoServerError: cursor timeout',
      statusCode: 500,
      stack: 'Error: MongoServerError: cursor timeout\n' +
        '    at Object.<anonymous> (/Users/hashim/Desktop/Development/FeastFriends/321-project/backend/tests/with-mocks/auth.mock.test.ts:256:7)\n' +
        '    at Promise.finally.completed (/Users/hashim/Desktop/Development/FeastFriends/321-project/backend/node_modules/jest-circus/build/jestAdapterInit.js:1557:28)\n' +
        '    at new Promise (<anonymous>)\n' +
        '    at callAsyncCircusFn (/Users/hashim/Desktop/Development/FeastFriends/321-project/backend/node_modules/jest-circus/build/jestAdapterInit.js:1497:10)\n' +
        '    at _callCircusTest (/Users/hashim/Desktop/Development/FeastFriends/321-project/backend/node_modules/jest-circus/build/jestAdapterInit.js:1007:40)\n' +
        '    at processTicksAndRejections (node:internal/process/task_queues:105:5)\n' +
        '    at _runTest (/Users/hashim/Desktop/Development/FeastFriends/321-project/backend/node_modules/jest-circus/build/jestAdapterInit.js:947:3)\n' +
        '    at /Users/hashim/Desktop/Development/FeastFriends/321-project/backend/node_modules/jest-circus/build/jestAdapterInit.js:849:7\n' +
        '    at _runTestsForDescribeBlock (/Users/hashim/Desktop/Development/FeastFriends/321-project/backend/node_modules/jest-circus/build/jestAdapterInit.js:862:11)\n' +
        '    at _runTestsForDescribeBlock (/Users/hashim/Desktop/Development/FeastFriends/321-project/backend/node_modules/jest-circus/build/jestAdapterInit.js:857:11)\n' +
        '    at run (/Users/hashim/Desktop/Development/FeastFriends/321-project/backend/node_modules/jest-circus/build/jestAdapterInit.js:761:3)\n' +
        '    at runAndTransformResultsToJestFormat (/Users/hashim/Desktop/Development/FeastFriends/321-project/backend/node_modules/jest-circus/build/jestAdapterInit.js:1918:21)\n' +
        '    at jestAdapter (/Users/hashim/Desktop/Development/FeastFriends/321-project/backend/node_modules/jest-circus/build/runner.js:101:19)\n' +
        '    at runTestInternal (/Users/hashim/Desktop/Development/FeastFriends/321-project/backend/node_modules/jest-runner/build/index.js:275:16)\n' +
        '    at runTest (/Users/hashim/Desktop/Development/FeastFriends/321-project/backend/node_modules/jest-runner/build/index.js:343:7)',
      timestamp: '2025-11-09T19:50:09.494Z',
      path: '/api/auth/fcm-token',
      method: 'POST'
    }

      90 |   }
      91 |
    > 92 |   console.error('Error:', {
         |           ^
      93 |     message: err.message,
      94 |     statusCode,
      95 |     stack: err.stack,

      at errorHandler (src/middleware/errorHandler.ts:92:11)
      at Layer.handleError (node_modules/router/lib/layer.js:116:17)
      at trimPrefix (node_modules/router/index.js:340:13)
      at node_modules/router/index.js:297:9
      at processParams (node_modules/router/index.js:582:12)
      at next (node_modules/router/index.js:291:5)
      at Layer.handleError (node_modules/router/lib/layer.js:111:12)
      at trimPrefix (node_modules/router/index.js:340:13)
      at node_modules/router/index.js:297:9
      at processParams (node_modules/router/index.js:582:12)
      at next (node_modules/router/index.js:291:5)
      at node_modules/router/index.js:688:15
      at next (node_modules/router/index.js:276:14)
      at next (node_modules/router/lib/route.js:132:14)
      at AuthController.updateFCMToken (src/controllers/auth.controller.ts:358:7)

  console.error
    Error: {
      message: 'MongoNetworkError: no connection available',
      statusCode: 500,
      stack: 'Error: MongoNetworkError: no connection available\n' +
        '    at Object.<anonymous> (/Users/hashim/Desktop/Development/FeastFriends/321-project/backend/tests/with-mocks/auth.mock.test.ts:278:7)\n' +
        '    at Promise.finally.completed (/Users/hashim/Desktop/Development/FeastFriends/321-project/backend/node_modules/jest-circus/build/jestAdapterInit.js:1557:28)\n' +
        '    at new Promise (<anonymous>)\n' +
        '    at callAsyncCircusFn (/Users/hashim/Desktop/Development/FeastFriends/321-project/backend/node_modules/jest-circus/build/jestAdapterInit.js:1497:10)\n' +
        '    at _callCircusTest (/Users/hashim/Desktop/Development/FeastFriends/321-project/backend/node_modules/jest-circus/build/jestAdapterInit.js:1007:40)\n' +
        '    at processTicksAndRejections (node:internal/process/task_queues:105:5)\n' +
        '    at _runTest (/Users/hashim/Desktop/Development/FeastFriends/321-project/backend/node_modules/jest-circus/build/jestAdapterInit.js:947:3)\n' +
        '    at /Users/hashim/Desktop/Development/FeastFriends/321-project/backend/node_modules/jest-circus/build/jestAdapterInit.js:849:7\n' +
        '    at _runTestsForDescribeBlock (/Users/hashim/Desktop/Development/FeastFriends/321-project/backend/node_modules/jest-circus/build/jestAdapterInit.js:862:11)\n' +
        '    at _runTestsForDescribeBlock (/Users/hashim/Desktop/Development/FeastFriends/321-project/backend/node_modules/jest-circus/build/jestAdapterInit.js:857:11)\n' +
        '    at run (/Users/hashim/Desktop/Development/FeastFriends/321-project/backend/node_modules/jest-circus/build/jestAdapterInit.js:761:3)\n' +
        '    at runAndTransformResultsToJestFormat (/Users/hashim/Desktop/Development/FeastFriends/321-project/backend/node_modules/jest-circus/build/jestAdapterInit.js:1918:21)\n' +
        '    at jestAdapter (/Users/hashim/Desktop/Development/FeastFriends/321-project/backend/node_modules/jest-circus/build/runner.js:101:19)\n' +
        '    at runTestInternal (/Users/hashim/Desktop/Development/FeastFriends/321-project/backend/node_modules/jest-runner/build/index.js:275:16)\n' +
        '    at runTest (/Users/hashim/Desktop/Development/FeastFriends/321-project/backend/node_modules/jest-runner/build/index.js:343:7)',
      timestamp: '2025-11-09T19:50:09.496Z',
      path: '/api/auth/account',
      method: 'DELETE'
    }

      90 |   }
      91 |
    > 92 |   console.error('Error:', {
         |           ^
      93 |     message: err.message,
      94 |     statusCode,
      95 |     stack: err.stack,

      at errorHandler (src/middleware/errorHandler.ts:92:11)
      at Layer.handleError (node_modules/router/lib/layer.js:116:17)
      at trimPrefix (node_modules/router/index.js:340:13)
      at node_modules/router/index.js:297:9
      at processParams (node_modules/router/index.js:582:12)
      at next (node_modules/router/index.js:291:5)
      at Layer.handleError (node_modules/router/lib/layer.js:111:12)
      at trimPrefix (node_modules/router/index.js:340:13)
      at node_modules/router/index.js:297:9
      at processParams (node_modules/router/index.js:582:12)
      at next (node_modules/router/index.js:291:5)
      at node_modules/router/index.js:688:15
      at next (node_modules/router/index.js:276:14)
      at next (node_modules/router/lib/route.js:132:14)
      at AuthController.deleteAccount (src/controllers/auth.controller.ts:400:7)

  console.error
    Error: {
      message: 'MongoServerError: delete operation failed',
      statusCode: 500,
      stack: 'Error: MongoServerError: delete operation failed\n' +
        '    at Object.<anonymous> (/Users/hashim/Desktop/Development/FeastFriends/321-project/backend/tests/with-mocks/auth.mock.test.ts:304:7)\n' +
        '    at Promise.finally.completed (/Users/hashim/Desktop/Development/FeastFriends/321-project/backend/node_modules/jest-circus/build/jestAdapterInit.js:1557:28)\n' +
        '    at new Promise (<anonymous>)\n' +
        '    at callAsyncCircusFn (/Users/hashim/Desktop/Development/FeastFriends/321-project/backend/node_modules/jest-circus/build/jestAdapterInit.js:1497:10)\n' +
        '    at _callCircusTest (/Users/hashim/Desktop/Development/FeastFriends/321-project/backend/node_modules/jest-circus/build/jestAdapterInit.js:1007:40)\n' +
        '    at processTicksAndRejections (node:internal/process/task_queues:105:5)\n' +
        '    at _runTest (/Users/hashim/Desktop/Development/FeastFriends/321-project/backend/node_modules/jest-circus/build/jestAdapterInit.js:947:3)\n' +
        '    at /Users/hashim/Desktop/Development/FeastFriends/321-project/backend/node_modules/jest-circus/build/jestAdapterInit.js:849:7\n' +
        '    at _runTestsForDescribeBlock (/Users/hashim/Desktop/Development/FeastFriends/321-project/backend/node_modules/jest-circus/build/jestAdapterInit.js:862:11)\n' +
        '    at _runTestsForDescribeBlock (/Users/hashim/Desktop/Development/FeastFriends/321-project/backend/node_modules/jest-circus/build/jestAdapterInit.js:857:11)\n' +
        '    at run (/Users/hashim/Desktop/Development/FeastFriends/321-project/backend/node_modules/jest-circus/build/jestAdapterInit.js:761:3)\n' +
        '    at runAndTransformResultsToJestFormat (/Users/hashim/Desktop/Development/FeastFriends/321-project/backend/node_modules/jest-circus/build/jestAdapterInit.js:1918:21)\n' +
        '    at jestAdapter (/Users/hashim/Desktop/Development/FeastFriends/321-project/backend/node_modules/jest-circus/build/runner.js:101:19)\n' +
        '    at runTestInternal (/Users/hashim/Desktop/Development/FeastFriends/321-project/backend/node_modules/jest-runner/build/index.js:275:16)\n' +
        '    at runTest (/Users/hashim/Desktop/Development/FeastFriends/321-project/backend/node_modules/jest-runner/build/index.js:343:7)',
      timestamp: '2025-11-09T19:50:09.498Z',
      path: '/api/auth/account',
      method: 'DELETE'
    }

      90 |   }
      91 |
    > 92 |   console.error('Error:', {
         |           ^
      93 |     message: err.message,
      94 |     statusCode,
      95 |     stack: err.stack,

      at errorHandler (src/middleware/errorHandler.ts:92:11)
      at Layer.handleError (node_modules/router/lib/layer.js:116:17)
      at trimPrefix (node_modules/router/index.js:340:13)
      at node_modules/router/index.js:297:9
      at processParams (node_modules/router/index.js:582:12)
      at next (node_modules/router/index.js:291:5)
      at Layer.handleError (node_modules/router/lib/layer.js:111:12)
      at trimPrefix (node_modules/router/index.js:340:13)
      at node_modules/router/index.js:297:9
      at processParams (node_modules/router/index.js:582:12)
      at next (node_modules/router/index.js:291:5)
      at node_modules/router/index.js:688:15
      at next (node_modules/router/index.js:276:14)
      at next (node_modules/router/lib/route.js:132:14)
      at AuthController.deleteAccount (src/controllers/auth.controller.ts:400:7)

  console.error
    Error: {
      message: 'MongoServerError: replica set not available',
      statusCode: 500,
      stack: 'Error: MongoServerError: replica set not available\n' +
        '    at Object.<anonymous> (/Users/hashim/Desktop/Development/FeastFriends/321-project/backend/tests/with-mocks/auth.mock.test.ts:323:7)\n' +
        '    at Promise.finally.completed (/Users/hashim/Desktop/Development/FeastFriends/321-project/backend/node_modules/jest-circus/build/jestAdapterInit.js:1557:28)\n' +
        '    at new Promise (<anonymous>)\n' +
        '    at callAsyncCircusFn (/Users/hashim/Desktop/Development/FeastFriends/321-project/backend/node_modules/jest-circus/build/jestAdapterInit.js:1497:10)\n' +
        '    at _callCircusTest (/Users/hashim/Desktop/Development/FeastFriends/321-project/backend/node_modules/jest-circus/build/jestAdapterInit.js:1007:40)\n' +
        '    at processTicksAndRejections (node:internal/process/task_queues:105:5)\n' +
        '    at _runTest (/Users/hashim/Desktop/Development/FeastFriends/321-project/backend/node_modules/jest-circus/build/jestAdapterInit.js:947:3)\n' +
        '    at /Users/hashim/Desktop/Development/FeastFriends/321-project/backend/node_modules/jest-circus/build/jestAdapterInit.js:849:7\n' +
        '    at _runTestsForDescribeBlock (/Users/hashim/Desktop/Development/FeastFriends/321-project/backend/node_modules/jest-circus/build/jestAdapterInit.js:862:11)\n' +
        '    at _runTestsForDescribeBlock (/Users/hashim/Desktop/Development/FeastFriends/321-project/backend/node_modules/jest-circus/build/jestAdapterInit.js:857:11)\n' +
        '    at run (/Users/hashim/Desktop/Development/FeastFriends/321-project/backend/node_modules/jest-circus/build/jestAdapterInit.js:761:3)\n' +
        '    at runAndTransformResultsToJestFormat (/Users/hashim/Desktop/Development/FeastFriends/321-project/backend/node_modules/jest-circus/build/jestAdapterInit.js:1918:21)\n' +
        '    at jestAdapter (/Users/hashim/Desktop/Development/FeastFriends/321-project/backend/node_modules/jest-circus/build/runner.js:101:19)\n' +
        '    at runTestInternal (/Users/hashim/Desktop/Development/FeastFriends/321-project/backend/node_modules/jest-runner/build/index.js:275:16)\n' +
        '    at runTest (/Users/hashim/Desktop/Development/FeastFriends/321-project/backend/node_modules/jest-runner/build/index.js:343:7)',
      timestamp: '2025-11-09T19:50:09.500Z',
      path: '/api/auth/account',
      method: 'DELETE'
    }

      90 |   }
      91 |
    > 92 |   console.error('Error:', {
         |           ^
      93 |     message: err.message,
      94 |     statusCode,
      95 |     stack: err.stack,

      at errorHandler (src/middleware/errorHandler.ts:92:11)
      at Layer.handleError (node_modules/router/lib/layer.js:116:17)
      at trimPrefix (node_modules/router/index.js:340:13)
      at node_modules/router/index.js:297:9
      at processParams (node_modules/router/index.js:582:12)
      at next (node_modules/router/index.js:291:5)
      at Layer.handleError (node_modules/router/lib/layer.js:111:12)
      at trimPrefix (node_modules/router/index.js:340:13)
      at node_modules/router/index.js:297:9
      at processParams (node_modules/router/index.js:582:12)
      at next (node_modules/router/index.js:291:5)
      at node_modules/router/index.js:688:15
      at next (node_modules/router/index.js:276:14)
      at next (node_modules/router/lib/route.js:132:14)
      at AuthController.deleteAccount (src/controllers/auth.controller.ts:400:7)

  console.error
    Error: {
      message: 'MongoNetworkError: connection closed',
      statusCode: 500,
      stack: 'Error: MongoNetworkError: connection closed\n' +
        '    at Object.<anonymous> (/Users/hashim/Desktop/Development/FeastFriends/321-project/backend/tests/with-mocks/auth.mock.test.ts:342:7)\n' +
        '    at Promise.finally.completed (/Users/hashim/Desktop/Development/FeastFriends/321-project/backend/node_modules/jest-circus/build/jestAdapterInit.js:1557:28)\n' +
        '    at new Promise (<anonymous>)\n' +
        '    at callAsyncCircusFn (/Users/hashim/Desktop/Development/FeastFriends/321-project/backend/node_modules/jest-circus/build/jestAdapterInit.js:1497:10)\n' +
        '    at _callCircusTest (/Users/hashim/Desktop/Development/FeastFriends/321-project/backend/node_modules/jest-circus/build/jestAdapterInit.js:1007:40)\n' +
        '    at processTicksAndRejections (node:internal/process/task_queues:105:5)\n' +
        '    at _runTest (/Users/hashim/Desktop/Development/FeastFriends/321-project/backend/node_modules/jest-circus/build/jestAdapterInit.js:947:3)\n' +
        '    at /Users/hashim/Desktop/Development/FeastFriends/321-project/backend/node_modules/jest-circus/build/jestAdapterInit.js:849:7\n' +
        '    at _runTestsForDescribeBlock (/Users/hashim/Desktop/Development/FeastFriends/321-project/backend/node_modules/jest-circus/build/jestAdapterInit.js:862:11)\n' +
        '    at _runTestsForDescribeBlock (/Users/hashim/Desktop/Development/FeastFriends/321-project/backend/node_modules/jest-circus/build/jestAdapterInit.js:857:11)\n' +
        '    at run (/Users/hashim/Desktop/Development/FeastFriends/321-project/backend/node_modules/jest-circus/build/jestAdapterInit.js:761:3)\n' +
        '    at runAndTransformResultsToJestFormat (/Users/hashim/Desktop/Development/FeastFriends/321-project/backend/node_modules/jest-circus/build/jestAdapterInit.js:1918:21)\n' +
        '    at jestAdapter (/Users/hashim/Desktop/Development/FeastFriends/321-project/backend/node_modules/jest-circus/build/runner.js:101:19)\n' +
        '    at runTestInternal (/Users/hashim/Desktop/Development/FeastFriends/321-project/backend/node_modules/jest-runner/build/index.js:275:16)\n' +
        '    at runTest (/Users/hashim/Desktop/Development/FeastFriends/321-project/backend/node_modules/jest-runner/build/index.js:343:7)',
      timestamp: '2025-11-09T19:50:09.502Z',
      path: '/api/auth/account',
      method: 'DELETE'
    }

      90 |   }
      91 |
    > 92 |   console.error('Error:', {
         |           ^
      93 |     message: err.message,
      94 |     statusCode,
      95 |     stack: err.stack,

      at errorHandler (src/middleware/errorHandler.ts:92:11)
      at Layer.handleError (node_modules/router/lib/layer.js:116:17)
      at trimPrefix (node_modules/router/index.js:340:13)
      at node_modules/router/index.js:297:9
      at processParams (node_modules/router/index.js:582:12)
      at next (node_modules/router/index.js:291:5)
      at Layer.handleError (node_modules/router/lib/layer.js:111:12)
      at trimPrefix (node_modules/router/index.js:340:13)
      at node_modules/router/index.js:297:9
      at processParams (node_modules/router/index.js:582:12)
      at next (node_modules/router/index.js:291:5)
      at node_modules/router/index.js:688:15
      at next (node_modules/router/index.js:276:14)
      at next (node_modules/router/lib/route.js:132:14)
      at AuthController.deleteAccount (src/controllers/auth.controller.ts:400:7)

  console.error
    Error: {
      message: 'MongoServerError: operation exceeded time limit',
      statusCode: 500,
      stack: 'Error: MongoServerError: operation exceeded time limit\n' +
        '    at Object.<anonymous> (/Users/hashim/Desktop/Development/FeastFriends/321-project/backend/tests/with-mocks/auth.mock.test.ts:363:7)\n' +
        '    at Promise.finally.completed (/Users/hashim/Desktop/Development/FeastFriends/321-project/backend/node_modules/jest-circus/build/jestAdapterInit.js:1557:28)\n' +
        '    at new Promise (<anonymous>)\n' +
        '    at callAsyncCircusFn (/Users/hashim/Desktop/Development/FeastFriends/321-project/backend/node_modules/jest-circus/build/jestAdapterInit.js:1497:10)\n' +
        '    at _callCircusTest (/Users/hashim/Desktop/Development/FeastFriends/321-project/backend/node_modules/jest-circus/build/jestAdapterInit.js:1007:40)\n' +
        '    at processTicksAndRejections (node:internal/process/task_queues:105:5)\n' +
        '    at _runTest (/Users/hashim/Desktop/Development/FeastFriends/321-project/backend/node_modules/jest-circus/build/jestAdapterInit.js:947:3)\n' +
        '    at /Users/hashim/Desktop/Development/FeastFriends/321-project/backend/node_modules/jest-circus/build/jestAdapterInit.js:849:7\n' +
        '    at _runTestsForDescribeBlock (/Users/hashim/Desktop/Development/FeastFriends/321-project/backend/node_modules/jest-circus/build/jestAdapterInit.js:862:11)\n' +
        '    at _runTestsForDescribeBlock (/Users/hashim/Desktop/Development/FeastFriends/321-project/backend/node_modules/jest-circus/build/jestAdapterInit.js:857:11)\n' +
        '    at run (/Users/hashim/Desktop/Development/FeastFriends/321-project/backend/node_modules/jest-circus/build/jestAdapterInit.js:761:3)\n' +
        '    at runAndTransformResultsToJestFormat (/Users/hashim/Desktop/Development/FeastFriends/321-project/backend/node_modules/jest-circus/build/jestAdapterInit.js:1918:21)\n' +
        '    at jestAdapter (/Users/hashim/Desktop/Development/FeastFriends/321-project/backend/node_modules/jest-circus/build/runner.js:101:19)\n' +
        '    at runTestInternal (/Users/hashim/Desktop/Development/FeastFriends/321-project/backend/node_modules/jest-runner/build/index.js:275:16)\n' +
        '    at runTest (/Users/hashim/Desktop/Development/FeastFriends/321-project/backend/node_modules/jest-runner/build/index.js:343:7)',
      timestamp: '2025-11-09T19:50:09.504Z',
      path: '/api/auth/logout',
      method: 'POST'
    }

      90 |   }
      91 |
    > 92 |   console.error('Error:', {
         |           ^
      93 |     message: err.message,
      94 |     statusCode,
      95 |     stack: err.stack,

      at errorHandler (src/middleware/errorHandler.ts:92:11)
      at Layer.handleError (node_modules/router/lib/layer.js:116:17)
      at trimPrefix (node_modules/router/index.js:340:13)
      at node_modules/router/index.js:297:9
      at processParams (node_modules/router/index.js:582:12)
      at next (node_modules/router/index.js:291:5)
      at Layer.handleError (node_modules/router/lib/layer.js:111:12)
      at trimPrefix (node_modules/router/index.js:340:13)
      at node_modules/router/index.js:297:9
      at processParams (node_modules/router/index.js:582:12)
      at next (node_modules/router/index.js:291:5)
      at node_modules/router/index.js:688:15
      at next (node_modules/router/index.js:276:14)
      at next (node_modules/router/lib/route.js:132:14)
      at AuthController.logout (src/controllers/auth.controller.ts:274:7)

  console.error
    Error: {
      message: 'MongoServerError: cursor timeout',
      statusCode: 500,
      stack: 'Error: MongoServerError: cursor timeout\n' +
        '    at Object.<anonymous> (/Users/hashim/Desktop/Development/FeastFriends/321-project/backend/tests/with-mocks/auth.mock.test.ts:382:7)\n' +
        '    at Promise.finally.completed (/Users/hashim/Desktop/Development/FeastFriends/321-project/backend/node_modules/jest-circus/build/jestAdapterInit.js:1557:28)\n' +
        '    at new Promise (<anonymous>)\n' +
        '    at callAsyncCircusFn (/Users/hashim/Desktop/Development/FeastFriends/321-project/backend/node_modules/jest-circus/build/jestAdapterInit.js:1497:10)\n' +
        '    at _callCircusTest (/Users/hashim/Desktop/Development/FeastFriends/321-project/backend/node_modules/jest-circus/build/jestAdapterInit.js:1007:40)\n' +
        '    at processTicksAndRejections (node:internal/process/task_queues:105:5)\n' +
        '    at _runTest (/Users/hashim/Desktop/Development/FeastFriends/321-project/backend/node_modules/jest-circus/build/jestAdapterInit.js:947:3)\n' +
        '    at /Users/hashim/Desktop/Development/FeastFriends/321-project/backend/node_modules/jest-circus/build/jestAdapterInit.js:849:7\n' +
        '    at _runTestsForDescribeBlock (/Users/hashim/Desktop/Development/FeastFriends/321-project/backend/node_modules/jest-circus/build/jestAdapterInit.js:862:11)\n' +
        '    at _runTestsForDescribeBlock (/Users/hashim/Desktop/Development/FeastFriends/321-project/backend/node_modules/jest-circus/build/jestAdapterInit.js:857:11)\n' +
        '    at run (/Users/hashim/Desktop/Development/FeastFriends/321-project/backend/node_modules/jest-circus/build/jestAdapterInit.js:761:3)\n' +
        '    at runAndTransformResultsToJestFormat (/Users/hashim/Desktop/Development/FeastFriends/321-project/backend/node_modules/jest-circus/build/jestAdapterInit.js:1918:21)\n' +
        '    at jestAdapter (/Users/hashim/Desktop/Development/FeastFriends/321-project/backend/node_modules/jest-circus/build/runner.js:101:19)\n' +
        '    at runTestInternal (/Users/hashim/Desktop/Development/FeastFriends/321-project/backend/node_modules/jest-runner/build/index.js:275:16)\n' +
        '    at runTest (/Users/hashim/Desktop/Development/FeastFriends/321-project/backend/node_modules/jest-runner/build/index.js:343:7)',
      timestamp: '2025-11-09T19:50:09.505Z',
      path: '/api/auth/verify',
      method: 'GET'
    }

      90 |   }
      91 |
    > 92 |   console.error('Error:', {
         |           ^
      93 |     message: err.message,
      94 |     statusCode,
      95 |     stack: err.stack,

      at errorHandler (src/middleware/errorHandler.ts:92:11)
      at Layer.handleError (node_modules/router/lib/layer.js:116:17)
      at trimPrefix (node_modules/router/index.js:340:13)
      at node_modules/router/index.js:297:9
      at processParams (node_modules/router/index.js:582:12)
      at next (node_modules/router/index.js:291:5)
      at Layer.handleError (node_modules/router/lib/layer.js:111:12)
      at trimPrefix (node_modules/router/index.js:340:13)
      at node_modules/router/index.js:297:9
      at processParams (node_modules/router/index.js:582:12)
      at Immediate.next (node_modules/router/index.js:291:5)
      at Immediate._onImmediate (node_modules/router/index.js:688:15)

  console.error
    Error: {
      message: 'MongoServerError: connection pool exhausted',
      statusCode: 500,
      stack: 'Error: MongoServerError: connection pool exhausted\n' +
        '    at Object.<anonymous> (/Users/hashim/Desktop/Development/FeastFriends/321-project/backend/tests/with-mocks/auth.mock.test.ts:401:7)\n' +
        '    at Promise.finally.completed (/Users/hashim/Desktop/Development/FeastFriends/321-project/backend/node_modules/jest-circus/build/jestAdapterInit.js:1557:28)\n' +
        '    at new Promise (<anonymous>)\n' +
        '    at callAsyncCircusFn (/Users/hashim/Desktop/Development/FeastFriends/321-project/backend/node_modules/jest-circus/build/jestAdapterInit.js:1497:10)\n' +
        '    at _callCircusTest (/Users/hashim/Desktop/Development/FeastFriends/321-project/backend/node_modules/jest-circus/build/jestAdapterInit.js:1007:40)\n' +
        '    at processTicksAndRejections (node:internal/process/task_queues:105:5)\n' +
        '    at _runTest (/Users/hashim/Desktop/Development/FeastFriends/321-project/backend/node_modules/jest-circus/build/jestAdapterInit.js:947:3)\n' +
        '    at /Users/hashim/Desktop/Development/FeastFriends/321-project/backend/node_modules/jest-circus/build/jestAdapterInit.js:849:7\n' +
        '    at _runTestsForDescribeBlock (/Users/hashim/Desktop/Development/FeastFriends/321-project/backend/node_modules/jest-circus/build/jestAdapterInit.js:862:11)\n' +
        '    at _runTestsForDescribeBlock (/Users/hashim/Desktop/Development/FeastFriends/321-project/backend/node_modules/jest-circus/build/jestAdapterInit.js:857:11)\n' +
        '    at run (/Users/hashim/Desktop/Development/FeastFriends/321-project/backend/node_modules/jest-circus/build/jestAdapterInit.js:761:3)\n' +
        '    at runAndTransformResultsToJestFormat (/Users/hashim/Desktop/Development/FeastFriends/321-project/backend/node_modules/jest-circus/build/jestAdapterInit.js:1918:21)\n' +
        '    at jestAdapter (/Users/hashim/Desktop/Development/FeastFriends/321-project/backend/node_modules/jest-circus/build/runner.js:101:19)\n' +
        '    at runTestInternal (/Users/hashim/Desktop/Development/FeastFriends/321-project/backend/node_modules/jest-runner/build/index.js:275:16)\n' +
        '    at runTest (/Users/hashim/Desktop/Development/FeastFriends/321-project/backend/node_modules/jest-runner/build/index.js:343:7)',
      timestamp: '2025-11-09T19:50:09.508Z',
      path: '/api/auth/logout',
      method: 'POST'
    }

      90 |   }
      91 |
    > 92 |   console.error('Error:', {
         |           ^
      93 |     message: err.message,
      94 |     statusCode,
      95 |     stack: err.stack,

      at errorHandler (src/middleware/errorHandler.ts:92:11)
      at Layer.handleError (node_modules/router/lib/layer.js:116:17)
      at trimPrefix (node_modules/router/index.js:340:13)
      at node_modules/router/index.js:297:9
      at processParams (node_modules/router/index.js:582:12)
      at next (node_modules/router/index.js:291:5)
      at Layer.handleError (node_modules/router/lib/layer.js:111:12)
      at trimPrefix (node_modules/router/index.js:340:13)
      at node_modules/router/index.js:297:9
      at processParams (node_modules/router/index.js:582:12)
      at next (node_modules/router/index.js:291:5)
      at node_modules/router/index.js:688:15
      at next (node_modules/router/index.js:276:14)
      at next (node_modules/router/lib/route.js:132:14)
      at AuthController.logout (src/controllers/auth.controller.ts:274:7)

  console.log
    Test suite completed.

      at Object.<anonymous> (tests/setup.ts:14:11)

  console.log
    
    🧹 Cleaning up after tests...

      at Object.<anonymous> (tests/with-mocks/auth.mock.test.ts:38:11)

  console.warn
    MongoDB disconnected. Attempting to reconnect...

      28 |
      29 |     mongoose.connection.on('disconnected', () => {
    > 30 |       console.warn('MongoDB disconnected. Attempting to reconnect...');
         |               ^
      31 |     });
      32 |
      33 |     mongoose.connection.on('reconnected', () => {

      at NativeConnection.<anonymous> (src/config/database.ts:30:15)
      at NativeConnection.set (node_modules/mongoose/lib/connection.js:145:12)
      at NativeConnection.onClose (node_modules/mongoose/lib/connection.js:1315:19)
      at NativeConnection._close (node_modules/mongoose/lib/connection.js:1264:12)
      at disconnectDatabase (src/config/database.ts:55:5)
      at Object.<anonymous> (tests/with-mocks/auth.mock.test.ts:40:3)

  console.log
    MongoDB disconnected successfully

      at disconnectDatabase (src/config/database.ts:56:13)

  console.log
    ✅ Cleanup complete.

      at Object.<anonymous> (tests/with-mocks/auth.mock.test.ts:41:11)

PASS tests/with-mocks/auth.mock.test.ts
  POST /api/auth/logout - Database Failures
    ✓ should return 500 when User.findById() fails (9 ms)
    ✓ should return 500 when user.save() fails (3 ms)
    ✓ should return 500 when database timeout occurs (2 ms)
    ✓ should return 500 when network partition occurs (3 ms)
  GET /api/auth/verify - Database Failures
    ✓ should return 500 when User.findById() fails (2 ms)
    ✓ should return 500 when database timeout occurs (2 ms)
    ✓ should return 500 when replica set fails (1 ms)
  POST /api/auth/fcm-token - Database Failures
    ✓ should return 500 when User.findById() fails (3 ms)
    ✓ should return 500 when user.save() fails (2 ms)
    ✓ should return 500 when network partition occurs (4 ms)
    ✓ should return 500 when cursor timeout occurs (2 ms)
  DELETE /api/auth/account - Database Failures
    ✓ should return 500 when User.findById() fails (2 ms)
    ✓ should return 500 when User.findByIdAndDelete() fails (2 ms)
    ✓ should return 500 when replica set is unavailable (2 ms)
    ✓ should return 500 when database connection is lost (2 ms)
  Network Timeout Scenarios
    ✓ should handle database query timeout in logout (2 ms)
    ✓ should handle cursor timeout in verify (1 ms)
    ✓ should handle connection pool exhaustion (2 ms)

Test Suites: 1 failed, 10 passed, 11 total
Tests:       1 failed, 315 passed, 316 total
Snapshots:   0 total
Time:        6.14 s, estimated 10 s
Ran all test suites.
